remote: Total 4127 (delta 1475), reused 3808 (delta 1399), pack-reused 0 (from 0)        
Receiving objects:  95% (3921/4127), 895.90 MiB | 65.00 MiB/s
Receiving objects:  96% (3962/4127), 895.90 MiB | 65.00 MiB/s
Receiving objects:  97% (4004/4127), 895.90 MiB | 65.00 MiB/s
Receiving objects:  98% (4045/4127), 895.90 MiB | 65.00 MiB/s
Receiving objects:  99% (4086/4127), 895.90 MiB | 65.00 MiB/s
Receiving objects: 100% (4127/4127), 895.90 MiB | 65.00 MiB/s
Receiving objects: 100% (4127/4127), 903.20 MiB | 63.90 MiB/s, done.
Resolving deltas:   0% (0/1475)
Resolving deltas:   1% (15/1475)
Resolving deltas:   2% (30/1475)
Resolving deltas:   3% (45/1475)
Resolving deltas:   4% (59/1475)
Resolving deltas:   5% (75/1475)
Resolving deltas:   6% (89/1475)
Resolving deltas:   7% (104/1475)
Resolving deltas:   8% (118/1475)
Resolving deltas:   9% (134/1475)
Resolving deltas:  10% (148/1475)
Resolving deltas:  11% (163/1475)
Resolving deltas:  12% (177/1475)
Resolving deltas:  13% (192/1475)
Resolving deltas:  14% (207/1475)
Resolving deltas:  15% (222/1475)
Resolving deltas:  16% (236/1475)
Resolving deltas:  17% (251/1475)
Resolving deltas:  18% (266/1475)
Resolving deltas:  19% (281/1475)
Resolving deltas:  20% (296/1475)
Resolving deltas:  21% (310/1475)
Resolving deltas:  22% (325/1475)
Resolving deltas:  23% (340/1475)
Resolving deltas:  24% (354/1475)
Resolving deltas:  25% (369/1475)
Resolving deltas:  26% (384/1475)
Resolving deltas:  27% (399/1475)
Resolving deltas:  28% (413/1475)
Resolving deltas:  29% (428/1475)
Resolving deltas:  30% (443/1475)
Resolving deltas:  31% (459/1475)
Resolving deltas:  32% (472/1475)
Resolving deltas:  33% (487/1475)
Resolving deltas:  34% (502/1475)
Resolving deltas:  35% (517/1475)
Resolving deltas:  36% (531/1475)
Resolving deltas:  37% (546/1475)
Resolving deltas:  38% (561/1475)
Resolving deltas:  39% (576/1475)
Resolving deltas:  40% (590/1475)
Resolving deltas:  41% (605/1475)
Resolving deltas:  42% (620/1475)
Resolving deltas:  43% (635/1475)
Resolving deltas:  44% (649/1475)
Resolving deltas:  45% (664/1475)
Resolving deltas:  46% (679/1475)
Resolving deltas:  47% (694/1475)
Resolving deltas:  48% (708/1475)
Resolving deltas:  49% (723/1475)
Resolving deltas:  50% (738/1475)
Resolving deltas:  51% (753/1475)
Resolving deltas:  52% (767/1475)
Resolving deltas:  53% (782/1475)
Resolving deltas:  54% (797/1475)
Resolving deltas:  55% (812/1475)
Resolving deltas:  56% (826/1475)
Resolving deltas:  57% (841/1475)
Resolving deltas:  58% (856/1475)
Resolving deltas:  59% (871/1475)
Resolving deltas:  60% (886/1475)
Resolving deltas:  61% (900/1475)
Resolving deltas:  62% (915/1475)
Resolving deltas:  63% (930/1475)
Resolving deltas:  64% (944/1475)
Resolving deltas:  65% (959/1475)
Resolving deltas:  66% (974/1475)
Resolving deltas:  67% (989/1475)
Resolving deltas:  68% (1003/1475)
Resolving deltas:  69% (1018/1475)
Resolving deltas:  70% (1033/1475)
Resolving deltas:  71% (1048/1475)
Resolving deltas:  72% (1062/1475)
Resolving deltas:  73% (1077/1475)
Resolving deltas:  74% (1092/1475)
Resolving deltas:  75% (1107/1475)
Resolving deltas:  76% (1121/1475)
Resolving deltas:  77% (1136/1475)
Resolving deltas:  78% (1151/1475)
Resolving deltas:  79% (1166/1475)
Resolving deltas:  80% (1180/1475)
Resolving deltas:  81% (1195/1475)
Resolving deltas:  82% (1210/1475)
Resolving deltas:  83% (1225/1475)
Resolving deltas:  84% (1239/1475)
Resolving deltas:  85% (1254/1475)
Resolving deltas:  86% (1269/1475)
Resolving deltas:  87% (1284/1475)
Resolving deltas:  88% (1298/1475)
Resolving deltas:  89% (1313/1475)
Resolving deltas:  90% (1328/1475)
Resolving deltas:  91% (1343/1475)
Resolving deltas:  92% (1357/1475)
Resolving deltas:  93% (1372/1475)
Resolving deltas:  94% (1387/1475)
Resolving deltas:  95% (1402/1475)
Resolving deltas:  96% (1416/1475)
Resolving deltas:  97% (1431/1475)
Resolving deltas:  98% (1446/1475)
Resolving deltas:  99% (1461/1475)
Resolving deltas: 100% (1475/1475)
Resolving deltas: 100% (1475/1475), done.
Updating files:  21% (771/3557)
Updating files:  22% (783/3557)
Updating files:  23% (819/3557)
Updating files:  24% (854/3557)
Updating files:  25% (890/3557)
Updating files:  26% (925/3557)
Updating files:  27% (961/3557)
Updating files:  28% (996/3557)
Updating files:  29% (1032/3557)
Updating files:  30% (1068/3557)
Updating files:  31% (1103/3557)
Updating files:  31% (1119/3557)
Updating files:  32% (1139/3557)
Updating files:  33% (1174/3557)
Updating files:  34% (1210/3557)
Updating files:  35% (1245/3557)
Updating files:  36% (1281/3557)
Updating files:  37% (1317/3557)
Updating files:  38% (1352/3557)
Updating files:  39% (1388/3557)
Updating files:  40% (1423/3557)
Updating files:  40% (1455/3557)
Updating files:  41% (1459/3557)
Updating files:  42% (1494/3557)
Updating files:  43% (1530/3557)
Updating files:  44% (1566/3557)
Updating files:  44% (1578/3557)
Updating files:  45% (1601/3557)
Updating files:  46% (1637/3557)
Updating files:  47% (1672/3557)
Updating files:  48% (1708/3557)
Updating files:  49% (1743/3557)
Updating files:  49% (1750/3557)
Updating files:  50% (1779/3557)
Updating files:  51% (1815/3557)
Updating files:  52% (1850/3557)
Updating files:  53% (1886/3557)
Updating files:  54% (1921/3557)
Updating files:  55% (1957/3557)
Updating files:  56% (1992/3557)
Updating files:  56% (2015/3557)
Updating files:  57% (2028/3557)
Updating files:  58% (2064/3557)
Updating files:  59% (2099/3557)
Updating files:  60% (2135/3557)
Updating files:  61% (2170/3557)
Updating files:  62% (2206/3557)
Updating files:  63% (2241/3557)
Updating files:  64% (2277/3557)
Updating files:  65% (2313/3557)
Updating files:  66% (2348/3557)
Updating files:  67% (2384/3557)
Updating files:  68% (2419/3557)
Updating files:  69% (2455/3557)
Updating files:  70% (2490/3557)
Updating files:  71% (2526/3557)
Updating files:  72% (2562/3557)
Updating files:  73% (2597/3557)
Updating files:  74% (2633/3557)
Updating files:  75% (2668/3557)
Updating files:  76% (2704/3557)
Updating files:  77% (2739/3557)
Updating files:  78% (2775/3557)
Updating files:  79% (2811/3557)
Updating files:  80% (2846/3557)
Updating files:  81% (2882/3557)
Updating files:  82% (2917/3557)
Updating files:  83% (2953/3557)
Updating files:  84% (2988/3557)
Updating files:  85% (3024/3557)
Updating files:  86% (3060/3557)
Updating files:  87% (3095/3557)
Updating files:  88% (3131/3557)
Updating files:  89% (3166/3557)
Updating files:  90% (3202/3557)
Updating files:  91% (3237/3557)
Updating files:  92% (3273/3557)
Updating files:  93% (3309/3557)
Updating files:  94% (3344/3557)
Updating files:  95% (3380/3557)
Updating files:  96% (3415/3557)
Updating files:  97% (3451/3557)
Updating files:  98% (3486/3557)
Updating files:  99% (3522/3557)
Updating files: 100% (3557/3557)
Updating files: 100% (3557/3557), done.

== Checking out commit hash 684eadc016897672993521725c832afff9168f41 ==
<span style="color:#268BD2">&gt; /usr/bin/git reset --hard 684eadc016897672993521725c832afff9168f41</span>
HEAD is now at 684eadc Relais, demande 100 : test 22, B de 1 251 à 2 000 itérations (reprise exacte, par morceaux)
