Receiving objects:  94% (3271/3479), 548.79 MiB | 12.02 MiB/s
Receiving objects:  95% (3306/3479), 548.79 MiB | 12.02 MiB/s
Receiving objects:  96% (3340/3479), 548.79 MiB | 12.02 MiB/s
Receiving objects:  97% (3375/3479), 548.79 MiB | 12.02 MiB/s
Receiving objects:  98% (3410/3479), 548.79 MiB | 12.02 MiB/s
Receiving objects:  99% (3445/3479), 548.79 MiB | 12.02 MiB/s
Receiving objects: 100% (3479/3479), 548.79 MiB | 12.02 MiB/s
Receiving objects: 100% (3479/3479), 554.16 MiB | 9.75 MiB/s, done.
Resolving deltas:   0% (0/1211)
Resolving deltas:   1% (13/1211)
Resolving deltas:   2% (25/1211)
Resolving deltas:   3% (37/1211)
Resolving deltas:   4% (49/1211)
Resolving deltas:   5% (61/1211)
Resolving deltas:   6% (73/1211)
Resolving deltas:   7% (85/1211)
Resolving deltas:   8% (97/1211)
Resolving deltas:   9% (109/1211)
Resolving deltas:  10% (122/1211)
Resolving deltas:  11% (134/1211)
Resolving deltas:  12% (146/1211)
Resolving deltas:  13% (158/1211)
Resolving deltas:  14% (170/1211)
Resolving deltas:  15% (182/1211)
Resolving deltas:  16% (194/1211)
Resolving deltas:  17% (206/1211)
Resolving deltas:  18% (218/1211)
Resolving deltas:  19% (231/1211)
Resolving deltas:  20% (243/1211)
Resolving deltas:  21% (255/1211)
Resolving deltas:  22% (267/1211)
Resolving deltas:  23% (279/1211)
Resolving deltas:  24% (291/1211)
Resolving deltas:  25% (303/1211)
Resolving deltas:  26% (315/1211)
Resolving deltas:  27% (327/1211)
Resolving deltas:  28% (340/1211)
Resolving deltas:  29% (352/1211)
Resolving deltas:  30% (364/1211)
Resolving deltas:  31% (376/1211)
Resolving deltas:  32% (388/1211)
Resolving deltas:  33% (400/1211)
Resolving deltas:  34% (413/1211)
Resolving deltas:  35% (424/1211)
Resolving deltas:  36% (436/1211)
Resolving deltas:  37% (450/1211)
Resolving deltas:  38% (462/1211)
Resolving deltas:  39% (473/1211)
Resolving deltas:  40% (485/1211)
Resolving deltas:  41% (497/1211)
Resolving deltas:  42% (509/1211)
Resolving deltas:  43% (521/1211)
Resolving deltas:  44% (534/1211)
Resolving deltas:  45% (545/1211)
Resolving deltas:  46% (558/1211)
Resolving deltas:  47% (570/1211)
Resolving deltas:  48% (582/1211)
Resolving deltas:  49% (594/1211)
Resolving deltas:  50% (606/1211)
Resolving deltas:  51% (618/1211)
Resolving deltas:  52% (630/1211)
Resolving deltas:  53% (642/1211)
Resolving deltas:  54% (655/1211)
Resolving deltas:  55% (667/1211)
Resolving deltas:  56% (679/1211)
Resolving deltas:  57% (691/1211)
Resolving deltas:  58% (703/1211)
Resolving deltas:  59% (715/1211)
Resolving deltas:  60% (727/1211)
Resolving deltas:  61% (739/1211)
Resolving deltas:  62% (751/1211)
Resolving deltas:  63% (763/1211)
Resolving deltas:  64% (776/1211)
Resolving deltas:  65% (788/1211)
Resolving deltas:  66% (800/1211)
Resolving deltas:  67% (812/1211)
Resolving deltas:  68% (824/1211)
Resolving deltas:  69% (836/1211)
Resolving deltas:  70% (848/1211)
Resolving deltas:  71% (860/1211)
Resolving deltas:  72% (872/1211)
Resolving deltas:  73% (885/1211)
Resolving deltas:  74% (897/1211)
Resolving deltas:  75% (909/1211)
Resolving deltas:  76% (921/1211)
Resolving deltas:  77% (933/1211)
Resolving deltas:  78% (945/1211)
Resolving deltas:  79% (957/1211)
Resolving deltas:  80% (969/1211)
Resolving deltas:  81% (981/1211)
Resolving deltas:  82% (994/1211)
Resolving deltas:  83% (1006/1211)
Resolving deltas:  84% (1018/1211)
Resolving deltas:  85% (1030/1211)
Resolving deltas:  86% (1042/1211)
Resolving deltas:  87% (1054/1211)
Resolving deltas:  88% (1066/1211)
Resolving deltas:  89% (1078/1211)
Resolving deltas:  90% (1090/1211)
Resolving deltas:  91% (1103/1211)
Resolving deltas:  92% (1115/1211)
Resolving deltas:  93% (1127/1211)
Resolving deltas:  94% (1139/1211)
Resolving deltas:  95% (1151/1211)
Resolving deltas:  96% (1163/1211)
Resolving deltas:  97% (1175/1211)
Resolving deltas:  98% (1187/1211)
Resolving deltas:  99% (1199/1211)
Resolving deltas: 100% (1211/1211)
Resolving deltas: 100% (1211/1211), done.
Updating files:  20% (607/2932)
Updating files:  21% (616/2932)
Updating files:  22% (646/2932)
Updating files:  23% (675/2932)
Updating files:  24% (704/2932)
Updating files:  25% (733/2932)
Updating files:  26% (763/2932)
Updating files:  27% (792/2932)
Updating files:  28% (821/2932)
Updating files:  28% (846/2932)
Updating files:  29% (851/2932)
Updating files:  30% (880/2932)
Updating files:  31% (909/2932)
Updating files:  32% (939/2932)
Updating files:  33% (968/2932)
Updating files:  34% (997/2932)
Updating files:  35% (1027/2932)
Updating files:  36% (1056/2932)
Updating files:  36% (1074/2932)
Updating files:  37% (1085/2932)
Updating files:  38% (1115/2932)
Updating files:  39% (1144/2932)
Updating files:  40% (1173/2932)
Updating files:  41% (1203/2932)
Updating files:  42% (1232/2932)
Updating files:  42% (1247/2932)
Updating files:  43% (1261/2932)
Updating files:  44% (1291/2932)
Updating files:  45% (1320/2932)
Updating files:  46% (1349/2932)
Updating files:  47% (1379/2932)
Updating files:  47% (1402/2932)
Updating files:  48% (1408/2932)
Updating files:  49% (1437/2932)
Updating files:  50% (1466/2932)
Updating files:  51% (1496/2932)
Updating files:  52% (1525/2932)
Updating files:  53% (1554/2932)
Updating files:  54% (1584/2932)
Updating files:  55% (1613/2932)
Updating files:  56% (1642/2932)
Updating files:  57% (1672/2932)
Updating files:  58% (1701/2932)
Updating files:  59% (1730/2932)
Updating files:  60% (1760/2932)
Updating files:  61% (1789/2932)
Updating files:  62% (1818/2932)
Updating files:  63% (1848/2932)
Updating files:  64% (1877/2932)
Updating files:  65% (1906/2932)
Updating files:  66% (1936/2932)
Updating files:  67% (1965/2932)
Updating files:  68% (1994/2932)
Updating files:  69% (2024/2932)
Updating files:  70% (2053/2932)
Updating files:  71% (2082/2932)
Updating files:  72% (2112/2932)
Updating files:  73% (2141/2932)
Updating files:  74% (2170/2932)
Updating files:  75% (2199/2932)
Updating files:  76% (2229/2932)
Updating files:  77% (2258/2932)
Updating files:  78% (2287/2932)
Updating files:  79% (2317/2932)
Updating files:  80% (2346/2932)
Updating files:  81% (2375/2932)
Updating files:  82% (2405/2932)
Updating files:  83% (2434/2932)
Updating files:  84% (2463/2932)
Updating files:  85% (2493/2932)
Updating files:  86% (2522/2932)
Updating files:  87% (2551/2932)
Updating files:  88% (2581/2932)
Updating files:  89% (2610/2932)
Updating files:  90% (2639/2932)
Updating files:  91% (2669/2932)
Updating files:  92% (2698/2932)
Updating files:  93% (2727/2932)
Updating files:  94% (2757/2932)
Updating files:  95% (2786/2932)
Updating files:  96% (2815/2932)
Updating files:  97% (2845/2932)
Updating files:  98% (2874/2932)
Updating files:  99% (2903/2932)
Updating files: 100% (2932/2932)
Updating files: 100% (2932/2932), done.

== Checking out commit hash 2ec9956ac639ae186ec3f1f0fae00a4d017bddd2 ==
<span style="color:#268BD2">&gt; /usr/bin/git reset --hard 2ec9956ac639ae186ec3f1f0fae00a4d017bddd2</span>
HEAD is now at 2ec9956 Possession : sauvegarde de reprise correcte quand une sorte de paires est encore vide ; relais, demande 68 : tranche 2, reprise des vies de direction (survie 0,734, réplique 0,003)
