Receiving objects:  10% (219/2184)
Receiving objects:  11% (241/2184)
Receiving objects:  12% (263/2184)
Receiving objects:  13% (284/2184)
Receiving objects:  14% (306/2184)
Receiving objects:  15% (328/2184)
Receiving objects:  16% (350/2184)
Receiving objects:  17% (372/2184)
Receiving objects:  18% (394/2184)
Receiving objects:  19% (415/2184)
Receiving objects:  20% (437/2184)
Receiving objects:  21% (459/2184)
Receiving objects:  22% (481/2184)
Receiving objects:  23% (503/2184)
Receiving objects:  24% (525/2184)
Receiving objects:  25% (546/2184)
Receiving objects:  26% (568/2184)
Receiving objects:  27% (590/2184)
Receiving objects:  28% (612/2184)
Receiving objects:  29% (634/2184), 16.33 MiB | 32.64 MiB/s
Receiving objects:  30% (656/2184), 16.33 MiB | 32.64 MiB/s
Receiving objects:  31% (678/2184), 16.33 MiB | 32.64 MiB/s
Receiving objects:  32% (699/2184), 16.33 MiB | 32.64 MiB/s
Receiving objects:  33% (721/2184), 16.33 MiB | 32.64 MiB/s
Receiving objects:  34% (743/2184), 16.33 MiB | 32.64 MiB/s
Receiving objects:  35% (765/2184), 16.33 MiB | 32.64 MiB/s
Receiving objects:  36% (787/2184), 16.33 MiB | 32.64 MiB/s
Receiving objects:  37% (809/2184), 16.33 MiB | 32.64 MiB/s
Receiving objects:  38% (830/2184), 16.33 MiB | 32.64 MiB/s
Receiving objects:  39% (852/2184), 16.33 MiB | 32.64 MiB/s
Receiving objects:  40% (874/2184), 16.33 MiB | 32.64 MiB/s
Receiving objects:  41% (896/2184), 16.33 MiB | 32.64 MiB/s
Receiving objects:  42% (918/2184), 16.33 MiB | 32.64 MiB/s
Receiving objects:  42% (922/2184), 47.43 MiB | 47.43 MiB/s
Receiving objects:  43% (940/2184), 47.43 MiB | 47.43 MiB/s
Receiving objects:  44% (961/2184), 47.43 MiB | 47.43 MiB/s
Receiving objects:  45% (983/2184), 47.43 MiB | 47.43 MiB/s
Receiving objects:  46% (1005/2184), 47.43 MiB | 47.43 MiB/s
Receiving objects:  47% (1027/2184), 47.43 MiB | 47.43 MiB/s
Receiving objects:  48% (1049/2184), 47.43 MiB | 47.43 MiB/s
Receiving objects:  49% (1071/2184), 47.43 MiB | 47.43 MiB/s
Receiving objects:  50% (1092/2184), 47.43 MiB | 47.43 MiB/s
Receiving objects:  51% (1114/2184), 47.43 MiB | 47.43 MiB/s
Receiving objects:  52% (1136/2184), 47.43 MiB | 47.43 MiB/s
Receiving objects:  53% (1158/2184), 47.43 MiB | 47.43 MiB/s
Receiving objects:  54% (1180/2184), 47.43 MiB | 47.43 MiB/s
Receiving objects:  55% (1202/2184), 47.43 MiB | 47.43 MiB/s
Receiving objects:  56% (1224/2184), 47.43 MiB | 47.43 MiB/s
Receiving objects:  57% (1245/2184), 47.43 MiB | 47.43 MiB/s
Receiving objects:  58% (1267/2184), 47.43 MiB | 47.43 MiB/s
Receiving objects:  59% (1289/2184), 47.43 MiB | 47.43 MiB/s
Receiving objects:  60% (1311/2184), 47.43 MiB | 47.43 MiB/s
Receiving objects:  61% (1333/2184), 47.43 MiB | 47.43 MiB/s
Receiving objects:  62% (1355/2184), 47.43 MiB | 47.43 MiB/s
Receiving objects:  63% (1376/2184), 47.43 MiB | 47.43 MiB/s
Receiving objects:  64% (1398/2184), 47.43 MiB | 47.43 MiB/s
Receiving objects:  65% (1420/2184), 47.43 MiB | 47.43 MiB/s
Receiving objects:  66% (1442/2184), 47.43 MiB | 47.43 MiB/s
Receiving objects:  67% (1464/2184), 47.43 MiB | 47.43 MiB/s
Receiving objects:  68% (1486/2184), 47.43 MiB | 47.43 MiB/s
Receiving objects:  69% (1507/2184), 47.43 MiB | 47.43 MiB/s
Receiving objects:  70% (1529/2184), 47.43 MiB | 47.43 MiB/s
Receiving objects:  71% (1551/2184), 47.43 MiB | 47.43 MiB/s
Receiving objects:  72% (1573/2184), 47.43 MiB | 47.43 MiB/s
Receiving objects:  73% (1595/2184), 47.43 MiB | 47.43 MiB/s
Receiving objects:  74% (1617/2184), 47.43 MiB | 47.43 MiB/s
Receiving objects:  75% (1638/2184), 47.43 MiB | 47.43 MiB/s
Receiving objects:  76% (1660/2184), 47.43 MiB | 47.43 MiB/s
Receiving objects:  77% (1682/2184), 47.43 MiB | 47.43 MiB/s
Receiving objects:  78% (1704/2184), 47.43 MiB | 47.43 MiB/s
Receiving objects:  79% (1726/2184), 47.43 MiB | 47.43 MiB/s
Receiving objects:  80% (1748/2184), 47.43 MiB | 47.43 MiB/s
Receiving objects:  81% (1770/2184), 47.43 MiB | 47.43 MiB/s
Receiving objects:  82% (1791/2184), 47.43 MiB | 47.43 MiB/s
Receiving objects:  83% (1813/2184), 47.43 MiB | 47.43 MiB/s
Receiving objects:  84% (1835/2184), 47.43 MiB | 47.43 MiB/s
Receiving objects:  85% (1857/2184), 47.43 MiB | 47.43 MiB/s
Receiving objects:  86% (1879/2184), 47.43 MiB | 47.43 MiB/s
Receiving objects:  87% (1901/2184), 47.43 MiB | 47.43 MiB/s
Receiving objects:  88% (1922/2184), 47.43 MiB | 47.43 MiB/s
Receiving objects:  89% (1944/2184), 47.43 MiB | 47.43 MiB/s
Receiving objects:  90% (1966/2184), 47.43 MiB | 47.43 MiB/s
remote: Total 2184 (delta 646), reused 1993 (delta 583), pack-reused 0 (from 0)        
Receiving objects:  91% (1988/2184), 47.43 MiB | 47.43 MiB/s
Receiving objects:  92% (2010/2184), 47.43 MiB | 47.43 MiB/s
Receiving objects:  93% (2032/2184), 47.43 MiB | 47.43 MiB/s
Receiving objects:  94% (2053/2184), 47.43 MiB | 47.43 MiB/s
Receiving objects:  95% (2075/2184), 47.43 MiB | 47.43 MiB/s
Receiving objects:  96% (2097/2184), 47.43 MiB | 47.43 MiB/s
Receiving objects:  97% (2119/2184), 47.43 MiB | 47.43 MiB/s
Receiving objects:  98% (2141/2184), 47.43 MiB | 47.43 MiB/s
Receiving objects:  99% (2163/2184), 47.43 MiB | 47.43 MiB/s
Receiving objects: 100% (2184/2184), 47.43 MiB | 47.43 MiB/s
Receiving objects: 100% (2184/2184), 51.63 MiB | 48.29 MiB/s, done.
Resolving deltas:   0% (0/646)
Resolving deltas:   1% (7/646)
Resolving deltas:   2% (13/646)
Resolving deltas:   3% (20/646)
Resolving deltas:   4% (26/646)
Resolving deltas:   5% (33/646)
Resolving deltas:   6% (41/646)
Resolving deltas:   7% (46/646)
Resolving deltas:   8% (52/646)
Resolving deltas:   9% (59/646)
Resolving deltas:  10% (65/646)
Resolving deltas:  11% (72/646)
Resolving deltas:  12% (78/646)
Resolving deltas:  13% (84/646)
Resolving deltas:  14% (91/646)
Resolving deltas:  15% (98/646)
Resolving deltas:  16% (104/646)
Resolving deltas:  17% (110/646)
Resolving deltas:  18% (117/646)
Resolving deltas:  19% (123/646)
Resolving deltas:  20% (130/646)
Resolving deltas:  21% (136/646)
Resolving deltas:  22% (143/646)
Resolving deltas:  23% (149/646)
Resolving deltas:  24% (156/646)
Resolving deltas:  25% (162/646)
Resolving deltas:  26% (168/646)
Resolving deltas:  27% (175/646)
Resolving deltas:  28% (181/646)
Resolving deltas:  29% (188/646)
Resolving deltas:  30% (194/646)
Resolving deltas:  31% (201/646)
Resolving deltas:  32% (207/646)
Resolving deltas:  33% (214/646)
Resolving deltas:  34% (220/646)
Resolving deltas:  35% (227/646)
Resolving deltas:  36% (233/646)
Resolving deltas:  37% (240/646)
Resolving deltas:  38% (246/646)
Resolving deltas:  39% (252/646)
Resolving deltas:  40% (259/646)
Resolving deltas:  41% (265/646)
Resolving deltas:  42% (272/646)
Resolving deltas:  43% (278/646)
Resolving deltas:  44% (285/646)
Resolving deltas:  45% (291/646)
Resolving deltas:  46% (298/646)
Resolving deltas:  47% (304/646)
Resolving deltas:  48% (311/646)
Resolving deltas:  49% (317/646)
Resolving deltas:  50% (323/646)
Resolving deltas:  51% (330/646)
Resolving deltas:  52% (336/646)
Resolving deltas:  53% (343/646)
Resolving deltas:  54% (349/646)
Resolving deltas:  55% (356/646)
Resolving deltas:  56% (362/646)
Resolving deltas:  57% (369/646)
Resolving deltas:  58% (375/646)
Resolving deltas:  59% (382/646)
Resolving deltas:  60% (388/646)
Resolving deltas:  61% (395/646)
Resolving deltas:  62% (401/646)
Resolving deltas:  63% (407/646)
Resolving deltas:  64% (415/646)
Resolving deltas:  65% (420/646)
Resolving deltas:  66% (427/646)
Resolving deltas:  67% (433/646)
Resolving deltas:  68% (440/646)
Resolving deltas:  69% (446/646)
Resolving deltas:  70% (453/646)
Resolving deltas:  71% (459/646)
Resolving deltas:  72% (466/646)
Resolving deltas:  73% (472/646)
Resolving deltas:  74% (479/646)
Resolving deltas:  75% (485/646)
Resolving deltas:  76% (491/646)
Resolving deltas:  77% (498/646)
Resolving deltas:  78% (504/646)
Resolving deltas:  79% (511/646)
Resolving deltas:  80% (517/646)
Resolving deltas:  81% (524/646)
Resolving deltas:  82% (530/646)
Resolving deltas:  83% (537/646)
Resolving deltas:  84% (543/646)
Resolving deltas:  85% (550/646)
Resolving deltas:  86% (556/646)
Resolving deltas:  87% (563/646)
Resolving deltas:  88% (569/646)
Resolving deltas:  89% (575/646)
Resolving deltas:  90% (582/646)
Resolving deltas:  91% (588/646)
Resolving deltas:  92% (595/646)
Resolving deltas:  93% (601/646)
Resolving deltas:  94% (608/646)
Resolving deltas:  95% (614/646)
Resolving deltas:  96% (621/646)
Resolving deltas:  97% (627/646)
Resolving deltas:  98% (634/646)
Resolving deltas:  99% (640/646)
Resolving deltas: 100% (646/646)
Resolving deltas: 100% (646/646), done.

== Checking out commit hash fd8d5a42b53695739b7bfe2cfa8b70477439db4f ==
<span style="color:#268BD2">&gt; /usr/bin/git reset --hard fd8d5a42b53695739b7bfe2cfa8b70477439db4f</span>
HEAD is now at fd8d5a4 Corriger l'heure de l'amendement du rapport verbal
