Receiving objects:  92% (3463/3764), 725.55 MiB | 62.74 MiB/s
Receiving objects:  93% (3501/3764), 725.55 MiB | 62.74 MiB/s
Receiving objects:  94% (3539/3764), 725.55 MiB | 62.74 MiB/s
Receiving objects:  95% (3576/3764), 725.55 MiB | 62.74 MiB/s
Receiving objects:  96% (3614/3764), 725.55 MiB | 62.74 MiB/s
Receiving objects:  97% (3652/3764), 725.55 MiB | 62.74 MiB/s
remote: Total 3764 (delta 1310), reused 3501 (delta 1259), pack-reused 0 (from 0)        
Receiving objects:  98% (3689/3764), 725.55 MiB | 62.74 MiB/s
Receiving objects:  99% (3727/3764), 725.55 MiB | 62.74 MiB/s
Receiving objects: 100% (3764/3764), 725.55 MiB | 62.74 MiB/s
Receiving objects: 100% (3764/3764), 726.42 MiB | 65.91 MiB/s, done.
Resolving deltas:   0% (0/1310)
Resolving deltas:   1% (14/1310)
Resolving deltas:   2% (27/1310)
Resolving deltas:   3% (40/1310)
Resolving deltas:   4% (53/1310)
Resolving deltas:   5% (66/1310)
Resolving deltas:   6% (79/1310)
Resolving deltas:   7% (92/1310)
Resolving deltas:   8% (105/1310)
Resolving deltas:   9% (118/1310)
Resolving deltas:  10% (131/1310)
Resolving deltas:  11% (145/1310)
Resolving deltas:  12% (158/1310)
Resolving deltas:  13% (171/1310)
Resolving deltas:  14% (184/1310)
Resolving deltas:  15% (197/1310)
Resolving deltas:  16% (210/1310)
Resolving deltas:  17% (223/1310)
Resolving deltas:  18% (236/1310)
Resolving deltas:  19% (249/1310)
Resolving deltas:  20% (263/1310)
Resolving deltas:  21% (276/1310)
Resolving deltas:  22% (290/1310)
Resolving deltas:  23% (302/1310)
Resolving deltas:  24% (315/1310)
Resolving deltas:  25% (328/1310)
Resolving deltas:  26% (341/1310)
Resolving deltas:  27% (354/1310)
Resolving deltas:  28% (367/1310)
Resolving deltas:  29% (380/1310)
Resolving deltas:  30% (393/1310)
Resolving deltas:  31% (407/1310)
Resolving deltas:  32% (420/1310)
Resolving deltas:  33% (433/1310)
Resolving deltas:  34% (446/1310)
Resolving deltas:  35% (459/1310)
Resolving deltas:  36% (472/1310)
Resolving deltas:  37% (485/1310)
Resolving deltas:  38% (498/1310)
Resolving deltas:  39% (511/1310)
Resolving deltas:  40% (524/1310)
Resolving deltas:  41% (538/1310)
Resolving deltas:  42% (551/1310)
Resolving deltas:  43% (564/1310)
Resolving deltas:  44% (577/1310)
Resolving deltas:  45% (590/1310)
Resolving deltas:  46% (603/1310)
Resolving deltas:  47% (616/1310)
Resolving deltas:  48% (629/1310)
Resolving deltas:  49% (643/1310)
Resolving deltas:  50% (655/1310)
Resolving deltas:  51% (669/1310)
Resolving deltas:  52% (682/1310)
Resolving deltas:  53% (695/1310)
Resolving deltas:  54% (708/1310)
Resolving deltas:  55% (721/1310)
Resolving deltas:  56% (734/1310)
Resolving deltas:  57% (747/1310)
Resolving deltas:  58% (760/1310)
Resolving deltas:  59% (773/1310)
Resolving deltas:  60% (787/1310)
Resolving deltas:  61% (800/1310)
Resolving deltas:  62% (813/1310)
Resolving deltas:  63% (826/1310)
Resolving deltas:  64% (839/1310)
Resolving deltas:  65% (852/1310)
Resolving deltas:  66% (865/1310)
Resolving deltas:  67% (878/1310)
Resolving deltas:  68% (891/1310)
Resolving deltas:  69% (904/1310)
Resolving deltas:  70% (917/1310)
Resolving deltas:  71% (932/1310)
Resolving deltas:  72% (944/1310)
Resolving deltas:  73% (957/1310)
Resolving deltas:  74% (970/1310)
Resolving deltas:  75% (983/1310)
Resolving deltas:  76% (996/1310)
Resolving deltas:  77% (1009/1310)
Resolving deltas:  78% (1022/1310)
Resolving deltas:  79% (1036/1310)
Resolving deltas:  80% (1048/1310)
Resolving deltas:  81% (1062/1310)
Resolving deltas:  82% (1075/1310)
Resolving deltas:  83% (1088/1310)
Resolving deltas:  84% (1101/1310)
Resolving deltas:  85% (1114/1310)
Resolving deltas:  86% (1127/1310)
Resolving deltas:  87% (1140/1310)
Resolving deltas:  88% (1153/1310)
Resolving deltas:  89% (1166/1310)
Resolving deltas:  90% (1179/1310)
Resolving deltas:  91% (1193/1310)
Resolving deltas:  92% (1206/1310)
Resolving deltas:  93% (1219/1310)
Resolving deltas:  94% (1232/1310)
Resolving deltas:  95% (1245/1310)
Resolving deltas:  96% (1258/1310)
Resolving deltas:  97% (1271/1310)
Resolving deltas:  98% (1284/1310)
Resolving deltas:  99% (1297/1310)
Resolving deltas: 100% (1310/1310)
Resolving deltas: 100% (1310/1310), done.
Updating files:  22% (726/3252)
Updating files:  23% (748/3252)
Updating files:  24% (781/3252)
Updating files:  25% (813/3252)
Updating files:  26% (846/3252)
Updating files:  27% (879/3252)
Updating files:  28% (911/3252)
Updating files:  29% (944/3252)
Updating files:  30% (976/3252)
Updating files:  31% (1009/3252)
Updating files:  32% (1041/3252)
Updating files:  33% (1074/3252)
Updating files:  34% (1106/3252)
Updating files:  35% (1139/3252)
Updating files:  36% (1171/3252)
Updating files:  37% (1204/3252)
Updating files:  38% (1236/3252)
Updating files:  39% (1269/3252)
Updating files:  40% (1301/3252)
Updating files:  41% (1334/3252)
Updating files:  42% (1366/3252)
Updating files:  43% (1399/3252)
Updating files:  43% (1400/3252)
Updating files:  44% (1431/3252)
Updating files:  45% (1464/3252)
Updating files:  46% (1496/3252)
Updating files:  47% (1529/3252)
Updating files:  47% (1538/3252)
Updating files:  48% (1561/3252)
Updating files:  49% (1594/3252)
Updating files:  50% (1626/3252)
Updating files:  51% (1659/3252)
Updating files:  52% (1692/3252)
Updating files:  53% (1724/3252)
Updating files:  54% (1757/3252)
Updating files:  55% (1789/3252)
Updating files:  56% (1822/3252)
Updating files:  57% (1854/3252)
Updating files:  57% (1856/3252)
Updating files:  58% (1887/3252)
Updating files:  59% (1919/3252)
Updating files:  60% (1952/3252)
Updating files:  61% (1984/3252)
Updating files:  62% (2017/3252)
Updating files:  63% (2049/3252)
Updating files:  64% (2082/3252)
Updating files:  65% (2114/3252)
Updating files:  66% (2147/3252)
Updating files:  67% (2179/3252)
Updating files:  68% (2212/3252)
Updating files:  69% (2244/3252)
Updating files:  70% (2277/3252)
Updating files:  71% (2309/3252)
Updating files:  72% (2342/3252)
Updating files:  73% (2374/3252)
Updating files:  74% (2407/3252)
Updating files:  75% (2439/3252)
Updating files:  76% (2472/3252)
Updating files:  77% (2505/3252)
Updating files:  78% (2537/3252)
Updating files:  79% (2570/3252)
Updating files:  80% (2602/3252)
Updating files:  81% (2635/3252)
Updating files:  82% (2667/3252)
Updating files:  83% (2700/3252)
Updating files:  84% (2732/3252)
Updating files:  85% (2765/3252)
Updating files:  86% (2797/3252)
Updating files:  87% (2830/3252)
Updating files:  88% (2862/3252)
Updating files:  89% (2895/3252)
Updating files:  90% (2927/3252)
Updating files:  91% (2960/3252)
Updating files:  92% (2992/3252)
Updating files:  93% (3025/3252)
Updating files:  94% (3057/3252)
Updating files:  95% (3090/3252)
Updating files:  96% (3122/3252)
Updating files:  97% (3155/3252)
Updating files:  98% (3187/3252)
Updating files:  99% (3220/3252)
Updating files: 100% (3252/3252)
Updating files: 100% (3252/3252), done.

== Checking out commit hash 6c6019c43be9827151963e6c87f3ed1614bebc94 ==
<span style="color:#268BD2">&gt; /usr/bin/git reset --hard 6c6019c43be9827151963e6c87f3ed1614bebc94</span>
HEAD is now at 6c6019c Relais, demande 85 : test 12, vérification de l'apprentissage en mémoire contre mlx_lm.lora, puis le pilote (24 vies)
