Receiving objects:  81% (2571/3174), 363.20 MiB | 22.85 MiB/s
Receiving objects:  82% (2603/3174), 363.20 MiB | 22.85 MiB/s
Receiving objects:  83% (2635/3174), 363.20 MiB | 22.85 MiB/s
Receiving objects:  84% (2667/3174), 363.20 MiB | 22.85 MiB/s
Receiving objects:  85% (2698/3174), 363.20 MiB | 22.85 MiB/s
Receiving objects:  86% (2730/3174), 363.20 MiB | 22.85 MiB/s
Receiving objects:  87% (2762/3174), 363.20 MiB | 22.85 MiB/s
Receiving objects:  88% (2794/3174), 363.20 MiB | 22.85 MiB/s
Receiving objects:  89% (2825/3174), 363.20 MiB | 22.85 MiB/s
Receiving objects:  90% (2857/3174), 363.20 MiB | 22.85 MiB/s
Receiving objects:  91% (2889/3174), 363.20 MiB | 22.85 MiB/s
Receiving objects:  92% (2921/3174), 363.20 MiB | 22.85 MiB/s
remote: Total 3174 (delta 1108), reused 2954 (delta 1065), pack-reused 0 (from 0)        
Receiving objects:  93% (2952/3174), 363.20 MiB | 22.85 MiB/s
Receiving objects:  94% (2984/3174), 363.20 MiB | 22.85 MiB/s
Receiving objects:  95% (3016/3174), 363.20 MiB | 22.85 MiB/s
Receiving objects:  96% (3048/3174), 363.20 MiB | 22.85 MiB/s
Receiving objects:  97% (3079/3174), 363.20 MiB | 22.85 MiB/s
Receiving objects:  98% (3111/3174), 363.20 MiB | 22.85 MiB/s
Receiving objects:  99% (3143/3174), 363.20 MiB | 22.85 MiB/s
Receiving objects: 100% (3174/3174), 363.20 MiB | 22.85 MiB/s
Receiving objects: 100% (3174/3174), 364.20 MiB | 19.08 MiB/s, done.
Resolving deltas:   0% (0/1108)
Resolving deltas:   1% (12/1108)
Resolving deltas:   2% (24/1108)
Resolving deltas:   3% (34/1108)
Resolving deltas:   4% (45/1108)
Resolving deltas:   5% (56/1108)
Resolving deltas:   6% (67/1108)
Resolving deltas:   7% (78/1108)
Resolving deltas:   8% (89/1108)
Resolving deltas:   9% (100/1108)
Resolving deltas:  10% (111/1108)
Resolving deltas:  11% (122/1108)
Resolving deltas:  12% (133/1108)
Resolving deltas:  13% (145/1108)
Resolving deltas:  14% (156/1108)
Resolving deltas:  15% (167/1108)
Resolving deltas:  16% (178/1108)
Resolving deltas:  17% (189/1108)
Resolving deltas:  18% (200/1108)
Resolving deltas:  19% (211/1108)
Resolving deltas:  20% (222/1108)
Resolving deltas:  21% (233/1108)
Resolving deltas:  22% (244/1108)
Resolving deltas:  23% (255/1108)
Resolving deltas:  24% (266/1108)
Resolving deltas:  25% (277/1108)
Resolving deltas:  26% (289/1108)
Resolving deltas:  27% (300/1108)
Resolving deltas:  28% (311/1108)
Resolving deltas:  29% (323/1108)
Resolving deltas:  30% (333/1108)
Resolving deltas:  31% (344/1108)
Resolving deltas:  32% (355/1108)
Resolving deltas:  33% (366/1108)
Resolving deltas:  34% (377/1108)
Resolving deltas:  35% (388/1108)
Resolving deltas:  36% (400/1108)
Resolving deltas:  37% (410/1108)
Resolving deltas:  38% (422/1108)
Resolving deltas:  39% (433/1108)
Resolving deltas:  40% (444/1108)
Resolving deltas:  41% (456/1108)
Resolving deltas:  42% (466/1108)
Resolving deltas:  43% (477/1108)
Resolving deltas:  44% (489/1108)
Resolving deltas:  45% (499/1108)
Resolving deltas:  46% (511/1108)
Resolving deltas:  47% (521/1108)
Resolving deltas:  48% (532/1108)
Resolving deltas:  49% (543/1108)
Resolving deltas:  50% (554/1108)
Resolving deltas:  51% (567/1108)
Resolving deltas:  52% (577/1108)
Resolving deltas:  53% (588/1108)
Resolving deltas:  54% (599/1108)
Resolving deltas:  55% (610/1108)
Resolving deltas:  56% (621/1108)
Resolving deltas:  57% (632/1108)
Resolving deltas:  58% (643/1108)
Resolving deltas:  59% (654/1108)
Resolving deltas:  60% (665/1108)
Resolving deltas:  61% (676/1108)
Resolving deltas:  62% (687/1108)
Resolving deltas:  63% (699/1108)
Resolving deltas:  64% (710/1108)
Resolving deltas:  65% (721/1108)
Resolving deltas:  66% (732/1108)
Resolving deltas:  67% (743/1108)
Resolving deltas:  68% (754/1108)
Resolving deltas:  69% (765/1108)
Resolving deltas:  70% (776/1108)
Resolving deltas:  71% (787/1108)
Resolving deltas:  72% (798/1108)
Resolving deltas:  73% (809/1108)
Resolving deltas:  74% (820/1108)
Resolving deltas:  75% (831/1108)
Resolving deltas:  76% (843/1108)
Resolving deltas:  77% (854/1108)
Resolving deltas:  78% (865/1108)
Resolving deltas:  79% (876/1108)
Resolving deltas:  80% (887/1108)
Resolving deltas:  81% (899/1108)
Resolving deltas:  82% (909/1108)
Resolving deltas:  83% (920/1108)
Resolving deltas:  84% (931/1108)
Resolving deltas:  85% (942/1108)
Resolving deltas:  86% (953/1108)
Resolving deltas:  87% (964/1108)
Resolving deltas:  88% (976/1108)
Resolving deltas:  89% (987/1108)
Resolving deltas:  90% (998/1108)
Resolving deltas:  91% (1009/1108)
Resolving deltas:  92% (1020/1108)
Resolving deltas:  93% (1031/1108)
Resolving deltas:  94% (1042/1108)
Resolving deltas:  95% (1053/1108)
Resolving deltas:  96% (1064/1108)
Resolving deltas:  97% (1075/1108)
Resolving deltas:  98% (1086/1108)
Resolving deltas:  99% (1097/1108)
Resolving deltas: 100% (1108/1108)
Resolving deltas: 100% (1108/1108), done.
Updating files:  31% (826/2656)
Updating files:  32% (850/2656)
Updating files:  33% (877/2656)
Updating files:  34% (904/2656)
Updating files:  35% (930/2656)
Updating files:  36% (957/2656)
Updating files:  37% (983/2656)
Updating files:  38% (1010/2656)
Updating files:  39% (1036/2656)
Updating files:  40% (1063/2656)
Updating files:  41% (1089/2656)
Updating files:  42% (1116/2656)
Updating files:  43% (1143/2656)
Updating files:  43% (1156/2656)
Updating files:  44% (1169/2656)
Updating files:  45% (1196/2656)
Updating files:  46% (1222/2656)
Updating files:  47% (1249/2656)
Updating files:  48% (1275/2656)
Updating files:  49% (1302/2656)
Updating files:  50% (1328/2656)
Updating files:  51% (1355/2656)
Updating files:  52% (1382/2656)
Updating files:  53% (1408/2656)
Updating files:  54% (1435/2656)
Updating files:  55% (1461/2656)
Updating files:  56% (1488/2656)
Updating files:  57% (1514/2656)
Updating files:  58% (1541/2656)
Updating files:  59% (1568/2656)
Updating files:  60% (1594/2656)
Updating files:  61% (1621/2656)
Updating files:  62% (1647/2656)
Updating files:  63% (1674/2656)
Updating files:  64% (1700/2656)
Updating files:  65% (1727/2656)
Updating files:  66% (1753/2656)
Updating files:  67% (1780/2656)
Updating files:  68% (1807/2656)
Updating files:  69% (1833/2656)
Updating files:  70% (1860/2656)
Updating files:  71% (1886/2656)
Updating files:  72% (1913/2656)
Updating files:  73% (1939/2656)
Updating files:  74% (1966/2656)
Updating files:  75% (1992/2656)
Updating files:  76% (2019/2656)
Updating files:  77% (2046/2656)
Updating files:  78% (2072/2656)
Updating files:  79% (2099/2656)
Updating files:  80% (2125/2656)
Updating files:  81% (2152/2656)
Updating files:  82% (2178/2656)
Updating files:  83% (2205/2656)
Updating files:  84% (2232/2656)
Updating files:  85% (2258/2656)
Updating files:  86% (2285/2656)
Updating files:  87% (2311/2656)
Updating files:  88% (2338/2656)
Updating files:  89% (2364/2656)
Updating files:  90% (2391/2656)
Updating files:  91% (2417/2656)
Updating files:  92% (2444/2656)
Updating files:  93% (2471/2656)
Updating files:  94% (2497/2656)
Updating files:  95% (2524/2656)
Updating files:  96% (2550/2656)
Updating files:  97% (2577/2656)
Updating files:  98% (2603/2656)
Updating files:  99% (2630/2656)
Updating files: 100% (2656/2656)
Updating files: 100% (2656/2656), done.

== Checking out commit hash d4f8e7cd39ec3a22c3f1fe133e94fffec57af78c ==
<span style="color:#268BD2">&gt; /usr/bin/git reset --hard d4f8e7cd39ec3a22c3f1fe133e94fffec57af78c</span>
HEAD is now at d4f8e7c Relais, demande 47 : tours 5 à 8 du témoin ; lésions reçues (survie 0,66 avec lésion, 0,69 au hasard, 0,68 intact ; base 0,20)
