Receiving objects:  90% (2883/3203), 404.58 MiB | 65.70 MiB/s
Receiving objects:  91% (2915/3203), 404.58 MiB | 65.70 MiB/s
Receiving objects:  92% (2947/3203), 404.58 MiB | 65.70 MiB/s
Receiving objects:  93% (2979/3203), 404.58 MiB | 65.70 MiB/s
remote: Total 3203 (delta 1100), reused 2979 (delta 1057), pack-reused 0 (from 0)        
Receiving objects:  94% (3011/3203), 404.58 MiB | 65.70 MiB/s
Receiving objects:  95% (3043/3203), 404.58 MiB | 65.70 MiB/s
Receiving objects:  96% (3075/3203), 404.58 MiB | 65.70 MiB/s
Receiving objects:  97% (3107/3203), 404.58 MiB | 65.70 MiB/s
Receiving objects:  98% (3139/3203), 404.58 MiB | 65.70 MiB/s
Receiving objects:  99% (3171/3203), 404.58 MiB | 65.70 MiB/s
Receiving objects: 100% (3203/3203), 404.58 MiB | 65.70 MiB/s
Receiving objects: 100% (3203/3203), 421.28 MiB | 61.84 MiB/s, done.
Resolving deltas:   0% (0/1100)
Resolving deltas:   1% (11/1100)
Resolving deltas:   2% (22/1100)
Resolving deltas:   3% (33/1100)
Resolving deltas:   4% (44/1100)
Resolving deltas:   5% (55/1100)
Resolving deltas:   6% (66/1100)
Resolving deltas:   7% (77/1100)
Resolving deltas:   8% (88/1100)
Resolving deltas:   9% (99/1100)
Resolving deltas:  10% (110/1100)
Resolving deltas:  11% (121/1100)
Resolving deltas:  12% (133/1100)
Resolving deltas:  13% (143/1100)
Resolving deltas:  14% (154/1100)
Resolving deltas:  15% (165/1100)
Resolving deltas:  16% (176/1100)
Resolving deltas:  17% (187/1100)
Resolving deltas:  18% (198/1100)
Resolving deltas:  19% (209/1100)
Resolving deltas:  20% (220/1100)
Resolving deltas:  21% (231/1100)
Resolving deltas:  22% (242/1100)
Resolving deltas:  23% (253/1100)
Resolving deltas:  24% (264/1100)
Resolving deltas:  25% (275/1100)
Resolving deltas:  26% (286/1100)
Resolving deltas:  27% (297/1100)
Resolving deltas:  28% (308/1100)
Resolving deltas:  29% (319/1100)
Resolving deltas:  30% (330/1100)
Resolving deltas:  31% (341/1100)
Resolving deltas:  32% (352/1100)
Resolving deltas:  33% (363/1100)
Resolving deltas:  34% (374/1100)
Resolving deltas:  35% (385/1100)
Resolving deltas:  36% (396/1100)
Resolving deltas:  37% (407/1100)
Resolving deltas:  38% (418/1100)
Resolving deltas:  39% (429/1100)
Resolving deltas:  40% (440/1100)
Resolving deltas:  41% (451/1100)
Resolving deltas:  42% (462/1100)
Resolving deltas:  43% (473/1100)
Resolving deltas:  44% (484/1100)
Resolving deltas:  45% (495/1100)
Resolving deltas:  46% (506/1100)
Resolving deltas:  47% (517/1100)
Resolving deltas:  48% (528/1100)
Resolving deltas:  49% (539/1100)
Resolving deltas:  50% (550/1100)
Resolving deltas:  51% (561/1100)
Resolving deltas:  52% (572/1100)
Resolving deltas:  53% (583/1100)
Resolving deltas:  54% (594/1100)
Resolving deltas:  55% (605/1100)
Resolving deltas:  56% (616/1100)
Resolving deltas:  57% (627/1100)
Resolving deltas:  58% (638/1100)
Resolving deltas:  59% (649/1100)
Resolving deltas:  60% (660/1100)
Resolving deltas:  61% (671/1100)
Resolving deltas:  62% (682/1100)
Resolving deltas:  63% (693/1100)
Resolving deltas:  64% (704/1100)
Resolving deltas:  65% (715/1100)
Resolving deltas:  66% (726/1100)
Resolving deltas:  67% (737/1100)
Resolving deltas:  68% (748/1100)
Resolving deltas:  69% (759/1100)
Resolving deltas:  70% (770/1100)
Resolving deltas:  71% (781/1100)
Resolving deltas:  72% (792/1100)
Resolving deltas:  73% (803/1100)
Resolving deltas:  74% (814/1100)
Resolving deltas:  75% (825/1100)
Resolving deltas:  76% (837/1100)
Resolving deltas:  77% (847/1100)
Resolving deltas:  78% (858/1100)
Resolving deltas:  79% (869/1100)
Resolving deltas:  80% (880/1100)
Resolving deltas:  81% (891/1100)
Resolving deltas:  82% (903/1100)
Resolving deltas:  83% (913/1100)
Resolving deltas:  84% (924/1100)
Resolving deltas:  85% (935/1100)
Resolving deltas:  86% (946/1100)
Resolving deltas:  87% (957/1100)
Resolving deltas:  88% (968/1100)
Resolving deltas:  89% (979/1100)
Resolving deltas:  90% (990/1100)
Resolving deltas:  91% (1001/1100)
Resolving deltas:  92% (1012/1100)
Resolving deltas:  93% (1023/1100)
Resolving deltas:  94% (1034/1100)
Resolving deltas:  95% (1045/1100)
Resolving deltas:  96% (1056/1100)
Resolving deltas:  97% (1068/1100)
Resolving deltas:  98% (1078/1100)
Resolving deltas:  99% (1089/1100)
Resolving deltas: 100% (1100/1100)
Resolving deltas: 100% (1100/1100), done.
Updating files:  24% (670/2711)
Updating files:  25% (678/2711)
Updating files:  26% (705/2711)
Updating files:  27% (732/2711)
Updating files:  28% (760/2711)
Updating files:  29% (787/2711)
Updating files:  30% (814/2711)
Updating files:  31% (841/2711)
Updating files:  32% (868/2711)
Updating files:  33% (895/2711)
Updating files:  34% (922/2711)
Updating files:  35% (949/2711)
Updating files:  35% (950/2711)
Updating files:  36% (976/2711)
Updating files:  37% (1004/2711)
Updating files:  38% (1031/2711)
Updating files:  39% (1058/2711)
Updating files:  40% (1085/2711)
Updating files:  41% (1112/2711)
Updating files:  42% (1139/2711)
Updating files:  43% (1166/2711)
Updating files:  43% (1179/2711)
Updating files:  44% (1193/2711)
Updating files:  45% (1220/2711)
Updating files:  46% (1248/2711)
Updating files:  47% (1275/2711)
Updating files:  48% (1302/2711)
Updating files:  49% (1329/2711)
Updating files:  50% (1356/2711)
Updating files:  51% (1383/2711)
Updating files:  52% (1410/2711)
Updating files:  53% (1437/2711)
Updating files:  53% (1455/2711)
Updating files:  54% (1464/2711)
Updating files:  55% (1492/2711)
Updating files:  56% (1519/2711)
Updating files:  57% (1546/2711)
Updating files:  58% (1573/2711)
Updating files:  59% (1600/2711)
Updating files:  60% (1627/2711)
Updating files:  61% (1654/2711)
Updating files:  62% (1681/2711)
Updating files:  63% (1708/2711)
Updating files:  64% (1736/2711)
Updating files:  65% (1763/2711)
Updating files:  66% (1790/2711)
Updating files:  67% (1817/2711)
Updating files:  68% (1844/2711)
Updating files:  69% (1871/2711)
Updating files:  70% (1898/2711)
Updating files:  71% (1925/2711)
Updating files:  72% (1952/2711)
Updating files:  73% (1980/2711)
Updating files:  74% (2007/2711)
Updating files:  75% (2034/2711)
Updating files:  76% (2061/2711)
Updating files:  77% (2088/2711)
Updating files:  78% (2115/2711)
Updating files:  79% (2142/2711)
Updating files:  80% (2169/2711)
Updating files:  81% (2196/2711)
Updating files:  82% (2224/2711)
Updating files:  83% (2251/2711)
Updating files:  84% (2278/2711)
Updating files:  85% (2305/2711)
Updating files:  86% (2332/2711)
Updating files:  87% (2359/2711)
Updating files:  88% (2386/2711)
Updating files:  89% (2413/2711)
Updating files:  90% (2440/2711)
Updating files:  91% (2468/2711)
Updating files:  92% (2495/2711)
Updating files:  93% (2522/2711)
Updating files:  94% (2549/2711)
Updating files:  95% (2576/2711)
Updating files:  96% (2603/2711)
Updating files:  97% (2630/2711)
Updating files:  98% (2657/2711)
Updating files:  99% (2684/2711)
Updating files: 100% (2711/2711)
Updating files: 100% (2711/2711), done.

== Checking out commit hash fc1be355cf3a702145b4eadf1f51cd9c7bf943fe ==
<span style="color:#268BD2">&gt; /usr/bin/git reset --hard fc1be355cf3a702145b4eadf1f51cd9c7bf943fe</span>
HEAD is now at fc1be35 Relais, demande 50 : apprendre à dire son besoin après « Choix : » (étape speak2)
