Receiving objects:  76% (2497/3285), 478.21 MiB | 71.89 MiB/s
Receiving objects:  77% (2530/3285), 478.21 MiB | 71.89 MiB/s
Receiving objects:  78% (2563/3285), 478.21 MiB | 71.89 MiB/s
Receiving objects:  79% (2596/3285), 478.21 MiB | 71.89 MiB/s
Receiving objects:  80% (2628/3285), 478.21 MiB | 71.89 MiB/s
Receiving objects:  81% (2661/3285), 478.21 MiB | 71.89 MiB/s
Receiving objects:  82% (2694/3285), 478.21 MiB | 71.89 MiB/s
Receiving objects:  83% (2727/3285), 478.21 MiB | 71.89 MiB/s
Receiving objects:  84% (2760/3285), 478.21 MiB | 71.89 MiB/s
Receiving objects:  85% (2793/3285), 478.21 MiB | 71.89 MiB/s
Receiving objects:  86% (2826/3285), 478.21 MiB | 71.89 MiB/s
Receiving objects:  87% (2858/3285), 478.21 MiB | 71.89 MiB/s
Receiving objects:  88% (2891/3285), 478.21 MiB | 71.89 MiB/s
Receiving objects:  89% (2924/3285), 478.21 MiB | 71.89 MiB/s
Receiving objects:  90% (2957/3285), 478.21 MiB | 71.89 MiB/s
Receiving objects:  91% (2990/3285), 478.21 MiB | 71.89 MiB/s
Receiving objects:  92% (3023/3285), 478.21 MiB | 71.89 MiB/s
Receiving objects:  93% (3056/3285), 478.21 MiB | 71.89 MiB/s
remote: Total 3285 (delta 1142), reused 3045 (delta 1092), pack-reused 0 (from 0)        
Receiving objects:  94% (3088/3285), 478.21 MiB | 71.89 MiB/s
Receiving objects:  95% (3121/3285), 478.21 MiB | 71.89 MiB/s
Receiving objects:  96% (3154/3285), 478.21 MiB | 71.89 MiB/s
Receiving objects:  97% (3187/3285), 478.21 MiB | 71.89 MiB/s
Receiving objects:  98% (3220/3285), 478.21 MiB | 71.89 MiB/s
Receiving objects:  99% (3253/3285), 478.21 MiB | 71.89 MiB/s
Receiving objects: 100% (3285/3285), 478.21 MiB | 71.89 MiB/s
Receiving objects: 100% (3285/3285), 479.86 MiB | 68.21 MiB/s, done.
Resolving deltas:   0% (0/1142)
Resolving deltas:   1% (12/1142)
Resolving deltas:   2% (24/1142)
Resolving deltas:   3% (35/1142)
Resolving deltas:   4% (46/1142)
Resolving deltas:   5% (58/1142)
Resolving deltas:   6% (69/1142)
Resolving deltas:   7% (81/1142)
Resolving deltas:   8% (92/1142)
Resolving deltas:   9% (103/1142)
Resolving deltas:  10% (115/1142)
Resolving deltas:  11% (126/1142)
Resolving deltas:  12% (138/1142)
Resolving deltas:  13% (149/1142)
Resolving deltas:  14% (160/1142)
Resolving deltas:  15% (172/1142)
Resolving deltas:  16% (183/1142)
Resolving deltas:  17% (195/1142)
Resolving deltas:  18% (206/1142)
Resolving deltas:  19% (217/1142)
Resolving deltas:  20% (229/1142)
Resolving deltas:  21% (240/1142)
Resolving deltas:  22% (252/1142)
Resolving deltas:  23% (263/1142)
Resolving deltas:  24% (275/1142)
Resolving deltas:  25% (286/1142)
Resolving deltas:  26% (297/1142)
Resolving deltas:  27% (309/1142)
Resolving deltas:  28% (320/1142)
Resolving deltas:  29% (332/1142)
Resolving deltas:  30% (343/1142)
Resolving deltas:  31% (355/1142)
Resolving deltas:  32% (366/1142)
Resolving deltas:  33% (377/1142)
Resolving deltas:  34% (389/1142)
Resolving deltas:  35% (400/1142)
Resolving deltas:  36% (413/1142)
Resolving deltas:  37% (423/1142)
Resolving deltas:  38% (434/1142)
Resolving deltas:  39% (447/1142)
Resolving deltas:  40% (457/1142)
Resolving deltas:  41% (469/1142)
Resolving deltas:  42% (480/1142)
Resolving deltas:  43% (492/1142)
Resolving deltas:  44% (503/1142)
Resolving deltas:  45% (514/1142)
Resolving deltas:  46% (526/1142)
Resolving deltas:  47% (537/1142)
Resolving deltas:  48% (549/1142)
Resolving deltas:  49% (560/1142)
Resolving deltas:  50% (571/1142)
Resolving deltas:  51% (583/1142)
Resolving deltas:  52% (594/1142)
Resolving deltas:  53% (606/1142)
Resolving deltas:  54% (617/1142)
Resolving deltas:  55% (629/1142)
Resolving deltas:  56% (640/1142)
Resolving deltas:  57% (651/1142)
Resolving deltas:  58% (663/1142)
Resolving deltas:  59% (674/1142)
Resolving deltas:  60% (686/1142)
Resolving deltas:  61% (697/1142)
Resolving deltas:  62% (709/1142)
Resolving deltas:  63% (720/1142)
Resolving deltas:  64% (731/1142)
Resolving deltas:  65% (743/1142)
Resolving deltas:  66% (754/1142)
Resolving deltas:  67% (766/1142)
Resolving deltas:  68% (777/1142)
Resolving deltas:  69% (788/1142)
Resolving deltas:  70% (800/1142)
Resolving deltas:  71% (811/1142)
Resolving deltas:  72% (823/1142)
Resolving deltas:  73% (834/1142)
Resolving deltas:  74% (846/1142)
Resolving deltas:  75% (857/1142)
Resolving deltas:  76% (868/1142)
Resolving deltas:  77% (880/1142)
Resolving deltas:  78% (891/1142)
Resolving deltas:  79% (903/1142)
Resolving deltas:  80% (914/1142)
Resolving deltas:  81% (926/1142)
Resolving deltas:  82% (937/1142)
Resolving deltas:  83% (948/1142)
Resolving deltas:  84% (960/1142)
Resolving deltas:  85% (971/1142)
Resolving deltas:  86% (983/1142)
Resolving deltas:  87% (994/1142)
Resolving deltas:  88% (1005/1142)
Resolving deltas:  89% (1017/1142)
Resolving deltas:  90% (1028/1142)
Resolving deltas:  91% (1040/1142)
Resolving deltas:  92% (1051/1142)
Resolving deltas:  93% (1063/1142)
Resolving deltas:  94% (1074/1142)
Resolving deltas:  95% (1085/1142)
Resolving deltas:  96% (1097/1142)
Resolving deltas:  97% (1108/1142)
Resolving deltas:  98% (1120/1142)
Resolving deltas:  99% (1131/1142)
Resolving deltas: 100% (1142/1142)
Resolving deltas: 100% (1142/1142), done.
Updating files:  36% (1024/2781)
Updating files:  37% (1029/2781)
Updating files:  38% (1057/2781)
Updating files:  39% (1085/2781)
Updating files:  40% (1113/2781)
Updating files:  41% (1141/2781)
Updating files:  42% (1169/2781)
Updating files:  43% (1196/2781)
Updating files:  44% (1224/2781)
Updating files:  44% (1251/2781)
Updating files:  45% (1252/2781)
Updating files:  46% (1280/2781)
Updating files:  47% (1308/2781)
Updating files:  48% (1335/2781)
Updating files:  49% (1363/2781)
Updating files:  50% (1391/2781)
Updating files:  51% (1419/2781)
Updating files:  52% (1447/2781)
Updating files:  53% (1474/2781)
Updating files:  54% (1502/2781)
Updating files:  55% (1530/2781)
Updating files:  56% (1558/2781)
Updating files:  57% (1586/2781)
Updating files:  58% (1613/2781)
Updating files:  59% (1641/2781)
Updating files:  60% (1669/2781)
Updating files:  61% (1697/2781)
Updating files:  62% (1725/2781)
Updating files:  63% (1753/2781)
Updating files:  64% (1780/2781)
Updating files:  65% (1808/2781)
Updating files:  66% (1836/2781)
Updating files:  67% (1864/2781)
Updating files:  68% (1892/2781)
Updating files:  69% (1919/2781)
Updating files:  70% (1947/2781)
Updating files:  71% (1975/2781)
Updating files:  72% (2003/2781)
Updating files:  73% (2031/2781)
Updating files:  74% (2058/2781)
Updating files:  75% (2086/2781)
Updating files:  76% (2114/2781)
Updating files:  77% (2142/2781)
Updating files:  78% (2170/2781)
Updating files:  79% (2197/2781)
Updating files:  80% (2225/2781)
Updating files:  81% (2253/2781)
Updating files:  82% (2281/2781)
Updating files:  83% (2309/2781)
Updating files:  84% (2337/2781)
Updating files:  85% (2364/2781)
Updating files:  86% (2392/2781)
Updating files:  87% (2420/2781)
Updating files:  88% (2448/2781)
Updating files:  89% (2476/2781)
Updating files:  90% (2503/2781)
Updating files:  91% (2531/2781)
Updating files:  92% (2559/2781)
Updating files:  93% (2587/2781)
Updating files:  94% (2615/2781)
Updating files:  95% (2642/2781)
Updating files:  96% (2670/2781)
Updating files:  97% (2698/2781)
Updating files:  98% (2726/2781)
Updating files:  99% (2754/2781)
Updating files: 100% (2781/2781)
Updating files: 100% (2781/2781), done.

== Checking out commit hash 50cbaebe34d22e82c6e77e6a24f5df79db9c538c ==
<span style="color:#268BD2">&gt; /usr/bin/git reset --hard 50cbaebe34d22e82c6e77e6a24f5df79db9c538c</span>
HEAD is now at 50cbaeb Relais, demande 54 : second agent, tours de survie 5 à 8 (réplique 1)
