Receiving objects:  78% (2156/2763), 192.73 MiB | 42.83 MiB/s
Receiving objects:  79% (2183/2763), 192.73 MiB | 42.83 MiB/s
Receiving objects:  80% (2211/2763), 192.73 MiB | 42.83 MiB/s
Receiving objects:  81% (2239/2763), 192.73 MiB | 42.83 MiB/s
Receiving objects:  82% (2266/2763), 192.73 MiB | 42.83 MiB/s
Receiving objects:  83% (2294/2763), 192.73 MiB | 42.83 MiB/s
Receiving objects:  84% (2321/2763), 192.73 MiB | 42.83 MiB/s
Receiving objects:  85% (2349/2763), 192.73 MiB | 42.83 MiB/s
Receiving objects:  86% (2377/2763), 192.73 MiB | 42.83 MiB/s
Receiving objects:  87% (2404/2763), 192.73 MiB | 42.83 MiB/s
Receiving objects:  88% (2432/2763), 192.73 MiB | 42.83 MiB/s
Receiving objects:  89% (2460/2763), 192.73 MiB | 42.83 MiB/s
Receiving objects:  90% (2487/2763), 192.73 MiB | 42.83 MiB/s
remote: Total 2763 (delta 928), reused 2539 (delta 873), pack-reused 0 (from 0)        
Receiving objects:  91% (2515/2763), 192.73 MiB | 42.83 MiB/s
Receiving objects:  92% (2542/2763), 192.73 MiB | 42.83 MiB/s
Receiving objects:  93% (2570/2763), 192.73 MiB | 42.83 MiB/s
Receiving objects:  94% (2598/2763), 192.73 MiB | 42.83 MiB/s
Receiving objects:  95% (2625/2763), 192.73 MiB | 42.83 MiB/s
Receiving objects:  96% (2653/2763), 192.73 MiB | 42.83 MiB/s
Receiving objects:  97% (2681/2763), 192.73 MiB | 42.83 MiB/s
Receiving objects:  98% (2708/2763), 192.73 MiB | 42.83 MiB/s
Receiving objects:  99% (2736/2763), 192.73 MiB | 42.83 MiB/s
Receiving objects: 100% (2763/2763), 192.73 MiB | 42.83 MiB/s
Receiving objects: 100% (2763/2763), 197.31 MiB | 42.48 MiB/s, done.
Resolving deltas:   0% (0/928)
Resolving deltas:   1% (10/928)
Resolving deltas:   2% (19/928)
Resolving deltas:   3% (28/928)
Resolving deltas:   4% (38/928)
Resolving deltas:   5% (47/928)
Resolving deltas:   6% (57/928)
Resolving deltas:   7% (65/928)
Resolving deltas:   8% (75/928)
Resolving deltas:   9% (85/928)
Resolving deltas:  10% (93/928)
Resolving deltas:  11% (103/928)
Resolving deltas:  12% (112/928)
Resolving deltas:  13% (121/928)
Resolving deltas:  14% (130/928)
Resolving deltas:  15% (140/928)
Resolving deltas:  16% (149/928)
Resolving deltas:  17% (158/928)
Resolving deltas:  18% (168/928)
Resolving deltas:  19% (177/928)
Resolving deltas:  20% (186/928)
Resolving deltas:  21% (195/928)
Resolving deltas:  22% (205/928)
Resolving deltas:  23% (214/928)
Resolving deltas:  24% (223/928)
Resolving deltas:  25% (232/928)
Resolving deltas:  26% (242/928)
Resolving deltas:  27% (251/928)
Resolving deltas:  28% (260/928)
Resolving deltas:  29% (270/928)
Resolving deltas:  30% (279/928)
Resolving deltas:  31% (288/928)
Resolving deltas:  32% (297/928)
Resolving deltas:  33% (307/928)
Resolving deltas:  34% (316/928)
Resolving deltas:  35% (325/928)
Resolving deltas:  36% (336/928)
Resolving deltas:  37% (344/928)
Resolving deltas:  38% (353/928)
Resolving deltas:  39% (362/928)
Resolving deltas:  40% (372/928)
Resolving deltas:  41% (381/928)
Resolving deltas:  42% (390/928)
Resolving deltas:  43% (400/928)
Resolving deltas:  44% (409/928)
Resolving deltas:  45% (418/928)
Resolving deltas:  46% (427/928)
Resolving deltas:  47% (437/928)
Resolving deltas:  48% (446/928)
Resolving deltas:  49% (455/928)
Resolving deltas:  50% (464/928)
Resolving deltas:  51% (474/928)
Resolving deltas:  52% (483/928)
Resolving deltas:  53% (492/928)
Resolving deltas:  54% (502/928)
Resolving deltas:  55% (511/928)
Resolving deltas:  56% (520/928)
Resolving deltas:  57% (529/928)
Resolving deltas:  58% (539/928)
Resolving deltas:  59% (548/928)
Resolving deltas:  60% (557/928)
Resolving deltas:  61% (567/928)
Resolving deltas:  62% (576/928)
Resolving deltas:  63% (585/928)
Resolving deltas:  64% (594/928)
Resolving deltas:  65% (604/928)
Resolving deltas:  66% (613/928)
Resolving deltas:  67% (622/928)
Resolving deltas:  68% (632/928)
Resolving deltas:  69% (641/928)
Resolving deltas:  70% (650/928)
Resolving deltas:  71% (659/928)
Resolving deltas:  72% (669/928)
Resolving deltas:  73% (678/928)
Resolving deltas:  74% (687/928)
Resolving deltas:  75% (696/928)
Resolving deltas:  76% (706/928)
Resolving deltas:  77% (715/928)
Resolving deltas:  78% (724/928)
Resolving deltas:  79% (734/928)
Resolving deltas:  80% (743/928)
Resolving deltas:  81% (752/928)
Resolving deltas:  82% (761/928)
Resolving deltas:  83% (771/928)
Resolving deltas:  84% (780/928)
Resolving deltas:  85% (789/928)
Resolving deltas:  86% (799/928)
Resolving deltas:  87% (808/928)
Resolving deltas:  88% (817/928)
Resolving deltas:  89% (826/928)
Resolving deltas:  90% (836/928)
Resolving deltas:  91% (845/928)
Resolving deltas:  92% (854/928)
Resolving deltas:  93% (865/928)
Resolving deltas:  94% (873/928)
Resolving deltas:  95% (882/928)
Resolving deltas:  96% (891/928)
Resolving deltas:  97% (901/928)
Resolving deltas:  98% (910/928)
Resolving deltas:  99% (919/928)
Resolving deltas: 100% (928/928)
Resolving deltas: 100% (928/928), done.
Updating files:  33% (775/2284)
Updating files:  34% (777/2284)
Updating files:  35% (800/2284)
Updating files:  36% (823/2284)
Updating files:  37% (846/2284)
Updating files:  38% (868/2284)
Updating files:  39% (891/2284)
Updating files:  40% (914/2284)
Updating files:  41% (937/2284)
Updating files:  42% (960/2284)
Updating files:  43% (983/2284)
Updating files:  44% (1005/2284)
Updating files:  45% (1028/2284)
Updating files:  46% (1051/2284)
Updating files:  47% (1074/2284)
Updating files:  48% (1097/2284)
Updating files:  49% (1120/2284)
Updating files:  50% (1142/2284)
Updating files:  51% (1165/2284)
Updating files:  52% (1188/2284)
Updating files:  53% (1211/2284)
Updating files:  54% (1234/2284)
Updating files:  55% (1257/2284)
Updating files:  56% (1280/2284)
Updating files:  57% (1302/2284)
Updating files:  58% (1325/2284)
Updating files:  59% (1348/2284)
Updating files:  60% (1371/2284)
Updating files:  61% (1394/2284)
Updating files:  62% (1417/2284)
Updating files:  63% (1439/2284)
Updating files:  64% (1462/2284)
Updating files:  65% (1485/2284)
Updating files:  66% (1508/2284)
Updating files:  67% (1531/2284)
Updating files:  68% (1554/2284)
Updating files:  69% (1576/2284)
Updating files:  70% (1599/2284)
Updating files:  71% (1622/2284)
Updating files:  72% (1645/2284)
Updating files:  73% (1668/2284)
Updating files:  74% (1691/2284)
Updating files:  75% (1713/2284)
Updating files:  76% (1736/2284)
Updating files:  77% (1759/2284)
Updating files:  78% (1782/2284)
Updating files:  79% (1805/2284)
Updating files:  80% (1828/2284)
Updating files:  81% (1851/2284)
Updating files:  82% (1873/2284)
Updating files:  83% (1896/2284)
Updating files:  84% (1919/2284)
Updating files:  85% (1942/2284)
Updating files:  86% (1965/2284)
Updating files:  87% (1988/2284)
Updating files:  88% (2010/2284)
Updating files:  89% (2033/2284)
Updating files:  90% (2056/2284)
Updating files:  91% (2079/2284)
Updating files:  92% (2102/2284)
Updating files:  93% (2125/2284)
Updating files:  94% (2147/2284)
Updating files:  95% (2170/2284)
Updating files:  96% (2193/2284)
Updating files:  97% (2216/2284)
Updating files:  98% (2239/2284)
Updating files:  99% (2262/2284)
Updating files: 100% (2284/2284)
Updating files: 100% (2284/2284), done.

== Checking out commit hash d17e56a1c3c17214df733dac3e9f95d4b3f4f93e ==
<span style="color:#268BD2">&gt; /usr/bin/git reset --hard d17e56a1c3c17214df733dac3e9f95d4b3f4f93e</span>
HEAD is now at d17e56a Lancer l'étape 1 de la réplication (graines 23 et 29), demande 32
