Receiving objects:  84% (2807/3341), 482.95 MiB | 69.61 MiB/s
Receiving objects:  85% (2840/3341), 482.95 MiB | 69.61 MiB/s
Receiving objects:  86% (2874/3341), 482.95 MiB | 69.61 MiB/s
Receiving objects:  87% (2907/3341), 482.95 MiB | 69.61 MiB/s
Receiving objects:  88% (2941/3341), 482.95 MiB | 69.61 MiB/s
Receiving objects:  89% (2974/3341), 482.95 MiB | 69.61 MiB/s
Receiving objects:  90% (3007/3341), 482.95 MiB | 69.61 MiB/s
Receiving objects:  91% (3041/3341), 482.95 MiB | 69.61 MiB/s
Receiving objects:  92% (3074/3341), 482.95 MiB | 69.61 MiB/s
Receiving objects:  93% (3108/3341), 482.95 MiB | 69.61 MiB/s
remote: Total 3341 (delta 1158), reused 3037 (delta 1046), pack-reused 0 (from 0)        
Receiving objects:  94% (3141/3341), 482.95 MiB | 69.61 MiB/s
Receiving objects:  95% (3174/3341), 482.95 MiB | 69.61 MiB/s
Receiving objects:  96% (3208/3341), 482.95 MiB | 69.61 MiB/s
Receiving objects:  97% (3241/3341), 482.95 MiB | 69.61 MiB/s
Receiving objects:  98% (3275/3341), 482.95 MiB | 69.61 MiB/s
Receiving objects:  99% (3308/3341), 482.95 MiB | 69.61 MiB/s
Receiving objects: 100% (3341/3341), 482.95 MiB | 69.61 MiB/s
Receiving objects: 100% (3341/3341), 501.28 MiB | 64.20 MiB/s, done.
Resolving deltas:   0% (0/1158)
Resolving deltas:   1% (13/1158)
Resolving deltas:   2% (24/1158)
Resolving deltas:   3% (36/1158)
Resolving deltas:   4% (47/1158)
Resolving deltas:   5% (58/1158)
Resolving deltas:   6% (70/1158)
Resolving deltas:   7% (83/1158)
Resolving deltas:   8% (93/1158)
Resolving deltas:   9% (105/1158)
Resolving deltas:  10% (116/1158)
Resolving deltas:  11% (128/1158)
Resolving deltas:  12% (139/1158)
Resolving deltas:  13% (151/1158)
Resolving deltas:  14% (163/1158)
Resolving deltas:  15% (174/1158)
Resolving deltas:  16% (186/1158)
Resolving deltas:  17% (198/1158)
Resolving deltas:  18% (209/1158)
Resolving deltas:  19% (221/1158)
Resolving deltas:  20% (233/1158)
Resolving deltas:  21% (244/1158)
Resolving deltas:  22% (255/1158)
Resolving deltas:  23% (267/1158)
Resolving deltas:  24% (278/1158)
Resolving deltas:  25% (290/1158)
Resolving deltas:  26% (302/1158)
Resolving deltas:  27% (313/1158)
Resolving deltas:  28% (325/1158)
Resolving deltas:  29% (336/1158)
Resolving deltas:  30% (348/1158)
Resolving deltas:  31% (359/1158)
Resolving deltas:  32% (371/1158)
Resolving deltas:  33% (383/1158)
Resolving deltas:  34% (394/1158)
Resolving deltas:  35% (406/1158)
Resolving deltas:  36% (417/1158)
Resolving deltas:  37% (429/1158)
Resolving deltas:  38% (441/1158)
Resolving deltas:  39% (452/1158)
Resolving deltas:  40% (464/1158)
Resolving deltas:  41% (475/1158)
Resolving deltas:  42% (487/1158)
Resolving deltas:  43% (498/1158)
Resolving deltas:  44% (510/1158)
Resolving deltas:  45% (522/1158)
Resolving deltas:  46% (533/1158)
Resolving deltas:  47% (545/1158)
Resolving deltas:  48% (556/1158)
Resolving deltas:  49% (568/1158)
Resolving deltas:  50% (579/1158)
Resolving deltas:  51% (591/1158)
Resolving deltas:  52% (603/1158)
Resolving deltas:  53% (614/1158)
Resolving deltas:  54% (626/1158)
Resolving deltas:  55% (638/1158)
Resolving deltas:  56% (649/1158)
Resolving deltas:  57% (661/1158)
Resolving deltas:  58% (672/1158)
Resolving deltas:  59% (684/1158)
Resolving deltas:  60% (695/1158)
Resolving deltas:  61% (707/1158)
Resolving deltas:  62% (718/1158)
Resolving deltas:  63% (730/1158)
Resolving deltas:  64% (742/1158)
Resolving deltas:  65% (753/1158)
Resolving deltas:  66% (765/1158)
Resolving deltas:  67% (776/1158)
Resolving deltas:  68% (788/1158)
Resolving deltas:  69% (800/1158)
Resolving deltas:  70% (811/1158)
Resolving deltas:  71% (823/1158)
Resolving deltas:  72% (834/1158)
Resolving deltas:  73% (846/1158)
Resolving deltas:  74% (857/1158)
Resolving deltas:  75% (869/1158)
Resolving deltas:  76% (881/1158)
Resolving deltas:  77% (892/1158)
Resolving deltas:  78% (904/1158)
Resolving deltas:  79% (915/1158)
Resolving deltas:  80% (927/1158)
Resolving deltas:  81% (938/1158)
Resolving deltas:  82% (950/1158)
Resolving deltas:  83% (962/1158)
Resolving deltas:  84% (973/1158)
Resolving deltas:  85% (986/1158)
Resolving deltas:  86% (996/1158)
Resolving deltas:  87% (1008/1158)
Resolving deltas:  88% (1020/1158)
Resolving deltas:  89% (1031/1158)
Resolving deltas:  90% (1043/1158)
Resolving deltas:  91% (1054/1158)
Resolving deltas:  92% (1066/1158)
Resolving deltas:  93% (1077/1158)
Resolving deltas:  94% (1089/1158)
Resolving deltas:  95% (1101/1158)
Resolving deltas:  96% (1112/1158)
Resolving deltas:  97% (1124/1158)
Resolving deltas:  98% (1135/1158)
Resolving deltas:  99% (1147/1158)
Resolving deltas: 100% (1158/1158)
Resolving deltas: 100% (1158/1158), done.
Updating files:  29% (833/2824)
Updating files:  30% (848/2824)
Updating files:  31% (876/2824)
Updating files:  32% (904/2824)
Updating files:  33% (932/2824)
Updating files:  34% (961/2824)
Updating files:  35% (989/2824)
Updating files:  36% (1017/2824)
Updating files:  37% (1045/2824)
Updating files:  38% (1074/2824)
Updating files:  39% (1102/2824)
Updating files:  40% (1130/2824)
Updating files:  40% (1135/2824)
Updating files:  41% (1158/2824)
Updating files:  42% (1187/2824)
Updating files:  43% (1215/2824)
Updating files:  44% (1243/2824)
Updating files:  45% (1271/2824)
Updating files:  45% (1292/2824)
Updating files:  46% (1300/2824)
Updating files:  47% (1328/2824)
Updating files:  48% (1356/2824)
Updating files:  49% (1384/2824)
Updating files:  50% (1412/2824)
Updating files:  51% (1441/2824)
Updating files:  52% (1469/2824)
Updating files:  53% (1497/2824)
Updating files:  54% (1525/2824)
Updating files:  55% (1554/2824)
Updating files:  56% (1582/2824)
Updating files:  57% (1610/2824)
Updating files:  58% (1638/2824)
Updating files:  59% (1667/2824)
Updating files:  60% (1695/2824)
Updating files:  61% (1723/2824)
Updating files:  62% (1751/2824)
Updating files:  63% (1780/2824)
Updating files:  64% (1808/2824)
Updating files:  65% (1836/2824)
Updating files:  66% (1864/2824)
Updating files:  67% (1893/2824)
Updating files:  68% (1921/2824)
Updating files:  69% (1949/2824)
Updating files:  70% (1977/2824)
Updating files:  71% (2006/2824)
Updating files:  72% (2034/2824)
Updating files:  73% (2062/2824)
Updating files:  74% (2090/2824)
Updating files:  75% (2118/2824)
Updating files:  76% (2147/2824)
Updating files:  77% (2175/2824)
Updating files:  78% (2203/2824)
Updating files:  79% (2231/2824)
Updating files:  80% (2260/2824)
Updating files:  81% (2288/2824)
Updating files:  82% (2316/2824)
Updating files:  83% (2344/2824)
Updating files:  84% (2373/2824)
Updating files:  85% (2401/2824)
Updating files:  86% (2429/2824)
Updating files:  87% (2457/2824)
Updating files:  88% (2486/2824)
Updating files:  89% (2514/2824)
Updating files:  90% (2542/2824)
Updating files:  91% (2570/2824)
Updating files:  92% (2599/2824)
Updating files:  93% (2627/2824)
Updating files:  94% (2655/2824)
Updating files:  95% (2683/2824)
Updating files:  96% (2712/2824)
Updating files:  97% (2740/2824)
Updating files:  98% (2768/2824)
Updating files:  99% (2796/2824)
Updating files: 100% (2824/2824)
Updating files: 100% (2824/2824), done.

== Checking out commit hash e7196e1d74a9d18ee9839c43c065eb943cdc3efd ==
<span style="color:#268BD2">&gt; /usr/bin/git reset --hard e7196e1d74a9d18ee9839c43c065eb943cdc3efd</span>
HEAD is now at e7196e1 Relais, demande 59 : le lecteur du second agent (réplique 1, 512 vies propres)
