Receiving objects:  10% (230/2291)
Receiving objects:  11% (253/2291)
Receiving objects:  12% (275/2291)
Receiving objects:  13% (298/2291)
Receiving objects:  14% (321/2291)
Receiving objects:  15% (344/2291)
Receiving objects:  16% (367/2291)
Receiving objects:  17% (390/2291)
Receiving objects:  18% (413/2291)
Receiving objects:  19% (436/2291)
Receiving objects:  20% (459/2291)
Receiving objects:  21% (482/2291)
Receiving objects:  22% (505/2291)
Receiving objects:  23% (527/2291)
Receiving objects:  24% (550/2291)
Receiving objects:  25% (573/2291)
Receiving objects:  26% (596/2291)
Receiving objects:  27% (619/2291), 22.19 MiB | 44.36 MiB/s
Receiving objects:  28% (642/2291), 22.19 MiB | 44.36 MiB/s
Receiving objects:  29% (665/2291), 22.19 MiB | 44.36 MiB/s
Receiving objects:  30% (688/2291), 22.19 MiB | 44.36 MiB/s
Receiving objects:  31% (711/2291), 22.19 MiB | 44.36 MiB/s
Receiving objects:  32% (734/2291), 22.19 MiB | 44.36 MiB/s
Receiving objects:  33% (757/2291), 22.19 MiB | 44.36 MiB/s
Receiving objects:  34% (779/2291), 22.19 MiB | 44.36 MiB/s
Receiving objects:  35% (802/2291), 22.19 MiB | 44.36 MiB/s
Receiving objects:  36% (825/2291), 22.19 MiB | 44.36 MiB/s
Receiving objects:  36% (840/2291), 52.21 MiB | 52.21 MiB/s
Receiving objects:  37% (848/2291), 52.21 MiB | 52.21 MiB/s
Receiving objects:  38% (871/2291), 52.21 MiB | 52.21 MiB/s
Receiving objects:  39% (894/2291), 52.21 MiB | 52.21 MiB/s
Receiving objects:  40% (917/2291), 52.21 MiB | 52.21 MiB/s
Receiving objects:  41% (940/2291), 52.21 MiB | 52.21 MiB/s
Receiving objects:  42% (963/2291), 52.21 MiB | 52.21 MiB/s
Receiving objects:  43% (986/2291), 52.21 MiB | 52.21 MiB/s
Receiving objects:  44% (1009/2291), 52.21 MiB | 52.21 MiB/s
Receiving objects:  45% (1031/2291), 52.21 MiB | 52.21 MiB/s
Receiving objects:  46% (1054/2291), 52.21 MiB | 52.21 MiB/s
Receiving objects:  47% (1077/2291), 52.21 MiB | 52.21 MiB/s
Receiving objects:  48% (1100/2291), 52.21 MiB | 52.21 MiB/s
Receiving objects:  49% (1123/2291), 52.21 MiB | 52.21 MiB/s
Receiving objects:  50% (1146/2291), 52.21 MiB | 52.21 MiB/s
Receiving objects:  51% (1169/2291), 52.21 MiB | 52.21 MiB/s
Receiving objects:  52% (1192/2291), 52.21 MiB | 52.21 MiB/s
Receiving objects:  53% (1215/2291), 52.21 MiB | 52.21 MiB/s
Receiving objects:  54% (1238/2291), 52.21 MiB | 52.21 MiB/s
Receiving objects:  55% (1261/2291), 52.21 MiB | 52.21 MiB/s
Receiving objects:  56% (1283/2291), 52.21 MiB | 52.21 MiB/s
Receiving objects:  57% (1306/2291), 52.21 MiB | 52.21 MiB/s
Receiving objects:  58% (1329/2291), 52.21 MiB | 52.21 MiB/s
Receiving objects:  59% (1352/2291), 52.21 MiB | 52.21 MiB/s
Receiving objects:  60% (1375/2291), 52.21 MiB | 52.21 MiB/s
Receiving objects:  61% (1398/2291), 52.21 MiB | 52.21 MiB/s
Receiving objects:  62% (1421/2291), 52.21 MiB | 52.21 MiB/s
Receiving objects:  63% (1444/2291), 52.21 MiB | 52.21 MiB/s
Receiving objects:  64% (1467/2291), 52.21 MiB | 52.21 MiB/s
Receiving objects:  65% (1490/2291), 52.21 MiB | 52.21 MiB/s
Receiving objects:  66% (1513/2291), 52.21 MiB | 52.21 MiB/s
Receiving objects:  67% (1535/2291), 52.21 MiB | 52.21 MiB/s
Receiving objects:  68% (1558/2291), 52.21 MiB | 52.21 MiB/s
Receiving objects:  69% (1581/2291), 52.21 MiB | 52.21 MiB/s
Receiving objects:  70% (1604/2291), 52.21 MiB | 52.21 MiB/s
Receiving objects:  71% (1627/2291), 52.21 MiB | 52.21 MiB/s
Receiving objects:  72% (1650/2291), 52.21 MiB | 52.21 MiB/s
Receiving objects:  73% (1673/2291), 52.21 MiB | 52.21 MiB/s
Receiving objects:  74% (1696/2291), 52.21 MiB | 52.21 MiB/s
Receiving objects:  75% (1719/2291), 52.21 MiB | 52.21 MiB/s
Receiving objects:  76% (1742/2291), 52.21 MiB | 52.21 MiB/s
Receiving objects:  77% (1765/2291), 52.21 MiB | 52.21 MiB/s
Receiving objects:  78% (1787/2291), 52.21 MiB | 52.21 MiB/s
Receiving objects:  79% (1810/2291), 52.21 MiB | 52.21 MiB/s
Receiving objects:  80% (1833/2291), 52.21 MiB | 52.21 MiB/s
Receiving objects:  81% (1856/2291), 52.21 MiB | 52.21 MiB/s
Receiving objects:  82% (1879/2291), 52.21 MiB | 52.21 MiB/s
Receiving objects:  83% (1902/2291), 52.21 MiB | 52.21 MiB/s
Receiving objects:  84% (1925/2291), 52.21 MiB | 52.21 MiB/s
Receiving objects:  85% (1948/2291), 52.21 MiB | 52.21 MiB/s
Receiving objects:  86% (1971/2291), 52.21 MiB | 52.21 MiB/s
Receiving objects:  87% (1994/2291), 52.21 MiB | 52.21 MiB/s
Receiving objects:  88% (2017/2291), 52.21 MiB | 52.21 MiB/s
Receiving objects:  89% (2039/2291), 52.21 MiB | 52.21 MiB/s
Receiving objects:  90% (2062/2291), 52.21 MiB | 52.21 MiB/s
Receiving objects:  91% (2085/2291), 52.21 MiB | 52.21 MiB/s
remote: Total 2291 (delta 677), reused 2078 (delta 606), pack-reused 0 (from 0)        
Receiving objects:  92% (2108/2291), 52.21 MiB | 52.21 MiB/s
Receiving objects:  93% (2131/2291), 52.21 MiB | 52.21 MiB/s
Receiving objects:  94% (2154/2291), 52.21 MiB | 52.21 MiB/s
Receiving objects:  95% (2177/2291), 52.21 MiB | 52.21 MiB/s
Receiving objects:  96% (2200/2291), 52.21 MiB | 52.21 MiB/s
Receiving objects:  97% (2223/2291), 52.21 MiB | 52.21 MiB/s
Receiving objects:  98% (2246/2291), 52.21 MiB | 52.21 MiB/s
Receiving objects:  99% (2269/2291), 52.21 MiB | 52.21 MiB/s
Receiving objects: 100% (2291/2291), 52.21 MiB | 52.21 MiB/s
Receiving objects: 100% (2291/2291), 72.68 MiB | 52.59 MiB/s, done.
Resolving deltas:   0% (0/677)
Resolving deltas:   1% (7/677)
Resolving deltas:   2% (14/677)
Resolving deltas:   3% (21/677)
Resolving deltas:   4% (28/677)
Resolving deltas:   5% (34/677)
Resolving deltas:   6% (41/677)
Resolving deltas:   7% (48/677)
Resolving deltas:   8% (55/677)
Resolving deltas:   9% (61/677)
Resolving deltas:  10% (68/677)
Resolving deltas:  11% (75/677)
Resolving deltas:  12% (82/677)
Resolving deltas:  13% (89/677)
Resolving deltas:  14% (95/677)
Resolving deltas:  15% (102/677)
Resolving deltas:  16% (109/677)
Resolving deltas:  17% (116/677)
Resolving deltas:  18% (122/677)
Resolving deltas:  19% (129/677)
Resolving deltas:  20% (136/677)
Resolving deltas:  21% (143/677)
Resolving deltas:  22% (149/677)
Resolving deltas:  23% (156/677)
Resolving deltas:  24% (163/677)
Resolving deltas:  25% (170/677)
Resolving deltas:  26% (177/677)
Resolving deltas:  27% (184/677)
Resolving deltas:  28% (190/677)
Resolving deltas:  29% (197/677)
Resolving deltas:  30% (204/677)
Resolving deltas:  31% (210/677)
Resolving deltas:  32% (217/677)
Resolving deltas:  33% (224/677)
Resolving deltas:  34% (232/677)
Resolving deltas:  35% (237/677)
Resolving deltas:  36% (244/677)
Resolving deltas:  37% (251/677)
Resolving deltas:  38% (258/677)
Resolving deltas:  39% (265/677)
Resolving deltas:  40% (271/677)
Resolving deltas:  41% (278/677)
Resolving deltas:  42% (285/677)
Resolving deltas:  43% (292/677)
Resolving deltas:  44% (298/677)
Resolving deltas:  45% (305/677)
Resolving deltas:  46% (312/677)
Resolving deltas:  47% (319/677)
Resolving deltas:  48% (325/677)
Resolving deltas:  49% (332/677)
Resolving deltas:  50% (339/677)
Resolving deltas:  51% (346/677)
Resolving deltas:  52% (353/677)
Resolving deltas:  53% (359/677)
Resolving deltas:  54% (366/677)
Resolving deltas:  55% (373/677)
Resolving deltas:  56% (380/677)
Resolving deltas:  57% (386/677)
Resolving deltas:  58% (393/677)
Resolving deltas:  59% (400/677)
Resolving deltas:  60% (407/677)
Resolving deltas:  61% (413/677)
Resolving deltas:  62% (420/677)
Resolving deltas:  63% (427/677)
Resolving deltas:  64% (434/677)
Resolving deltas:  65% (441/677)
Resolving deltas:  66% (447/677)
Resolving deltas:  67% (454/677)
Resolving deltas:  68% (461/677)
Resolving deltas:  69% (468/677)
Resolving deltas:  70% (474/677)
Resolving deltas:  71% (481/677)
Resolving deltas:  72% (488/677)
Resolving deltas:  73% (496/677)
Resolving deltas:  74% (501/677)
Resolving deltas:  75% (508/677)
Resolving deltas:  76% (515/677)
Resolving deltas:  77% (522/677)
Resolving deltas:  78% (529/677)
Resolving deltas:  79% (535/677)
Resolving deltas:  80% (542/677)
Resolving deltas:  81% (549/677)
Resolving deltas:  82% (556/677)
Resolving deltas:  83% (562/677)
Resolving deltas:  84% (569/677)
Resolving deltas:  85% (576/677)
Resolving deltas:  86% (583/677)
Resolving deltas:  87% (589/677)
Resolving deltas:  88% (596/677)
Resolving deltas:  89% (603/677)
Resolving deltas:  90% (610/677)
Resolving deltas:  91% (617/677)
Resolving deltas:  92% (623/677)
Resolving deltas:  93% (631/677)
Resolving deltas:  94% (637/677)
Resolving deltas:  95% (645/677)
Resolving deltas:  96% (650/677)
Resolving deltas:  97% (657/677)
Resolving deltas:  98% (664/677)
Resolving deltas:  99% (671/677)
Resolving deltas: 100% (677/677)
Resolving deltas: 100% (677/677), done.

== Checking out commit hash a83f30f638079f3ea1f38a1dc92cf10998768284 ==
<span style="color:#268BD2">&gt; /usr/bin/git reset --hard a83f30f638079f3ea1f38a1dc92cf10998768284</span>
HEAD is now at a83f30f Relancer le test d'enquête corrigé sur Codemagic par le relais (demande 14)
