Receiving objects:  76% (2154/2833), 214.51 MiB | 53.63 MiB/s
Receiving objects:  77% (2182/2833), 214.51 MiB | 53.63 MiB/s
Receiving objects:  78% (2210/2833), 214.51 MiB | 53.63 MiB/s
Receiving objects:  79% (2239/2833), 214.51 MiB | 53.63 MiB/s
Receiving objects:  80% (2267/2833), 214.51 MiB | 53.63 MiB/s
Receiving objects:  81% (2295/2833), 214.51 MiB | 53.63 MiB/s
Receiving objects:  82% (2324/2833), 214.51 MiB | 53.63 MiB/s
Receiving objects:  83% (2352/2833), 214.51 MiB | 53.63 MiB/s
Receiving objects:  84% (2380/2833), 214.51 MiB | 53.63 MiB/s
Receiving objects:  85% (2409/2833), 214.51 MiB | 53.63 MiB/s
Receiving objects:  86% (2437/2833), 214.51 MiB | 53.63 MiB/s
Receiving objects:  87% (2465/2833), 214.51 MiB | 53.63 MiB/s
Receiving objects:  88% (2494/2833), 214.51 MiB | 53.63 MiB/s
Receiving objects:  89% (2522/2833), 214.51 MiB | 53.63 MiB/s
Receiving objects:  90% (2550/2833), 214.51 MiB | 53.63 MiB/s
remote: Total 2833 (delta 966), reused 2575 (delta 877), pack-reused 0 (from 0)        
Receiving objects:  91% (2579/2833), 214.51 MiB | 53.63 MiB/s
Receiving objects:  92% (2607/2833), 214.51 MiB | 53.63 MiB/s
Receiving objects:  93% (2635/2833), 214.51 MiB | 53.63 MiB/s
Receiving objects:  94% (2664/2833), 214.51 MiB | 53.63 MiB/s
Receiving objects:  95% (2692/2833), 214.51 MiB | 53.63 MiB/s
Receiving objects:  96% (2720/2833), 214.51 MiB | 53.63 MiB/s
Receiving objects:  97% (2749/2833), 214.51 MiB | 53.63 MiB/s
Receiving objects:  98% (2777/2833), 214.51 MiB | 53.63 MiB/s
Receiving objects:  99% (2805/2833), 214.51 MiB | 53.63 MiB/s
Receiving objects: 100% (2833/2833), 214.51 MiB | 53.63 MiB/s
Receiving objects: 100% (2833/2833), 218.08 MiB | 53.46 MiB/s, done.
Resolving deltas:   0% (0/966)
Resolving deltas:   1% (10/966)
Resolving deltas:   2% (20/966)
Resolving deltas:   3% (29/966)
Resolving deltas:   4% (39/966)
Resolving deltas:   5% (49/966)
Resolving deltas:   6% (58/966)
Resolving deltas:   7% (68/966)
Resolving deltas:   8% (79/966)
Resolving deltas:   9% (87/966)
Resolving deltas:  10% (97/966)
Resolving deltas:  11% (107/966)
Resolving deltas:  12% (116/966)
Resolving deltas:  13% (126/966)
Resolving deltas:  14% (136/966)
Resolving deltas:  15% (145/966)
Resolving deltas:  16% (155/966)
Resolving deltas:  17% (165/966)
Resolving deltas:  18% (174/966)
Resolving deltas:  19% (184/966)
Resolving deltas:  20% (195/966)
Resolving deltas:  21% (203/966)
Resolving deltas:  22% (213/966)
Resolving deltas:  23% (223/966)
Resolving deltas:  24% (232/966)
Resolving deltas:  25% (242/966)
Resolving deltas:  26% (252/966)
Resolving deltas:  27% (261/966)
Resolving deltas:  28% (271/966)
Resolving deltas:  29% (281/966)
Resolving deltas:  30% (290/966)
Resolving deltas:  31% (300/966)
Resolving deltas:  32% (310/966)
Resolving deltas:  33% (319/966)
Resolving deltas:  34% (329/966)
Resolving deltas:  35% (339/966)
Resolving deltas:  36% (348/966)
Resolving deltas:  37% (358/966)
Resolving deltas:  38% (368/966)
Resolving deltas:  39% (377/966)
Resolving deltas:  40% (387/966)
Resolving deltas:  41% (397/966)
Resolving deltas:  42% (406/966)
Resolving deltas:  43% (416/966)
Resolving deltas:  44% (426/966)
Resolving deltas:  45% (435/966)
Resolving deltas:  46% (445/966)
Resolving deltas:  47% (455/966)
Resolving deltas:  48% (464/966)
Resolving deltas:  49% (474/966)
Resolving deltas:  50% (483/966)
Resolving deltas:  51% (493/966)
Resolving deltas:  52% (503/966)
Resolving deltas:  53% (512/966)
Resolving deltas:  54% (522/966)
Resolving deltas:  55% (532/966)
Resolving deltas:  56% (541/966)
Resolving deltas:  57% (551/966)
Resolving deltas:  58% (561/966)
Resolving deltas:  59% (570/966)
Resolving deltas:  60% (580/966)
Resolving deltas:  61% (590/966)
Resolving deltas:  62% (599/966)
Resolving deltas:  63% (609/966)
Resolving deltas:  64% (619/966)
Resolving deltas:  65% (628/966)
Resolving deltas:  66% (638/966)
Resolving deltas:  67% (648/966)
Resolving deltas:  68% (657/966)
Resolving deltas:  69% (667/966)
Resolving deltas:  70% (677/966)
Resolving deltas:  71% (686/966)
Resolving deltas:  72% (696/966)
Resolving deltas:  73% (706/966)
Resolving deltas:  74% (715/966)
Resolving deltas:  75% (725/966)
Resolving deltas:  76% (735/966)
Resolving deltas:  77% (744/966)
Resolving deltas:  78% (754/966)
Resolving deltas:  79% (764/966)
Resolving deltas:  80% (773/966)
Resolving deltas:  81% (783/966)
Resolving deltas:  82% (793/966)
Resolving deltas:  83% (802/966)
Resolving deltas:  84% (812/966)
Resolving deltas:  85% (822/966)
Resolving deltas:  86% (831/966)
Resolving deltas:  87% (841/966)
Resolving deltas:  88% (851/966)
Resolving deltas:  89% (860/966)
Resolving deltas:  90% (870/966)
Resolving deltas:  91% (880/966)
Resolving deltas:  92% (889/966)
Resolving deltas:  93% (899/966)
Resolving deltas:  94% (911/966)
Resolving deltas:  95% (918/966)
Resolving deltas:  96% (928/966)
Resolving deltas:  97% (938/966)
Resolving deltas:  98% (947/966)
Resolving deltas:  99% (957/966)
Resolving deltas: 100% (966/966)
Resolving deltas: 100% (966/966), done.
Updating files:  35% (817/2328)
Updating files:  36% (839/2328)
Updating files:  37% (862/2328)
Updating files:  38% (885/2328)
Updating files:  39% (908/2328)
Updating files:  40% (932/2328)
Updating files:  41% (955/2328)
Updating files:  42% (978/2328)
Updating files:  43% (1002/2328)
Updating files:  44% (1025/2328)
Updating files:  45% (1048/2328)
Updating files:  46% (1071/2328)
Updating files:  47% (1095/2328)
Updating files:  48% (1118/2328)
Updating files:  49% (1141/2328)
Updating files:  50% (1164/2328)
Updating files:  51% (1188/2328)
Updating files:  52% (1211/2328)
Updating files:  53% (1234/2328)
Updating files:  54% (1258/2328)
Updating files:  55% (1281/2328)
Updating files:  56% (1304/2328)
Updating files:  57% (1327/2328)
Updating files:  58% (1351/2328)
Updating files:  59% (1374/2328)
Updating files:  60% (1397/2328)
Updating files:  61% (1421/2328)
Updating files:  62% (1444/2328)
Updating files:  63% (1467/2328)
Updating files:  64% (1490/2328)
Updating files:  65% (1514/2328)
Updating files:  66% (1537/2328)
Updating files:  67% (1560/2328)
Updating files:  68% (1584/2328)
Updating files:  69% (1607/2328)
Updating files:  70% (1630/2328)
Updating files:  71% (1653/2328)
Updating files:  72% (1677/2328)
Updating files:  73% (1700/2328)
Updating files:  74% (1723/2328)
Updating files:  75% (1746/2328)
Updating files:  76% (1770/2328)
Updating files:  77% (1793/2328)
Updating files:  78% (1816/2328)
Updating files:  79% (1840/2328)
Updating files:  80% (1863/2328)
Updating files:  81% (1886/2328)
Updating files:  82% (1909/2328)
Updating files:  83% (1933/2328)
Updating files:  84% (1956/2328)
Updating files:  85% (1979/2328)
Updating files:  86% (2003/2328)
Updating files:  87% (2026/2328)
Updating files:  88% (2049/2328)
Updating files:  89% (2072/2328)
Updating files:  90% (2096/2328)
Updating files:  91% (2119/2328)
Updating files:  92% (2142/2328)
Updating files:  93% (2166/2328)
Updating files:  94% (2189/2328)
Updating files:  95% (2212/2328)
Updating files:  96% (2235/2328)
Updating files:  97% (2259/2328)
Updating files:  98% (2282/2328)
Updating files:  99% (2305/2328)
Updating files: 100% (2328/2328)
Updating files: 100% (2328/2328), done.

== Checking out commit hash 2bd46d1c65bf03cfcd3b1db65a0d52c944ea0062 ==
<span style="color:#268BD2">&gt; /usr/bin/git reset --hard 2bd46d1c65bf03cfcd3b1db65a0d52c944ea0062</span>
HEAD is now at 2bd46d1 Publier l'étape 1 de la réplication et lancer l'étape 2, demande 34
