Receiving objects:  97% (4170/4298), 1.08 GiB | 66.30 MiB/s
Receiving objects:  98% (4213/4298), 1.08 GiB | 66.30 MiB/s
Receiving objects:  99% (4256/4298), 1.08 GiB | 66.30 MiB/s
Receiving objects: 100% (4298/4298), 1.08 GiB | 66.30 MiB/s
Receiving objects: 100% (4298/4298), 1.09 GiB | 65.12 MiB/s, done.
Resolving deltas:   0% (0/1534)
Resolving deltas:   1% (16/1534)
Resolving deltas:   2% (31/1534)
Resolving deltas:   3% (47/1534)
Resolving deltas:   4% (62/1534)
Resolving deltas:   5% (77/1534)
Resolving deltas:   6% (93/1534)
Resolving deltas:   7% (108/1534)
Resolving deltas:   8% (123/1534)
Resolving deltas:   9% (139/1534)
Resolving deltas:  10% (154/1534)
Resolving deltas:  11% (169/1534)
Resolving deltas:  12% (185/1534)
Resolving deltas:  13% (200/1534)
Resolving deltas:  14% (215/1534)
Resolving deltas:  15% (231/1534)
Resolving deltas:  16% (246/1534)
Resolving deltas:  17% (261/1534)
Resolving deltas:  18% (277/1534)
Resolving deltas:  19% (292/1534)
Resolving deltas:  20% (308/1534)
Resolving deltas:  21% (323/1534)
Resolving deltas:  22% (338/1534)
Resolving deltas:  23% (353/1534)
Resolving deltas:  24% (369/1534)
Resolving deltas:  25% (384/1534)
Resolving deltas:  26% (399/1534)
Resolving deltas:  27% (415/1534)
Resolving deltas:  28% (430/1534)
Resolving deltas:  29% (445/1534)
Resolving deltas:  30% (461/1534)
Resolving deltas:  31% (476/1534)
Resolving deltas:  32% (491/1534)
Resolving deltas:  33% (507/1534)
Resolving deltas:  34% (522/1534)
Resolving deltas:  35% (537/1534)
Resolving deltas:  36% (553/1534)
Resolving deltas:  37% (568/1534)
Resolving deltas:  38% (583/1534)
Resolving deltas:  39% (599/1534)
Resolving deltas:  40% (614/1534)
Resolving deltas:  41% (629/1534)
Resolving deltas:  42% (645/1534)
Resolving deltas:  43% (660/1534)
Resolving deltas:  44% (675/1534)
Resolving deltas:  45% (691/1534)
Resolving deltas:  46% (706/1534)
Resolving deltas:  47% (721/1534)
Resolving deltas:  48% (737/1534)
Resolving deltas:  49% (752/1534)
Resolving deltas:  50% (767/1534)
Resolving deltas:  51% (783/1534)
Resolving deltas:  52% (798/1534)
Resolving deltas:  53% (814/1534)
Resolving deltas:  54% (830/1534)
Resolving deltas:  55% (844/1534)
Resolving deltas:  56% (860/1534)
Resolving deltas:  57% (875/1534)
Resolving deltas:  58% (890/1534)
Resolving deltas:  59% (906/1534)
Resolving deltas:  60% (921/1534)
Resolving deltas:  61% (936/1534)
Resolving deltas:  62% (952/1534)
Resolving deltas:  63% (967/1534)
Resolving deltas:  64% (982/1534)
Resolving deltas:  65% (998/1534)
Resolving deltas:  66% (1013/1534)
Resolving deltas:  67% (1028/1534)
Resolving deltas:  68% (1044/1534)
Resolving deltas:  69% (1059/1534)
Resolving deltas:  70% (1074/1534)
Resolving deltas:  71% (1090/1534)
Resolving deltas:  72% (1105/1534)
Resolving deltas:  73% (1120/1534)
Resolving deltas:  74% (1136/1534)
Resolving deltas:  75% (1151/1534)
Resolving deltas:  76% (1166/1534)
Resolving deltas:  77% (1182/1534)
Resolving deltas:  78% (1197/1534)
Resolving deltas:  79% (1212/1534)
Resolving deltas:  80% (1228/1534)
Resolving deltas:  81% (1243/1534)
Resolving deltas:  82% (1258/1534)
Resolving deltas:  83% (1274/1534)
Resolving deltas:  84% (1289/1534)
Resolving deltas:  85% (1304/1534)
Resolving deltas:  86% (1320/1534)
Resolving deltas:  87% (1335/1534)
Resolving deltas:  88% (1350/1534)
Resolving deltas:  89% (1366/1534)
Resolving deltas:  90% (1381/1534)
Resolving deltas:  91% (1396/1534)
Resolving deltas:  92% (1412/1534)
Resolving deltas:  93% (1427/1534)
Resolving deltas:  94% (1442/1534)
Resolving deltas:  95% (1458/1534)
Resolving deltas:  96% (1473/1534)
Resolving deltas:  97% (1488/1534)
Resolving deltas:  98% (1504/1534)
Resolving deltas:  99% (1519/1534)
Resolving deltas: 100% (1534/1534)
Resolving deltas: 100% (1534/1534), done.
Updating files:  19% (725/3751)
Updating files:  20% (751/3751)
Updating files:  21% (788/3751)
Updating files:  22% (826/3751)
Updating files:  23% (863/3751)
Updating files:  24% (901/3751)
Updating files:  25% (938/3751)
Updating files:  26% (976/3751)
Updating files:  27% (1013/3751)
Updating files:  28% (1051/3751)
Updating files:  29% (1088/3751)
Updating files:  29% (1089/3751)
Updating files:  30% (1126/3751)
Updating files:  31% (1163/3751)
Updating files:  32% (1201/3751)
Updating files:  33% (1238/3751)
Updating files:  34% (1276/3751)
Updating files:  35% (1313/3751)
Updating files:  36% (1351/3751)
Updating files:  37% (1388/3751)
Updating files:  38% (1426/3751)
Updating files:  38% (1457/3751)
Updating files:  39% (1463/3751)
Updating files:  40% (1501/3751)
Updating files:  41% (1538/3751)
Updating files:  41% (1565/3751)
Updating files:  42% (1576/3751)
Updating files:  43% (1613/3751)
Updating files:  44% (1651/3751)
Updating files:  45% (1688/3751)
Updating files:  46% (1726/3751)
Updating files:  47% (1763/3751)
Updating files:  48% (1801/3751)
Updating files:  49% (1838/3751)
Updating files:  49% (1839/3751)
Updating files:  50% (1876/3751)
Updating files:  51% (1914/3751)
Updating files:  51% (1931/3751)
Updating files:  52% (1951/3751)
Updating files:  53% (1989/3751)
Updating files:  54% (2026/3751)
Updating files:  55% (2064/3751)
Updating files:  56% (2101/3751)
Updating files:  56% (2127/3751)
Updating files:  57% (2139/3751)
Updating files:  58% (2176/3751)
Updating files:  59% (2214/3751)
Updating files:  60% (2251/3751)
Updating files:  61% (2289/3751)
Updating files:  62% (2326/3751)
Updating files:  63% (2364/3751)
Updating files:  64% (2401/3751)
Updating files:  65% (2439/3751)
Updating files:  66% (2476/3751)
Updating files:  67% (2514/3751)
Updating files:  68% (2551/3751)
Updating files:  69% (2589/3751)
Updating files:  70% (2626/3751)
Updating files:  71% (2664/3751)
Updating files:  72% (2701/3751)
Updating files:  73% (2739/3751)
Updating files:  74% (2776/3751)
Updating files:  75% (2814/3751)
Updating files:  76% (2851/3751)
Updating files:  77% (2889/3751)
Updating files:  78% (2926/3751)
Updating files:  79% (2964/3751)
Updating files:  80% (3001/3751)
Updating files:  81% (3039/3751)
Updating files:  82% (3076/3751)
Updating files:  83% (3114/3751)
Updating files:  84% (3151/3751)
Updating files:  85% (3189/3751)
Updating files:  86% (3226/3751)
Updating files:  87% (3264/3751)
Updating files:  88% (3301/3751)
Updating files:  89% (3339/3751)
Updating files:  90% (3376/3751)
Updating files:  91% (3414/3751)
Updating files:  92% (3451/3751)
Updating files:  93% (3489/3751)
Updating files:  94% (3526/3751)
Updating files:  95% (3564/3751)
Updating files:  96% (3601/3751)
Updating files:  97% (3639/3751)
Updating files:  98% (3676/3751)
Updating files:  99% (3714/3751)
Updating files: 100% (3751/3751)
Updating files: 100% (3751/3751), done.

== Checking out commit hash a83b3c60b0cd34342c468bdaa94a8241b001dfaf ==
<span style="color:#268BD2">&gt; /usr/bin/git reset --hard a83b3c60b0cd34342c468bdaa94a8241b001dfaf</span>
HEAD is now at a83b3c6 Relais, demande 105 : test 26, A de 1 751 à 2 000 itérations, B de 1 001 vers 2 000 (reprise exacte, par morceaux)
