remote: Total 3715 (delta 1287), reused 3425 (delta 1204), pack-reused 0 (from 0)        
Receiving objects:  96% (3567/3715), 725.22 MiB | 1.76 MiB/s
Receiving objects:  97% (3604/3715), 725.22 MiB | 1.76 MiB/s
Receiving objects:  98% (3641/3715), 725.22 MiB | 1.76 MiB/s
Receiving objects:  99% (3678/3715), 725.22 MiB | 1.76 MiB/s
Receiving objects: 100% (3715/3715), 725.22 MiB | 1.76 MiB/s
Receiving objects: 100% (3715/3715), 725.62 MiB | 1.52 MiB/s, done.
Resolving deltas:   0% (0/1287)
Resolving deltas:   1% (13/1287)
Resolving deltas:   2% (27/1287)
Resolving deltas:   3% (39/1287)
Resolving deltas:   4% (52/1287)
Resolving deltas:   5% (65/1287)
Resolving deltas:   6% (78/1287)
Resolving deltas:   7% (91/1287)
Resolving deltas:   8% (103/1287)
Resolving deltas:   9% (116/1287)
Resolving deltas:  10% (129/1287)
Resolving deltas:  11% (142/1287)
Resolving deltas:  12% (155/1287)
Resolving deltas:  13% (169/1287)
Resolving deltas:  14% (181/1287)
Resolving deltas:  15% (194/1287)
Resolving deltas:  16% (206/1287)
Resolving deltas:  17% (219/1287)
Resolving deltas:  18% (232/1287)
Resolving deltas:  19% (245/1287)
Resolving deltas:  20% (258/1287)
Resolving deltas:  21% (271/1287)
Resolving deltas:  22% (284/1287)
Resolving deltas:  23% (297/1287)
Resolving deltas:  24% (309/1287)
Resolving deltas:  25% (322/1287)
Resolving deltas:  26% (335/1287)
Resolving deltas:  27% (348/1287)
Resolving deltas:  28% (361/1287)
Resolving deltas:  29% (374/1287)
Resolving deltas:  30% (387/1287)
Resolving deltas:  31% (399/1287)
Resolving deltas:  32% (412/1287)
Resolving deltas:  33% (425/1287)
Resolving deltas:  34% (438/1287)
Resolving deltas:  35% (451/1287)
Resolving deltas:  36% (464/1287)
Resolving deltas:  37% (477/1287)
Resolving deltas:  38% (490/1287)
Resolving deltas:  39% (502/1287)
Resolving deltas:  40% (515/1287)
Resolving deltas:  41% (528/1287)
Resolving deltas:  42% (541/1287)
Resolving deltas:  43% (554/1287)
Resolving deltas:  44% (567/1287)
Resolving deltas:  45% (580/1287)
Resolving deltas:  46% (593/1287)
Resolving deltas:  47% (605/1287)
Resolving deltas:  48% (618/1287)
Resolving deltas:  49% (631/1287)
Resolving deltas:  50% (644/1287)
Resolving deltas:  51% (657/1287)
Resolving deltas:  52% (670/1287)
Resolving deltas:  53% (683/1287)
Resolving deltas:  54% (695/1287)
Resolving deltas:  55% (708/1287)
Resolving deltas:  56% (721/1287)
Resolving deltas:  57% (734/1287)
Resolving deltas:  58% (747/1287)
Resolving deltas:  59% (760/1287)
Resolving deltas:  60% (773/1287)
Resolving deltas:  61% (786/1287)
Resolving deltas:  62% (798/1287)
Resolving deltas:  63% (812/1287)
Resolving deltas:  64% (824/1287)
Resolving deltas:  65% (837/1287)
Resolving deltas:  66% (850/1287)
Resolving deltas:  67% (863/1287)
Resolving deltas:  68% (876/1287)
Resolving deltas:  69% (889/1287)
Resolving deltas:  70% (901/1287)
Resolving deltas:  71% (914/1287)
Resolving deltas:  72% (927/1287)
Resolving deltas:  73% (940/1287)
Resolving deltas:  74% (953/1287)
Resolving deltas:  75% (966/1287)
Resolving deltas:  76% (979/1287)
Resolving deltas:  77% (991/1287)
Resolving deltas:  78% (1004/1287)
Resolving deltas:  79% (1017/1287)
Resolving deltas:  80% (1030/1287)
Resolving deltas:  81% (1043/1287)
Resolving deltas:  82% (1056/1287)
Resolving deltas:  83% (1069/1287)
Resolving deltas:  84% (1082/1287)
Resolving deltas:  85% (1094/1287)
Resolving deltas:  86% (1107/1287)
Resolving deltas:  87% (1120/1287)
Resolving deltas:  88% (1133/1287)
Resolving deltas:  89% (1146/1287)
Resolving deltas:  90% (1159/1287)
Resolving deltas:  91% (1172/1287)
Resolving deltas:  92% (1185/1287)
Resolving deltas:  93% (1197/1287)
Resolving deltas:  94% (1210/1287)
Resolving deltas:  95% (1223/1287)
Resolving deltas:  96% (1236/1287)
Resolving deltas:  97% (1249/1287)
Resolving deltas:  98% (1262/1287)
Resolving deltas:  99% (1275/1287)
Resolving deltas: 100% (1287/1287)
Resolving deltas: 100% (1287/1287), done.
Updating files:  20% (649/3179)
Updating files:  21% (668/3179)
Updating files:  22% (700/3179)
Updating files:  23% (732/3179)
Updating files:  24% (763/3179)
Updating files:  25% (795/3179)
Updating files:  26% (827/3179)
Updating files:  27% (859/3179)
Updating files:  28% (891/3179)
Updating files:  29% (922/3179)
Updating files:  30% (954/3179)
Updating files:  30% (983/3179)
Updating files:  31% (986/3179)
Updating files:  32% (1018/3179)
Updating files:  33% (1050/3179)
Updating files:  34% (1081/3179)
Updating files:  35% (1113/3179)
Updating files:  36% (1145/3179)
Updating files:  37% (1177/3179)
Updating files:  38% (1209/3179)
Updating files:  38% (1212/3179)
Updating files:  39% (1240/3179)
Updating files:  40% (1272/3179)
Updating files:  41% (1304/3179)
Updating files:  42% (1336/3179)
Updating files:  42% (1345/3179)
Updating files:  43% (1367/3179)
Updating files:  44% (1399/3179)
Updating files:  45% (1431/3179)
Updating files:  46% (1463/3179)
Updating files:  46% (1471/3179)
Updating files:  47% (1495/3179)
Updating files:  48% (1526/3179)
Updating files:  49% (1558/3179)
Updating files:  50% (1590/3179)
Updating files:  51% (1622/3179)
Updating files:  52% (1654/3179)
Updating files:  53% (1685/3179)
Updating files:  54% (1717/3179)
Updating files:  54% (1740/3179)
Updating files:  55% (1749/3179)
Updating files:  56% (1781/3179)
Updating files:  57% (1813/3179)
Updating files:  58% (1844/3179)
Updating files:  59% (1876/3179)
Updating files:  60% (1908/3179)
Updating files:  61% (1940/3179)
Updating files:  62% (1971/3179)
Updating files:  63% (2003/3179)
Updating files:  64% (2035/3179)
Updating files:  65% (2067/3179)
Updating files:  66% (2099/3179)
Updating files:  67% (2130/3179)
Updating files:  68% (2162/3179)
Updating files:  69% (2194/3179)
Updating files:  70% (2226/3179)
Updating files:  71% (2258/3179)
Updating files:  72% (2289/3179)
Updating files:  73% (2321/3179)
Updating files:  74% (2353/3179)
Updating files:  75% (2385/3179)
Updating files:  76% (2417/3179)
Updating files:  77% (2448/3179)
Updating files:  78% (2480/3179)
Updating files:  79% (2512/3179)
Updating files:  80% (2544/3179)
Updating files:  81% (2575/3179)
Updating files:  82% (2607/3179)
Updating files:  83% (2639/3179)
Updating files:  84% (2671/3179)
Updating files:  85% (2703/3179)
Updating files:  86% (2734/3179)
Updating files:  87% (2766/3179)
Updating files:  88% (2798/3179)
Updating files:  89% (2830/3179)
Updating files:  90% (2862/3179)
Updating files:  91% (2893/3179)
Updating files:  92% (2925/3179)
Updating files:  93% (2957/3179)
Updating files:  94% (2989/3179)
Updating files:  95% (3021/3179)
Updating files:  96% (3052/3179)
Updating files:  97% (3084/3179)
Updating files:  98% (3116/3179)
Updating files:  99% (3148/3179)
Updating files: 100% (3179/3179)
Updating files: 100% (3179/3179), done.

== Checking out commit hash 6f90ee682db5f8ad3d22ed28a4f2e033f6d605fa ==
<span style="color:#268BD2">&gt; /usr/bin/git reset --hard 6f90ee682db5f8ad3d22ed28a4f2e033f6d605fa</span>
HEAD is now at 6f90ee6 Relais, demande 81 : tranche 7 de l'agent du monde à deux (lésions au bloc 22, après la correction de reprise)
