Receiving objects:  77% (2602/3378), 520.73 MiB | 3.51 MiB/s
Receiving objects:  78% (2635/3378), 520.73 MiB | 3.51 MiB/s
Receiving objects:  79% (2669/3378), 520.73 MiB | 3.51 MiB/s
Receiving objects:  80% (2703/3378), 520.73 MiB | 3.51 MiB/s
Receiving objects:  81% (2737/3378), 520.73 MiB | 3.51 MiB/s
Receiving objects:  82% (2770/3378), 520.73 MiB | 3.51 MiB/s
Receiving objects:  83% (2804/3378), 520.73 MiB | 3.51 MiB/s
Receiving objects:  84% (2838/3378), 520.73 MiB | 3.51 MiB/s
Receiving objects:  85% (2872/3378), 520.73 MiB | 3.51 MiB/s
Receiving objects:  86% (2906/3378), 520.73 MiB | 3.51 MiB/s
Receiving objects:  87% (2939/3378), 520.73 MiB | 3.51 MiB/s
Receiving objects:  88% (2973/3378), 520.73 MiB | 3.51 MiB/s
Receiving objects:  89% (3007/3378), 520.73 MiB | 3.51 MiB/s
Receiving objects:  90% (3041/3378), 520.73 MiB | 3.51 MiB/s
Receiving objects:  91% (3074/3378), 520.73 MiB | 3.51 MiB/s
Receiving objects:  92% (3108/3378), 520.73 MiB | 3.51 MiB/s
Receiving objects:  93% (3142/3378), 520.73 MiB | 3.51 MiB/s
Receiving objects:  94% (3176/3378), 520.73 MiB | 3.51 MiB/s
remote: Total 3378 (delta 1174), reused 3132 (delta 1124), pack-reused 0 (from 0)        
Receiving objects:  95% (3210/3378), 520.73 MiB | 3.51 MiB/s
Receiving objects:  96% (3243/3378), 520.73 MiB | 3.51 MiB/s
Receiving objects:  97% (3277/3378), 520.73 MiB | 3.51 MiB/s
Receiving objects:  98% (3311/3378), 520.73 MiB | 3.51 MiB/s
Receiving objects:  99% (3345/3378), 520.73 MiB | 3.51 MiB/s
Receiving objects: 100% (3378/3378), 520.73 MiB | 3.51 MiB/s
Receiving objects: 100% (3378/3378), 521.91 MiB | 5.75 MiB/s, done.
Resolving deltas:   0% (0/1174)
Resolving deltas:   1% (12/1174)
Resolving deltas:   2% (24/1174)
Resolving deltas:   3% (36/1174)
Resolving deltas:   4% (47/1174)
Resolving deltas:   5% (60/1174)
Resolving deltas:   6% (71/1174)
Resolving deltas:   7% (83/1174)
Resolving deltas:   8% (94/1174)
Resolving deltas:   9% (106/1174)
Resolving deltas:  10% (118/1174)
Resolving deltas:  11% (130/1174)
Resolving deltas:  12% (141/1174)
Resolving deltas:  13% (153/1174)
Resolving deltas:  14% (165/1174)
Resolving deltas:  15% (177/1174)
Resolving deltas:  16% (188/1174)
Resolving deltas:  17% (200/1174)
Resolving deltas:  18% (212/1174)
Resolving deltas:  19% (224/1174)
Resolving deltas:  20% (235/1174)
Resolving deltas:  21% (247/1174)
Resolving deltas:  22% (259/1174)
Resolving deltas:  23% (271/1174)
Resolving deltas:  24% (282/1174)
Resolving deltas:  25% (294/1174)
Resolving deltas:  26% (306/1174)
Resolving deltas:  27% (317/1174)
Resolving deltas:  28% (329/1174)
Resolving deltas:  29% (341/1174)
Resolving deltas:  30% (353/1174)
Resolving deltas:  31% (364/1174)
Resolving deltas:  32% (376/1174)
Resolving deltas:  33% (388/1174)
Resolving deltas:  34% (400/1174)
Resolving deltas:  35% (412/1174)
Resolving deltas:  36% (423/1174)
Resolving deltas:  37% (435/1174)
Resolving deltas:  38% (447/1174)
Resolving deltas:  39% (458/1174)
Resolving deltas:  40% (472/1174)
Resolving deltas:  41% (482/1174)
Resolving deltas:  42% (494/1174)
Resolving deltas:  43% (505/1174)
Resolving deltas:  44% (517/1174)
Resolving deltas:  45% (529/1174)
Resolving deltas:  46% (541/1174)
Resolving deltas:  47% (552/1174)
Resolving deltas:  48% (564/1174)
Resolving deltas:  49% (576/1174)
Resolving deltas:  50% (587/1174)
Resolving deltas:  51% (600/1174)
Resolving deltas:  52% (611/1174)
Resolving deltas:  53% (623/1174)
Resolving deltas:  54% (634/1174)
Resolving deltas:  55% (646/1174)
Resolving deltas:  56% (658/1174)
Resolving deltas:  57% (670/1174)
Resolving deltas:  58% (681/1174)
Resolving deltas:  59% (693/1174)
Resolving deltas:  60% (705/1174)
Resolving deltas:  61% (717/1174)
Resolving deltas:  62% (728/1174)
Resolving deltas:  63% (740/1174)
Resolving deltas:  64% (752/1174)
Resolving deltas:  65% (764/1174)
Resolving deltas:  66% (775/1174)
Resolving deltas:  67% (787/1174)
Resolving deltas:  68% (799/1174)
Resolving deltas:  69% (811/1174)
Resolving deltas:  70% (822/1174)
Resolving deltas:  71% (834/1174)
Resolving deltas:  72% (846/1174)
Resolving deltas:  73% (858/1174)
Resolving deltas:  74% (869/1174)
Resolving deltas:  75% (882/1174)
Resolving deltas:  76% (893/1174)
Resolving deltas:  77% (904/1174)
Resolving deltas:  78% (916/1174)
Resolving deltas:  79% (928/1174)
Resolving deltas:  80% (940/1174)
Resolving deltas:  81% (951/1174)
Resolving deltas:  82% (963/1174)
Resolving deltas:  83% (975/1174)
Resolving deltas:  84% (987/1174)
Resolving deltas:  85% (998/1174)
Resolving deltas:  86% (1010/1174)
Resolving deltas:  87% (1022/1174)
Resolving deltas:  88% (1034/1174)
Resolving deltas:  89% (1045/1174)
Resolving deltas:  90% (1057/1174)
Resolving deltas:  91% (1069/1174)
Resolving deltas:  92% (1081/1174)
Resolving deltas:  93% (1092/1174)
Resolving deltas:  94% (1104/1174)
Resolving deltas:  95% (1116/1174)
Resolving deltas:  96% (1128/1174)
Resolving deltas:  97% (1139/1174)
Resolving deltas:  98% (1151/1174)
Resolving deltas:  99% (1163/1174)
Resolving deltas: 100% (1174/1174)
Resolving deltas: 100% (1174/1174), done.
Updating files:  35% (1024/2857)
Updating files:  36% (1029/2857)
Updating files:  37% (1058/2857)
Updating files:  38% (1086/2857)
Updating files:  39% (1115/2857)
Updating files:  40% (1143/2857)
Updating files:  41% (1172/2857)
Updating files:  42% (1200/2857)
Updating files:  43% (1229/2857)
Updating files:  44% (1258/2857)
Updating files:  45% (1286/2857)
Updating files:  46% (1315/2857)
Updating files:  47% (1343/2857)
Updating files:  48% (1372/2857)
Updating files:  49% (1400/2857)
Updating files:  50% (1429/2857)
Updating files:  51% (1458/2857)
Updating files:  52% (1486/2857)
Updating files:  53% (1515/2857)
Updating files:  54% (1543/2857)
Updating files:  55% (1572/2857)
Updating files:  56% (1600/2857)
Updating files:  57% (1629/2857)
Updating files:  58% (1658/2857)
Updating files:  59% (1686/2857)
Updating files:  60% (1715/2857)
Updating files:  61% (1743/2857)
Updating files:  62% (1772/2857)
Updating files:  63% (1800/2857)
Updating files:  64% (1829/2857)
Updating files:  65% (1858/2857)
Updating files:  66% (1886/2857)
Updating files:  67% (1915/2857)
Updating files:  68% (1943/2857)
Updating files:  69% (1972/2857)
Updating files:  70% (2000/2857)
Updating files:  71% (2029/2857)
Updating files:  72% (2058/2857)
Updating files:  73% (2086/2857)
Updating files:  74% (2115/2857)
Updating files:  75% (2143/2857)
Updating files:  76% (2172/2857)
Updating files:  77% (2200/2857)
Updating files:  78% (2229/2857)
Updating files:  79% (2258/2857)
Updating files:  80% (2286/2857)
Updating files:  81% (2315/2857)
Updating files:  82% (2343/2857)
Updating files:  83% (2372/2857)
Updating files:  83% (2375/2857)
Updating files:  84% (2400/2857)
Updating files:  85% (2429/2857)
Updating files:  86% (2458/2857)
Updating files:  87% (2486/2857)
Updating files:  88% (2515/2857)
Updating files:  89% (2543/2857)
Updating files:  90% (2572/2857)
Updating files:  91% (2600/2857)
Updating files:  92% (2629/2857)
Updating files:  93% (2658/2857)
Updating files:  94% (2686/2857)
Updating files:  95% (2715/2857)
Updating files:  96% (2743/2857)
Updating files:  97% (2772/2857)
Updating files:  98% (2800/2857)
Updating files:  99% (2829/2857)
Updating files: 100% (2857/2857)
Updating files: 100% (2857/2857), done.

== Checking out commit hash 83941de33723263ce057b2d7c713544c354e0544 ==
<span style="color:#268BD2">&gt; /usr/bin/git reset --hard 83941de33723263ce057b2d7c713544c354e0544</span>
HEAD is now at 83941de Relais, demande 62 : monde à deux, tours de survie 1 à 4 (flux 200+s)
