Receiving objects:  81% (2541/3136), 306.65 MiB | 61.31 MiB/s
Receiving objects:  82% (2572/3136), 306.65 MiB | 61.31 MiB/s
Receiving objects:  83% (2603/3136), 306.65 MiB | 61.31 MiB/s
Receiving objects:  84% (2635/3136), 306.65 MiB | 61.31 MiB/s
Receiving objects:  85% (2666/3136), 306.65 MiB | 61.31 MiB/s
Receiving objects:  86% (2697/3136), 306.65 MiB | 61.31 MiB/s
Receiving objects:  87% (2729/3136), 306.65 MiB | 61.31 MiB/s
Receiving objects:  88% (2760/3136), 306.65 MiB | 61.31 MiB/s
Receiving objects:  89% (2792/3136), 306.65 MiB | 61.31 MiB/s
Receiving objects:  90% (2823/3136), 306.65 MiB | 61.31 MiB/s
Receiving objects:  91% (2854/3136), 306.65 MiB | 61.31 MiB/s
remote: Total 3136 (delta 1107), reused 2931 (delta 1078), pack-reused 0 (from 0)        
Receiving objects:  92% (2886/3136), 306.65 MiB | 61.31 MiB/s
Receiving objects:  93% (2917/3136), 306.65 MiB | 61.31 MiB/s
Receiving objects:  94% (2948/3136), 306.65 MiB | 61.31 MiB/s
Receiving objects:  95% (2980/3136), 306.65 MiB | 61.31 MiB/s
Receiving objects:  96% (3011/3136), 306.65 MiB | 61.31 MiB/s
Receiving objects:  97% (3042/3136), 306.65 MiB | 61.31 MiB/s
Receiving objects:  98% (3074/3136), 306.65 MiB | 61.31 MiB/s
Receiving objects:  99% (3105/3136), 306.65 MiB | 61.31 MiB/s
Receiving objects: 100% (3136/3136), 306.65 MiB | 61.31 MiB/s
Receiving objects: 100% (3136/3136), 332.63 MiB | 55.65 MiB/s, done.
Resolving deltas:   0% (0/1107)
Resolving deltas:   1% (12/1107)
Resolving deltas:   2% (23/1107)
Resolving deltas:   3% (34/1107)
Resolving deltas:   4% (45/1107)
Resolving deltas:   5% (56/1107)
Resolving deltas:   6% (67/1107)
Resolving deltas:   7% (78/1107)
Resolving deltas:   8% (89/1107)
Resolving deltas:   9% (100/1107)
Resolving deltas:  10% (111/1107)
Resolving deltas:  11% (122/1107)
Resolving deltas:  12% (133/1107)
Resolving deltas:  13% (144/1107)
Resolving deltas:  14% (155/1107)
Resolving deltas:  15% (167/1107)
Resolving deltas:  16% (178/1107)
Resolving deltas:  17% (189/1107)
Resolving deltas:  18% (200/1107)
Resolving deltas:  19% (211/1107)
Resolving deltas:  20% (222/1107)
Resolving deltas:  21% (233/1107)
Resolving deltas:  22% (244/1107)
Resolving deltas:  23% (255/1107)
Resolving deltas:  24% (266/1107)
Resolving deltas:  25% (277/1107)
Resolving deltas:  26% (288/1107)
Resolving deltas:  27% (299/1107)
Resolving deltas:  28% (310/1107)
Resolving deltas:  29% (322/1107)
Resolving deltas:  30% (333/1107)
Resolving deltas:  31% (344/1107)
Resolving deltas:  32% (355/1107)
Resolving deltas:  33% (366/1107)
Resolving deltas:  34% (377/1107)
Resolving deltas:  35% (388/1107)
Resolving deltas:  36% (399/1107)
Resolving deltas:  37% (410/1107)
Resolving deltas:  38% (421/1107)
Resolving deltas:  39% (432/1107)
Resolving deltas:  40% (443/1107)
Resolving deltas:  41% (454/1107)
Resolving deltas:  42% (465/1107)
Resolving deltas:  43% (477/1107)
Resolving deltas:  44% (488/1107)
Resolving deltas:  45% (500/1107)
Resolving deltas:  46% (510/1107)
Resolving deltas:  47% (521/1107)
Resolving deltas:  48% (532/1107)
Resolving deltas:  49% (543/1107)
Resolving deltas:  50% (554/1107)
Resolving deltas:  51% (565/1107)
Resolving deltas:  52% (576/1107)
Resolving deltas:  53% (587/1107)
Resolving deltas:  54% (598/1107)
Resolving deltas:  55% (609/1107)
Resolving deltas:  56% (620/1107)
Resolving deltas:  57% (631/1107)
Resolving deltas:  58% (643/1107)
Resolving deltas:  59% (654/1107)
Resolving deltas:  60% (665/1107)
Resolving deltas:  61% (676/1107)
Resolving deltas:  62% (687/1107)
Resolving deltas:  63% (698/1107)
Resolving deltas:  64% (709/1107)
Resolving deltas:  65% (720/1107)
Resolving deltas:  66% (731/1107)
Resolving deltas:  67% (742/1107)
Resolving deltas:  68% (753/1107)
Resolving deltas:  69% (764/1107)
Resolving deltas:  70% (775/1107)
Resolving deltas:  71% (786/1107)
Resolving deltas:  72% (798/1107)
Resolving deltas:  73% (809/1107)
Resolving deltas:  74% (820/1107)
Resolving deltas:  75% (831/1107)
Resolving deltas:  76% (842/1107)
Resolving deltas:  77% (853/1107)
Resolving deltas:  78% (864/1107)
Resolving deltas:  79% (875/1107)
Resolving deltas:  80% (886/1107)
Resolving deltas:  81% (897/1107)
Resolving deltas:  82% (909/1107)
Resolving deltas:  83% (919/1107)
Resolving deltas:  84% (930/1107)
Resolving deltas:  85% (941/1107)
Resolving deltas:  86% (953/1107)
Resolving deltas:  87% (964/1107)
Resolving deltas:  88% (975/1107)
Resolving deltas:  89% (986/1107)
Resolving deltas:  90% (997/1107)
Resolving deltas:  91% (1008/1107)
Resolving deltas:  92% (1019/1107)
Resolving deltas:  93% (1030/1107)
Resolving deltas:  94% (1041/1107)
Resolving deltas:  95% (1052/1107)
Resolving deltas:  96% (1063/1107)
Resolving deltas:  97% (1074/1107)
Resolving deltas:  98% (1085/1107)
Resolving deltas:  99% (1096/1107)
Resolving deltas: 100% (1107/1107)
Resolving deltas: 100% (1107/1107), done.
Updating files:  31% (833/2608)
Updating files:  32% (835/2608)
Updating files:  33% (861/2608)
Updating files:  34% (887/2608)
Updating files:  35% (913/2608)
Updating files:  36% (939/2608)
Updating files:  37% (965/2608)
Updating files:  38% (992/2608)
Updating files:  39% (1018/2608)
Updating files:  40% (1044/2608)
Updating files:  41% (1070/2608)
Updating files:  42% (1096/2608)
Updating files:  43% (1122/2608)
Updating files:  43% (1127/2608)
Updating files:  44% (1148/2608)
Updating files:  45% (1174/2608)
Updating files:  46% (1200/2608)
Updating files:  47% (1226/2608)
Updating files:  48% (1252/2608)
Updating files:  49% (1278/2608)
Updating files:  50% (1304/2608)
Updating files:  51% (1331/2608)
Updating files:  52% (1357/2608)
Updating files:  53% (1383/2608)
Updating files:  54% (1409/2608)
Updating files:  55% (1435/2608)
Updating files:  56% (1461/2608)
Updating files:  57% (1487/2608)
Updating files:  58% (1513/2608)
Updating files:  59% (1539/2608)
Updating files:  60% (1565/2608)
Updating files:  61% (1591/2608)
Updating files:  62% (1617/2608)
Updating files:  63% (1644/2608)
Updating files:  64% (1670/2608)
Updating files:  65% (1696/2608)
Updating files:  66% (1722/2608)
Updating files:  67% (1748/2608)
Updating files:  68% (1774/2608)
Updating files:  69% (1800/2608)
Updating files:  70% (1826/2608)
Updating files:  71% (1852/2608)
Updating files:  72% (1878/2608)
Updating files:  73% (1904/2608)
Updating files:  74% (1930/2608)
Updating files:  75% (1956/2608)
Updating files:  76% (1983/2608)
Updating files:  77% (2009/2608)
Updating files:  78% (2035/2608)
Updating files:  79% (2061/2608)
Updating files:  80% (2087/2608)
Updating files:  81% (2113/2608)
Updating files:  82% (2139/2608)
Updating files:  83% (2165/2608)
Updating files:  84% (2191/2608)
Updating files:  85% (2217/2608)
Updating files:  86% (2243/2608)
Updating files:  87% (2269/2608)
Updating files:  88% (2296/2608)
Updating files:  89% (2322/2608)
Updating files:  90% (2348/2608)
Updating files:  91% (2374/2608)
Updating files:  92% (2400/2608)
Updating files:  93% (2426/2608)
Updating files:  94% (2452/2608)
Updating files:  95% (2478/2608)
Updating files:  96% (2504/2608)
Updating files:  97% (2530/2608)
Updating files:  98% (2556/2608)
Updating files:  99% (2582/2608)
Updating files: 100% (2608/2608)
Updating files: 100% (2608/2608), done.

== Checking out commit hash f835a1c5064b3ed8b21cc7ffb1f875c03f8c23a9 ==
<span style="color:#268BD2">&gt; /usr/bin/git reset --hard f835a1c5064b3ed8b21cc7ffb1f875c03f8c23a9</span>
HEAD is now at f835a1c Relais, demande 43 : tours 5 à 8 du besoin ; le témoin n'apprend pas (survie 0,14 ; 0,16 ; 0,09 ; 0,05)
