Receiving objects:  93% (3685/3962), 742.01 MiB | 61.53 MiB/s
Receiving objects:  94% (3725/3962), 742.01 MiB | 61.53 MiB/s
Receiving objects:  95% (3764/3962), 742.01 MiB | 61.53 MiB/s
Receiving objects:  96% (3804/3962), 742.01 MiB | 61.53 MiB/s
Receiving objects:  97% (3844/3962), 742.01 MiB | 61.53 MiB/s
Receiving objects:  98% (3883/3962), 742.01 MiB | 61.53 MiB/s
Receiving objects:  99% (3923/3962), 742.01 MiB | 61.53 MiB/s
remote: Total 3962 (delta 1385), reused 3595 (delta 1252), pack-reused 0 (from 0)        
Receiving objects: 100% (3962/3962), 742.01 MiB | 61.53 MiB/s
Receiving objects: 100% (3962/3962), 749.87 MiB | 59.33 MiB/s, done.
Resolving deltas:   0% (0/1385)
Resolving deltas:   1% (14/1385)
Resolving deltas:   2% (28/1385)
Resolving deltas:   3% (42/1385)
Resolving deltas:   4% (57/1385)
Resolving deltas:   5% (70/1385)
Resolving deltas:   6% (84/1385)
Resolving deltas:   7% (97/1385)
Resolving deltas:   8% (111/1385)
Resolving deltas:   9% (125/1385)
Resolving deltas:  10% (139/1385)
Resolving deltas:  11% (154/1385)
Resolving deltas:  12% (167/1385)
Resolving deltas:  13% (181/1385)
Resolving deltas:  14% (194/1385)
Resolving deltas:  15% (208/1385)
Resolving deltas:  16% (222/1385)
Resolving deltas:  17% (236/1385)
Resolving deltas:  18% (251/1385)
Resolving deltas:  19% (264/1385)
Resolving deltas:  20% (277/1385)
Resolving deltas:  21% (291/1385)
Resolving deltas:  22% (305/1385)
Resolving deltas:  23% (319/1385)
Resolving deltas:  24% (333/1385)
Resolving deltas:  25% (347/1385)
Resolving deltas:  26% (361/1385)
Resolving deltas:  27% (374/1385)
Resolving deltas:  28% (388/1385)
Resolving deltas:  29% (402/1385)
Resolving deltas:  30% (416/1385)
Resolving deltas:  31% (430/1385)
Resolving deltas:  32% (444/1385)
Resolving deltas:  33% (458/1385)
Resolving deltas:  34% (471/1385)
Resolving deltas:  35% (485/1385)
Resolving deltas:  36% (499/1385)
Resolving deltas:  37% (513/1385)
Resolving deltas:  38% (527/1385)
Resolving deltas:  39% (541/1385)
Resolving deltas:  40% (554/1385)
Resolving deltas:  41% (568/1385)
Resolving deltas:  42% (582/1385)
Resolving deltas:  43% (596/1385)
Resolving deltas:  44% (610/1385)
Resolving deltas:  45% (624/1385)
Resolving deltas:  46% (638/1385)
Resolving deltas:  47% (652/1385)
Resolving deltas:  48% (665/1385)
Resolving deltas:  49% (679/1385)
Resolving deltas:  50% (693/1385)
Resolving deltas:  51% (707/1385)
Resolving deltas:  52% (721/1385)
Resolving deltas:  53% (735/1385)
Resolving deltas:  54% (748/1385)
Resolving deltas:  55% (762/1385)
Resolving deltas:  56% (776/1385)
Resolving deltas:  57% (790/1385)
Resolving deltas:  58% (804/1385)
Resolving deltas:  59% (818/1385)
Resolving deltas:  60% (831/1385)
Resolving deltas:  61% (845/1385)
Resolving deltas:  62% (859/1385)
Resolving deltas:  63% (873/1385)
Resolving deltas:  64% (887/1385)
Resolving deltas:  65% (901/1385)
Resolving deltas:  66% (915/1385)
Resolving deltas:  67% (928/1385)
Resolving deltas:  68% (942/1385)
Resolving deltas:  69% (956/1385)
Resolving deltas:  70% (970/1385)
Resolving deltas:  71% (984/1385)
Resolving deltas:  72% (998/1385)
Resolving deltas:  73% (1012/1385)
Resolving deltas:  74% (1025/1385)
Resolving deltas:  75% (1039/1385)
Resolving deltas:  76% (1053/1385)
Resolving deltas:  77% (1067/1385)
Resolving deltas:  78% (1081/1385)
Resolving deltas:  79% (1095/1385)
Resolving deltas:  80% (1109/1385)
Resolving deltas:  81% (1122/1385)
Resolving deltas:  82% (1136/1385)
Resolving deltas:  83% (1150/1385)
Resolving deltas:  84% (1164/1385)
Resolving deltas:  85% (1178/1385)
Resolving deltas:  86% (1192/1385)
Resolving deltas:  87% (1205/1385)
Resolving deltas:  88% (1219/1385)
Resolving deltas:  89% (1233/1385)
Resolving deltas:  90% (1247/1385)
Resolving deltas:  91% (1261/1385)
Resolving deltas:  92% (1275/1385)
Resolving deltas:  93% (1289/1385)
Resolving deltas:  94% (1302/1385)
Resolving deltas:  95% (1316/1385)
Resolving deltas:  96% (1330/1385)
Resolving deltas:  97% (1344/1385)
Resolving deltas:  98% (1358/1385)
Resolving deltas:  99% (1372/1385)
Resolving deltas: 100% (1385/1385)
Resolving deltas: 100% (1385/1385), done.
Updating files:  22% (771/3409)
Updating files:  23% (785/3409)
Updating files:  24% (819/3409)
Updating files:  25% (853/3409)
Updating files:  26% (887/3409)
Updating files:  27% (921/3409)
Updating files:  28% (955/3409)
Updating files:  29% (989/3409)
Updating files:  30% (1023/3409)
Updating files:  31% (1057/3409)
Updating files:  31% (1089/3409)
Updating files:  32% (1091/3409)
Updating files:  33% (1125/3409)
Updating files:  34% (1160/3409)
Updating files:  35% (1194/3409)
Updating files:  36% (1228/3409)
Updating files:  37% (1262/3409)
Updating files:  38% (1296/3409)
Updating files:  39% (1330/3409)
Updating files:  40% (1364/3409)
Updating files:  41% (1398/3409)
Updating files:  42% (1432/3409)
Updating files:  42% (1442/3409)
Updating files:  43% (1466/3409)
Updating files:  44% (1500/3409)
Updating files:  45% (1535/3409)
Updating files:  45% (1561/3409)
Updating files:  46% (1569/3409)
Updating files:  47% (1603/3409)
Updating files:  48% (1637/3409)
Updating files:  49% (1671/3409)
Updating files:  50% (1705/3409)
Updating files:  51% (1739/3409)
Updating files:  52% (1773/3409)
Updating files:  53% (1807/3409)
Updating files:  53% (1837/3409)
Updating files:  54% (1841/3409)
Updating files:  55% (1875/3409)
Updating files:  56% (1910/3409)
Updating files:  57% (1944/3409)
Updating files:  58% (1978/3409)
Updating files:  59% (2012/3409)
Updating files:  60% (2046/3409)
Updating files:  61% (2080/3409)
Updating files:  62% (2114/3409)
Updating files:  63% (2148/3409)
Updating files:  64% (2182/3409)
Updating files:  65% (2216/3409)
Updating files:  66% (2250/3409)
Updating files:  67% (2285/3409)
Updating files:  68% (2319/3409)
Updating files:  69% (2353/3409)
Updating files:  70% (2387/3409)
Updating files:  71% (2421/3409)
Updating files:  72% (2455/3409)
Updating files:  73% (2489/3409)
Updating files:  74% (2523/3409)
Updating files:  75% (2557/3409)
Updating files:  76% (2591/3409)
Updating files:  77% (2625/3409)
Updating files:  78% (2660/3409)
Updating files:  79% (2694/3409)
Updating files:  80% (2728/3409)
Updating files:  81% (2762/3409)
Updating files:  82% (2796/3409)
Updating files:  83% (2830/3409)
Updating files:  84% (2864/3409)
Updating files:  85% (2898/3409)
Updating files:  86% (2932/3409)
Updating files:  87% (2966/3409)
Updating files:  88% (3000/3409)
Updating files:  89% (3035/3409)
Updating files:  90% (3069/3409)
Updating files:  91% (3103/3409)
Updating files:  92% (3137/3409)
Updating files:  93% (3171/3409)
Updating files:  94% (3205/3409)
Updating files:  95% (3239/3409)
Updating files:  96% (3273/3409)
Updating files:  97% (3307/3409)
Updating files:  98% (3341/3409)
Updating files:  99% (3375/3409)
Updating files: 100% (3409/3409)
Updating files: 100% (3409/3409), done.

== Checking out commit hash e3e0c9f92eb31737696f911e19d413cc70aa948d ==
<span style="color:#268BD2">&gt; /usr/bin/git reset --hard e3e0c9f92eb31737696f911e19d413cc70aa948d</span>
HEAD is now at e3e0c9f Relais, demande 92 : test 21, apprendre les choix de la règle « besoins » (agents A « porte », B « actions », C libre ; 2 000 itérations chacun)
