Receiving objects:  82% (2729/3328), 481.86 MiB | 91.91 MiB/s
Receiving objects:  83% (2763/3328), 481.86 MiB | 91.91 MiB/s
Receiving objects:  84% (2796/3328), 481.86 MiB | 91.91 MiB/s
Receiving objects:  85% (2829/3328), 481.86 MiB | 91.91 MiB/s
Receiving objects:  86% (2863/3328), 481.86 MiB | 91.91 MiB/s
Receiving objects:  87% (2896/3328), 481.86 MiB | 91.91 MiB/s
Receiving objects:  88% (2929/3328), 481.86 MiB | 91.91 MiB/s
Receiving objects:  89% (2962/3328), 481.86 MiB | 91.91 MiB/s
Receiving objects:  90% (2996/3328), 481.86 MiB | 91.91 MiB/s
Receiving objects:  91% (3029/3328), 481.86 MiB | 91.91 MiB/s
Receiving objects:  92% (3062/3328), 481.86 MiB | 91.91 MiB/s
Receiving objects:  93% (3096/3328), 481.86 MiB | 91.91 MiB/s
remote: Total 3328 (delta 1155), reused 3034 (delta 1053), pack-reused 0 (from 0)        
Receiving objects:  94% (3129/3328), 481.86 MiB | 91.91 MiB/s
Receiving objects:  95% (3162/3328), 481.86 MiB | 91.91 MiB/s
Receiving objects:  96% (3195/3328), 481.86 MiB | 91.91 MiB/s
Receiving objects:  97% (3229/3328), 481.86 MiB | 91.91 MiB/s
Receiving objects:  98% (3262/3328), 481.86 MiB | 91.91 MiB/s
Receiving objects:  99% (3295/3328), 481.86 MiB | 91.91 MiB/s
Receiving objects: 100% (3328/3328), 481.86 MiB | 91.91 MiB/s
Receiving objects: 100% (3328/3328), 491.09 MiB | 87.18 MiB/s, done.
Resolving deltas:   0% (0/1155)
Resolving deltas:   1% (13/1155)
Resolving deltas:   2% (24/1155)
Resolving deltas:   3% (35/1155)
Resolving deltas:   4% (47/1155)
Resolving deltas:   5% (58/1155)
Resolving deltas:   6% (70/1155)
Resolving deltas:   7% (81/1155)
Resolving deltas:   8% (93/1155)
Resolving deltas:   9% (104/1155)
Resolving deltas:  10% (116/1155)
Resolving deltas:  11% (128/1155)
Resolving deltas:  12% (139/1155)
Resolving deltas:  13% (151/1155)
Resolving deltas:  14% (162/1155)
Resolving deltas:  15% (174/1155)
Resolving deltas:  16% (185/1155)
Resolving deltas:  17% (197/1155)
Resolving deltas:  18% (208/1155)
Resolving deltas:  19% (220/1155)
Resolving deltas:  20% (231/1155)
Resolving deltas:  21% (244/1155)
Resolving deltas:  22% (255/1155)
Resolving deltas:  23% (266/1155)
Resolving deltas:  24% (278/1155)
Resolving deltas:  25% (289/1155)
Resolving deltas:  26% (301/1155)
Resolving deltas:  27% (312/1155)
Resolving deltas:  28% (324/1155)
Resolving deltas:  29% (335/1155)
Resolving deltas:  30% (347/1155)
Resolving deltas:  31% (359/1155)
Resolving deltas:  32% (370/1155)
Resolving deltas:  33% (382/1155)
Resolving deltas:  34% (393/1155)
Resolving deltas:  35% (406/1155)
Resolving deltas:  36% (416/1155)
Resolving deltas:  37% (428/1155)
Resolving deltas:  38% (439/1155)
Resolving deltas:  39% (451/1155)
Resolving deltas:  40% (463/1155)
Resolving deltas:  41% (474/1155)
Resolving deltas:  42% (486/1155)
Resolving deltas:  43% (497/1155)
Resolving deltas:  44% (509/1155)
Resolving deltas:  45% (520/1155)
Resolving deltas:  46% (532/1155)
Resolving deltas:  47% (543/1155)
Resolving deltas:  48% (555/1155)
Resolving deltas:  49% (566/1155)
Resolving deltas:  50% (578/1155)
Resolving deltas:  51% (590/1155)
Resolving deltas:  52% (601/1155)
Resolving deltas:  53% (613/1155)
Resolving deltas:  54% (625/1155)
Resolving deltas:  55% (636/1155)
Resolving deltas:  56% (647/1155)
Resolving deltas:  57% (659/1155)
Resolving deltas:  58% (670/1155)
Resolving deltas:  59% (682/1155)
Resolving deltas:  60% (693/1155)
Resolving deltas:  61% (705/1155)
Resolving deltas:  62% (717/1155)
Resolving deltas:  63% (728/1155)
Resolving deltas:  64% (740/1155)
Resolving deltas:  65% (751/1155)
Resolving deltas:  66% (763/1155)
Resolving deltas:  67% (774/1155)
Resolving deltas:  68% (786/1155)
Resolving deltas:  69% (797/1155)
Resolving deltas:  70% (809/1155)
Resolving deltas:  71% (821/1155)
Resolving deltas:  72% (832/1155)
Resolving deltas:  73% (844/1155)
Resolving deltas:  74% (855/1155)
Resolving deltas:  75% (867/1155)
Resolving deltas:  76% (878/1155)
Resolving deltas:  77% (890/1155)
Resolving deltas:  78% (901/1155)
Resolving deltas:  79% (913/1155)
Resolving deltas:  80% (924/1155)
Resolving deltas:  81% (936/1155)
Resolving deltas:  82% (948/1155)
Resolving deltas:  83% (959/1155)
Resolving deltas:  84% (971/1155)
Resolving deltas:  85% (982/1155)
Resolving deltas:  86% (994/1155)
Resolving deltas:  87% (1005/1155)
Resolving deltas:  88% (1017/1155)
Resolving deltas:  89% (1028/1155)
Resolving deltas:  90% (1040/1155)
Resolving deltas:  91% (1052/1155)
Resolving deltas:  92% (1063/1155)
Resolving deltas:  93% (1075/1155)
Resolving deltas:  94% (1086/1155)
Resolving deltas:  95% (1098/1155)
Resolving deltas:  96% (1109/1155)
Resolving deltas:  97% (1121/1155)
Resolving deltas:  98% (1132/1155)
Resolving deltas:  99% (1144/1155)
Resolving deltas: 100% (1155/1155)
Resolving deltas: 100% (1155/1155), done.
Updating files:  31% (883/2813)
Updating files:  32% (901/2813)
Updating files:  33% (929/2813)
Updating files:  34% (957/2813)
Updating files:  35% (985/2813)
Updating files:  36% (1013/2813)
Updating files:  37% (1041/2813)
Updating files:  38% (1069/2813)
Updating files:  39% (1098/2813)
Updating files:  40% (1126/2813)
Updating files:  41% (1154/2813)
Updating files:  41% (1175/2813)
Updating files:  42% (1182/2813)
Updating files:  43% (1210/2813)
Updating files:  44% (1238/2813)
Updating files:  45% (1266/2813)
Updating files:  46% (1294/2813)
Updating files:  47% (1323/2813)
Updating files:  47% (1337/2813)
Updating files:  48% (1351/2813)
Updating files:  49% (1379/2813)
Updating files:  50% (1407/2813)
Updating files:  51% (1435/2813)
Updating files:  52% (1463/2813)
Updating files:  53% (1491/2813)
Updating files:  54% (1520/2813)
Updating files:  55% (1548/2813)
Updating files:  56% (1576/2813)
Updating files:  57% (1604/2813)
Updating files:  58% (1632/2813)
Updating files:  59% (1660/2813)
Updating files:  60% (1688/2813)
Updating files:  61% (1716/2813)
Updating files:  62% (1745/2813)
Updating files:  63% (1773/2813)
Updating files:  64% (1801/2813)
Updating files:  65% (1829/2813)
Updating files:  66% (1857/2813)
Updating files:  67% (1885/2813)
Updating files:  68% (1913/2813)
Updating files:  69% (1941/2813)
Updating files:  70% (1970/2813)
Updating files:  71% (1998/2813)
Updating files:  72% (2026/2813)
Updating files:  73% (2054/2813)
Updating files:  74% (2082/2813)
Updating files:  75% (2110/2813)
Updating files:  76% (2138/2813)
Updating files:  77% (2167/2813)
Updating files:  78% (2195/2813)
Updating files:  79% (2223/2813)
Updating files:  80% (2251/2813)
Updating files:  81% (2279/2813)
Updating files:  82% (2307/2813)
Updating files:  83% (2335/2813)
Updating files:  84% (2363/2813)
Updating files:  85% (2392/2813)
Updating files:  86% (2420/2813)
Updating files:  87% (2448/2813)
Updating files:  88% (2476/2813)
Updating files:  89% (2504/2813)
Updating files:  90% (2532/2813)
Updating files:  91% (2560/2813)
Updating files:  92% (2588/2813)
Updating files:  93% (2617/2813)
Updating files:  94% (2645/2813)
Updating files:  95% (2673/2813)
Updating files:  96% (2701/2813)
Updating files:  97% (2729/2813)
Updating files:  98% (2757/2813)
Updating files:  99% (2785/2813)
Updating files: 100% (2813/2813)
Updating files: 100% (2813/2813), done.

== Checking out commit hash 97d5b892aec59d5eb2ee86d680bff15590a9f583 ==
<span style="color:#268BD2">&gt; /usr/bin/git reset --hard 97d5b892aec59d5eb2ee86d680bff15590a9f583</span>
HEAD is now at 97d5b89 Relais, demande 57 : premier rapport du second agent, de nouveau (la 56 a été refusée : variable vide dans codemagic.yaml, corrigée)
