Receiving objects:  82% (3006/3665), 648.07 MiB | 72.13 MiB/s
Receiving objects:  83% (3042/3665), 648.07 MiB | 72.13 MiB/s
Receiving objects:  84% (3079/3665), 648.07 MiB | 72.13 MiB/s
Receiving objects:  85% (3116/3665), 648.07 MiB | 72.13 MiB/s
Receiving objects:  86% (3152/3665), 648.07 MiB | 72.13 MiB/s
Receiving objects:  87% (3189/3665), 648.07 MiB | 72.13 MiB/s
Receiving objects:  88% (3226/3665), 648.07 MiB | 72.13 MiB/s
Receiving objects:  89% (3262/3665), 648.07 MiB | 72.13 MiB/s
Receiving objects:  90% (3299/3665), 648.07 MiB | 72.13 MiB/s
Receiving objects:  91% (3336/3665), 648.07 MiB | 72.13 MiB/s
Receiving objects:  92% (3372/3665), 648.07 MiB | 72.13 MiB/s
Receiving objects:  93% (3409/3665), 648.07 MiB | 72.13 MiB/s
remote: Total 3665 (delta 1283), reused 3379 (delta 1198), pack-reused 0 (from 0)        
Receiving objects:  94% (3446/3665), 648.07 MiB | 72.13 MiB/s
Receiving objects:  95% (3482/3665), 648.07 MiB | 72.13 MiB/s
Receiving objects:  96% (3519/3665), 648.07 MiB | 72.13 MiB/s
Receiving objects:  97% (3556/3665), 648.07 MiB | 72.13 MiB/s
Receiving objects:  98% (3592/3665), 648.07 MiB | 72.13 MiB/s
Receiving objects:  99% (3629/3665), 648.07 MiB | 72.13 MiB/s
Receiving objects: 100% (3665/3665), 648.07 MiB | 72.13 MiB/s
Receiving objects: 100% (3665/3665), 662.50 MiB | 71.76 MiB/s, done.
Resolving deltas:   0% (0/1283)
Resolving deltas:   1% (13/1283)
Resolving deltas:   2% (26/1283)
Resolving deltas:   3% (39/1283)
Resolving deltas:   4% (52/1283)
Resolving deltas:   5% (65/1283)
Resolving deltas:   6% (77/1283)
Resolving deltas:   7% (90/1283)
Resolving deltas:   8% (103/1283)
Resolving deltas:   9% (116/1283)
Resolving deltas:  10% (129/1283)
Resolving deltas:  11% (142/1283)
Resolving deltas:  12% (154/1283)
Resolving deltas:  13% (167/1283)
Resolving deltas:  14% (180/1283)
Resolving deltas:  15% (193/1283)
Resolving deltas:  16% (206/1283)
Resolving deltas:  17% (219/1283)
Resolving deltas:  18% (231/1283)
Resolving deltas:  19% (244/1283)
Resolving deltas:  20% (257/1283)
Resolving deltas:  21% (270/1283)
Resolving deltas:  22% (283/1283)
Resolving deltas:  23% (296/1283)
Resolving deltas:  24% (308/1283)
Resolving deltas:  25% (321/1283)
Resolving deltas:  26% (335/1283)
Resolving deltas:  27% (347/1283)
Resolving deltas:  28% (360/1283)
Resolving deltas:  29% (373/1283)
Resolving deltas:  30% (385/1283)
Resolving deltas:  31% (398/1283)
Resolving deltas:  32% (411/1283)
Resolving deltas:  33% (424/1283)
Resolving deltas:  34% (437/1283)
Resolving deltas:  35% (450/1283)
Resolving deltas:  36% (462/1283)
Resolving deltas:  37% (475/1283)
Resolving deltas:  38% (488/1283)
Resolving deltas:  39% (501/1283)
Resolving deltas:  40% (514/1283)
Resolving deltas:  41% (527/1283)
Resolving deltas:  42% (539/1283)
Resolving deltas:  43% (552/1283)
Resolving deltas:  44% (565/1283)
Resolving deltas:  45% (578/1283)
Resolving deltas:  46% (591/1283)
Resolving deltas:  47% (604/1283)
Resolving deltas:  48% (616/1283)
Resolving deltas:  49% (629/1283)
Resolving deltas:  50% (642/1283)
Resolving deltas:  51% (655/1283)
Resolving deltas:  52% (668/1283)
Resolving deltas:  53% (680/1283)
Resolving deltas:  54% (693/1283)
Resolving deltas:  55% (706/1283)
Resolving deltas:  56% (719/1283)
Resolving deltas:  57% (732/1283)
Resolving deltas:  58% (745/1283)
Resolving deltas:  59% (757/1283)
Resolving deltas:  60% (770/1283)
Resolving deltas:  61% (783/1283)
Resolving deltas:  62% (796/1283)
Resolving deltas:  63% (809/1283)
Resolving deltas:  64% (822/1283)
Resolving deltas:  65% (834/1283)
Resolving deltas:  66% (847/1283)
Resolving deltas:  67% (860/1283)
Resolving deltas:  68% (873/1283)
Resolving deltas:  69% (886/1283)
Resolving deltas:  70% (899/1283)
Resolving deltas:  71% (911/1283)
Resolving deltas:  72% (924/1283)
Resolving deltas:  73% (937/1283)
Resolving deltas:  74% (950/1283)
Resolving deltas:  75% (963/1283)
Resolving deltas:  76% (976/1283)
Resolving deltas:  77% (988/1283)
Resolving deltas:  78% (1001/1283)
Resolving deltas:  79% (1014/1283)
Resolving deltas:  80% (1027/1283)
Resolving deltas:  81% (1040/1283)
Resolving deltas:  82% (1053/1283)
Resolving deltas:  83% (1065/1283)
Resolving deltas:  84% (1079/1283)
Resolving deltas:  85% (1091/1283)
Resolving deltas:  86% (1104/1283)
Resolving deltas:  87% (1117/1283)
Resolving deltas:  88% (1130/1283)
Resolving deltas:  89% (1142/1283)
Resolving deltas:  90% (1155/1283)
Resolving deltas:  91% (1168/1283)
Resolving deltas:  92% (1181/1283)
Resolving deltas:  93% (1194/1283)
Resolving deltas:  94% (1207/1283)
Resolving deltas:  95% (1219/1283)
Resolving deltas:  96% (1232/1283)
Resolving deltas:  97% (1245/1283)
Resolving deltas:  98% (1258/1283)
Resolving deltas:  99% (1271/1283)
Resolving deltas: 100% (1283/1283)
Resolving deltas: 100% (1283/1283), done.
Updating files:  31% (984/3109)
Updating files:  32% (995/3109)
Updating files:  33% (1026/3109)
Updating files:  34% (1058/3109)
Updating files:  35% (1089/3109)
Updating files:  36% (1120/3109)
Updating files:  37% (1151/3109)
Updating files:  38% (1182/3109)
Updating files:  39% (1213/3109)
Updating files:  40% (1244/3109)
Updating files:  41% (1275/3109)
Updating files:  42% (1306/3109)
Updating files:  43% (1337/3109)
Updating files:  44% (1368/3109)
Updating files:  45% (1400/3109)
Updating files:  45% (1430/3109)
Updating files:  46% (1431/3109)
Updating files:  47% (1462/3109)
Updating files:  48% (1493/3109)
Updating files:  49% (1524/3109)
Updating files:  50% (1555/3109)
Updating files:  51% (1586/3109)
Updating files:  52% (1617/3109)
Updating files:  53% (1648/3109)
Updating files:  54% (1679/3109)
Updating files:  55% (1710/3109)
Updating files:  56% (1742/3109)
Updating files:  57% (1773/3109)
Updating files:  58% (1804/3109)
Updating files:  59% (1835/3109)
Updating files:  60% (1866/3109)
Updating files:  61% (1897/3109)
Updating files:  62% (1928/3109)
Updating files:  63% (1959/3109)
Updating files:  64% (1990/3109)
Updating files:  65% (2021/3109)
Updating files:  66% (2052/3109)
Updating files:  67% (2084/3109)
Updating files:  68% (2115/3109)
Updating files:  69% (2146/3109)
Updating files:  70% (2177/3109)
Updating files:  71% (2208/3109)
Updating files:  72% (2239/3109)
Updating files:  73% (2270/3109)
Updating files:  74% (2301/3109)
Updating files:  75% (2332/3109)
Updating files:  75% (2335/3109)
Updating files:  76% (2363/3109)
Updating files:  77% (2394/3109)
Updating files:  78% (2426/3109)
Updating files:  79% (2457/3109)
Updating files:  80% (2488/3109)
Updating files:  81% (2519/3109)
Updating files:  82% (2550/3109)
Updating files:  83% (2581/3109)
Updating files:  84% (2612/3109)
Updating files:  85% (2643/3109)
Updating files:  86% (2674/3109)
Updating files:  87% (2705/3109)
Updating files:  88% (2736/3109)
Updating files:  89% (2768/3109)
Updating files:  90% (2799/3109)
Updating files:  91% (2830/3109)
Updating files:  92% (2861/3109)
Updating files:  93% (2892/3109)
Updating files:  94% (2923/3109)
Updating files:  95% (2954/3109)
Updating files:  96% (2985/3109)
Updating files:  97% (3016/3109)
Updating files:  98% (3047/3109)
Updating files:  99% (3078/3109)
Updating files: 100% (3109/3109)
Updating files: 100% (3109/3109), done.

== Checking out commit hash 577ffe02a2b7db9a3c8bfdbdc4900855dc07373b ==
<span style="color:#268BD2">&gt; /usr/bin/git reset --hard 577ffe02a2b7db9a3c8bfdbdc4900855dc07373b</span>
HEAD is now at 577ffe0 Relais, demande 78 : seconde tranche des lecteurs longs (itérations 1 001 à 2 000, reprise exacte)
