remote: Total 3607 (delta 1259), reused 3353 (delta 1206), pack-reused 0 (from 0)        
Receiving objects:  94% (3391/3607), 577.30 MiB | 54.91 MiB/s
Receiving objects:  95% (3427/3607), 577.30 MiB | 54.91 MiB/s
Receiving objects:  96% (3463/3607), 577.30 MiB | 54.91 MiB/s
Receiving objects:  97% (3499/3607), 577.30 MiB | 54.91 MiB/s
Receiving objects:  98% (3535/3607), 577.30 MiB | 54.91 MiB/s
Receiving objects:  99% (3571/3607), 577.30 MiB | 54.91 MiB/s
Receiving objects: 100% (3607/3607), 577.30 MiB | 54.91 MiB/s
Receiving objects: 100% (3607/3607), 600.53 MiB | 54.61 MiB/s, done.
Resolving deltas:   0% (0/1259)
Resolving deltas:   1% (13/1259)
Resolving deltas:   2% (26/1259)
Resolving deltas:   3% (38/1259)
Resolving deltas:   4% (51/1259)
Resolving deltas:   5% (63/1259)
Resolving deltas:   6% (76/1259)
Resolving deltas:   7% (89/1259)
Resolving deltas:   8% (101/1259)
Resolving deltas:   9% (114/1259)
Resolving deltas:  10% (126/1259)
Resolving deltas:  11% (139/1259)
Resolving deltas:  12% (152/1259)
Resolving deltas:  13% (164/1259)
Resolving deltas:  14% (177/1259)
Resolving deltas:  15% (189/1259)
Resolving deltas:  16% (202/1259)
Resolving deltas:  17% (215/1259)
Resolving deltas:  18% (227/1259)
Resolving deltas:  19% (240/1259)
Resolving deltas:  20% (252/1259)
Resolving deltas:  21% (265/1259)
Resolving deltas:  22% (277/1259)
Resolving deltas:  23% (290/1259)
Resolving deltas:  24% (303/1259)
Resolving deltas:  25% (315/1259)
Resolving deltas:  26% (328/1259)
Resolving deltas:  27% (340/1259)
Resolving deltas:  28% (353/1259)
Resolving deltas:  29% (366/1259)
Resolving deltas:  30% (378/1259)
Resolving deltas:  31% (391/1259)
Resolving deltas:  32% (403/1259)
Resolving deltas:  33% (416/1259)
Resolving deltas:  34% (429/1259)
Resolving deltas:  35% (441/1259)
Resolving deltas:  36% (454/1259)
Resolving deltas:  37% (466/1259)
Resolving deltas:  38% (479/1259)
Resolving deltas:  39% (492/1259)
Resolving deltas:  40% (504/1259)
Resolving deltas:  41% (517/1259)
Resolving deltas:  42% (529/1259)
Resolving deltas:  43% (542/1259)
Resolving deltas:  44% (554/1259)
Resolving deltas:  45% (567/1259)
Resolving deltas:  46% (580/1259)
Resolving deltas:  47% (592/1259)
Resolving deltas:  48% (605/1259)
Resolving deltas:  49% (617/1259)
Resolving deltas:  50% (630/1259)
Resolving deltas:  51% (643/1259)
Resolving deltas:  52% (655/1259)
Resolving deltas:  53% (668/1259)
Resolving deltas:  54% (680/1259)
Resolving deltas:  55% (693/1259)
Resolving deltas:  56% (706/1259)
Resolving deltas:  57% (718/1259)
Resolving deltas:  58% (731/1259)
Resolving deltas:  59% (743/1259)
Resolving deltas:  60% (756/1259)
Resolving deltas:  61% (768/1259)
Resolving deltas:  62% (781/1259)
Resolving deltas:  63% (794/1259)
Resolving deltas:  64% (806/1259)
Resolving deltas:  65% (819/1259)
Resolving deltas:  66% (831/1259)
Resolving deltas:  67% (844/1259)
Resolving deltas:  68% (857/1259)
Resolving deltas:  69% (869/1259)
Resolving deltas:  70% (882/1259)
Resolving deltas:  71% (894/1259)
Resolving deltas:  72% (907/1259)
Resolving deltas:  73% (920/1259)
Resolving deltas:  74% (932/1259)
Resolving deltas:  75% (945/1259)
Resolving deltas:  76% (957/1259)
Resolving deltas:  77% (970/1259)
Resolving deltas:  78% (983/1259)
Resolving deltas:  79% (995/1259)
Resolving deltas:  80% (1008/1259)
Resolving deltas:  81% (1020/1259)
Resolving deltas:  82% (1033/1259)
Resolving deltas:  83% (1045/1259)
Resolving deltas:  84% (1058/1259)
Resolving deltas:  85% (1071/1259)
Resolving deltas:  86% (1083/1259)
Resolving deltas:  87% (1096/1259)
Resolving deltas:  88% (1108/1259)
Resolving deltas:  89% (1121/1259)
Resolving deltas:  90% (1134/1259)
Resolving deltas:  91% (1146/1259)
Resolving deltas:  92% (1159/1259)
Resolving deltas:  93% (1171/1259)
Resolving deltas:  94% (1184/1259)
Resolving deltas:  95% (1197/1259)
Resolving deltas:  96% (1209/1259)
Resolving deltas:  97% (1222/1259)
Resolving deltas:  98% (1234/1259)
Resolving deltas:  99% (1247/1259)
Resolving deltas: 100% (1259/1259)
Resolving deltas: 100% (1259/1259), done.
Updating files:  21% (644/3057)
Updating files:  22% (673/3057)
Updating files:  23% (704/3057)
Updating files:  24% (734/3057)
Updating files:  25% (765/3057)
Updating files:  26% (795/3057)
Updating files:  27% (826/3057)
Updating files:  28% (856/3057)
Updating files:  29% (887/3057)
Updating files:  30% (918/3057)
Updating files:  31% (948/3057)
Updating files:  32% (979/3057)
Updating files:  33% (1009/3057)
Updating files:  34% (1040/3057)
Updating files:  34% (1044/3057)
Updating files:  35% (1070/3057)
Updating files:  36% (1101/3057)
Updating files:  37% (1132/3057)
Updating files:  38% (1162/3057)
Updating files:  39% (1193/3057)
Updating files:  40% (1223/3057)
Updating files:  41% (1254/3057)
Updating files:  41% (1270/3057)
Updating files:  42% (1284/3057)
Updating files:  43% (1315/3057)
Updating files:  44% (1346/3057)
Updating files:  45% (1376/3057)
Updating files:  45% (1395/3057)
Updating files:  46% (1407/3057)
Updating files:  47% (1437/3057)
Updating files:  48% (1468/3057)
Updating files:  49% (1498/3057)
Updating files:  50% (1529/3057)
Updating files:  51% (1560/3057)
Updating files:  52% (1590/3057)
Updating files:  53% (1621/3057)
Updating files:  54% (1651/3057)
Updating files:  55% (1682/3057)
Updating files:  56% (1712/3057)
Updating files:  57% (1743/3057)
Updating files:  58% (1774/3057)
Updating files:  58% (1791/3057)
Updating files:  59% (1804/3057)
Updating files:  60% (1835/3057)
Updating files:  61% (1865/3057)
Updating files:  62% (1896/3057)
Updating files:  63% (1926/3057)
Updating files:  64% (1957/3057)
Updating files:  65% (1988/3057)
Updating files:  66% (2018/3057)
Updating files:  67% (2049/3057)
Updating files:  68% (2079/3057)
Updating files:  69% (2110/3057)
Updating files:  70% (2140/3057)
Updating files:  71% (2171/3057)
Updating files:  72% (2202/3057)
Updating files:  73% (2232/3057)
Updating files:  74% (2263/3057)
Updating files:  75% (2293/3057)
Updating files:  76% (2324/3057)
Updating files:  77% (2354/3057)
Updating files:  78% (2385/3057)
Updating files:  79% (2416/3057)
Updating files:  80% (2446/3057)
Updating files:  81% (2477/3057)
Updating files:  82% (2507/3057)
Updating files:  83% (2538/3057)
Updating files:  84% (2568/3057)
Updating files:  85% (2599/3057)
Updating files:  86% (2630/3057)
Updating files:  87% (2660/3057)
Updating files:  88% (2691/3057)
Updating files:  89% (2721/3057)
Updating files:  90% (2752/3057)
Updating files:  91% (2782/3057)
Updating files:  92% (2813/3057)
Updating files:  93% (2844/3057)
Updating files:  94% (2874/3057)
Updating files:  95% (2905/3057)
Updating files:  96% (2935/3057)
Updating files:  97% (2966/3057)
Updating files:  98% (2996/3057)
Updating files:  99% (3027/3057)
Updating files: 100% (3057/3057)
Updating files: 100% (3057/3057), done.

== Checking out commit hash 152b808daf6fb42f8ddaacc7359839ae8ae786df ==
<span style="color:#268BD2">&gt; /usr/bin/git reset --hard 152b808daf6fb42f8ddaacc7359839ae8ae786df</span>
HEAD is now at 152b808 Relais, demande 76 : première tranche (1 000 itérations) des lecteurs longs du second agent et de l'agent du monde à deux
