Receiving objects:  96% (3463/3607), 599.93 MiB | 3.92 MiB/s
Receiving objects:  97% (3499/3607), 599.93 MiB | 3.92 MiB/s
Receiving objects:  98% (3535/3607), 599.93 MiB | 3.92 MiB/s
Receiving objects:  99% (3571/3607), 599.93 MiB | 3.92 MiB/s
Receiving objects: 100% (3607/3607), 599.93 MiB | 3.92 MiB/s
Receiving objects: 100% (3607/3607), 600.53 MiB | 9.37 MiB/s, done.
Resolving deltas:   0% (0/1258)
Resolving deltas:   1% (13/1258)
Resolving deltas:   2% (26/1258)
Resolving deltas:   3% (38/1258)
Resolving deltas:   4% (51/1258)
Resolving deltas:   5% (63/1258)
Resolving deltas:   6% (76/1258)
Resolving deltas:   7% (89/1258)
Resolving deltas:   8% (101/1258)
Resolving deltas:   9% (114/1258)
Resolving deltas:  10% (126/1258)
Resolving deltas:  11% (139/1258)
Resolving deltas:  12% (151/1258)
Resolving deltas:  13% (165/1258)
Resolving deltas:  14% (177/1258)
Resolving deltas:  15% (190/1258)
Resolving deltas:  16% (203/1258)
Resolving deltas:  17% (214/1258)
Resolving deltas:  18% (227/1258)
Resolving deltas:  19% (240/1258)
Resolving deltas:  20% (252/1258)
Resolving deltas:  21% (265/1258)
Resolving deltas:  22% (277/1258)
Resolving deltas:  23% (291/1258)
Resolving deltas:  24% (302/1258)
Resolving deltas:  25% (315/1258)
Resolving deltas:  26% (328/1258)
Resolving deltas:  27% (340/1258)
Resolving deltas:  28% (353/1258)
Resolving deltas:  29% (365/1258)
Resolving deltas:  30% (378/1258)
Resolving deltas:  31% (390/1258)
Resolving deltas:  32% (403/1258)
Resolving deltas:  33% (416/1258)
Resolving deltas:  34% (428/1258)
Resolving deltas:  35% (441/1258)
Resolving deltas:  36% (453/1258)
Resolving deltas:  37% (466/1258)
Resolving deltas:  38% (479/1258)
Resolving deltas:  39% (491/1258)
Resolving deltas:  40% (504/1258)
Resolving deltas:  41% (516/1258)
Resolving deltas:  42% (529/1258)
Resolving deltas:  43% (541/1258)
Resolving deltas:  44% (554/1258)
Resolving deltas:  45% (567/1258)
Resolving deltas:  46% (579/1258)
Resolving deltas:  47% (592/1258)
Resolving deltas:  48% (604/1258)
Resolving deltas:  49% (617/1258)
Resolving deltas:  50% (629/1258)
Resolving deltas:  51% (642/1258)
Resolving deltas:  52% (655/1258)
Resolving deltas:  53% (667/1258)
Resolving deltas:  54% (681/1258)
Resolving deltas:  55% (692/1258)
Resolving deltas:  56% (705/1258)
Resolving deltas:  57% (718/1258)
Resolving deltas:  58% (730/1258)
Resolving deltas:  59% (743/1258)
Resolving deltas:  60% (755/1258)
Resolving deltas:  61% (768/1258)
Resolving deltas:  62% (780/1258)
Resolving deltas:  63% (793/1258)
Resolving deltas:  64% (806/1258)
Resolving deltas:  65% (818/1258)
Resolving deltas:  66% (831/1258)
Resolving deltas:  67% (843/1258)
Resolving deltas:  68% (856/1258)
Resolving deltas:  69% (869/1258)
Resolving deltas:  70% (881/1258)
Resolving deltas:  71% (894/1258)
Resolving deltas:  72% (906/1258)
Resolving deltas:  73% (919/1258)
Resolving deltas:  74% (931/1258)
Resolving deltas:  75% (944/1258)
Resolving deltas:  76% (957/1258)
Resolving deltas:  77% (969/1258)
Resolving deltas:  78% (982/1258)
Resolving deltas:  79% (994/1258)
Resolving deltas:  80% (1007/1258)
Resolving deltas:  81% (1019/1258)
Resolving deltas:  82% (1032/1258)
Resolving deltas:  83% (1045/1258)
Resolving deltas:  84% (1057/1258)
Resolving deltas:  85% (1070/1258)
Resolving deltas:  86% (1082/1258)
Resolving deltas:  87% (1095/1258)
Resolving deltas:  88% (1108/1258)
Resolving deltas:  89% (1120/1258)
Resolving deltas:  90% (1133/1258)
Resolving deltas:  91% (1145/1258)
Resolving deltas:  92% (1158/1258)
Resolving deltas:  93% (1170/1258)
Resolving deltas:  94% (1183/1258)
Resolving deltas:  95% (1196/1258)
Resolving deltas:  96% (1208/1258)
Resolving deltas:  97% (1222/1258)
Resolving deltas:  98% (1233/1258)
Resolving deltas:  99% (1246/1258)
Resolving deltas: 100% (1258/1258)
Resolving deltas: 100% (1258/1258), done.
Updating files:  19% (607/3057)
Updating files:  20% (612/3057)
Updating files:  21% (642/3057)
Updating files:  22% (673/3057)
Updating files:  23% (704/3057)
Updating files:  24% (734/3057)
Updating files:  25% (765/3057)
Updating files:  26% (795/3057)
Updating files:  26% (825/3057)
Updating files:  27% (826/3057)
Updating files:  28% (856/3057)
Updating files:  29% (887/3057)
Updating files:  30% (918/3057)
Updating files:  31% (948/3057)
Updating files:  32% (979/3057)
Updating files:  33% (1009/3057)
Updating files:  34% (1040/3057)
Updating files:  35% (1070/3057)
Updating files:  35% (1074/3057)
Updating files:  36% (1101/3057)
Updating files:  37% (1132/3057)
Updating files:  38% (1162/3057)
Updating files:  39% (1193/3057)
Updating files:  40% (1223/3057)
Updating files:  41% (1254/3057)
Updating files:  41% (1270/3057)
Updating files:  42% (1284/3057)
Updating files:  43% (1315/3057)
Updating files:  44% (1346/3057)
Updating files:  45% (1376/3057)
Updating files:  45% (1392/3057)
Updating files:  46% (1407/3057)
Updating files:  47% (1437/3057)
Updating files:  48% (1468/3057)
Updating files:  49% (1498/3057)
Updating files:  50% (1529/3057)
Updating files:  51% (1560/3057)
Updating files:  52% (1590/3057)
Updating files:  53% (1621/3057)
Updating files:  54% (1651/3057)
Updating files:  54% (1652/3057)
Updating files:  55% (1682/3057)
Updating files:  56% (1712/3057)
Updating files:  57% (1743/3057)
Updating files:  58% (1774/3057)
Updating files:  59% (1804/3057)
Updating files:  60% (1835/3057)
Updating files:  61% (1865/3057)
Updating files:  62% (1896/3057)
Updating files:  63% (1926/3057)
Updating files:  64% (1957/3057)
Updating files:  65% (1988/3057)
Updating files:  66% (2018/3057)
Updating files:  67% (2049/3057)
Updating files:  68% (2079/3057)
Updating files:  69% (2110/3057)
Updating files:  70% (2140/3057)
Updating files:  71% (2171/3057)
Updating files:  72% (2202/3057)
Updating files:  73% (2232/3057)
Updating files:  74% (2263/3057)
Updating files:  75% (2293/3057)
Updating files:  76% (2324/3057)
Updating files:  77% (2354/3057)
Updating files:  78% (2385/3057)
Updating files:  79% (2416/3057)
Updating files:  80% (2446/3057)
Updating files:  81% (2477/3057)
Updating files:  82% (2507/3057)
Updating files:  83% (2538/3057)
Updating files:  84% (2568/3057)
Updating files:  85% (2599/3057)
Updating files:  86% (2630/3057)
Updating files:  87% (2660/3057)
Updating files:  88% (2691/3057)
Updating files:  89% (2721/3057)
Updating files:  90% (2752/3057)
Updating files:  91% (2782/3057)
Updating files:  92% (2813/3057)
Updating files:  93% (2844/3057)
Updating files:  94% (2874/3057)
Updating files:  95% (2905/3057)
Updating files:  96% (2935/3057)
Updating files:  97% (2966/3057)
Updating files:  98% (2996/3057)
Updating files:  99% (3027/3057)
Updating files: 100% (3057/3057)
Updating files: 100% (3057/3057), done.

== Checking out commit hash 152b808daf6fb42f8ddaacc7359839ae8ae786df ==
<span style="color:#268BD2">&gt; /usr/bin/git reset --hard 152b808daf6fb42f8ddaacc7359839ae8ae786df</span>
HEAD is now at 152b808 Relais, demande 76 : première tranche (1 000 itérations) des lecteurs longs du second agent et de l'agent du monde à deux
