Receiving objects:  93% (3208/3449), 553.71 MiB | 6.37 MiB/s
Receiving objects:  94% (3243/3449), 553.71 MiB | 6.37 MiB/s
remote: Total 3449 (delta 1196), reused 3143 (delta 1090), pack-reused 0 (from 0)        
Receiving objects:  95% (3277/3449), 553.71 MiB | 6.37 MiB/s
Receiving objects:  96% (3312/3449), 553.71 MiB | 6.37 MiB/s
Receiving objects:  97% (3346/3449), 553.71 MiB | 6.37 MiB/s
Receiving objects:  98% (3381/3449), 553.71 MiB | 6.37 MiB/s
Receiving objects:  99% (3415/3449), 553.71 MiB | 6.37 MiB/s
Receiving objects: 100% (3449/3449), 553.71 MiB | 6.37 MiB/s
Receiving objects: 100% (3449/3449), 554.10 MiB | 7.30 MiB/s, done.
Resolving deltas:   0% (0/1196)
Resolving deltas:   1% (12/1196)
Resolving deltas:   2% (24/1196)
Resolving deltas:   3% (36/1196)
Resolving deltas:   4% (48/1196)
Resolving deltas:   5% (60/1196)
Resolving deltas:   6% (72/1196)
Resolving deltas:   7% (84/1196)
Resolving deltas:   8% (96/1196)
Resolving deltas:   9% (108/1196)
Resolving deltas:  10% (120/1196)
Resolving deltas:  11% (132/1196)
Resolving deltas:  12% (144/1196)
Resolving deltas:  13% (156/1196)
Resolving deltas:  14% (168/1196)
Resolving deltas:  15% (180/1196)
Resolving deltas:  16% (192/1196)
Resolving deltas:  17% (204/1196)
Resolving deltas:  18% (216/1196)
Resolving deltas:  19% (228/1196)
Resolving deltas:  20% (240/1196)
Resolving deltas:  21% (252/1196)
Resolving deltas:  22% (264/1196)
Resolving deltas:  23% (276/1196)
Resolving deltas:  24% (288/1196)
Resolving deltas:  25% (299/1196)
Resolving deltas:  26% (311/1196)
Resolving deltas:  27% (323/1196)
Resolving deltas:  28% (335/1196)
Resolving deltas:  29% (347/1196)
Resolving deltas:  30% (359/1196)
Resolving deltas:  31% (371/1196)
Resolving deltas:  32% (383/1196)
Resolving deltas:  33% (395/1196)
Resolving deltas:  34% (407/1196)
Resolving deltas:  35% (419/1196)
Resolving deltas:  36% (431/1196)
Resolving deltas:  37% (443/1196)
Resolving deltas:  38% (455/1196)
Resolving deltas:  39% (467/1196)
Resolving deltas:  40% (479/1196)
Resolving deltas:  41% (491/1196)
Resolving deltas:  42% (503/1196)
Resolving deltas:  43% (515/1196)
Resolving deltas:  44% (527/1196)
Resolving deltas:  45% (539/1196)
Resolving deltas:  46% (551/1196)
Resolving deltas:  47% (563/1196)
Resolving deltas:  48% (575/1196)
Resolving deltas:  49% (587/1196)
Resolving deltas:  50% (598/1196)
Resolving deltas:  51% (610/1196)
Resolving deltas:  52% (622/1196)
Resolving deltas:  53% (634/1196)
Resolving deltas:  54% (646/1196)
Resolving deltas:  55% (658/1196)
Resolving deltas:  56% (670/1196)
Resolving deltas:  57% (682/1196)
Resolving deltas:  58% (694/1196)
Resolving deltas:  59% (706/1196)
Resolving deltas:  60% (718/1196)
Resolving deltas:  61% (730/1196)
Resolving deltas:  62% (743/1196)
Resolving deltas:  63% (754/1196)
Resolving deltas:  64% (766/1196)
Resolving deltas:  65% (778/1196)
Resolving deltas:  66% (790/1196)
Resolving deltas:  67% (802/1196)
Resolving deltas:  68% (814/1196)
Resolving deltas:  69% (826/1196)
Resolving deltas:  70% (838/1196)
Resolving deltas:  71% (850/1196)
Resolving deltas:  72% (862/1196)
Resolving deltas:  73% (874/1196)
Resolving deltas:  74% (886/1196)
Resolving deltas:  75% (897/1196)
Resolving deltas:  76% (909/1196)
Resolving deltas:  77% (921/1196)
Resolving deltas:  78% (933/1196)
Resolving deltas:  79% (945/1196)
Resolving deltas:  80% (957/1196)
Resolving deltas:  81% (969/1196)
Resolving deltas:  82% (981/1196)
Resolving deltas:  83% (994/1196)
Resolving deltas:  84% (1005/1196)
Resolving deltas:  85% (1017/1196)
Resolving deltas:  86% (1029/1196)
Resolving deltas:  87% (1042/1196)
Resolving deltas:  88% (1053/1196)
Resolving deltas:  89% (1065/1196)
Resolving deltas:  90% (1077/1196)
Resolving deltas:  91% (1089/1196)
Resolving deltas:  92% (1101/1196)
Resolving deltas:  93% (1113/1196)
Resolving deltas:  94% (1125/1196)
Resolving deltas:  95% (1137/1196)
Resolving deltas:  96% (1149/1196)
Resolving deltas:  97% (1161/1196)
Resolving deltas:  98% (1173/1196)
Resolving deltas:  99% (1185/1196)
Resolving deltas: 100% (1196/1196)
Resolving deltas: 100% (1196/1196), done.
Updating files:  21% (630/2915)
Updating files:  22% (642/2915)
Updating files:  23% (671/2915)
Updating files:  24% (700/2915)
Updating files:  25% (729/2915)
Updating files:  26% (758/2915)
Updating files:  27% (788/2915)
Updating files:  28% (817/2915)
Updating files:  29% (846/2915)
Updating files:  30% (875/2915)
Updating files:  31% (904/2915)
Updating files:  31% (927/2915)
Updating files:  32% (933/2915)
Updating files:  33% (962/2915)
Updating files:  34% (992/2915)
Updating files:  35% (1021/2915)
Updating files:  36% (1050/2915)
Updating files:  37% (1079/2915)
Updating files:  38% (1108/2915)
Updating files:  39% (1137/2915)
Updating files:  40% (1166/2915)
Updating files:  41% (1196/2915)
Updating files:  42% (1225/2915)
Updating files:  43% (1254/2915)
Updating files:  44% (1283/2915)
Updating files:  45% (1312/2915)
Updating files:  45% (1328/2915)
Updating files:  46% (1341/2915)
Updating files:  47% (1371/2915)
Updating files:  48% (1400/2915)
Updating files:  49% (1429/2915)
Updating files:  50% (1458/2915)
Updating files:  51% (1487/2915)
Updating files:  52% (1516/2915)
Updating files:  53% (1545/2915)
Updating files:  54% (1575/2915)
Updating files:  55% (1604/2915)
Updating files:  56% (1633/2915)
Updating files:  57% (1662/2915)
Updating files:  58% (1691/2915)
Updating files:  59% (1720/2915)
Updating files:  60% (1749/2915)
Updating files:  61% (1779/2915)
Updating files:  61% (1806/2915)
Updating files:  62% (1808/2915)
Updating files:  63% (1837/2915)
Updating files:  64% (1866/2915)
Updating files:  65% (1895/2915)
Updating files:  66% (1924/2915)
Updating files:  67% (1954/2915)
Updating files:  68% (1983/2915)
Updating files:  69% (2012/2915)
Updating files:  70% (2041/2915)
Updating files:  71% (2070/2915)
Updating files:  72% (2099/2915)
Updating files:  73% (2128/2915)
Updating files:  74% (2158/2915)
Updating files:  75% (2187/2915)
Updating files:  76% (2216/2915)
Updating files:  77% (2245/2915)
Updating files:  78% (2274/2915)
Updating files:  79% (2303/2915)
Updating files:  80% (2332/2915)
Updating files:  81% (2362/2915)
Updating files:  82% (2391/2915)
Updating files:  83% (2420/2915)
Updating files:  84% (2449/2915)
Updating files:  85% (2478/2915)
Updating files:  86% (2507/2915)
Updating files:  87% (2537/2915)
Updating files:  88% (2566/2915)
Updating files:  89% (2595/2915)
Updating files:  90% (2624/2915)
Updating files:  91% (2653/2915)
Updating files:  92% (2682/2915)
Updating files:  93% (2711/2915)
Updating files:  94% (2741/2915)
Updating files:  95% (2770/2915)
Updating files:  96% (2799/2915)
Updating files:  97% (2828/2915)
Updating files:  98% (2857/2915)
Updating files:  99% (2886/2915)
Updating files: 100% (2915/2915)
Updating files: 100% (2915/2915), done.

== Checking out commit hash cb3a1ced8083ee78cafe76dcc1ee33f32f1bce7a ==
<span style="color:#268BD2">&gt; /usr/bin/git reset --hard cb3a1ced8083ee78cafe76dcc1ee33f32f1bce7a</span>
HEAD is now at cb3a1ce Réplication : vies de direction du second agent (mesures en cours)
