Receiving objects:  90% (3197/3552), 575.76 MiB | 60.58 MiB/s
Receiving objects:  91% (3233/3552), 575.76 MiB | 60.58 MiB/s
Receiving objects:  92% (3268/3552), 575.76 MiB | 60.58 MiB/s
Receiving objects:  93% (3304/3552), 575.76 MiB | 60.58 MiB/s
remote: Total 3552 (delta 1244), reused 3285 (delta 1181), pack-reused 0 (from 0)        
Receiving objects:  94% (3339/3552), 575.76 MiB | 60.58 MiB/s
Receiving objects:  95% (3375/3552), 575.76 MiB | 60.58 MiB/s
Receiving objects:  96% (3410/3552), 575.76 MiB | 60.58 MiB/s
Receiving objects:  97% (3446/3552), 575.76 MiB | 60.58 MiB/s
Receiving objects:  98% (3481/3552), 575.76 MiB | 60.58 MiB/s
Receiving objects:  99% (3517/3552), 575.76 MiB | 60.58 MiB/s
Receiving objects: 100% (3552/3552), 575.76 MiB | 60.58 MiB/s
Receiving objects: 100% (3552/3552), 580.23 MiB | 57.47 MiB/s, done.
Resolving deltas:   0% (0/1244)
Resolving deltas:   1% (13/1244)
Resolving deltas:   2% (26/1244)
Resolving deltas:   3% (38/1244)
Resolving deltas:   4% (50/1244)
Resolving deltas:   5% (63/1244)
Resolving deltas:   6% (75/1244)
Resolving deltas:   7% (88/1244)
Resolving deltas:   8% (100/1244)
Resolving deltas:   9% (112/1244)
Resolving deltas:  10% (125/1244)
Resolving deltas:  11% (137/1244)
Resolving deltas:  12% (150/1244)
Resolving deltas:  13% (162/1244)
Resolving deltas:  14% (175/1244)
Resolving deltas:  15% (187/1244)
Resolving deltas:  16% (200/1244)
Resolving deltas:  17% (212/1244)
Resolving deltas:  18% (224/1244)
Resolving deltas:  19% (237/1244)
Resolving deltas:  20% (249/1244)
Resolving deltas:  21% (262/1244)
Resolving deltas:  22% (274/1244)
Resolving deltas:  23% (287/1244)
Resolving deltas:  24% (299/1244)
Resolving deltas:  25% (311/1244)
Resolving deltas:  26% (324/1244)
Resolving deltas:  27% (336/1244)
Resolving deltas:  28% (349/1244)
Resolving deltas:  29% (361/1244)
Resolving deltas:  30% (374/1244)
Resolving deltas:  31% (386/1244)
Resolving deltas:  32% (399/1244)
Resolving deltas:  33% (411/1244)
Resolving deltas:  34% (423/1244)
Resolving deltas:  35% (436/1244)
Resolving deltas:  36% (449/1244)
Resolving deltas:  37% (461/1244)
Resolving deltas:  38% (473/1244)
Resolving deltas:  39% (486/1244)
Resolving deltas:  40% (498/1244)
Resolving deltas:  41% (511/1244)
Resolving deltas:  42% (523/1244)
Resolving deltas:  43% (535/1244)
Resolving deltas:  44% (548/1244)
Resolving deltas:  45% (561/1244)
Resolving deltas:  46% (573/1244)
Resolving deltas:  47% (585/1244)
Resolving deltas:  48% (598/1244)
Resolving deltas:  49% (610/1244)
Resolving deltas:  50% (622/1244)
Resolving deltas:  51% (635/1244)
Resolving deltas:  52% (647/1244)
Resolving deltas:  53% (660/1244)
Resolving deltas:  54% (672/1244)
Resolving deltas:  55% (685/1244)
Resolving deltas:  56% (697/1244)
Resolving deltas:  57% (710/1244)
Resolving deltas:  58% (722/1244)
Resolving deltas:  59% (734/1244)
Resolving deltas:  60% (747/1244)
Resolving deltas:  61% (759/1244)
Resolving deltas:  62% (772/1244)
Resolving deltas:  63% (784/1244)
Resolving deltas:  64% (797/1244)
Resolving deltas:  65% (809/1244)
Resolving deltas:  66% (822/1244)
Resolving deltas:  67% (834/1244)
Resolving deltas:  68% (846/1244)
Resolving deltas:  69% (859/1244)
Resolving deltas:  70% (871/1244)
Resolving deltas:  71% (884/1244)
Resolving deltas:  72% (896/1244)
Resolving deltas:  73% (909/1244)
Resolving deltas:  74% (921/1244)
Resolving deltas:  75% (933/1244)
Resolving deltas:  76% (946/1244)
Resolving deltas:  77% (958/1244)
Resolving deltas:  78% (971/1244)
Resolving deltas:  79% (983/1244)
Resolving deltas:  80% (996/1244)
Resolving deltas:  81% (1008/1244)
Resolving deltas:  82% (1021/1244)
Resolving deltas:  83% (1033/1244)
Resolving deltas:  84% (1045/1244)
Resolving deltas:  85% (1058/1244)
Resolving deltas:  86% (1070/1244)
Resolving deltas:  87% (1083/1244)
Resolving deltas:  88% (1095/1244)
Resolving deltas:  89% (1108/1244)
Resolving deltas:  90% (1120/1244)
Resolving deltas:  91% (1133/1244)
Resolving deltas:  92% (1145/1244)
Resolving deltas:  93% (1157/1244)
Resolving deltas:  94% (1170/1244)
Resolving deltas:  95% (1182/1244)
Resolving deltas:  96% (1195/1244)
Resolving deltas:  97% (1207/1244)
Resolving deltas:  98% (1220/1244)
Resolving deltas:  99% (1232/1244)
Resolving deltas: 100% (1244/1244)
Resolving deltas: 100% (1244/1244), done.
Updating files:  24% (721/2998)
Updating files:  25% (750/2998)
Updating files:  26% (780/2998)
Updating files:  27% (810/2998)
Updating files:  28% (840/2998)
Updating files:  29% (870/2998)
Updating files:  30% (900/2998)
Updating files:  31% (930/2998)
Updating files:  32% (960/2998)
Updating files:  33% (990/2998)
Updating files:  34% (1020/2998)
Updating files:  35% (1050/2998)
Updating files:  35% (1052/2998)
Updating files:  36% (1080/2998)
Updating files:  37% (1110/2998)
Updating files:  38% (1140/2998)
Updating files:  39% (1170/2998)
Updating files:  40% (1200/2998)
Updating files:  41% (1230/2998)
Updating files:  42% (1260/2998)
Updating files:  43% (1290/2998)
Updating files:  43% (1297/2998)
Updating files:  44% (1320/2998)
Updating files:  45% (1350/2998)
Updating files:  46% (1380/2998)
Updating files:  47% (1410/2998)
Updating files:  48% (1440/2998)
Updating files:  49% (1470/2998)
Updating files:  50% (1499/2998)
Updating files:  51% (1529/2998)
Updating files:  52% (1559/2998)
Updating files:  53% (1589/2998)
Updating files:  54% (1619/2998)
Updating files:  54% (1627/2998)
Updating files:  55% (1649/2998)
Updating files:  56% (1679/2998)
Updating files:  57% (1709/2998)
Updating files:  58% (1739/2998)
Updating files:  59% (1769/2998)
Updating files:  60% (1799/2998)
Updating files:  61% (1829/2998)
Updating files:  62% (1859/2998)
Updating files:  63% (1889/2998)
Updating files:  64% (1919/2998)
Updating files:  65% (1949/2998)
Updating files:  66% (1979/2998)
Updating files:  67% (2009/2998)
Updating files:  68% (2039/2998)
Updating files:  69% (2069/2998)
Updating files:  70% (2099/2998)
Updating files:  71% (2129/2998)
Updating files:  72% (2159/2998)
Updating files:  73% (2189/2998)
Updating files:  74% (2219/2998)
Updating files:  75% (2249/2998)
Updating files:  76% (2279/2998)
Updating files:  77% (2309/2998)
Updating files:  78% (2339/2998)
Updating files:  79% (2369/2998)
Updating files:  80% (2399/2998)
Updating files:  81% (2429/2998)
Updating files:  82% (2459/2998)
Updating files:  83% (2489/2998)
Updating files:  84% (2519/2998)
Updating files:  85% (2549/2998)
Updating files:  86% (2579/2998)
Updating files:  87% (2609/2998)
Updating files:  88% (2639/2998)
Updating files:  89% (2669/2998)
Updating files:  90% (2699/2998)
Updating files:  91% (2729/2998)
Updating files:  92% (2759/2998)
Updating files:  93% (2789/2998)
Updating files:  94% (2819/2998)
Updating files:  95% (2849/2998)
Updating files:  96% (2879/2998)
Updating files:  97% (2909/2998)
Updating files:  98% (2939/2998)
Updating files:  99% (2969/2998)
Updating files: 100% (2998/2998)
Updating files: 100% (2998/2998), done.

== Checking out commit hash 0613d69f56570b1029e17e078b190cfdd57d9d4c ==
<span style="color:#268BD2">&gt; /usr/bin/git reset --hard 0613d69f56570b1029e17e078b190cfdd57d9d4c</span>
HEAD is now at 0613d69 Localisation du second agent : paires du patching (en cours)
