Receiving objects: 100% (4335/4335), 1.15 GiB | 3.99 MiB/s
Receiving objects: 100% (4335/4335), 1.15 GiB | 7.75 MiB/s, done.
Resolving deltas:   0% (0/1550)
Resolving deltas:   1% (16/1550)
Resolving deltas:   2% (32/1550)
Resolving deltas:   3% (47/1550)
Resolving deltas:   4% (62/1550)
Resolving deltas:   5% (78/1550)
Resolving deltas:   6% (93/1550)
Resolving deltas:   7% (109/1550)
Resolving deltas:   8% (124/1550)
Resolving deltas:   9% (140/1550)
Resolving deltas:  10% (155/1550)
Resolving deltas:  11% (171/1550)
Resolving deltas:  12% (186/1550)
Resolving deltas:  13% (202/1550)
Resolving deltas:  14% (217/1550)
Resolving deltas:  15% (233/1550)
Resolving deltas:  16% (248/1550)
Resolving deltas:  17% (264/1550)
Resolving deltas:  18% (279/1550)
Resolving deltas:  19% (295/1550)
Resolving deltas:  20% (310/1550)
Resolving deltas:  21% (326/1550)
Resolving deltas:  22% (341/1550)
Resolving deltas:  23% (357/1550)
Resolving deltas:  24% (372/1550)
Resolving deltas:  25% (388/1550)
Resolving deltas:  26% (403/1550)
Resolving deltas:  27% (419/1550)
Resolving deltas:  28% (434/1550)
Resolving deltas:  29% (450/1550)
Resolving deltas:  30% (465/1550)
Resolving deltas:  31% (481/1550)
Resolving deltas:  32% (497/1550)
Resolving deltas:  33% (512/1550)
Resolving deltas:  34% (527/1550)
Resolving deltas:  35% (543/1550)
Resolving deltas:  36% (559/1550)
Resolving deltas:  37% (574/1550)
Resolving deltas:  38% (589/1550)
Resolving deltas:  39% (605/1550)
Resolving deltas:  40% (620/1550)
Resolving deltas:  41% (636/1550)
Resolving deltas:  42% (651/1550)
Resolving deltas:  43% (667/1550)
Resolving deltas:  44% (682/1550)
Resolving deltas:  45% (698/1550)
Resolving deltas:  46% (713/1550)
Resolving deltas:  47% (729/1550)
Resolving deltas:  48% (744/1550)
Resolving deltas:  49% (760/1550)
Resolving deltas:  50% (775/1550)
Resolving deltas:  51% (791/1550)
Resolving deltas:  52% (806/1550)
Resolving deltas:  53% (822/1550)
Resolving deltas:  54% (837/1550)
Resolving deltas:  55% (853/1550)
Resolving deltas:  56% (868/1550)
Resolving deltas:  57% (884/1550)
Resolving deltas:  58% (899/1550)
Resolving deltas:  59% (915/1550)
Resolving deltas:  60% (930/1550)
Resolving deltas:  61% (946/1550)
Resolving deltas:  62% (961/1550)
Resolving deltas:  63% (977/1550)
Resolving deltas:  64% (992/1550)
Resolving deltas:  65% (1008/1550)
Resolving deltas:  66% (1023/1550)
Resolving deltas:  67% (1039/1550)
Resolving deltas:  68% (1054/1550)
Resolving deltas:  69% (1070/1550)
Resolving deltas:  70% (1085/1550)
Resolving deltas:  71% (1101/1550)
Resolving deltas:  72% (1117/1550)
Resolving deltas:  73% (1132/1550)
Resolving deltas:  74% (1147/1550)
Resolving deltas:  75% (1163/1550)
Resolving deltas:  76% (1178/1550)
Resolving deltas:  77% (1194/1550)
Resolving deltas:  78% (1209/1550)
Resolving deltas:  79% (1225/1550)
Resolving deltas:  80% (1240/1550)
Resolving deltas:  81% (1256/1550)
Resolving deltas:  82% (1271/1550)
Resolving deltas:  83% (1287/1550)
Resolving deltas:  84% (1302/1550)
Resolving deltas:  85% (1318/1550)
Resolving deltas:  86% (1333/1550)
Resolving deltas:  87% (1349/1550)
Resolving deltas:  88% (1364/1550)
Resolving deltas:  89% (1380/1550)
Resolving deltas:  90% (1395/1550)
Resolving deltas:  91% (1411/1550)
Resolving deltas:  92% (1426/1550)
Resolving deltas:  93% (1443/1550)
Resolving deltas:  94% (1457/1550)
Resolving deltas:  95% (1473/1550)
Resolving deltas:  96% (1489/1550)
Resolving deltas:  97% (1505/1550)
Resolving deltas:  98% (1520/1550)
Resolving deltas:  99% (1535/1550)
Resolving deltas: 100% (1550/1550)
Resolving deltas: 100% (1550/1550), done.
Updating files:  18% (715/3801)
Updating files:  19% (723/3801)
Updating files:  20% (761/3801)
Updating files:  21% (799/3801)
Updating files:  22% (837/3801)
Updating files:  23% (875/3801)
Updating files:  24% (913/3801)
Updating files:  25% (951/3801)
Updating files:  26% (989/3801)
Updating files:  27% (1027/3801)
Updating files:  27% (1055/3801)
Updating files:  28% (1065/3801)
Updating files:  29% (1103/3801)
Updating files:  30% (1141/3801)
Updating files:  31% (1179/3801)
Updating files:  32% (1217/3801)
Updating files:  33% (1255/3801)
Updating files:  34% (1293/3801)
Updating files:  35% (1331/3801)
Updating files:  35% (1362/3801)
Updating files:  36% (1369/3801)
Updating files:  37% (1407/3801)
Updating files:  38% (1445/3801)
Updating files:  39% (1483/3801)
Updating files:  40% (1521/3801)
Updating files:  40% (1542/3801)
Updating files:  41% (1559/3801)
Updating files:  42% (1597/3801)
Updating files:  42% (1606/3801)
Updating files:  43% (1635/3801)
Updating files:  44% (1673/3801)
Updating files:  45% (1711/3801)
Updating files:  45% (1720/3801)
Updating files:  46% (1749/3801)
Updating files:  47% (1787/3801)
Updating files:  48% (1825/3801)
Updating files:  49% (1863/3801)
Updating files:  50% (1901/3801)
Updating files:  50% (1917/3801)
Updating files:  51% (1939/3801)
Updating files:  51% (1973/3801)
Updating files:  52% (1977/3801)
Updating files:  53% (2015/3801)
Updating files:  54% (2053/3801)
Updating files:  55% (2091/3801)
Updating files:  56% (2129/3801)
Updating files:  57% (2167/3801)
Updating files:  58% (2205/3801)
Updating files:  58% (2239/3801)
Updating files:  59% (2243/3801)
Updating files:  60% (2281/3801)
Updating files:  61% (2319/3801)
Updating files:  62% (2357/3801)
Updating files:  63% (2395/3801)
Updating files:  64% (2433/3801)
Updating files:  65% (2471/3801)
Updating files:  66% (2509/3801)
Updating files:  67% (2547/3801)
Updating files:  68% (2585/3801)
Updating files:  69% (2623/3801)
Updating files:  70% (2661/3801)
Updating files:  71% (2699/3801)
Updating files:  72% (2737/3801)
Updating files:  73% (2775/3801)
Updating files:  74% (2813/3801)
Updating files:  75% (2851/3801)
Updating files:  76% (2889/3801)
Updating files:  77% (2927/3801)
Updating files:  78% (2965/3801)
Updating files:  79% (3003/3801)
Updating files:  80% (3041/3801)
Updating files:  81% (3079/3801)
Updating files:  82% (3117/3801)
Updating files:  83% (3155/3801)
Updating files:  84% (3193/3801)
Updating files:  85% (3231/3801)
Updating files:  86% (3269/3801)
Updating files:  87% (3307/3801)
Updating files:  88% (3345/3801)
Updating files:  89% (3383/3801)
Updating files:  90% (3421/3801)
Updating files:  91% (3459/3801)
Updating files:  92% (3497/3801)
Updating files:  93% (3535/3801)
Updating files:  94% (3573/3801)
Updating files:  95% (3611/3801)
Updating files:  96% (3649/3801)
Updating files:  97% (3687/3801)
Updating files:  98% (3725/3801)
Updating files:  99% (3763/3801)
Updating files: 100% (3801/3801)
Updating files: 100% (3801/3801), done.

== Checking out commit hash 145e292c5be8e8f75f85e7d3b107ba93a69fb321 ==
<span style="color:#268BD2">&gt; /usr/bin/git reset --hard 145e292c5be8e8f75f85e7d3b107ba93a69fb321</span>
HEAD is now at 145e292 Pilote avant le test 31 : premiers résultats bruts (graine 100 de P1, P2, P3), publiés dès leur écriture
