Receiving objects:  97% (3301/3403), 532.15 MiB | 9.24 MiB/s
Receiving objects:  98% (3335/3403), 532.15 MiB | 9.24 MiB/s
Receiving objects:  99% (3369/3403), 532.15 MiB | 9.24 MiB/s
Receiving objects: 100% (3403/3403), 532.15 MiB | 9.24 MiB/s
Receiving objects: 100% (3403/3403), 532.60 MiB | 9.10 MiB/s, done.
Resolving deltas:   0% (0/1178)
Resolving deltas:   1% (12/1178)
Resolving deltas:   2% (24/1178)
Resolving deltas:   3% (37/1178)
Resolving deltas:   4% (48/1178)
Resolving deltas:   5% (59/1178)
Resolving deltas:   6% (71/1178)
Resolving deltas:   7% (85/1178)
Resolving deltas:   8% (95/1178)
Resolving deltas:   9% (107/1178)
Resolving deltas:  10% (118/1178)
Resolving deltas:  11% (130/1178)
Resolving deltas:  12% (142/1178)
Resolving deltas:  13% (154/1178)
Resolving deltas:  14% (165/1178)
Resolving deltas:  15% (177/1178)
Resolving deltas:  16% (189/1178)
Resolving deltas:  17% (201/1178)
Resolving deltas:  18% (213/1178)
Resolving deltas:  19% (224/1178)
Resolving deltas:  20% (236/1178)
Resolving deltas:  21% (248/1178)
Resolving deltas:  22% (260/1178)
Resolving deltas:  23% (271/1178)
Resolving deltas:  24% (283/1178)
Resolving deltas:  25% (295/1178)
Resolving deltas:  26% (307/1178)
Resolving deltas:  27% (319/1178)
Resolving deltas:  28% (330/1178)
Resolving deltas:  29% (343/1178)
Resolving deltas:  30% (354/1178)
Resolving deltas:  31% (366/1178)
Resolving deltas:  32% (377/1178)
Resolving deltas:  33% (389/1178)
Resolving deltas:  34% (401/1178)
Resolving deltas:  35% (413/1178)
Resolving deltas:  36% (425/1178)
Resolving deltas:  37% (436/1178)
Resolving deltas:  38% (448/1178)
Resolving deltas:  39% (460/1178)
Resolving deltas:  40% (472/1178)
Resolving deltas:  41% (483/1178)
Resolving deltas:  42% (495/1178)
Resolving deltas:  43% (507/1178)
Resolving deltas:  44% (520/1178)
Resolving deltas:  45% (531/1178)
Resolving deltas:  46% (542/1178)
Resolving deltas:  47% (554/1178)
Resolving deltas:  48% (566/1178)
Resolving deltas:  49% (579/1178)
Resolving deltas:  50% (589/1178)
Resolving deltas:  51% (601/1178)
Resolving deltas:  52% (613/1178)
Resolving deltas:  53% (625/1178)
Resolving deltas:  54% (638/1178)
Resolving deltas:  55% (648/1178)
Resolving deltas:  56% (661/1178)
Resolving deltas:  57% (672/1178)
Resolving deltas:  58% (684/1178)
Resolving deltas:  59% (696/1178)
Resolving deltas:  60% (707/1178)
Resolving deltas:  61% (719/1178)
Resolving deltas:  62% (731/1178)
Resolving deltas:  63% (743/1178)
Resolving deltas:  64% (754/1178)
Resolving deltas:  65% (766/1178)
Resolving deltas:  66% (778/1178)
Resolving deltas:  67% (790/1178)
Resolving deltas:  68% (802/1178)
Resolving deltas:  69% (813/1178)
Resolving deltas:  70% (825/1178)
Resolving deltas:  71% (837/1178)
Resolving deltas:  72% (849/1178)
Resolving deltas:  73% (860/1178)
Resolving deltas:  74% (872/1178)
Resolving deltas:  75% (884/1178)
Resolving deltas:  76% (896/1178)
Resolving deltas:  77% (908/1178)
Resolving deltas:  78% (919/1178)
Resolving deltas:  79% (931/1178)
Resolving deltas:  80% (943/1178)
Resolving deltas:  81% (955/1178)
Resolving deltas:  82% (966/1178)
Resolving deltas:  83% (978/1178)
Resolving deltas:  84% (990/1178)
Resolving deltas:  85% (1002/1178)
Resolving deltas:  86% (1014/1178)
Resolving deltas:  87% (1025/1178)
Resolving deltas:  88% (1037/1178)
Resolving deltas:  89% (1049/1178)
Resolving deltas:  90% (1061/1178)
Resolving deltas:  91% (1072/1178)
Resolving deltas:  92% (1084/1178)
Resolving deltas:  93% (1096/1178)
Resolving deltas:  94% (1108/1178)
Resolving deltas:  95% (1120/1178)
Resolving deltas:  96% (1131/1178)
Resolving deltas:  97% (1143/1178)
Resolving deltas:  98% (1155/1178)
Resolving deltas:  99% (1167/1178)
Resolving deltas: 100% (1178/1178)
Resolving deltas: 100% (1178/1178), done.
Updating files:  19% (550/2882)
Updating files:  20% (577/2882)
Updating files:  21% (606/2882)
Updating files:  22% (635/2882)
Updating files:  23% (663/2882)
Updating files:  24% (692/2882)
Updating files:  25% (721/2882)
Updating files:  26% (750/2882)
Updating files:  26% (754/2882)
Updating files:  27% (779/2882)
Updating files:  28% (807/2882)
Updating files:  29% (836/2882)
Updating files:  30% (865/2882)
Updating files:  31% (894/2882)
Updating files:  32% (923/2882)
Updating files:  33% (952/2882)
Updating files:  33% (977/2882)
Updating files:  34% (980/2882)
Updating files:  35% (1009/2882)
Updating files:  36% (1038/2882)
Updating files:  37% (1067/2882)
Updating files:  38% (1096/2882)
Updating files:  39% (1124/2882)
Updating files:  40% (1153/2882)
Updating files:  40% (1166/2882)
Updating files:  41% (1182/2882)
Updating files:  42% (1211/2882)
Updating files:  43% (1240/2882)
Updating files:  44% (1269/2882)
Updating files:  44% (1275/2882)
Updating files:  45% (1297/2882)
Updating files:  46% (1326/2882)
Updating files:  47% (1355/2882)
Updating files:  48% (1384/2882)
Updating files:  48% (1394/2882)
Updating files:  49% (1413/2882)
Updating files:  50% (1441/2882)
Updating files:  51% (1470/2882)
Updating files:  52% (1499/2882)
Updating files:  53% (1528/2882)
Updating files:  54% (1557/2882)
Updating files:  55% (1586/2882)
Updating files:  56% (1614/2882)
Updating files:  57% (1643/2882)
Updating files:  58% (1672/2882)
Updating files:  59% (1701/2882)
Updating files:  60% (1730/2882)
Updating files:  61% (1759/2882)
Updating files:  62% (1787/2882)
Updating files:  63% (1816/2882)
Updating files:  64% (1845/2882)
Updating files:  65% (1874/2882)
Updating files:  66% (1903/2882)
Updating files:  67% (1931/2882)
Updating files:  68% (1960/2882)
Updating files:  69% (1989/2882)
Updating files:  70% (2018/2882)
Updating files:  71% (2047/2882)
Updating files:  71% (2075/2882)
Updating files:  72% (2076/2882)
Updating files:  73% (2104/2882)
Updating files:  74% (2133/2882)
Updating files:  75% (2162/2882)
Updating files:  76% (2191/2882)
Updating files:  77% (2220/2882)
Updating files:  78% (2248/2882)
Updating files:  79% (2277/2882)
Updating files:  80% (2306/2882)
Updating files:  81% (2335/2882)
Updating files:  82% (2364/2882)
Updating files:  83% (2393/2882)
Updating files:  84% (2421/2882)
Updating files:  85% (2450/2882)
Updating files:  86% (2479/2882)
Updating files:  87% (2508/2882)
Updating files:  88% (2537/2882)
Updating files:  89% (2565/2882)
Updating files:  90% (2594/2882)
Updating files:  91% (2623/2882)
Updating files:  92% (2652/2882)
Updating files:  93% (2681/2882)
Updating files:  94% (2710/2882)
Updating files:  95% (2738/2882)
Updating files:  96% (2767/2882)
Updating files:  97% (2796/2882)
Updating files:  98% (2825/2882)
Updating files:  99% (2854/2882)
Updating files: 100% (2882/2882)
Updating files: 100% (2882/2882), done.

== Checking out commit hash d452e3e3bfe8932e9a20d785060efff0aeb5e6b8 ==
<span style="color:#268BD2">&gt; /usr/bin/git reset --hard d452e3e3bfe8932e9a20d785060efff0aeb5e6b8</span>
HEAD is now at d452e3e Relais, demande 64 : monde à deux, tours de survie 5 à 8
