Receiving objects:  83% (2609/3143), 342.71 MiB | 23.65 MiB/s
Receiving objects:  84% (2641/3143), 342.71 MiB | 23.65 MiB/s
Receiving objects:  85% (2672/3143), 342.71 MiB | 23.65 MiB/s
Receiving objects:  86% (2703/3143), 342.71 MiB | 23.65 MiB/s
Receiving objects:  87% (2735/3143), 342.71 MiB | 23.65 MiB/s
Receiving objects:  88% (2766/3143), 342.71 MiB | 23.65 MiB/s
Receiving objects:  89% (2798/3143), 342.71 MiB | 23.65 MiB/s
Receiving objects:  90% (2829/3143), 342.71 MiB | 23.65 MiB/s
Receiving objects:  91% (2861/3143), 342.71 MiB | 23.65 MiB/s
Receiving objects:  92% (2892/3143), 342.71 MiB | 23.65 MiB/s
remote: Total 3143 (delta 1105), reused 2929 (delta 1067), pack-reused 0 (from 0)        
Receiving objects:  93% (2923/3143), 342.71 MiB | 23.65 MiB/s
Receiving objects:  94% (2955/3143), 342.71 MiB | 23.65 MiB/s
Receiving objects:  95% (2986/3143), 342.71 MiB | 23.65 MiB/s
Receiving objects:  96% (3018/3143), 342.71 MiB | 23.65 MiB/s
Receiving objects:  97% (3049/3143), 342.71 MiB | 23.65 MiB/s
Receiving objects:  98% (3081/3143), 342.71 MiB | 23.65 MiB/s
Receiving objects:  99% (3112/3143), 342.71 MiB | 23.65 MiB/s
Receiving objects: 100% (3143/3143), 342.71 MiB | 23.65 MiB/s
Receiving objects: 100% (3143/3143), 343.29 MiB | 14.54 MiB/s, done.
Resolving deltas:   0% (0/1105)
Resolving deltas:   1% (12/1105)
Resolving deltas:   2% (23/1105)
Resolving deltas:   3% (34/1105)
Resolving deltas:   4% (45/1105)
Resolving deltas:   5% (56/1105)
Resolving deltas:   6% (67/1105)
Resolving deltas:   7% (80/1105)
Resolving deltas:   8% (89/1105)
Resolving deltas:   9% (101/1105)
Resolving deltas:  10% (111/1105)
Resolving deltas:  11% (123/1105)
Resolving deltas:  12% (133/1105)
Resolving deltas:  13% (144/1105)
Resolving deltas:  14% (155/1105)
Resolving deltas:  15% (166/1105)
Resolving deltas:  16% (178/1105)
Resolving deltas:  17% (188/1105)
Resolving deltas:  18% (199/1105)
Resolving deltas:  19% (210/1105)
Resolving deltas:  20% (221/1105)
Resolving deltas:  21% (233/1105)
Resolving deltas:  22% (244/1105)
Resolving deltas:  23% (255/1105)
Resolving deltas:  24% (266/1105)
Resolving deltas:  25% (277/1105)
Resolving deltas:  26% (288/1105)
Resolving deltas:  27% (299/1105)
Resolving deltas:  28% (310/1105)
Resolving deltas:  29% (322/1105)
Resolving deltas:  30% (332/1105)
Resolving deltas:  31% (343/1105)
Resolving deltas:  32% (354/1105)
Resolving deltas:  33% (365/1105)
Resolving deltas:  34% (376/1105)
Resolving deltas:  35% (387/1105)
Resolving deltas:  36% (398/1105)
Resolving deltas:  37% (409/1105)
Resolving deltas:  38% (420/1105)
Resolving deltas:  39% (431/1105)
Resolving deltas:  40% (442/1105)
Resolving deltas:  41% (454/1105)
Resolving deltas:  42% (465/1105)
Resolving deltas:  43% (476/1105)
Resolving deltas:  44% (487/1105)
Resolving deltas:  45% (498/1105)
Resolving deltas:  46% (509/1105)
Resolving deltas:  47% (520/1105)
Resolving deltas:  48% (531/1105)
Resolving deltas:  49% (542/1105)
Resolving deltas:  50% (553/1105)
Resolving deltas:  51% (564/1105)
Resolving deltas:  52% (575/1105)
Resolving deltas:  53% (586/1105)
Resolving deltas:  54% (597/1105)
Resolving deltas:  55% (608/1105)
Resolving deltas:  56% (619/1105)
Resolving deltas:  57% (630/1105)
Resolving deltas:  58% (641/1105)
Resolving deltas:  59% (652/1105)
Resolving deltas:  60% (663/1105)
Resolving deltas:  61% (675/1105)
Resolving deltas:  62% (686/1105)
Resolving deltas:  63% (697/1105)
Resolving deltas:  64% (708/1105)
Resolving deltas:  65% (719/1105)
Resolving deltas:  66% (730/1105)
Resolving deltas:  67% (741/1105)
Resolving deltas:  68% (752/1105)
Resolving deltas:  69% (763/1105)
Resolving deltas:  70% (774/1105)
Resolving deltas:  71% (785/1105)
Resolving deltas:  72% (796/1105)
Resolving deltas:  73% (807/1105)
Resolving deltas:  74% (818/1105)
Resolving deltas:  75% (829/1105)
Resolving deltas:  76% (840/1105)
Resolving deltas:  77% (851/1105)
Resolving deltas:  78% (862/1105)
Resolving deltas:  79% (873/1105)
Resolving deltas:  80% (884/1105)
Resolving deltas:  81% (896/1105)
Resolving deltas:  82% (907/1105)
Resolving deltas:  83% (918/1105)
Resolving deltas:  84% (929/1105)
Resolving deltas:  85% (940/1105)
Resolving deltas:  86% (951/1105)
Resolving deltas:  87% (962/1105)
Resolving deltas:  88% (973/1105)
Resolving deltas:  89% (984/1105)
Resolving deltas:  90% (995/1105)
Resolving deltas:  91% (1006/1105)
Resolving deltas:  92% (1017/1105)
Resolving deltas:  93% (1028/1105)
Resolving deltas:  94% (1039/1105)
Resolving deltas:  95% (1050/1105)
Resolving deltas:  96% (1061/1105)
Resolving deltas:  97% (1072/1105)
Resolving deltas:  98% (1083/1105)
Resolving deltas:  99% (1094/1105)
Resolving deltas: 100% (1105/1105)
Resolving deltas: 100% (1105/1105), done.
Updating files:  29% (784/2622)
Updating files:  30% (787/2622)
Updating files:  31% (813/2622)
Updating files:  32% (840/2622)
Updating files:  33% (866/2622)
Updating files:  34% (892/2622)
Updating files:  35% (918/2622)
Updating files:  36% (944/2622)
Updating files:  37% (971/2622)
Updating files:  38% (997/2622)
Updating files:  39% (1023/2622)
Updating files:  40% (1049/2622)
Updating files:  41% (1076/2622)
Updating files:  42% (1102/2622)
Updating files:  42% (1127/2622)
Updating files:  43% (1128/2622)
Updating files:  44% (1154/2622)
Updating files:  45% (1180/2622)
Updating files:  46% (1207/2622)
Updating files:  47% (1233/2622)
Updating files:  48% (1259/2622)
Updating files:  49% (1285/2622)
Updating files:  50% (1311/2622)
Updating files:  51% (1338/2622)
Updating files:  52% (1364/2622)
Updating files:  53% (1390/2622)
Updating files:  54% (1416/2622)
Updating files:  55% (1443/2622)
Updating files:  56% (1469/2622)
Updating files:  57% (1495/2622)
Updating files:  58% (1521/2622)
Updating files:  59% (1547/2622)
Updating files:  60% (1574/2622)
Updating files:  61% (1600/2622)
Updating files:  62% (1626/2622)
Updating files:  63% (1652/2622)
Updating files:  64% (1679/2622)
Updating files:  65% (1705/2622)
Updating files:  66% (1731/2622)
Updating files:  67% (1757/2622)
Updating files:  68% (1783/2622)
Updating files:  69% (1810/2622)
Updating files:  70% (1836/2622)
Updating files:  71% (1862/2622)
Updating files:  72% (1888/2622)
Updating files:  73% (1915/2622)
Updating files:  74% (1941/2622)
Updating files:  75% (1967/2622)
Updating files:  76% (1993/2622)
Updating files:  77% (2019/2622)
Updating files:  78% (2046/2622)
Updating files:  79% (2072/2622)
Updating files:  80% (2098/2622)
Updating files:  81% (2124/2622)
Updating files:  82% (2151/2622)
Updating files:  83% (2177/2622)
Updating files:  84% (2203/2622)
Updating files:  85% (2229/2622)
Updating files:  86% (2255/2622)
Updating files:  87% (2282/2622)
Updating files:  88% (2308/2622)
Updating files:  89% (2334/2622)
Updating files:  90% (2360/2622)
Updating files:  91% (2387/2622)
Updating files:  92% (2413/2622)
Updating files:  93% (2439/2622)
Updating files:  94% (2465/2622)
Updating files:  95% (2491/2622)
Updating files:  96% (2518/2622)
Updating files:  97% (2544/2622)
Updating files:  98% (2570/2622)
Updating files:  99% (2596/2622)
Updating files: 100% (2622/2622)
Updating files: 100% (2622/2622), done.

== Checking out commit hash aa218fe323f784d3368783bd3a77e26bbf9df8a1 ==
<span style="color:#268BD2">&gt; /usr/bin/git reset --hard aa218fe323f784d3368783bd3a77e26bbf9df8a1</span>
HEAD is now at aa218fe Relais, demande 44 : rapport puis direction du besoin ; tours 5 à 8 reçus (survie 0,69 ; 0,61 ; 0,68 ; 0,67)
