Receiving objects:  96% (3912/4074), 806.27 MiB | 60.43 MiB/s
Receiving objects:  97% (3952/4074), 806.27 MiB | 60.43 MiB/s
Receiving objects:  98% (3993/4074), 806.27 MiB | 60.43 MiB/s
Receiving objects:  99% (4034/4074), 806.27 MiB | 60.43 MiB/s
Receiving objects: 100% (4074/4074), 806.27 MiB | 60.43 MiB/s
Receiving objects: 100% (4074/4074), 810.92 MiB | 61.95 MiB/s, done.
Resolving deltas:   0% (0/1451)
Resolving deltas:   1% (15/1451)
Resolving deltas:   2% (30/1451)
Resolving deltas:   3% (44/1451)
Resolving deltas:   4% (59/1451)
Resolving deltas:   5% (74/1451)
Resolving deltas:   6% (88/1451)
Resolving deltas:   7% (102/1451)
Resolving deltas:   8% (117/1451)
Resolving deltas:   9% (131/1451)
Resolving deltas:  10% (146/1451)
Resolving deltas:  11% (160/1451)
Resolving deltas:  12% (175/1451)
Resolving deltas:  13% (189/1451)
Resolving deltas:  14% (204/1451)
Resolving deltas:  15% (218/1451)
Resolving deltas:  16% (233/1451)
Resolving deltas:  17% (247/1451)
Resolving deltas:  18% (262/1451)
Resolving deltas:  19% (276/1451)
Resolving deltas:  20% (291/1451)
Resolving deltas:  21% (305/1451)
Resolving deltas:  22% (320/1451)
Resolving deltas:  23% (334/1451)
Resolving deltas:  24% (349/1451)
Resolving deltas:  25% (363/1451)
Resolving deltas:  26% (378/1451)
Resolving deltas:  27% (392/1451)
Resolving deltas:  28% (408/1451)
Resolving deltas:  29% (421/1451)
Resolving deltas:  30% (436/1451)
Resolving deltas:  31% (450/1451)
Resolving deltas:  32% (465/1451)
Resolving deltas:  33% (479/1451)
Resolving deltas:  34% (494/1451)
Resolving deltas:  35% (509/1451)
Resolving deltas:  36% (523/1451)
Resolving deltas:  37% (537/1451)
Resolving deltas:  38% (554/1451)
Resolving deltas:  39% (567/1451)
Resolving deltas:  40% (581/1451)
Resolving deltas:  41% (595/1451)
Resolving deltas:  42% (610/1451)
Resolving deltas:  43% (624/1451)
Resolving deltas:  44% (639/1451)
Resolving deltas:  45% (653/1451)
Resolving deltas:  46% (668/1451)
Resolving deltas:  47% (682/1451)
Resolving deltas:  48% (697/1451)
Resolving deltas:  49% (711/1451)
Resolving deltas:  50% (726/1451)
Resolving deltas:  51% (741/1451)
Resolving deltas:  52% (755/1451)
Resolving deltas:  53% (770/1451)
Resolving deltas:  54% (784/1451)
Resolving deltas:  55% (799/1451)
Resolving deltas:  56% (813/1451)
Resolving deltas:  57% (828/1451)
Resolving deltas:  58% (842/1451)
Resolving deltas:  59% (857/1451)
Resolving deltas:  60% (871/1451)
Resolving deltas:  61% (886/1451)
Resolving deltas:  62% (900/1451)
Resolving deltas:  63% (915/1451)
Resolving deltas:  64% (929/1451)
Resolving deltas:  65% (944/1451)
Resolving deltas:  66% (958/1451)
Resolving deltas:  67% (973/1451)
Resolving deltas:  68% (987/1451)
Resolving deltas:  69% (1002/1451)
Resolving deltas:  70% (1016/1451)
Resolving deltas:  71% (1031/1451)
Resolving deltas:  72% (1045/1451)
Resolving deltas:  73% (1060/1451)
Resolving deltas:  74% (1074/1451)
Resolving deltas:  75% (1089/1451)
Resolving deltas:  76% (1103/1451)
Resolving deltas:  77% (1118/1451)
Resolving deltas:  78% (1132/1451)
Resolving deltas:  79% (1147/1451)
Resolving deltas:  80% (1161/1451)
Resolving deltas:  81% (1176/1451)
Resolving deltas:  82% (1190/1451)
Resolving deltas:  83% (1205/1451)
Resolving deltas:  84% (1219/1451)
Resolving deltas:  85% (1234/1451)
Resolving deltas:  86% (1248/1451)
Resolving deltas:  87% (1263/1451)
Resolving deltas:  88% (1277/1451)
Resolving deltas:  89% (1292/1451)
Resolving deltas:  90% (1306/1451)
Resolving deltas:  91% (1321/1451)
Resolving deltas:  92% (1335/1451)
Resolving deltas:  93% (1350/1451)
Resolving deltas:  94% (1364/1451)
Resolving deltas:  95% (1379/1451)
Resolving deltas:  96% (1393/1451)
Resolving deltas:  97% (1408/1451)
Resolving deltas:  98% (1422/1451)
Resolving deltas:  99% (1437/1451)
Resolving deltas: 100% (1451/1451)
Resolving deltas: 100% (1451/1451), done.
Updating files:  19% (694/3500)
Updating files:  20% (700/3500)
Updating files:  21% (735/3500)
Updating files:  22% (770/3500)
Updating files:  23% (805/3500)
Updating files:  24% (840/3500)
Updating files:  25% (875/3500)
Updating files:  26% (910/3500)
Updating files:  27% (945/3500)
Updating files:  28% (980/3500)
Updating files:  29% (1015/3500)
Updating files:  29% (1028/3500)
Updating files:  30% (1050/3500)
Updating files:  31% (1085/3500)
Updating files:  32% (1120/3500)
Updating files:  33% (1155/3500)
Updating files:  34% (1190/3500)
Updating files:  35% (1225/3500)
Updating files:  36% (1260/3500)
Updating files:  37% (1295/3500)
Updating files:  37% (1305/3500)
Updating files:  38% (1330/3500)
Updating files:  39% (1365/3500)
Updating files:  40% (1400/3500)
Updating files:  41% (1435/3500)
Updating files:  42% (1470/3500)
Updating files:  43% (1505/3500)
Updating files:  43% (1526/3500)
Updating files:  44% (1540/3500)
Updating files:  45% (1575/3500)
Updating files:  46% (1610/3500)
Updating files:  47% (1645/3500)
Updating files:  48% (1680/3500)
Updating files:  48% (1703/3500)
Updating files:  49% (1715/3500)
Updating files:  50% (1750/3500)
Updating files:  51% (1785/3500)
Updating files:  52% (1820/3500)
Updating files:  53% (1855/3500)
Updating files:  54% (1890/3500)
Updating files:  55% (1925/3500)
Updating files:  55% (1951/3500)
Updating files:  56% (1960/3500)
Updating files:  57% (1995/3500)
Updating files:  58% (2030/3500)
Updating files:  59% (2065/3500)
Updating files:  60% (2100/3500)
Updating files:  61% (2135/3500)
Updating files:  62% (2170/3500)
Updating files:  63% (2205/3500)
Updating files:  64% (2240/3500)
Updating files:  65% (2275/3500)
Updating files:  66% (2310/3500)
Updating files:  67% (2345/3500)
Updating files:  68% (2380/3500)
Updating files:  69% (2415/3500)
Updating files:  70% (2450/3500)
Updating files:  71% (2485/3500)
Updating files:  72% (2520/3500)
Updating files:  73% (2555/3500)
Updating files:  74% (2590/3500)
Updating files:  75% (2625/3500)
Updating files:  76% (2660/3500)
Updating files:  77% (2695/3500)
Updating files:  78% (2730/3500)
Updating files:  79% (2765/3500)
Updating files:  80% (2800/3500)
Updating files:  81% (2835/3500)
Updating files:  82% (2870/3500)
Updating files:  83% (2905/3500)
Updating files:  84% (2940/3500)
Updating files:  85% (2975/3500)
Updating files:  86% (3010/3500)
Updating files:  87% (3045/3500)
Updating files:  88% (3080/3500)
Updating files:  89% (3115/3500)
Updating files:  90% (3150/3500)
Updating files:  91% (3185/3500)
Updating files:  92% (3220/3500)
Updating files:  93% (3255/3500)
Updating files:  94% (3290/3500)
Updating files:  95% (3325/3500)
Updating files:  96% (3360/3500)
Updating files:  97% (3395/3500)
Updating files:  98% (3430/3500)
Updating files:  99% (3465/3500)
Updating files: 100% (3500/3500)
Updating files: 100% (3500/3500), done.

== Checking out commit hash db7b09b82b45fa08f36292ee75d88abd0a0cab8d ==
<span style="color:#268BD2">&gt; /usr/bin/git reset --hard db7b09b82b45fa08f36292ee75d88abd0a0cab8d</span>
HEAD is now at db7b09b Relais, demande 97 : test 22, A de 2 001 vers 4 000 itérations par morceaux ; récupérer le build de B lancé à la demande 96
