Calling `python -m mlx_lm.lora...` directly is deprecated. Use `mlx_lm.lora...` or `python -m mlx_lm lora ...` instead.
Loading pretrained model
Fetching 7 files:   0%|          | 0/7 [00:00<?, ?it/s]Fetching 7 files: 100%|██████████| 7/7 [00:00<00:00, 1763.69it/s]
Loading datasets
Training
Trainable parameters: 0.484% (2.884M/596.050M)
Starting training..., iters: 600
Calculating loss...:   0%|          | 0/10 [00:00<?, ?it/s]Calculating loss...:  10%|█         | 1/10 [00:01<00:14,  1.57s/it]Calculating loss...:  20%|██        | 2/10 [00:02<00:11,  1.40s/it]Calculating loss...:  30%|███       | 3/10 [00:04<00:09,  1.35s/it]Calculating loss...:  40%|████      | 4/10 [00:05<00:07,  1.32s/it]Calculating loss...:  50%|█████     | 5/10 [00:06<00:06,  1.31s/it]Calculating loss...:  60%|██████    | 6/10 [00:08<00:05,  1.31s/it]Calculating loss...:  70%|███████   | 7/10 [00:09<00:03,  1.32s/it]Calculating loss...:  80%|████████  | 8/10 [00:10<00:02,  1.32s/it]Calculating loss...:  90%|█████████ | 9/10 [00:11<00:01,  1.32s/it]Calculating loss...: 100%|██████████| 10/10 [00:13<00:00,  1.32s/it]Calculating loss...: 100%|██████████| 10/10 [00:13<00:00,  1.33s/it]
Iter 1: Val loss 0.922, Val took 13.338s
Iter 10: Train loss 0.375, Learning Rate 1.000e-04, It/sec 0.309, Tokens/sec 871.949, Trained Tokens 28259, Peak mem 9.502 GB
Traceback (most recent call last):
  File "<frozen runpy>", line 198, in _run_module_as_main
  File "<frozen runpy>", line 88, in _run_code
  File "/Users/builder/clone/.venv/lib/python3.12/site-packages/mlx_lm/lora.py", line 377, in <module>
    main()
  File "/Users/builder/clone/.venv/lib/python3.12/site-packages/mlx_lm/lora.py", line 369, in main
    run(types.SimpleNamespace(**args))
  File "/Users/builder/clone/.venv/lib/python3.12/site-packages/mlx_lm/lora.py", line 341, in run
    train_model(args, model, train_set, valid_set, training_callback)
  File "/Users/builder/clone/.venv/lib/python3.12/site-packages/mlx_lm/lora.py", line 295, in train_model
    train(
  File "/Users/builder/clone/.venv/lib/python3.12/site-packages/mlx_lm/tuner/trainer.py", line 328, in train
    mx.eval(state, losses, n_tokens, grad_accum)
RuntimeError: [METAL] Command buffer execution failed: Caused GPU Hang Error (00000003:kIOGPUCommandBufferCallbackErrorHang).
