Receiving objects:  18% (454/2519), 6.07 MiB | 3.99 MiB/s
Receiving objects:  19% (479/2519), 6.07 MiB | 3.99 MiB/s
Receiving objects:  20% (504/2519), 6.07 MiB | 3.99 MiB/s
Receiving objects:  21% (529/2519), 6.07 MiB | 3.99 MiB/s
Receiving objects:  22% (555/2519), 6.07 MiB | 3.99 MiB/s
Receiving objects:  23% (580/2519), 6.07 MiB | 3.99 MiB/s
Receiving objects:  23% (602/2519), 9.96 MiB | 4.92 MiB/s
Receiving objects:  24% (605/2519), 9.96 MiB | 4.92 MiB/s
Receiving objects:  25% (630/2519), 15.54 MiB | 6.16 MiB/s
Receiving objects:  26% (655/2519), 15.54 MiB | 6.16 MiB/s
Receiving objects:  26% (657/2519), 22.67 MiB | 7.48 MiB/s
Receiving objects:  27% (681/2519), 32.45 MiB | 9.19 MiB/s
Receiving objects:  27% (699/2519), 44.71 MiB | 11.09 MiB/s
Receiving objects:  28% (706/2519), 44.71 MiB | 11.09 MiB/s
Receiving objects:  29% (731/2519), 59.93 MiB | 13.23 MiB/s
Receiving objects:  29% (753/2519), 79.85 MiB | 17.42 MiB/s
Receiving objects:  30% (756/2519), 79.85 MiB | 17.42 MiB/s
Receiving objects:  31% (781/2519), 79.85 MiB | 17.42 MiB/s
Receiving objects:  32% (807/2519), 79.85 MiB | 17.42 MiB/s
Receiving objects:  33% (832/2519), 79.85 MiB | 17.42 MiB/s
Receiving objects:  34% (857/2519), 79.85 MiB | 17.42 MiB/s
Receiving objects:  35% (882/2519), 79.85 MiB | 17.42 MiB/s
Receiving objects:  36% (907/2519), 99.41 MiB | 21.36 MiB/s
Receiving objects:  37% (933/2519), 99.41 MiB | 21.36 MiB/s
Receiving objects:  38% (958/2519), 99.41 MiB | 21.36 MiB/s
Receiving objects:  39% (983/2519), 99.41 MiB | 21.36 MiB/s
Receiving objects:  40% (1008/2519), 99.41 MiB | 21.36 MiB/s
Receiving objects:  41% (1033/2519), 99.41 MiB | 21.36 MiB/s
Receiving objects:  42% (1058/2519), 99.41 MiB | 21.36 MiB/s
Receiving objects:  42% (1066/2519), 99.41 MiB | 21.36 MiB/s
Receiving objects:  43% (1084/2519), 99.41 MiB | 21.36 MiB/s
Receiving objects:  44% (1109/2519), 120.29 MiB | 25.31 MiB/s
Receiving objects:  45% (1134/2519), 120.29 MiB | 25.31 MiB/s
Receiving objects:  46% (1159/2519), 120.29 MiB | 25.31 MiB/s
Receiving objects:  47% (1184/2519), 120.29 MiB | 25.31 MiB/s
Receiving objects:  48% (1210/2519), 120.29 MiB | 25.31 MiB/s
Receiving objects:  49% (1235/2519), 120.29 MiB | 25.31 MiB/s
Receiving objects:  50% (1260/2519), 120.29 MiB | 25.31 MiB/s
Receiving objects:  51% (1285/2519), 120.29 MiB | 25.31 MiB/s
Receiving objects:  52% (1310/2519), 120.29 MiB | 25.31 MiB/s
Receiving objects:  53% (1336/2519), 120.29 MiB | 25.31 MiB/s
Receiving objects:  54% (1361/2519), 120.29 MiB | 25.31 MiB/s
Receiving objects:  55% (1386/2519), 120.29 MiB | 25.31 MiB/s
Receiving objects:  56% (1411/2519), 120.29 MiB | 25.31 MiB/s
Receiving objects:  57% (1436/2519), 120.29 MiB | 25.31 MiB/s
Receiving objects:  58% (1462/2519), 120.29 MiB | 25.31 MiB/s
Receiving objects:  59% (1487/2519), 120.29 MiB | 25.31 MiB/s
Receiving objects:  60% (1512/2519), 120.29 MiB | 25.31 MiB/s
Receiving objects:  61% (1537/2519), 120.29 MiB | 25.31 MiB/s
Receiving objects:  62% (1562/2519), 120.29 MiB | 25.31 MiB/s
Receiving objects:  63% (1587/2519), 120.29 MiB | 25.31 MiB/s
Receiving objects:  64% (1613/2519), 120.29 MiB | 25.31 MiB/s
Receiving objects:  65% (1638/2519), 120.29 MiB | 25.31 MiB/s
Receiving objects:  66% (1663/2519), 120.29 MiB | 25.31 MiB/s
Receiving objects:  67% (1688/2519), 120.29 MiB | 25.31 MiB/s
Receiving objects:  68% (1713/2519), 120.29 MiB | 25.31 MiB/s
Receiving objects:  69% (1739/2519), 120.29 MiB | 25.31 MiB/s
Receiving objects:  70% (1764/2519), 120.29 MiB | 25.31 MiB/s
Receiving objects:  71% (1789/2519), 120.29 MiB | 25.31 MiB/s
Receiving objects:  72% (1814/2519), 120.29 MiB | 25.31 MiB/s
Receiving objects:  73% (1839/2519), 120.29 MiB | 25.31 MiB/s
Receiving objects:  74% (1865/2519), 120.29 MiB | 25.31 MiB/s
Receiving objects:  75% (1890/2519), 120.29 MiB | 25.31 MiB/s
Receiving objects:  76% (1915/2519), 120.29 MiB | 25.31 MiB/s
Receiving objects:  77% (1940/2519), 120.29 MiB | 25.31 MiB/s
Receiving objects:  78% (1965/2519), 120.29 MiB | 25.31 MiB/s
Receiving objects:  79% (1991/2519), 120.29 MiB | 25.31 MiB/s
Receiving objects:  80% (2016/2519), 120.29 MiB | 25.31 MiB/s
Receiving objects:  81% (2041/2519), 120.29 MiB | 25.31 MiB/s
Receiving objects:  82% (2066/2519), 120.29 MiB | 25.31 MiB/s
Receiving objects:  83% (2091/2519), 120.29 MiB | 25.31 MiB/s
Receiving objects:  84% (2116/2519), 120.29 MiB | 25.31 MiB/s
Receiving objects:  85% (2142/2519), 120.29 MiB | 25.31 MiB/s
Receiving objects:  86% (2167/2519), 120.29 MiB | 25.31 MiB/s
Receiving objects:  87% (2192/2519), 120.29 MiB | 25.31 MiB/s
Receiving objects:  88% (2217/2519), 120.29 MiB | 25.31 MiB/s
Receiving objects:  89% (2242/2519), 120.29 MiB | 25.31 MiB/s
Receiving objects:  90% (2268/2519), 120.29 MiB | 25.31 MiB/s
Receiving objects:  91% (2293/2519), 120.29 MiB | 25.31 MiB/s
remote: Total 2519 (delta 814), reused 2286 (delta 738), pack-reused 0 (from 0)        
Receiving objects:  92% (2318/2519), 120.29 MiB | 25.31 MiB/s
Receiving objects:  93% (2343/2519), 120.29 MiB | 25.31 MiB/s
Receiving objects:  94% (2368/2519), 120.29 MiB | 25.31 MiB/s
Receiving objects:  95% (2394/2519), 120.29 MiB | 25.31 MiB/s
Receiving objects:  96% (2419/2519), 120.29 MiB | 25.31 MiB/s
Receiving objects:  97% (2444/2519), 120.29 MiB | 25.31 MiB/s
Receiving objects:  98% (2469/2519), 120.29 MiB | 25.31 MiB/s
Receiving objects:  99% (2494/2519), 120.29 MiB | 25.31 MiB/s
Receiving objects: 100% (2519/2519), 120.29 MiB | 25.31 MiB/s
Receiving objects: 100% (2519/2519), 135.15 MiB | 21.30 MiB/s, done.
Resolving deltas:   0% (0/814)
Resolving deltas:   1% (9/814)
Resolving deltas:   2% (17/814)
Resolving deltas:   3% (25/814)
Resolving deltas:   4% (33/814)
Resolving deltas:   5% (41/814)
Resolving deltas:   6% (49/814)
Resolving deltas:   7% (57/814)
Resolving deltas:   8% (66/814)
Resolving deltas:   9% (74/814)
Resolving deltas:  10% (82/814)
Resolving deltas:  11% (90/814)
Resolving deltas:  12% (98/814)
Resolving deltas:  13% (107/814)
Resolving deltas:  14% (114/814)
Resolving deltas:  15% (123/814)
Resolving deltas:  16% (131/814)
Resolving deltas:  17% (139/814)
Resolving deltas:  18% (147/814)
Resolving deltas:  19% (155/814)
Resolving deltas:  20% (163/814)
Resolving deltas:  21% (171/814)
Resolving deltas:  22% (180/814)
Resolving deltas:  23% (188/814)
Resolving deltas:  24% (196/814)
Resolving deltas:  25% (204/814)
Resolving deltas:  26% (212/814)
Resolving deltas:  27% (220/814)
Resolving deltas:  28% (228/814)
Resolving deltas:  29% (237/814)
Resolving deltas:  30% (245/814)
Resolving deltas:  31% (253/814)
Resolving deltas:  32% (261/814)
Resolving deltas:  33% (269/814)
Resolving deltas:  34% (277/814)
Resolving deltas:  35% (285/814)
Resolving deltas:  36% (294/814)
Resolving deltas:  37% (302/814)
Resolving deltas:  38% (310/814)
Resolving deltas:  39% (318/814)
Resolving deltas:  40% (326/814)
Resolving deltas:  41% (334/814)
Resolving deltas:  42% (342/814)
Resolving deltas:  43% (351/814)
Resolving deltas:  44% (359/814)
Resolving deltas:  45% (367/814)
Resolving deltas:  46% (375/814)
Resolving deltas:  47% (383/814)
Resolving deltas:  48% (391/814)
Resolving deltas:  49% (399/814)
Resolving deltas:  50% (407/814)
Resolving deltas:  51% (416/814)
Resolving deltas:  52% (424/814)
Resolving deltas:  53% (432/814)
Resolving deltas:  54% (440/814)
Resolving deltas:  55% (448/814)
Resolving deltas:  56% (456/814)
Resolving deltas:  57% (464/814)
Resolving deltas:  58% (473/814)
Resolving deltas:  59% (482/814)
Resolving deltas:  60% (489/814)
Resolving deltas:  61% (498/814)
Resolving deltas:  62% (505/814)
Resolving deltas:  63% (513/814)
Resolving deltas:  64% (521/814)
Resolving deltas:  65% (530/814)
Resolving deltas:  66% (538/814)
Resolving deltas:  67% (546/814)
Resolving deltas:  68% (554/814)
Resolving deltas:  69% (562/814)
Resolving deltas:  70% (570/814)
Resolving deltas:  71% (578/814)
Resolving deltas:  72% (587/814)
Resolving deltas:  73% (595/814)
Resolving deltas:  74% (603/814)
Resolving deltas:  75% (611/814)
Resolving deltas:  76% (619/814)
Resolving deltas:  77% (627/814)
Resolving deltas:  78% (635/814)
Resolving deltas:  79% (644/814)
Resolving deltas:  80% (652/814)
Resolving deltas:  81% (660/814)
Resolving deltas:  82% (668/814)
Resolving deltas:  83% (676/814)
Resolving deltas:  84% (684/814)
Resolving deltas:  85% (692/814)
Resolving deltas:  86% (701/814)
Resolving deltas:  87% (709/814)
Resolving deltas:  88% (717/814)
Resolving deltas:  89% (725/814)
Resolving deltas:  90% (733/814)
Resolving deltas:  91% (741/814)
Resolving deltas:  92% (749/814)
Resolving deltas:  93% (758/814)
Resolving deltas:  94% (766/814)
Resolving deltas:  95% (774/814)
Resolving deltas:  96% (782/814)
Resolving deltas:  97% (790/814)
Resolving deltas:  98% (798/814)
Resolving deltas:  99% (806/814)
Resolving deltas: 100% (814/814)
Resolving deltas: 100% (814/814), done.
Updating files:  98% (2048/2089)
Updating files:  99% (2069/2089)
Updating files: 100% (2089/2089)
Updating files: 100% (2089/2089), done.

== Checking out commit hash 101bf8700a9adfe51b4bd49d4d37fc899f7518ef ==
<span style="color:#268BD2">&gt; /usr/bin/git reset --hard 101bf8700a9adfe51b4bd49d4d37fc899f7518ef</span>
HEAD is now at 101bf87 Lancer le test d'enquête sur VMLA-1350 par le relais, demande 22
