Receiving objects:  95% (3534/3720), 724.71 MiB | 1.93 MiB/s
remote: Total 3720 (delta 1290), reused 3427 (delta 1204), pack-reused 0 (from 0)        
Receiving objects:  96% (3572/3720), 724.71 MiB | 1.93 MiB/s
Receiving objects:  97% (3609/3720), 724.71 MiB | 1.93 MiB/s
Receiving objects:  98% (3646/3720), 724.71 MiB | 1.93 MiB/s
Receiving objects:  99% (3683/3720), 724.71 MiB | 1.93 MiB/s
Receiving objects: 100% (3720/3720), 724.71 MiB | 1.93 MiB/s
Receiving objects: 100% (3720/3720), 725.62 MiB | 2.89 MiB/s, done.
Resolving deltas:   0% (0/1290)
Resolving deltas:   1% (13/1290)
Resolving deltas:   2% (26/1290)
Resolving deltas:   3% (39/1290)
Resolving deltas:   4% (52/1290)
Resolving deltas:   5% (66/1290)
Resolving deltas:   6% (78/1290)
Resolving deltas:   7% (91/1290)
Resolving deltas:   8% (104/1290)
Resolving deltas:   9% (117/1290)
Resolving deltas:  10% (129/1290)
Resolving deltas:  11% (142/1290)
Resolving deltas:  12% (155/1290)
Resolving deltas:  13% (168/1290)
Resolving deltas:  14% (181/1290)
Resolving deltas:  15% (194/1290)
Resolving deltas:  16% (207/1290)
Resolving deltas:  17% (220/1290)
Resolving deltas:  18% (233/1290)
Resolving deltas:  19% (246/1290)
Resolving deltas:  20% (258/1290)
Resolving deltas:  21% (271/1290)
Resolving deltas:  22% (284/1290)
Resolving deltas:  23% (297/1290)
Resolving deltas:  24% (310/1290)
Resolving deltas:  25% (323/1290)
Resolving deltas:  26% (336/1290)
Resolving deltas:  27% (349/1290)
Resolving deltas:  28% (362/1290)
Resolving deltas:  29% (375/1290)
Resolving deltas:  30% (387/1290)
Resolving deltas:  31% (400/1290)
Resolving deltas:  32% (413/1290)
Resolving deltas:  33% (426/1290)
Resolving deltas:  34% (439/1290)
Resolving deltas:  35% (452/1290)
Resolving deltas:  36% (465/1290)
Resolving deltas:  37% (478/1290)
Resolving deltas:  38% (491/1290)
Resolving deltas:  39% (504/1290)
Resolving deltas:  40% (516/1290)
Resolving deltas:  41% (529/1290)
Resolving deltas:  42% (542/1290)
Resolving deltas:  43% (555/1290)
Resolving deltas:  44% (568/1290)
Resolving deltas:  45% (581/1290)
Resolving deltas:  46% (594/1290)
Resolving deltas:  47% (607/1290)
Resolving deltas:  48% (620/1290)
Resolving deltas:  49% (633/1290)
Resolving deltas:  50% (645/1290)
Resolving deltas:  51% (658/1290)
Resolving deltas:  52% (671/1290)
Resolving deltas:  53% (684/1290)
Resolving deltas:  54% (697/1290)
Resolving deltas:  55% (710/1290)
Resolving deltas:  56% (723/1290)
Resolving deltas:  57% (736/1290)
Resolving deltas:  58% (749/1290)
Resolving deltas:  59% (762/1290)
Resolving deltas:  60% (774/1290)
Resolving deltas:  61% (787/1290)
Resolving deltas:  62% (800/1290)
Resolving deltas:  63% (813/1290)
Resolving deltas:  64% (826/1290)
Resolving deltas:  65% (839/1290)
Resolving deltas:  66% (852/1290)
Resolving deltas:  67% (865/1290)
Resolving deltas:  68% (878/1290)
Resolving deltas:  69% (891/1290)
Resolving deltas:  70% (903/1290)
Resolving deltas:  71% (916/1290)
Resolving deltas:  72% (929/1290)
Resolving deltas:  73% (942/1290)
Resolving deltas:  74% (955/1290)
Resolving deltas:  75% (968/1290)
Resolving deltas:  76% (982/1290)
Resolving deltas:  77% (994/1290)
Resolving deltas:  78% (1007/1290)
Resolving deltas:  79% (1020/1290)
Resolving deltas:  80% (1032/1290)
Resolving deltas:  81% (1045/1290)
Resolving deltas:  82% (1058/1290)
Resolving deltas:  83% (1071/1290)
Resolving deltas:  84% (1084/1290)
Resolving deltas:  85% (1097/1290)
Resolving deltas:  86% (1110/1290)
Resolving deltas:  87% (1123/1290)
Resolving deltas:  88% (1136/1290)
Resolving deltas:  89% (1149/1290)
Resolving deltas:  90% (1161/1290)
Resolving deltas:  91% (1174/1290)
Resolving deltas:  92% (1187/1290)
Resolving deltas:  93% (1200/1290)
Resolving deltas:  94% (1213/1290)
Resolving deltas:  95% (1226/1290)
Resolving deltas:  96% (1239/1290)
Resolving deltas:  97% (1252/1290)
Resolving deltas:  98% (1265/1290)
Resolving deltas:  99% (1278/1290)
Resolving deltas: 100% (1290/1290)
Resolving deltas: 100% (1290/1290), done.
Updating files:  21% (670/3180)
Updating files:  22% (700/3180)
Updating files:  23% (732/3180)
Updating files:  24% (764/3180)
Updating files:  25% (795/3180)
Updating files:  26% (827/3180)
Updating files:  27% (859/3180)
Updating files:  28% (891/3180)
Updating files:  29% (923/3180)
Updating files:  30% (954/3180)
Updating files:  31% (986/3180)
Updating files:  31% (1010/3180)
Updating files:  32% (1018/3180)
Updating files:  33% (1050/3180)
Updating files:  34% (1082/3180)
Updating files:  35% (1113/3180)
Updating files:  36% (1145/3180)
Updating files:  37% (1177/3180)
Updating files:  38% (1209/3180)
Updating files:  39% (1241/3180)
Updating files:  40% (1272/3180)
Updating files:  40% (1298/3180)
Updating files:  41% (1304/3180)
Updating files:  42% (1336/3180)
Updating files:  43% (1368/3180)
Updating files:  43% (1385/3180)
Updating files:  44% (1400/3180)
Updating files:  45% (1431/3180)
Updating files:  46% (1463/3180)
Updating files:  47% (1495/3180)
Updating files:  48% (1527/3180)
Updating files:  49% (1559/3180)
Updating files:  49% (1584/3180)
Updating files:  50% (1590/3180)
Updating files:  51% (1622/3180)
Updating files:  52% (1654/3180)
Updating files:  53% (1686/3180)
Updating files:  54% (1718/3180)
Updating files:  55% (1749/3180)
Updating files:  56% (1781/3180)
Updating files:  57% (1813/3180)
Updating files:  58% (1845/3180)
Updating files:  59% (1877/3180)
Updating files:  60% (1908/3180)
Updating files:  61% (1940/3180)
Updating files:  62% (1972/3180)
Updating files:  63% (2004/3180)
Updating files:  64% (2036/3180)
Updating files:  64% (2042/3180)
Updating files:  65% (2067/3180)
Updating files:  66% (2099/3180)
Updating files:  67% (2131/3180)
Updating files:  68% (2163/3180)
Updating files:  69% (2195/3180)
Updating files:  70% (2226/3180)
Updating files:  71% (2258/3180)
Updating files:  72% (2290/3180)
Updating files:  73% (2322/3180)
Updating files:  74% (2354/3180)
Updating files:  75% (2385/3180)
Updating files:  76% (2417/3180)
Updating files:  77% (2449/3180)
Updating files:  78% (2481/3180)
Updating files:  79% (2513/3180)
Updating files:  80% (2544/3180)
Updating files:  81% (2576/3180)
Updating files:  82% (2608/3180)
Updating files:  83% (2640/3180)
Updating files:  84% (2672/3180)
Updating files:  85% (2703/3180)
Updating files:  86% (2735/3180)
Updating files:  87% (2767/3180)
Updating files:  88% (2799/3180)
Updating files:  89% (2831/3180)
Updating files:  90% (2862/3180)
Updating files:  91% (2894/3180)
Updating files:  92% (2926/3180)
Updating files:  93% (2958/3180)
Updating files:  94% (2990/3180)
Updating files:  95% (3021/3180)
Updating files:  96% (3053/3180)
Updating files:  97% (3085/3180)
Updating files:  98% (3117/3180)
Updating files:  99% (3149/3180)
Updating files: 100% (3180/3180)
Updating files: 100% (3180/3180), done.

== Checking out commit hash 8b8c398b142b574697dcbfc32c5547340c846060 ==
<span style="color:#268BD2">&gt; /usr/bin/git reset --hard 8b8c398b142b574697dcbfc32c5547340c846060</span>
HEAD is now at 8b8c398 Relais, demande 82 : test 11, agent du monde à deux, seconde tranche de mesure (reprise après 136 vies)
