Receiving objects:  74% (2318/3132), 302.54 MiB | 59.93 MiB/s
Receiving objects:  75% (2349/3132), 302.54 MiB | 59.93 MiB/s
Receiving objects:  76% (2381/3132), 302.54 MiB | 59.93 MiB/s
Receiving objects:  77% (2412/3132), 302.54 MiB | 59.93 MiB/s
Receiving objects:  78% (2443/3132), 302.54 MiB | 59.93 MiB/s
Receiving objects:  79% (2475/3132), 302.54 MiB | 59.93 MiB/s
Receiving objects:  80% (2506/3132), 302.54 MiB | 59.93 MiB/s
Receiving objects:  81% (2537/3132), 302.54 MiB | 59.93 MiB/s
Receiving objects:  82% (2569/3132), 302.54 MiB | 59.93 MiB/s
Receiving objects:  83% (2600/3132), 302.54 MiB | 59.93 MiB/s
Receiving objects:  84% (2631/3132), 302.54 MiB | 59.93 MiB/s
Receiving objects:  85% (2663/3132), 302.54 MiB | 59.93 MiB/s
Receiving objects:  86% (2694/3132), 302.54 MiB | 59.93 MiB/s
Receiving objects:  87% (2725/3132), 302.54 MiB | 59.93 MiB/s
Receiving objects:  88% (2757/3132), 302.54 MiB | 59.93 MiB/s
Receiving objects:  89% (2788/3132), 302.54 MiB | 59.93 MiB/s
Receiving objects:  90% (2819/3132), 302.54 MiB | 59.93 MiB/s
Receiving objects:  91% (2851/3132), 302.54 MiB | 59.93 MiB/s
remote: Total 3132 (delta 1112), reused 2942 (delta 1098), pack-reused 0 (from 0)        
Receiving objects:  92% (2882/3132), 302.54 MiB | 59.93 MiB/s
Receiving objects:  93% (2913/3132), 302.54 MiB | 59.93 MiB/s
Receiving objects:  94% (2945/3132), 302.54 MiB | 59.93 MiB/s
Receiving objects:  95% (2976/3132), 302.54 MiB | 59.93 MiB/s
Receiving objects:  96% (3007/3132), 302.54 MiB | 59.93 MiB/s
Receiving objects:  97% (3039/3132), 302.54 MiB | 59.93 MiB/s
Receiving objects:  98% (3070/3132), 302.54 MiB | 59.93 MiB/s
Receiving objects:  99% (3101/3132), 302.54 MiB | 59.93 MiB/s
Receiving objects: 100% (3132/3132), 302.54 MiB | 59.93 MiB/s
Receiving objects: 100% (3132/3132), 322.17 MiB | 55.05 MiB/s, done.
Resolving deltas:   0% (0/1112)
Resolving deltas:   1% (12/1112)
Resolving deltas:   2% (23/1112)
Resolving deltas:   3% (34/1112)
Resolving deltas:   4% (45/1112)
Resolving deltas:   5% (56/1112)
Resolving deltas:   6% (67/1112)
Resolving deltas:   7% (79/1112)
Resolving deltas:   8% (89/1112)
Resolving deltas:   9% (101/1112)
Resolving deltas:  10% (112/1112)
Resolving deltas:  11% (123/1112)
Resolving deltas:  12% (134/1112)
Resolving deltas:  13% (145/1112)
Resolving deltas:  14% (156/1112)
Resolving deltas:  15% (167/1112)
Resolving deltas:  16% (178/1112)
Resolving deltas:  17% (190/1112)
Resolving deltas:  18% (201/1112)
Resolving deltas:  19% (212/1112)
Resolving deltas:  20% (224/1112)
Resolving deltas:  21% (234/1112)
Resolving deltas:  22% (245/1112)
Resolving deltas:  23% (256/1112)
Resolving deltas:  24% (267/1112)
Resolving deltas:  25% (278/1112)
Resolving deltas:  26% (290/1112)
Resolving deltas:  27% (301/1112)
Resolving deltas:  28% (312/1112)
Resolving deltas:  29% (323/1112)
Resolving deltas:  30% (334/1112)
Resolving deltas:  31% (345/1112)
Resolving deltas:  32% (356/1112)
Resolving deltas:  33% (367/1112)
Resolving deltas:  34% (379/1112)
Resolving deltas:  35% (390/1112)
Resolving deltas:  36% (401/1112)
Resolving deltas:  37% (413/1112)
Resolving deltas:  38% (423/1112)
Resolving deltas:  39% (435/1112)
Resolving deltas:  40% (445/1112)
Resolving deltas:  41% (456/1112)
Resolving deltas:  42% (468/1112)
Resolving deltas:  43% (479/1112)
Resolving deltas:  44% (490/1112)
Resolving deltas:  45% (501/1112)
Resolving deltas:  46% (512/1112)
Resolving deltas:  47% (523/1112)
Resolving deltas:  48% (534/1112)
Resolving deltas:  49% (545/1112)
Resolving deltas:  50% (556/1112)
Resolving deltas:  51% (568/1112)
Resolving deltas:  52% (579/1112)
Resolving deltas:  53% (590/1112)
Resolving deltas:  54% (601/1112)
Resolving deltas:  55% (613/1112)
Resolving deltas:  56% (623/1112)
Resolving deltas:  57% (634/1112)
Resolving deltas:  58% (645/1112)
Resolving deltas:  59% (657/1112)
Resolving deltas:  60% (668/1112)
Resolving deltas:  61% (679/1112)
Resolving deltas:  62% (690/1112)
Resolving deltas:  63% (701/1112)
Resolving deltas:  64% (712/1112)
Resolving deltas:  65% (723/1112)
Resolving deltas:  66% (734/1112)
Resolving deltas:  67% (746/1112)
Resolving deltas:  68% (757/1112)
Resolving deltas:  69% (768/1112)
Resolving deltas:  70% (779/1112)
Resolving deltas:  71% (790/1112)
Resolving deltas:  72% (801/1112)
Resolving deltas:  73% (812/1112)
Resolving deltas:  74% (823/1112)
Resolving deltas:  75% (834/1112)
Resolving deltas:  76% (846/1112)
Resolving deltas:  77% (858/1112)
Resolving deltas:  78% (868/1112)
Resolving deltas:  79% (879/1112)
Resolving deltas:  80% (890/1112)
Resolving deltas:  81% (901/1112)
Resolving deltas:  82% (912/1112)
Resolving deltas:  83% (923/1112)
Resolving deltas:  84% (935/1112)
Resolving deltas:  85% (946/1112)
Resolving deltas:  86% (957/1112)
Resolving deltas:  87% (968/1112)
Resolving deltas:  88% (979/1112)
Resolving deltas:  89% (990/1112)
Resolving deltas:  90% (1001/1112)
Resolving deltas:  91% (1012/1112)
Resolving deltas:  92% (1024/1112)
Resolving deltas:  93% (1035/1112)
Resolving deltas:  94% (1046/1112)
Resolving deltas:  95% (1057/1112)
Resolving deltas:  96% (1068/1112)
Resolving deltas:  97% (1079/1112)
Resolving deltas:  98% (1090/1112)
Resolving deltas:  99% (1101/1112)
Resolving deltas: 100% (1112/1112)
Resolving deltas: 100% (1112/1112), done.
Updating files:  37% (984/2594)
Updating files:  38% (986/2594)
Updating files:  39% (1012/2594)
Updating files:  40% (1038/2594)
Updating files:  41% (1064/2594)
Updating files:  42% (1090/2594)
Updating files:  43% (1116/2594)
Updating files:  44% (1142/2594)
Updating files:  45% (1168/2594)
Updating files:  46% (1194/2594)
Updating files:  47% (1220/2594)
Updating files:  48% (1246/2594)
Updating files:  49% (1272/2594)
Updating files:  50% (1297/2594)
Updating files:  51% (1323/2594)
Updating files:  52% (1349/2594)
Updating files:  53% (1375/2594)
Updating files:  54% (1401/2594)
Updating files:  55% (1427/2594)
Updating files:  56% (1453/2594)
Updating files:  57% (1479/2594)
Updating files:  58% (1505/2594)
Updating files:  59% (1531/2594)
Updating files:  60% (1557/2594)
Updating files:  61% (1583/2594)
Updating files:  62% (1609/2594)
Updating files:  63% (1635/2594)
Updating files:  64% (1661/2594)
Updating files:  65% (1687/2594)
Updating files:  66% (1713/2594)
Updating files:  67% (1738/2594)
Updating files:  68% (1764/2594)
Updating files:  69% (1790/2594)
Updating files:  70% (1816/2594)
Updating files:  71% (1842/2594)
Updating files:  72% (1868/2594)
Updating files:  73% (1894/2594)
Updating files:  74% (1920/2594)
Updating files:  75% (1946/2594)
Updating files:  76% (1972/2594)
Updating files:  77% (1998/2594)
Updating files:  78% (2024/2594)
Updating files:  79% (2050/2594)
Updating files:  80% (2076/2594)
Updating files:  81% (2102/2594)
Updating files:  82% (2128/2594)
Updating files:  83% (2154/2594)
Updating files:  84% (2179/2594)
Updating files:  85% (2205/2594)
Updating files:  86% (2231/2594)
Updating files:  87% (2257/2594)
Updating files:  88% (2283/2594)
Updating files:  89% (2309/2594)
Updating files:  90% (2335/2594)
Updating files:  91% (2361/2594)
Updating files:  92% (2387/2594)
Updating files:  93% (2413/2594)
Updating files:  94% (2439/2594)
Updating files:  95% (2465/2594)
Updating files:  96% (2491/2594)
Updating files:  97% (2517/2594)
Updating files:  98% (2543/2594)
Updating files:  99% (2569/2594)
Updating files: 100% (2594/2594)
Updating files: 100% (2594/2594), done.

== Checking out commit hash f3ba10b90e5bdab009eb729182b27f658da17f5a ==
<span style="color:#268BD2">&gt; /usr/bin/git reset --hard f3ba10b90e5bdab009eb729182b27f658da17f5a</span>
HEAD is now at f3ba10b Relais, demande 42 : relancer seul le témoin (tours 1 à 4), annulé deux fois avant son départ
