Receiving objects:  11% (236/2138), 2.90 MiB | 5.79 MiB/s
Receiving objects:  12% (257/2138), 2.90 MiB | 5.79 MiB/s
Receiving objects:  13% (278/2138), 2.90 MiB | 5.79 MiB/s
Receiving objects:  14% (300/2138), 2.90 MiB | 5.79 MiB/s
Receiving objects:  15% (321/2138), 2.90 MiB | 5.79 MiB/s
Receiving objects:  16% (343/2138), 2.90 MiB | 5.79 MiB/s
Receiving objects:  17% (364/2138), 2.90 MiB | 5.79 MiB/s
Receiving objects:  18% (385/2138), 2.90 MiB | 5.79 MiB/s
Receiving objects:  19% (407/2138), 2.90 MiB | 5.79 MiB/s
Receiving objects:  20% (428/2138), 2.90 MiB | 5.79 MiB/s
Receiving objects:  21% (449/2138), 2.90 MiB | 5.79 MiB/s
Receiving objects:  22% (471/2138), 2.90 MiB | 5.79 MiB/s
Receiving objects:  23% (492/2138), 2.90 MiB | 5.79 MiB/s
Receiving objects:  24% (514/2138), 2.90 MiB | 5.79 MiB/s
Receiving objects:  25% (535/2138), 2.90 MiB | 5.79 MiB/s
Receiving objects:  26% (556/2138), 2.90 MiB | 5.79 MiB/s
Receiving objects:  26% (563/2138), 15.54 MiB | 15.54 MiB/s
Receiving objects:  27% (578/2138), 15.54 MiB | 15.54 MiB/s
Receiving objects:  28% (599/2138), 15.54 MiB | 15.54 MiB/s
Receiving objects:  29% (621/2138), 15.54 MiB | 15.54 MiB/s
Receiving objects:  30% (642/2138), 15.54 MiB | 15.54 MiB/s
Receiving objects:  31% (663/2138), 26.98 MiB | 17.98 MiB/s
Receiving objects:  32% (685/2138), 26.98 MiB | 17.98 MiB/s
Receiving objects:  33% (706/2138), 26.98 MiB | 17.98 MiB/s
Receiving objects:  34% (727/2138), 26.98 MiB | 17.98 MiB/s
Receiving objects:  35% (749/2138), 26.98 MiB | 17.98 MiB/s
Receiving objects:  36% (770/2138), 26.98 MiB | 17.98 MiB/s
Receiving objects:  36% (771/2138), 39.00 MiB | 19.49 MiB/s
Receiving objects:  37% (792/2138), 39.00 MiB | 19.49 MiB/s
Receiving objects:  38% (813/2138), 39.00 MiB | 19.49 MiB/s
Receiving objects:  39% (834/2138), 39.00 MiB | 19.49 MiB/s
Receiving objects:  40% (856/2138), 39.00 MiB | 19.49 MiB/s
Receiving objects:  41% (877/2138), 39.00 MiB | 19.49 MiB/s
Receiving objects:  42% (898/2138), 39.00 MiB | 19.49 MiB/s
Receiving objects:  43% (920/2138), 39.00 MiB | 19.49 MiB/s
Receiving objects:  44% (941/2138), 39.00 MiB | 19.49 MiB/s
Receiving objects:  45% (963/2138), 39.00 MiB | 19.49 MiB/s
Receiving objects:  46% (984/2138), 39.00 MiB | 19.49 MiB/s
Receiving objects:  47% (1005/2138), 39.00 MiB | 19.49 MiB/s
Receiving objects:  48% (1027/2138), 39.00 MiB | 19.49 MiB/s
Receiving objects:  49% (1048/2138), 39.00 MiB | 19.49 MiB/s
Receiving objects:  50% (1069/2138), 39.00 MiB | 19.49 MiB/s
Receiving objects:  51% (1091/2138), 39.00 MiB | 19.49 MiB/s
Receiving objects:  52% (1112/2138), 39.00 MiB | 19.49 MiB/s
Receiving objects:  53% (1134/2138), 39.00 MiB | 19.49 MiB/s
Receiving objects:  54% (1155/2138), 39.00 MiB | 19.49 MiB/s
Receiving objects:  55% (1176/2138), 39.00 MiB | 19.49 MiB/s
Receiving objects:  56% (1198/2138), 39.00 MiB | 19.49 MiB/s
Receiving objects:  57% (1219/2138), 39.00 MiB | 19.49 MiB/s
Receiving objects:  58% (1241/2138), 39.00 MiB | 19.49 MiB/s
Receiving objects:  59% (1262/2138), 39.00 MiB | 19.49 MiB/s
Receiving objects:  60% (1283/2138), 39.00 MiB | 19.49 MiB/s
Receiving objects:  61% (1305/2138), 39.00 MiB | 19.49 MiB/s
Receiving objects:  62% (1326/2138), 39.00 MiB | 19.49 MiB/s
Receiving objects:  63% (1347/2138), 39.00 MiB | 19.49 MiB/s
Receiving objects:  64% (1369/2138), 39.00 MiB | 19.49 MiB/s
Receiving objects:  65% (1390/2138), 39.00 MiB | 19.49 MiB/s
Receiving objects:  66% (1412/2138), 39.00 MiB | 19.49 MiB/s
Receiving objects:  67% (1433/2138), 39.00 MiB | 19.49 MiB/s
Receiving objects:  68% (1454/2138), 39.00 MiB | 19.49 MiB/s
Receiving objects:  69% (1476/2138), 39.00 MiB | 19.49 MiB/s
Receiving objects:  70% (1497/2138), 39.00 MiB | 19.49 MiB/s
Receiving objects:  71% (1518/2138), 39.00 MiB | 19.49 MiB/s
Receiving objects:  72% (1540/2138), 39.00 MiB | 19.49 MiB/s
Receiving objects:  73% (1561/2138), 39.00 MiB | 19.49 MiB/s
Receiving objects:  74% (1583/2138), 39.00 MiB | 19.49 MiB/s
Receiving objects:  75% (1604/2138), 39.00 MiB | 19.49 MiB/s
Receiving objects:  76% (1625/2138), 39.00 MiB | 19.49 MiB/s
Receiving objects:  77% (1647/2138), 39.00 MiB | 19.49 MiB/s
Receiving objects:  78% (1668/2138), 39.00 MiB | 19.49 MiB/s
Receiving objects:  79% (1690/2138), 39.00 MiB | 19.49 MiB/s
Receiving objects:  80% (1711/2138), 39.00 MiB | 19.49 MiB/s
Receiving objects:  81% (1732/2138), 39.00 MiB | 19.49 MiB/s
Receiving objects:  82% (1754/2138), 39.00 MiB | 19.49 MiB/s
Receiving objects:  83% (1775/2138), 39.00 MiB | 19.49 MiB/s
Receiving objects:  84% (1796/2138), 39.00 MiB | 19.49 MiB/s
Receiving objects:  85% (1818/2138), 39.00 MiB | 19.49 MiB/s
Receiving objects:  86% (1839/2138), 39.00 MiB | 19.49 MiB/s
Receiving objects:  87% (1861/2138), 39.00 MiB | 19.49 MiB/s
Receiving objects:  88% (1882/2138), 51.11 MiB | 20.44 MiB/s
Receiving objects:  89% (1903/2138), 51.11 MiB | 20.44 MiB/s
remote: Total 2138 (delta 618), reused 1972 (delta 579), pack-reused 0 (from 0)        
Receiving objects:  90% (1925/2138), 51.11 MiB | 20.44 MiB/s
Receiving objects:  91% (1946/2138), 51.11 MiB | 20.44 MiB/s
Receiving objects:  92% (1967/2138), 51.11 MiB | 20.44 MiB/s
Receiving objects:  93% (1989/2138), 51.11 MiB | 20.44 MiB/s
Receiving objects:  94% (2010/2138), 51.11 MiB | 20.44 MiB/s
Receiving objects:  95% (2032/2138), 51.11 MiB | 20.44 MiB/s
Receiving objects:  96% (2053/2138), 51.11 MiB | 20.44 MiB/s
Receiving objects:  97% (2074/2138), 51.11 MiB | 20.44 MiB/s
Receiving objects:  98% (2096/2138), 51.11 MiB | 20.44 MiB/s
Receiving objects:  99% (2117/2138), 51.11 MiB | 20.44 MiB/s
Receiving objects: 100% (2138/2138), 51.11 MiB | 20.44 MiB/s
Receiving objects: 100% (2138/2138), 51.22 MiB | 20.46 MiB/s, done.
Resolving deltas:   0% (0/618)
Resolving deltas:   1% (7/618)
Resolving deltas:   2% (13/618)
Resolving deltas:   3% (19/618)
Resolving deltas:   4% (25/618)
Resolving deltas:   5% (31/618)
Resolving deltas:   6% (38/618)
Resolving deltas:   7% (44/618)
Resolving deltas:   8% (50/618)
Resolving deltas:   9% (57/618)
Resolving deltas:  10% (62/618)
Resolving deltas:  11% (68/618)
Resolving deltas:  12% (75/618)
Resolving deltas:  13% (81/618)
Resolving deltas:  14% (87/618)
Resolving deltas:  15% (93/618)
Resolving deltas:  16% (99/618)
Resolving deltas:  17% (106/618)
Resolving deltas:  18% (112/618)
Resolving deltas:  19% (118/618)
Resolving deltas:  20% (124/618)
Resolving deltas:  21% (130/618)
Resolving deltas:  22% (136/618)
Resolving deltas:  23% (144/618)
Resolving deltas:  24% (149/618)
Resolving deltas:  25% (155/618)
Resolving deltas:  26% (161/618)
Resolving deltas:  27% (167/618)
Resolving deltas:  28% (174/618)
Resolving deltas:  29% (180/618)
Resolving deltas:  30% (187/618)
Resolving deltas:  31% (192/618)
Resolving deltas:  32% (198/618)
Resolving deltas:  33% (204/618)
Resolving deltas:  34% (211/618)
Resolving deltas:  35% (217/618)
Resolving deltas:  36% (223/618)
Resolving deltas:  37% (229/618)
Resolving deltas:  38% (235/618)
Resolving deltas:  39% (242/618)
Resolving deltas:  40% (248/618)
Resolving deltas:  41% (254/618)
Resolving deltas:  42% (260/618)
Resolving deltas:  43% (266/618)
Resolving deltas:  44% (272/618)
Resolving deltas:  45% (279/618)
Resolving deltas:  46% (285/618)
Resolving deltas:  47% (291/618)
Resolving deltas:  48% (297/618)
Resolving deltas:  49% (303/618)
Resolving deltas:  50% (309/618)
Resolving deltas:  51% (316/618)
Resolving deltas:  52% (322/618)
Resolving deltas:  53% (328/618)
Resolving deltas:  54% (334/618)
Resolving deltas:  55% (340/618)
Resolving deltas:  56% (347/618)
Resolving deltas:  57% (353/618)
Resolving deltas:  58% (360/618)
Resolving deltas:  59% (365/618)
Resolving deltas:  60% (371/618)
Resolving deltas:  61% (377/618)
Resolving deltas:  62% (384/618)
Resolving deltas:  63% (390/618)
Resolving deltas:  64% (396/618)
Resolving deltas:  65% (402/618)
Resolving deltas:  66% (408/618)
Resolving deltas:  67% (415/618)
Resolving deltas:  68% (421/618)
Resolving deltas:  69% (427/618)
Resolving deltas:  70% (433/618)
Resolving deltas:  71% (439/618)
Resolving deltas:  72% (445/618)
Resolving deltas:  73% (452/618)
Resolving deltas:  74% (458/618)
Resolving deltas:  75% (464/618)
Resolving deltas:  76% (470/618)
Resolving deltas:  77% (476/618)
Resolving deltas:  78% (483/618)
Resolving deltas:  79% (489/618)
Resolving deltas:  80% (495/618)
Resolving deltas:  81% (501/618)
Resolving deltas:  82% (507/618)
Resolving deltas:  83% (513/618)
Resolving deltas:  84% (520/618)
Resolving deltas:  85% (526/618)
Resolving deltas:  86% (532/618)
Resolving deltas:  87% (538/618)
Resolving deltas:  88% (544/618)
Resolving deltas:  89% (551/618)
Resolving deltas:  90% (557/618)
Resolving deltas:  91% (563/618)
Resolving deltas:  92% (569/618)
Resolving deltas:  93% (575/618)
Resolving deltas:  94% (581/618)
Resolving deltas:  95% (588/618)
Resolving deltas:  96% (594/618)
Resolving deltas:  97% (600/618)
Resolving deltas:  98% (606/618)
Resolving deltas:  99% (612/618)
Resolving deltas: 100% (618/618)
Resolving deltas: 100% (618/618), done.

== Checking out commit hash d730c8c714ecbbdd8ba64eb86f0ee6d5f5ff57ad ==
<span style="color:#268BD2">&gt; /usr/bin/git reset --hard d730c8c714ecbbdd8ba64eb86f0ee6d5f5ff57ad</span>
HEAD is now at d730c8c Récupérer les artefacts Codemagic demandés dans .github/codemagic-fetch.json
