Receiving objects:  37% (614/1659), 32.76 MiB | 3.88 MiB/s
Receiving objects:  37% (624/1659), 33.87 MiB | 3.71 MiB/s
Receiving objects:  38% (631/1659), 34.55 MiB | 3.43 MiB/s
Receiving objects:  38% (641/1659), 35.25 MiB | 3.17 MiB/s
Receiving objects:  39% (648/1659), 35.93 MiB | 2.95 MiB/s
Receiving objects:  39% (652/1659), 36.52 MiB | 2.67 MiB/s
Receiving objects:  39% (662/1659), 37.89 MiB | 2.05 MiB/s
Receiving objects:  40% (664/1659), 37.89 MiB | 2.05 MiB/s
Receiving objects:  40% (670/1659), 39.68 MiB | 1.49 MiB/s
Receiving objects:  41% (681/1659), 40.50 MiB | 1.43 MiB/s
Receiving objects:  41% (694/1659), 41.49 MiB | 1.49 MiB/s
Receiving objects:  42% (697/1659), 42.32 MiB | 1.52 MiB/s
Receiving objects:  42% (699/1659), 43.07 MiB | 1.54 MiB/s
Receiving objects:  43% (714/1659), 43.07 MiB | 1.54 MiB/s
Receiving objects:  44% (730/1659), 43.79 MiB | 1.57 MiB/s
Receiving objects:  44% (737/1659), 44.32 MiB | 1.54 MiB/s
Receiving objects:  45% (747/1659), 44.32 MiB | 1.54 MiB/s
Receiving objects:  46% (764/1659), 44.32 MiB | 1.54 MiB/s
Receiving objects:  47% (780/1659), 44.32 MiB | 1.54 MiB/s
Receiving objects:  48% (797/1659), 44.95 MiB | 1.53 MiB/s
Receiving objects:  49% (813/1659), 44.95 MiB | 1.53 MiB/s
Receiving objects:  50% (830/1659), 44.95 MiB | 1.53 MiB/s
Receiving objects:  51% (847/1659), 44.95 MiB | 1.53 MiB/s
Receiving objects:  52% (863/1659), 44.95 MiB | 1.53 MiB/s
Receiving objects:  53% (880/1659), 44.95 MiB | 1.53 MiB/s
Receiving objects:  54% (896/1659), 44.95 MiB | 1.53 MiB/s
Receiving objects:  55% (913/1659), 44.95 MiB | 1.53 MiB/s
Receiving objects:  56% (930/1659), 44.95 MiB | 1.53 MiB/s
Receiving objects:  57% (946/1659), 44.95 MiB | 1.53 MiB/s
Receiving objects:  58% (963/1659), 44.95 MiB | 1.53 MiB/s
Receiving objects:  58% (963/1659), 45.79 MiB | 1.53 MiB/s
Receiving objects:  59% (979/1659), 45.79 MiB | 1.53 MiB/s
Receiving objects:  60% (996/1659), 45.79 MiB | 1.53 MiB/s
Receiving objects:  61% (1012/1659), 45.79 MiB | 1.53 MiB/s
Receiving objects:  62% (1029/1659), 45.79 MiB | 1.53 MiB/s
Receiving objects:  63% (1046/1659), 45.79 MiB | 1.53 MiB/s
Receiving objects:  64% (1062/1659), 45.79 MiB | 1.53 MiB/s
Receiving objects:  65% (1079/1659), 45.79 MiB | 1.53 MiB/s
Receiving objects:  66% (1095/1659), 45.79 MiB | 1.53 MiB/s
Receiving objects:  67% (1112/1659), 45.79 MiB | 1.53 MiB/s
Receiving objects:  68% (1129/1659), 46.50 MiB | 1.47 MiB/s
Receiving objects:  69% (1145/1659), 46.50 MiB | 1.47 MiB/s
Receiving objects:  70% (1162/1659), 46.50 MiB | 1.47 MiB/s
Receiving objects:  71% (1178/1659), 46.50 MiB | 1.47 MiB/s
Receiving objects:  72% (1195/1659), 46.50 MiB | 1.47 MiB/s
Receiving objects:  73% (1212/1659), 46.50 MiB | 1.47 MiB/s
Receiving objects:  74% (1228/1659), 46.50 MiB | 1.47 MiB/s
Receiving objects:  75% (1245/1659), 46.50 MiB | 1.47 MiB/s
Receiving objects:  76% (1261/1659), 46.50 MiB | 1.47 MiB/s
Receiving objects:  77% (1278/1659), 46.50 MiB | 1.47 MiB/s
Receiving objects:  78% (1295/1659), 46.50 MiB | 1.47 MiB/s
Receiving objects:  79% (1311/1659), 46.50 MiB | 1.47 MiB/s
Receiving objects:  80% (1328/1659), 46.50 MiB | 1.47 MiB/s
Receiving objects:  81% (1344/1659), 46.50 MiB | 1.47 MiB/s
Receiving objects:  82% (1361/1659), 46.50 MiB | 1.47 MiB/s
Receiving objects:  83% (1377/1659), 46.50 MiB | 1.47 MiB/s
Receiving objects:  84% (1394/1659), 46.50 MiB | 1.47 MiB/s
Receiving objects:  85% (1411/1659), 46.50 MiB | 1.47 MiB/s
Receiving objects:  86% (1427/1659), 46.50 MiB | 1.47 MiB/s
Receiving objects:  87% (1444/1659), 46.50 MiB | 1.47 MiB/s
Receiving objects:  88% (1460/1659), 46.50 MiB | 1.47 MiB/s
Receiving objects:  89% (1477/1659), 46.50 MiB | 1.47 MiB/s
Receiving objects:  89% (1487/1659), 46.50 MiB | 1.47 MiB/s
Receiving objects:  90% (1494/1659), 46.50 MiB | 1.47 MiB/s
Receiving objects:  91% (1510/1659), 46.50 MiB | 1.47 MiB/s
Receiving objects:  92% (1527/1659), 46.50 MiB | 1.47 MiB/s
Receiving objects:  93% (1543/1659), 46.50 MiB | 1.47 MiB/s
Receiving objects:  94% (1560/1659), 46.50 MiB | 1.47 MiB/s
Receiving objects:  95% (1577/1659), 47.43 MiB | 1.50 MiB/s
Receiving objects:  96% (1593/1659), 47.43 MiB | 1.50 MiB/s
Receiving objects:  97% (1610/1659), 47.43 MiB | 1.50 MiB/s
Receiving objects:  98% (1626/1659), 47.43 MiB | 1.50 MiB/s
Receiving objects:  99% (1643/1659), 47.43 MiB | 1.50 MiB/s
remote: Total 1659 (delta 304), reused 1516 (delta 291), pack-reused 0 (from 0)        
Receiving objects: 100% (1659/1659), 47.43 MiB | 1.50 MiB/s
Receiving objects: 100% (1659/1659), 47.56 MiB | 2.63 MiB/s, done.
Resolving deltas:   0% (0/304)
Resolving deltas:   1% (4/304)
Resolving deltas:   2% (7/304)
Resolving deltas:   3% (10/304)
Resolving deltas:   4% (13/304)
Resolving deltas:   5% (16/304)
Resolving deltas:   6% (19/304)
Resolving deltas:   7% (22/304)
Resolving deltas:   8% (25/304)
Resolving deltas:   9% (28/304)
Resolving deltas:  10% (31/304)
Resolving deltas:  11% (35/304)
Resolving deltas:  12% (37/304)
Resolving deltas:  13% (40/304)
Resolving deltas:  14% (43/304)
Resolving deltas:  15% (46/304)
Resolving deltas:  16% (49/304)
Resolving deltas:  17% (52/304)
Resolving deltas:  18% (55/304)
Resolving deltas:  19% (58/304)
Resolving deltas:  20% (61/304)
Resolving deltas:  21% (64/304)
Resolving deltas:  22% (67/304)
Resolving deltas:  23% (70/304)
Resolving deltas:  24% (73/304)
Resolving deltas:  25% (76/304)
Resolving deltas:  26% (80/304)
Resolving deltas:  27% (83/304)
Resolving deltas:  28% (86/304)
Resolving deltas:  29% (89/304)
Resolving deltas:  30% (92/304)
Resolving deltas:  31% (95/304)
Resolving deltas:  32% (98/304)
Resolving deltas:  33% (101/304)
Resolving deltas:  34% (104/304)
Resolving deltas:  35% (107/304)
Resolving deltas:  36% (110/304)
Resolving deltas:  37% (113/304)
Resolving deltas:  38% (116/304)
Resolving deltas:  39% (119/304)
Resolving deltas:  40% (122/304)
Resolving deltas:  41% (125/304)
Resolving deltas:  42% (128/304)
Resolving deltas:  43% (131/304)
Resolving deltas:  44% (134/304)
Resolving deltas:  45% (137/304)
Resolving deltas:  46% (140/304)
Resolving deltas:  47% (143/304)
Resolving deltas:  48% (146/304)
Resolving deltas:  49% (149/304)
Resolving deltas:  50% (152/304)
Resolving deltas:  51% (156/304)
Resolving deltas:  52% (159/304)
Resolving deltas:  53% (162/304)
Resolving deltas:  54% (165/304)
Resolving deltas:  55% (168/304)
Resolving deltas:  56% (171/304)
Resolving deltas:  57% (174/304)
Resolving deltas:  58% (177/304)
Resolving deltas:  59% (180/304)
Resolving deltas:  60% (183/304)
Resolving deltas:  61% (186/304)
Resolving deltas:  62% (189/304)
Resolving deltas:  63% (192/304)
Resolving deltas:  64% (195/304)
Resolving deltas:  65% (198/304)
Resolving deltas:  66% (201/304)
Resolving deltas:  67% (204/304)
Resolving deltas:  68% (207/304)
Resolving deltas:  69% (210/304)
Resolving deltas:  70% (213/304)
Resolving deltas:  71% (216/304)
Resolving deltas:  72% (219/304)
Resolving deltas:  73% (222/304)
Resolving deltas:  74% (225/304)
Resolving deltas:  75% (228/304)
Resolving deltas:  76% (232/304)
Resolving deltas:  77% (235/304)
Resolving deltas:  78% (238/304)
Resolving deltas:  79% (241/304)
Resolving deltas:  80% (244/304)
Resolving deltas:  81% (247/304)
Resolving deltas:  82% (250/304)
Resolving deltas:  83% (253/304)
Resolving deltas:  84% (256/304)
Resolving deltas:  85% (259/304)
Resolving deltas:  86% (262/304)
Resolving deltas:  87% (265/304)
Resolving deltas:  88% (268/304)
Resolving deltas:  89% (271/304)
Resolving deltas:  90% (274/304)
Resolving deltas:  91% (277/304)
Resolving deltas:  92% (280/304)
Resolving deltas:  93% (283/304)
Resolving deltas:  94% (286/304)
Resolving deltas:  95% (289/304)
Resolving deltas:  96% (292/304)
Resolving deltas:  97% (295/304)
Resolving deltas:  98% (298/304)
Resolving deltas:  99% (301/304)
Resolving deltas: 100% (304/304)
Resolving deltas: 100% (304/304), done.
warning: refs/tags/latent-1 3120419a3d96068918279574a0826781ab7ec9dd is not a commit!
Note: switching to '3928e4920f6ef8bfe31e66b541487d72b827082b'.

You are in 'detached HEAD' state. You can look around, make experimental
changes and commit them, and you can discard any commits you make in this
state without impacting any branches by switching back to a branch.

If you want to create a new branch to retain commits you create, you may
do so (now or later) by using -c with the switch command. Example:

  git switch -c &lt;new-branch-name&gt;

Or undo this operation with:

  git switch -

Turn off this advice by setting config variable advice.detachedHead to false


== Checking out commit hash 3928e4920f6ef8bfe31e66b541487d72b827082b ==
<span style="color:#268BD2">&gt; /usr/bin/git reset --hard 3928e4920f6ef8bfe31e66b541487d72b827082b</span>
HEAD is now at 3928e49 Lancer les workflows Codemagic depuis GitHub Actions : tag puis relais du webhook
