Receiving objects:  78% (2583/3311), 489.55 MiB | 13.38 MiB/s
Receiving objects:  79% (2616/3311), 489.55 MiB | 13.38 MiB/s
Receiving objects:  80% (2649/3311), 489.55 MiB | 13.38 MiB/s
Receiving objects:  81% (2682/3311), 489.55 MiB | 13.38 MiB/s
Receiving objects:  82% (2716/3311), 489.55 MiB | 13.38 MiB/s
Receiving objects:  83% (2749/3311), 489.55 MiB | 13.38 MiB/s
Receiving objects:  84% (2782/3311), 489.55 MiB | 13.38 MiB/s
Receiving objects:  85% (2815/3311), 489.55 MiB | 13.38 MiB/s
Receiving objects:  86% (2848/3311), 489.55 MiB | 13.38 MiB/s
Receiving objects:  87% (2881/3311), 489.55 MiB | 13.38 MiB/s
Receiving objects:  88% (2914/3311), 489.55 MiB | 13.38 MiB/s
Receiving objects:  89% (2947/3311), 489.55 MiB | 13.38 MiB/s
Receiving objects:  90% (2980/3311), 489.55 MiB | 13.38 MiB/s
Receiving objects:  91% (3014/3311), 489.55 MiB | 13.38 MiB/s
Receiving objects:  92% (3047/3311), 489.55 MiB | 13.38 MiB/s
Receiving objects:  93% (3080/3311), 489.55 MiB | 13.38 MiB/s
Receiving objects:  94% (3113/3311), 489.55 MiB | 13.38 MiB/s
remote: Total 3311 (delta 1154), reused 3058 (delta 1091), pack-reused 0 (from 0)        
Receiving objects:  95% (3146/3311), 489.55 MiB | 13.38 MiB/s
Receiving objects:  96% (3179/3311), 489.55 MiB | 13.38 MiB/s
Receiving objects:  97% (3212/3311), 489.55 MiB | 13.38 MiB/s
Receiving objects:  98% (3245/3311), 489.55 MiB | 13.38 MiB/s
Receiving objects:  99% (3278/3311), 489.55 MiB | 13.38 MiB/s
Receiving objects: 100% (3311/3311), 489.55 MiB | 13.38 MiB/s
Receiving objects: 100% (3311/3311), 490.87 MiB | 14.98 MiB/s, done.
Resolving deltas:   0% (0/1154)
Resolving deltas:   1% (14/1154)
Resolving deltas:   2% (24/1154)
Resolving deltas:   3% (35/1154)
Resolving deltas:   4% (47/1154)
Resolving deltas:   5% (58/1154)
Resolving deltas:   6% (70/1154)
Resolving deltas:   7% (81/1154)
Resolving deltas:   8% (93/1154)
Resolving deltas:   9% (104/1154)
Resolving deltas:  10% (117/1154)
Resolving deltas:  11% (127/1154)
Resolving deltas:  12% (139/1154)
Resolving deltas:  13% (151/1154)
Resolving deltas:  14% (162/1154)
Resolving deltas:  15% (174/1154)
Resolving deltas:  16% (186/1154)
Resolving deltas:  17% (197/1154)
Resolving deltas:  18% (208/1154)
Resolving deltas:  19% (220/1154)
Resolving deltas:  20% (231/1154)
Resolving deltas:  21% (243/1154)
Resolving deltas:  22% (254/1154)
Resolving deltas:  23% (266/1154)
Resolving deltas:  24% (277/1154)
Resolving deltas:  25% (289/1154)
Resolving deltas:  26% (301/1154)
Resolving deltas:  27% (312/1154)
Resolving deltas:  28% (324/1154)
Resolving deltas:  29% (335/1154)
Resolving deltas:  30% (347/1154)
Resolving deltas:  31% (358/1154)
Resolving deltas:  32% (370/1154)
Resolving deltas:  33% (381/1154)
Resolving deltas:  34% (393/1154)
Resolving deltas:  35% (405/1154)
Resolving deltas:  36% (416/1154)
Resolving deltas:  37% (427/1154)
Resolving deltas:  38% (439/1154)
Resolving deltas:  39% (451/1154)
Resolving deltas:  40% (462/1154)
Resolving deltas:  41% (475/1154)
Resolving deltas:  42% (485/1154)
Resolving deltas:  43% (497/1154)
Resolving deltas:  44% (508/1154)
Resolving deltas:  45% (520/1154)
Resolving deltas:  46% (531/1154)
Resolving deltas:  47% (543/1154)
Resolving deltas:  48% (554/1154)
Resolving deltas:  49% (566/1154)
Resolving deltas:  50% (577/1154)
Resolving deltas:  51% (589/1154)
Resolving deltas:  52% (601/1154)
Resolving deltas:  53% (613/1154)
Resolving deltas:  54% (624/1154)
Resolving deltas:  55% (635/1154)
Resolving deltas:  56% (647/1154)
Resolving deltas:  57% (658/1154)
Resolving deltas:  58% (670/1154)
Resolving deltas:  59% (682/1154)
Resolving deltas:  60% (693/1154)
Resolving deltas:  61% (704/1154)
Resolving deltas:  62% (716/1154)
Resolving deltas:  63% (728/1154)
Resolving deltas:  64% (739/1154)
Resolving deltas:  65% (751/1154)
Resolving deltas:  66% (762/1154)
Resolving deltas:  67% (774/1154)
Resolving deltas:  68% (785/1154)
Resolving deltas:  69% (797/1154)
Resolving deltas:  70% (808/1154)
Resolving deltas:  71% (820/1154)
Resolving deltas:  72% (831/1154)
Resolving deltas:  73% (843/1154)
Resolving deltas:  74% (854/1154)
Resolving deltas:  75% (867/1154)
Resolving deltas:  76% (878/1154)
Resolving deltas:  77% (889/1154)
Resolving deltas:  78% (901/1154)
Resolving deltas:  79% (912/1154)
Resolving deltas:  80% (924/1154)
Resolving deltas:  81% (935/1154)
Resolving deltas:  82% (947/1154)
Resolving deltas:  83% (958/1154)
Resolving deltas:  84% (970/1154)
Resolving deltas:  85% (981/1154)
Resolving deltas:  86% (993/1154)
Resolving deltas:  87% (1004/1154)
Resolving deltas:  88% (1017/1154)
Resolving deltas:  89% (1028/1154)
Resolving deltas:  90% (1039/1154)
Resolving deltas:  91% (1051/1154)
Resolving deltas:  92% (1062/1154)
Resolving deltas:  93% (1074/1154)
Resolving deltas:  94% (1085/1154)
Resolving deltas:  95% (1097/1154)
Resolving deltas:  96% (1108/1154)
Resolving deltas:  97% (1120/1154)
Resolving deltas:  98% (1131/1154)
Resolving deltas:  99% (1143/1154)
Resolving deltas: 100% (1154/1154)
Resolving deltas: 100% (1154/1154), done.
Updating files:  34% (951/2797)
Updating files:  35% (979/2797)
Updating files:  36% (1007/2797)
Updating files:  37% (1035/2797)
Updating files:  38% (1063/2797)
Updating files:  39% (1091/2797)
Updating files:  40% (1119/2797)
Updating files:  41% (1147/2797)
Updating files:  42% (1175/2797)
Updating files:  43% (1203/2797)
Updating files:  44% (1231/2797)
Updating files:  45% (1259/2797)
Updating files:  46% (1287/2797)
Updating files:  47% (1315/2797)
Updating files:  48% (1343/2797)
Updating files:  49% (1371/2797)
Updating files:  50% (1399/2797)
Updating files:  51% (1427/2797)
Updating files:  52% (1455/2797)
Updating files:  53% (1483/2797)
Updating files:  54% (1511/2797)
Updating files:  55% (1539/2797)
Updating files:  56% (1567/2797)
Updating files:  57% (1595/2797)
Updating files:  58% (1623/2797)
Updating files:  59% (1651/2797)
Updating files:  60% (1679/2797)
Updating files:  61% (1707/2797)
Updating files:  61% (1713/2797)
Updating files:  62% (1735/2797)
Updating files:  63% (1763/2797)
Updating files:  64% (1791/2797)
Updating files:  65% (1819/2797)
Updating files:  66% (1847/2797)
Updating files:  67% (1874/2797)
Updating files:  68% (1902/2797)
Updating files:  69% (1930/2797)
Updating files:  70% (1958/2797)
Updating files:  71% (1986/2797)
Updating files:  72% (2014/2797)
Updating files:  73% (2042/2797)
Updating files:  74% (2070/2797)
Updating files:  75% (2098/2797)
Updating files:  76% (2126/2797)
Updating files:  77% (2154/2797)
Updating files:  78% (2182/2797)
Updating files:  79% (2210/2797)
Updating files:  80% (2238/2797)
Updating files:  81% (2266/2797)
Updating files:  82% (2294/2797)
Updating files:  83% (2322/2797)
Updating files:  84% (2350/2797)
Updating files:  85% (2378/2797)
Updating files:  86% (2406/2797)
Updating files:  87% (2434/2797)
Updating files:  88% (2462/2797)
Updating files:  89% (2490/2797)
Updating files:  90% (2518/2797)
Updating files:  91% (2546/2797)
Updating files:  92% (2574/2797)
Updating files:  93% (2602/2797)
Updating files:  94% (2630/2797)
Updating files:  95% (2658/2797)
Updating files:  96% (2686/2797)
Updating files:  97% (2714/2797)
Updating files:  98% (2742/2797)
Updating files:  99% (2770/2797)
Updating files: 100% (2797/2797)
Updating files: 100% (2797/2797), done.

== Checking out commit hash e2bc6d7b404e56081396635c0aad2a1728ed46be ==
<span style="color:#268BD2">&gt; /usr/bin/git reset --hard e2bc6d7b404e56081396635c0aad2a1728ed46be</span>
HEAD is now at e2bc6d7 Relais, demande 55 : second agent, premier apprentissage du rapport (réplique 1)
