Receiving objects:  10% (224/2235)
Receiving objects:  11% (246/2235)
Receiving objects:  12% (269/2235)
Receiving objects:  13% (291/2235)
Receiving objects:  14% (313/2235)
Receiving objects:  15% (336/2235), 4.48 MiB | 8.95 MiB/s
Receiving objects:  16% (358/2235), 4.48 MiB | 8.95 MiB/s
Receiving objects:  17% (380/2235), 4.48 MiB | 8.95 MiB/s
Receiving objects:  18% (403/2235), 4.48 MiB | 8.95 MiB/s
Receiving objects:  19% (425/2235), 4.48 MiB | 8.95 MiB/s
Receiving objects:  20% (447/2235), 4.48 MiB | 8.95 MiB/s
Receiving objects:  21% (470/2235), 4.48 MiB | 8.95 MiB/s
Receiving objects:  22% (492/2235), 4.48 MiB | 8.95 MiB/s
Receiving objects:  23% (515/2235), 4.48 MiB | 8.95 MiB/s
Receiving objects:  24% (537/2235), 4.48 MiB | 8.95 MiB/s
Receiving objects:  25% (559/2235), 4.48 MiB | 8.95 MiB/s
Receiving objects:  26% (582/2235), 4.48 MiB | 8.95 MiB/s
Receiving objects:  27% (604/2235), 4.48 MiB | 8.95 MiB/s
Receiving objects:  28% (626/2235), 4.48 MiB | 8.95 MiB/s
Receiving objects:  29% (649/2235), 33.57 MiB | 33.57 MiB/s
Receiving objects:  29% (652/2235), 33.57 MiB | 33.57 MiB/s
Receiving objects:  30% (671/2235), 33.57 MiB | 33.57 MiB/s
Receiving objects:  31% (693/2235), 33.57 MiB | 33.57 MiB/s
Receiving objects:  32% (716/2235), 33.57 MiB | 33.57 MiB/s
Receiving objects:  33% (738/2235), 33.57 MiB | 33.57 MiB/s
Receiving objects:  34% (760/2235), 33.57 MiB | 33.57 MiB/s
Receiving objects:  35% (783/2235), 33.57 MiB | 33.57 MiB/s
Receiving objects:  36% (805/2235), 33.57 MiB | 33.57 MiB/s
Receiving objects:  37% (827/2235), 33.57 MiB | 33.57 MiB/s
Receiving objects:  38% (850/2235), 33.57 MiB | 33.57 MiB/s
Receiving objects:  39% (872/2235), 33.57 MiB | 33.57 MiB/s
Receiving objects:  40% (894/2235), 61.23 MiB | 40.81 MiB/s
Receiving objects:  41% (917/2235), 61.23 MiB | 40.81 MiB/s
Receiving objects:  42% (939/2235), 61.23 MiB | 40.81 MiB/s
Receiving objects:  43% (962/2235), 61.23 MiB | 40.81 MiB/s
Receiving objects:  44% (984/2235), 61.23 MiB | 40.81 MiB/s
Receiving objects:  45% (1006/2235), 61.23 MiB | 40.81 MiB/s
Receiving objects:  46% (1029/2235), 61.23 MiB | 40.81 MiB/s
Receiving objects:  47% (1051/2235), 61.23 MiB | 40.81 MiB/s
Receiving objects:  48% (1073/2235), 61.23 MiB | 40.81 MiB/s
Receiving objects:  49% (1096/2235), 61.23 MiB | 40.81 MiB/s
Receiving objects:  50% (1118/2235), 61.23 MiB | 40.81 MiB/s
Receiving objects:  51% (1140/2235), 61.23 MiB | 40.81 MiB/s
Receiving objects:  52% (1163/2235), 61.23 MiB | 40.81 MiB/s
Receiving objects:  53% (1185/2235), 61.23 MiB | 40.81 MiB/s
Receiving objects:  54% (1207/2235), 61.23 MiB | 40.81 MiB/s
Receiving objects:  55% (1230/2235), 61.23 MiB | 40.81 MiB/s
Receiving objects:  56% (1252/2235), 61.23 MiB | 40.81 MiB/s
Receiving objects:  57% (1274/2235), 61.23 MiB | 40.81 MiB/s
Receiving objects:  58% (1297/2235), 61.23 MiB | 40.81 MiB/s
Receiving objects:  59% (1319/2235), 61.23 MiB | 40.81 MiB/s
Receiving objects:  60% (1341/2235), 61.23 MiB | 40.81 MiB/s
Receiving objects:  61% (1364/2235), 61.23 MiB | 40.81 MiB/s
Receiving objects:  62% (1386/2235), 61.23 MiB | 40.81 MiB/s
Receiving objects:  63% (1409/2235), 61.23 MiB | 40.81 MiB/s
Receiving objects:  64% (1431/2235), 61.23 MiB | 40.81 MiB/s
Receiving objects:  65% (1453/2235), 61.23 MiB | 40.81 MiB/s
Receiving objects:  66% (1476/2235), 61.23 MiB | 40.81 MiB/s
Receiving objects:  67% (1498/2235), 61.23 MiB | 40.81 MiB/s
Receiving objects:  68% (1520/2235), 61.23 MiB | 40.81 MiB/s
Receiving objects:  69% (1543/2235), 61.23 MiB | 40.81 MiB/s
Receiving objects:  70% (1565/2235), 61.23 MiB | 40.81 MiB/s
Receiving objects:  71% (1587/2235), 61.23 MiB | 40.81 MiB/s
Receiving objects:  72% (1610/2235), 61.23 MiB | 40.81 MiB/s
Receiving objects:  73% (1632/2235), 61.23 MiB | 40.81 MiB/s
Receiving objects:  74% (1654/2235), 61.23 MiB | 40.81 MiB/s
Receiving objects:  75% (1677/2235), 61.23 MiB | 40.81 MiB/s
Receiving objects:  76% (1699/2235), 61.23 MiB | 40.81 MiB/s
Receiving objects:  77% (1721/2235), 61.23 MiB | 40.81 MiB/s
Receiving objects:  78% (1744/2235), 61.23 MiB | 40.81 MiB/s
Receiving objects:  79% (1766/2235), 61.23 MiB | 40.81 MiB/s
Receiving objects:  80% (1788/2235), 61.23 MiB | 40.81 MiB/s
Receiving objects:  81% (1811/2235), 61.23 MiB | 40.81 MiB/s
Receiving objects:  82% (1833/2235), 61.23 MiB | 40.81 MiB/s
Receiving objects:  83% (1856/2235), 61.23 MiB | 40.81 MiB/s
Receiving objects:  84% (1878/2235), 61.23 MiB | 40.81 MiB/s
Receiving objects:  85% (1900/2235), 61.23 MiB | 40.81 MiB/s
Receiving objects:  86% (1923/2235), 61.23 MiB | 40.81 MiB/s
Receiving objects:  87% (1945/2235), 61.23 MiB | 40.81 MiB/s
Receiving objects:  88% (1967/2235), 61.23 MiB | 40.81 MiB/s
Receiving objects:  89% (1990/2235), 61.23 MiB | 40.81 MiB/s
Receiving objects:  90% (2012/2235), 61.23 MiB | 40.81 MiB/s
Receiving objects:  91% (2034/2235), 61.23 MiB | 40.81 MiB/s
remote: Total 2235 (delta 648), reused 1962 (delta 513), pack-reused 0 (from 0)        
Receiving objects:  92% (2057/2235), 61.23 MiB | 40.81 MiB/s
Receiving objects:  93% (2079/2235), 61.23 MiB | 40.81 MiB/s
Receiving objects:  94% (2101/2235), 61.23 MiB | 40.81 MiB/s
Receiving objects:  95% (2124/2235), 61.23 MiB | 40.81 MiB/s
Receiving objects:  96% (2146/2235), 61.23 MiB | 40.81 MiB/s
Receiving objects:  97% (2168/2235), 61.23 MiB | 40.81 MiB/s
Receiving objects:  98% (2191/2235), 61.23 MiB | 40.81 MiB/s
Receiving objects:  99% (2213/2235), 61.23 MiB | 40.81 MiB/s
Receiving objects: 100% (2235/2235), 61.23 MiB | 40.81 MiB/s
Receiving objects: 100% (2235/2235), 72.32 MiB | 42.85 MiB/s, done.
Resolving deltas:   0% (0/648)
Resolving deltas:   1% (7/648)
Resolving deltas:   2% (13/648)
Resolving deltas:   3% (20/648)
Resolving deltas:   4% (26/648)
Resolving deltas:   5% (33/648)
Resolving deltas:   6% (40/648)
Resolving deltas:   7% (46/648)
Resolving deltas:   8% (52/648)
Resolving deltas:   9% (59/648)
Resolving deltas:  10% (65/648)
Resolving deltas:  11% (72/648)
Resolving deltas:  12% (78/648)
Resolving deltas:  13% (85/648)
Resolving deltas:  14% (91/648)
Resolving deltas:  15% (98/648)
Resolving deltas:  16% (104/648)
Resolving deltas:  17% (111/648)
Resolving deltas:  18% (117/648)
Resolving deltas:  19% (124/648)
Resolving deltas:  20% (130/648)
Resolving deltas:  21% (137/648)
Resolving deltas:  22% (143/648)
Resolving deltas:  23% (150/648)
Resolving deltas:  24% (156/648)
Resolving deltas:  25% (162/648)
Resolving deltas:  26% (169/648)
Resolving deltas:  27% (175/648)
Resolving deltas:  28% (182/648)
Resolving deltas:  29% (188/648)
Resolving deltas:  30% (195/648)
Resolving deltas:  31% (202/648)
Resolving deltas:  32% (208/648)
Resolving deltas:  33% (214/648)
Resolving deltas:  34% (221/648)
Resolving deltas:  35% (227/648)
Resolving deltas:  36% (234/648)
Resolving deltas:  37% (240/648)
Resolving deltas:  38% (247/648)
Resolving deltas:  39% (253/648)
Resolving deltas:  40% (260/648)
Resolving deltas:  41% (266/648)
Resolving deltas:  42% (273/648)
Resolving deltas:  43% (279/648)
Resolving deltas:  44% (286/648)
Resolving deltas:  45% (292/648)
Resolving deltas:  46% (299/648)
Resolving deltas:  47% (305/648)
Resolving deltas:  48% (312/648)
Resolving deltas:  49% (319/648)
Resolving deltas:  50% (324/648)
Resolving deltas:  51% (331/648)
Resolving deltas:  52% (337/648)
Resolving deltas:  53% (344/648)
Resolving deltas:  54% (350/648)
Resolving deltas:  55% (358/648)
Resolving deltas:  56% (363/648)
Resolving deltas:  57% (370/648)
Resolving deltas:  58% (376/648)
Resolving deltas:  59% (383/648)
Resolving deltas:  60% (390/648)
Resolving deltas:  61% (396/648)
Resolving deltas:  62% (402/648)
Resolving deltas:  63% (409/648)
Resolving deltas:  64% (415/648)
Resolving deltas:  65% (422/648)
Resolving deltas:  66% (428/648)
Resolving deltas:  67% (435/648)
Resolving deltas:  68% (441/648)
Resolving deltas:  69% (448/648)
Resolving deltas:  70% (454/648)
Resolving deltas:  71% (461/648)
Resolving deltas:  72% (467/648)
Resolving deltas:  73% (474/648)
Resolving deltas:  74% (480/648)
Resolving deltas:  75% (486/648)
Resolving deltas:  76% (493/648)
Resolving deltas:  77% (499/648)
Resolving deltas:  78% (506/648)
Resolving deltas:  79% (512/648)
Resolving deltas:  80% (519/648)
Resolving deltas:  81% (525/648)
Resolving deltas:  82% (532/648)
Resolving deltas:  83% (538/648)
Resolving deltas:  84% (545/648)
Resolving deltas:  85% (551/648)
Resolving deltas:  86% (558/648)
Resolving deltas:  87% (564/648)
Resolving deltas:  88% (571/648)
Resolving deltas:  89% (577/648)
Resolving deltas:  90% (584/648)
Resolving deltas:  91% (590/648)
Resolving deltas:  92% (597/648)
Resolving deltas:  93% (603/648)
Resolving deltas:  94% (610/648)
Resolving deltas:  95% (616/648)
Resolving deltas:  96% (623/648)
Resolving deltas:  97% (629/648)
Resolving deltas:  98% (636/648)
Resolving deltas:  99% (642/648)
Resolving deltas: 100% (648/648)
Resolving deltas: 100% (648/648), done.

== Checking out commit hash 463a69144717af75c79ac11c0d0b66a54392eeaa ==
<span style="color:#268BD2">&gt; /usr/bin/git reset --hard 463a69144717af75c79ac11c0d0b66a54392eeaa</span>
HEAD is now at 463a691 Déclarer puis lancer la relance du corps ajusté VM au rang 16
