Receiving objects:  77% (2400/3116), 288.51 MiB | 64.14 MiB/s
Receiving objects:  78% (2431/3116), 288.51 MiB | 64.14 MiB/s
Receiving objects:  79% (2462/3116), 288.51 MiB | 64.14 MiB/s
Receiving objects:  80% (2493/3116), 288.51 MiB | 64.14 MiB/s
Receiving objects:  81% (2524/3116), 288.51 MiB | 64.14 MiB/s
Receiving objects:  82% (2556/3116), 288.51 MiB | 64.14 MiB/s
Receiving objects:  83% (2587/3116), 288.51 MiB | 64.14 MiB/s
Receiving objects:  84% (2618/3116), 288.51 MiB | 64.14 MiB/s
Receiving objects:  85% (2649/3116), 288.51 MiB | 64.14 MiB/s
Receiving objects:  86% (2680/3116), 288.51 MiB | 64.14 MiB/s
Receiving objects:  87% (2711/3116), 288.51 MiB | 64.14 MiB/s
Receiving objects:  88% (2743/3116), 288.51 MiB | 64.14 MiB/s
Receiving objects:  89% (2774/3116), 288.51 MiB | 64.14 MiB/s
Receiving objects:  90% (2805/3116), 288.51 MiB | 64.14 MiB/s
Receiving objects:  91% (2836/3116), 288.51 MiB | 64.14 MiB/s
remote: Total 3116 (delta 1103), reused 2826 (delta 988), pack-reused 0 (from 0)        
Receiving objects:  92% (2867/3116), 288.51 MiB | 64.14 MiB/s
Receiving objects:  93% (2898/3116), 288.51 MiB | 64.14 MiB/s
Receiving objects:  94% (2930/3116), 288.51 MiB | 64.14 MiB/s
Receiving objects:  95% (2961/3116), 288.51 MiB | 64.14 MiB/s
Receiving objects:  96% (2992/3116), 288.51 MiB | 64.14 MiB/s
Receiving objects:  97% (3023/3116), 288.51 MiB | 64.14 MiB/s
Receiving objects:  98% (3054/3116), 288.51 MiB | 64.14 MiB/s
Receiving objects:  99% (3085/3116), 288.51 MiB | 64.14 MiB/s
Receiving objects: 100% (3116/3116), 288.51 MiB | 64.14 MiB/s
Receiving objects: 100% (3116/3116), 311.50 MiB | 63.08 MiB/s, done.
Resolving deltas:   0% (0/1103)
Resolving deltas:   1% (12/1103)
Resolving deltas:   2% (23/1103)
Resolving deltas:   3% (36/1103)
Resolving deltas:   4% (45/1103)
Resolving deltas:   5% (56/1103)
Resolving deltas:   6% (67/1103)
Resolving deltas:   7% (78/1103)
Resolving deltas:   8% (89/1103)
Resolving deltas:   9% (100/1103)
Resolving deltas:  10% (111/1103)
Resolving deltas:  11% (122/1103)
Resolving deltas:  12% (133/1103)
Resolving deltas:  13% (144/1103)
Resolving deltas:  14% (155/1103)
Resolving deltas:  15% (166/1103)
Resolving deltas:  16% (177/1103)
Resolving deltas:  17% (188/1103)
Resolving deltas:  18% (199/1103)
Resolving deltas:  19% (210/1103)
Resolving deltas:  20% (221/1103)
Resolving deltas:  21% (232/1103)
Resolving deltas:  22% (243/1103)
Resolving deltas:  23% (254/1103)
Resolving deltas:  24% (265/1103)
Resolving deltas:  25% (276/1103)
Resolving deltas:  26% (287/1103)
Resolving deltas:  27% (298/1103)
Resolving deltas:  28% (309/1103)
Resolving deltas:  29% (320/1103)
Resolving deltas:  30% (331/1103)
Resolving deltas:  31% (342/1103)
Resolving deltas:  32% (353/1103)
Resolving deltas:  33% (364/1103)
Resolving deltas:  34% (376/1103)
Resolving deltas:  35% (388/1103)
Resolving deltas:  36% (398/1103)
Resolving deltas:  37% (409/1103)
Resolving deltas:  38% (420/1103)
Resolving deltas:  39% (432/1103)
Resolving deltas:  40% (442/1103)
Resolving deltas:  41% (453/1103)
Resolving deltas:  42% (464/1103)
Resolving deltas:  43% (475/1103)
Resolving deltas:  44% (486/1103)
Resolving deltas:  45% (497/1103)
Resolving deltas:  46% (508/1103)
Resolving deltas:  47% (519/1103)
Resolving deltas:  48% (530/1103)
Resolving deltas:  49% (541/1103)
Resolving deltas:  50% (552/1103)
Resolving deltas:  51% (563/1103)
Resolving deltas:  52% (574/1103)
Resolving deltas:  53% (585/1103)
Resolving deltas:  54% (596/1103)
Resolving deltas:  55% (607/1103)
Resolving deltas:  56% (619/1103)
Resolving deltas:  57% (629/1103)
Resolving deltas:  58% (640/1103)
Resolving deltas:  59% (651/1103)
Resolving deltas:  60% (662/1103)
Resolving deltas:  61% (673/1103)
Resolving deltas:  62% (684/1103)
Resolving deltas:  63% (695/1103)
Resolving deltas:  64% (706/1103)
Resolving deltas:  65% (717/1103)
Resolving deltas:  66% (728/1103)
Resolving deltas:  67% (740/1103)
Resolving deltas:  68% (751/1103)
Resolving deltas:  69% (762/1103)
Resolving deltas:  70% (773/1103)
Resolving deltas:  71% (784/1103)
Resolving deltas:  72% (795/1103)
Resolving deltas:  73% (806/1103)
Resolving deltas:  74% (817/1103)
Resolving deltas:  75% (828/1103)
Resolving deltas:  76% (839/1103)
Resolving deltas:  77% (850/1103)
Resolving deltas:  78% (861/1103)
Resolving deltas:  79% (873/1103)
Resolving deltas:  80% (883/1103)
Resolving deltas:  81% (894/1103)
Resolving deltas:  82% (905/1103)
Resolving deltas:  83% (916/1103)
Resolving deltas:  84% (927/1103)
Resolving deltas:  85% (938/1103)
Resolving deltas:  86% (949/1103)
Resolving deltas:  87% (960/1103)
Resolving deltas:  88% (971/1103)
Resolving deltas:  89% (982/1103)
Resolving deltas:  90% (993/1103)
Resolving deltas:  91% (1004/1103)
Resolving deltas:  92% (1015/1103)
Resolving deltas:  93% (1026/1103)
Resolving deltas:  94% (1037/1103)
Resolving deltas:  95% (1048/1103)
Resolving deltas:  96% (1059/1103)
Resolving deltas:  97% (1070/1103)
Resolving deltas:  98% (1081/1103)
Resolving deltas:  99% (1092/1103)
Resolving deltas: 100% (1103/1103)
Resolving deltas: 100% (1103/1103), done.
Updating files:  35% (928/2578)
Updating files:  36% (929/2578)
Updating files:  37% (954/2578)
Updating files:  38% (980/2578)
Updating files:  39% (1006/2578)
Updating files:  40% (1032/2578)
Updating files:  41% (1057/2578)
Updating files:  42% (1083/2578)
Updating files:  43% (1109/2578)
Updating files:  44% (1135/2578)
Updating files:  45% (1161/2578)
Updating files:  46% (1186/2578)
Updating files:  47% (1212/2578)
Updating files:  48% (1238/2578)
Updating files:  49% (1264/2578)
Updating files:  50% (1289/2578)
Updating files:  51% (1315/2578)
Updating files:  52% (1341/2578)
Updating files:  53% (1367/2578)
Updating files:  54% (1393/2578)
Updating files:  55% (1418/2578)
Updating files:  56% (1444/2578)
Updating files:  57% (1470/2578)
Updating files:  58% (1496/2578)
Updating files:  58% (1500/2578)
Updating files:  59% (1522/2578)
Updating files:  60% (1547/2578)
Updating files:  61% (1573/2578)
Updating files:  62% (1599/2578)
Updating files:  63% (1625/2578)
Updating files:  64% (1650/2578)
Updating files:  65% (1676/2578)
Updating files:  66% (1702/2578)
Updating files:  67% (1728/2578)
Updating files:  68% (1754/2578)
Updating files:  69% (1779/2578)
Updating files:  70% (1805/2578)
Updating files:  71% (1831/2578)
Updating files:  72% (1857/2578)
Updating files:  73% (1882/2578)
Updating files:  74% (1908/2578)
Updating files:  75% (1934/2578)
Updating files:  76% (1960/2578)
Updating files:  77% (1986/2578)
Updating files:  78% (2011/2578)
Updating files:  79% (2037/2578)
Updating files:  80% (2063/2578)
Updating files:  81% (2089/2578)
Updating files:  82% (2114/2578)
Updating files:  83% (2140/2578)
Updating files:  84% (2166/2578)
Updating files:  85% (2192/2578)
Updating files:  86% (2218/2578)
Updating files:  87% (2243/2578)
Updating files:  88% (2269/2578)
Updating files:  89% (2295/2578)
Updating files:  90% (2321/2578)
Updating files:  91% (2346/2578)
Updating files:  92% (2372/2578)
Updating files:  93% (2398/2578)
Updating files:  94% (2424/2578)
Updating files:  95% (2450/2578)
Updating files:  96% (2475/2578)
Updating files:  97% (2501/2578)
Updating files:  98% (2527/2578)
Updating files:  99% (2553/2578)
Updating files: 100% (2578/2578)
Updating files: 100% (2578/2578), done.

== Checking out commit hash 14182b6bc6dbeacfbf2cb1f2785eba481fa87421 ==
<span style="color:#268BD2">&gt; /usr/bin/git reset --hard 14182b6bc6dbeacfbf2cb1f2785eba481fa87421</span>
HEAD is now at 14182b6 Relais, demande 40 : tours 1 à 4 du besoin et du témoin sur le Mac
