Receiving objects:  95% (3348/3524), 575.77 MiB | 58.80 MiB/s
Receiving objects:  96% (3384/3524), 575.77 MiB | 58.80 MiB/s
Receiving objects:  97% (3419/3524), 575.77 MiB | 58.80 MiB/s
Receiving objects:  98% (3454/3524), 575.77 MiB | 58.80 MiB/s
Receiving objects:  99% (3489/3524), 575.77 MiB | 58.80 MiB/s
Receiving objects: 100% (3524/3524), 575.77 MiB | 58.80 MiB/s
Receiving objects: 100% (3524/3524), 580.08 MiB | 57.35 MiB/s, done.
Resolving deltas:   0% (0/1230)
Resolving deltas:   1% (13/1230)
Resolving deltas:   2% (25/1230)
Resolving deltas:   3% (37/1230)
Resolving deltas:   4% (50/1230)
Resolving deltas:   5% (62/1230)
Resolving deltas:   6% (74/1230)
Resolving deltas:   7% (87/1230)
Resolving deltas:   8% (99/1230)
Resolving deltas:   9% (111/1230)
Resolving deltas:  10% (124/1230)
Resolving deltas:  11% (136/1230)
Resolving deltas:  12% (148/1230)
Resolving deltas:  13% (160/1230)
Resolving deltas:  14% (173/1230)
Resolving deltas:  15% (185/1230)
Resolving deltas:  16% (197/1230)
Resolving deltas:  17% (210/1230)
Resolving deltas:  18% (222/1230)
Resolving deltas:  19% (234/1230)
Resolving deltas:  20% (247/1230)
Resolving deltas:  21% (259/1230)
Resolving deltas:  22% (271/1230)
Resolving deltas:  23% (283/1230)
Resolving deltas:  24% (296/1230)
Resolving deltas:  25% (309/1230)
Resolving deltas:  26% (320/1230)
Resolving deltas:  27% (333/1230)
Resolving deltas:  28% (345/1230)
Resolving deltas:  29% (357/1230)
Resolving deltas:  30% (370/1230)
Resolving deltas:  31% (382/1230)
Resolving deltas:  32% (394/1230)
Resolving deltas:  33% (406/1230)
Resolving deltas:  34% (419/1230)
Resolving deltas:  35% (431/1230)
Resolving deltas:  36% (443/1230)
Resolving deltas:  37% (456/1230)
Resolving deltas:  38% (468/1230)
Resolving deltas:  39% (480/1230)
Resolving deltas:  40% (492/1230)
Resolving deltas:  41% (506/1230)
Resolving deltas:  42% (517/1230)
Resolving deltas:  43% (529/1230)
Resolving deltas:  44% (542/1230)
Resolving deltas:  45% (554/1230)
Resolving deltas:  46% (566/1230)
Resolving deltas:  47% (579/1230)
Resolving deltas:  48% (591/1230)
Resolving deltas:  49% (603/1230)
Resolving deltas:  50% (615/1230)
Resolving deltas:  51% (628/1230)
Resolving deltas:  52% (640/1230)
Resolving deltas:  53% (652/1230)
Resolving deltas:  54% (665/1230)
Resolving deltas:  55% (677/1230)
Resolving deltas:  56% (690/1230)
Resolving deltas:  57% (702/1230)
Resolving deltas:  58% (714/1230)
Resolving deltas:  59% (726/1230)
Resolving deltas:  60% (738/1230)
Resolving deltas:  61% (751/1230)
Resolving deltas:  62% (763/1230)
Resolving deltas:  63% (775/1230)
Resolving deltas:  64% (788/1230)
Resolving deltas:  65% (800/1230)
Resolving deltas:  66% (812/1230)
Resolving deltas:  67% (825/1230)
Resolving deltas:  68% (837/1230)
Resolving deltas:  69% (849/1230)
Resolving deltas:  70% (861/1230)
Resolving deltas:  71% (874/1230)
Resolving deltas:  72% (886/1230)
Resolving deltas:  73% (898/1230)
Resolving deltas:  74% (911/1230)
Resolving deltas:  75% (923/1230)
Resolving deltas:  76% (935/1230)
Resolving deltas:  77% (948/1230)
Resolving deltas:  78% (960/1230)
Resolving deltas:  79% (972/1230)
Resolving deltas:  80% (985/1230)
Resolving deltas:  81% (997/1230)
Resolving deltas:  82% (1009/1230)
Resolving deltas:  83% (1021/1230)
Resolving deltas:  84% (1034/1230)
Resolving deltas:  85% (1046/1230)
Resolving deltas:  86% (1058/1230)
Resolving deltas:  87% (1071/1230)
Resolving deltas:  88% (1083/1230)
Resolving deltas:  89% (1095/1230)
Resolving deltas:  90% (1107/1230)
Resolving deltas:  91% (1120/1230)
Resolving deltas:  92% (1132/1230)
Resolving deltas:  93% (1144/1230)
Resolving deltas:  94% (1157/1230)
Resolving deltas:  95% (1169/1230)
Resolving deltas:  96% (1181/1230)
Resolving deltas:  97% (1194/1230)
Resolving deltas:  98% (1206/1230)
Resolving deltas:  99% (1218/1230)
Resolving deltas: 100% (1230/1230)
Resolving deltas: 100% (1230/1230), done.
Updating files:  20% (607/2981)
Updating files:  21% (627/2981)
Updating files:  22% (656/2981)
Updating files:  23% (686/2981)
Updating files:  24% (716/2981)
Updating files:  25% (746/2981)
Updating files:  26% (776/2981)
Updating files:  27% (805/2981)
Updating files:  28% (835/2981)
Updating files:  28% (846/2981)
Updating files:  29% (865/2981)
Updating files:  30% (895/2981)
Updating files:  31% (925/2981)
Updating files:  32% (954/2981)
Updating files:  33% (984/2981)
Updating files:  34% (1014/2981)
Updating files:  35% (1044/2981)
Updating files:  36% (1074/2981)
Updating files:  37% (1103/2981)
Updating files:  37% (1130/2981)
Updating files:  38% (1133/2981)
Updating files:  39% (1163/2981)
Updating files:  40% (1193/2981)
Updating files:  41% (1223/2981)
Updating files:  42% (1253/2981)
Updating files:  42% (1262/2981)
Updating files:  43% (1282/2981)
Updating files:  44% (1312/2981)
Updating files:  45% (1342/2981)
Updating files:  46% (1372/2981)
Updating files:  47% (1402/2981)
Updating files:  47% (1407/2981)
Updating files:  48% (1431/2981)
Updating files:  49% (1461/2981)
Updating files:  50% (1491/2981)
Updating files:  51% (1521/2981)
Updating files:  52% (1551/2981)
Updating files:  53% (1580/2981)
Updating files:  54% (1610/2981)
Updating files:  55% (1640/2981)
Updating files:  56% (1670/2981)
Updating files:  57% (1700/2981)
Updating files:  58% (1729/2981)
Updating files:  59% (1759/2981)
Updating files:  60% (1789/2981)
Updating files:  60% (1813/2981)
Updating files:  61% (1819/2981)
Updating files:  62% (1849/2981)
Updating files:  63% (1879/2981)
Updating files:  64% (1908/2981)
Updating files:  65% (1938/2981)
Updating files:  66% (1968/2981)
Updating files:  67% (1998/2981)
Updating files:  68% (2028/2981)
Updating files:  69% (2057/2981)
Updating files:  70% (2087/2981)
Updating files:  71% (2117/2981)
Updating files:  72% (2147/2981)
Updating files:  73% (2177/2981)
Updating files:  74% (2206/2981)
Updating files:  75% (2236/2981)
Updating files:  76% (2266/2981)
Updating files:  77% (2296/2981)
Updating files:  78% (2326/2981)
Updating files:  79% (2355/2981)
Updating files:  80% (2385/2981)
Updating files:  81% (2415/2981)
Updating files:  82% (2445/2981)
Updating files:  83% (2475/2981)
Updating files:  84% (2505/2981)
Updating files:  85% (2534/2981)
Updating files:  86% (2564/2981)
Updating files:  87% (2594/2981)
Updating files:  88% (2624/2981)
Updating files:  89% (2654/2981)
Updating files:  90% (2683/2981)
Updating files:  91% (2713/2981)
Updating files:  92% (2743/2981)
Updating files:  93% (2773/2981)
Updating files:  94% (2803/2981)
Updating files:  95% (2832/2981)
Updating files:  96% (2862/2981)
Updating files:  97% (2892/2981)
Updating files:  98% (2922/2981)
Updating files:  99% (2952/2981)
Updating files: 100% (2981/2981)
Updating files: 100% (2981/2981), done.

== Checking out commit hash 3d985b27396ea3e310caf5761b8f1fb3949e98ea ==
<span style="color:#268BD2">&gt; /usr/bin/git reset --hard 3d985b27396ea3e310caf5761b8f1fb3949e98ea</span>
HEAD is now at 3d985b2 Localisation : premières paires du patching chez le premier agent (en cours)
