Receiving objects:  10% (227/2266)
Receiving objects:  11% (250/2266)
Receiving objects:  12% (272/2266)
Receiving objects:  13% (295/2266)
Receiving objects:  14% (318/2266)
Receiving objects:  15% (340/2266)
Receiving objects:  16% (363/2266)
Receiving objects:  17% (386/2266)
Receiving objects:  18% (408/2266)
Receiving objects:  19% (431/2266)
Receiving objects:  20% (454/2266)
Receiving objects:  21% (476/2266)
Receiving objects:  22% (499/2266)
Receiving objects:  23% (522/2266)
Receiving objects:  24% (544/2266)
Receiving objects:  25% (567/2266)
Receiving objects:  26% (590/2266)
Receiving objects:  27% (612/2266), 18.73 MiB | 37.44 MiB/s
Receiving objects:  28% (635/2266), 18.73 MiB | 37.44 MiB/s
Receiving objects:  29% (658/2266), 18.73 MiB | 37.44 MiB/s
Receiving objects:  30% (680/2266), 18.73 MiB | 37.44 MiB/s
Receiving objects:  31% (703/2266), 18.73 MiB | 37.44 MiB/s
Receiving objects:  32% (726/2266), 18.73 MiB | 37.44 MiB/s
Receiving objects:  33% (748/2266), 18.73 MiB | 37.44 MiB/s
Receiving objects:  34% (771/2266), 47.15 MiB | 47.14 MiB/s
Receiving objects:  34% (781/2266), 47.15 MiB | 47.14 MiB/s
Receiving objects:  35% (794/2266), 47.15 MiB | 47.14 MiB/s
Receiving objects:  36% (816/2266), 47.15 MiB | 47.14 MiB/s
Receiving objects:  37% (839/2266), 47.15 MiB | 47.14 MiB/s
Receiving objects:  38% (862/2266), 47.15 MiB | 47.14 MiB/s
Receiving objects:  39% (884/2266), 47.15 MiB | 47.14 MiB/s
Receiving objects:  40% (907/2266), 47.15 MiB | 47.14 MiB/s
Receiving objects:  41% (930/2266), 47.15 MiB | 47.14 MiB/s
Receiving objects:  42% (952/2266), 47.15 MiB | 47.14 MiB/s
Receiving objects:  43% (975/2266), 47.15 MiB | 47.14 MiB/s
Receiving objects:  44% (998/2266), 47.15 MiB | 47.14 MiB/s
Receiving objects:  45% (1020/2266), 47.15 MiB | 47.14 MiB/s
Receiving objects:  46% (1043/2266), 47.15 MiB | 47.14 MiB/s
Receiving objects:  47% (1066/2266), 47.15 MiB | 47.14 MiB/s
Receiving objects:  48% (1088/2266), 47.15 MiB | 47.14 MiB/s
Receiving objects:  49% (1111/2266), 47.15 MiB | 47.14 MiB/s
Receiving objects:  50% (1133/2266), 47.15 MiB | 47.14 MiB/s
Receiving objects:  51% (1156/2266), 47.15 MiB | 47.14 MiB/s
Receiving objects:  52% (1179/2266), 47.15 MiB | 47.14 MiB/s
Receiving objects:  53% (1201/2266), 47.15 MiB | 47.14 MiB/s
Receiving objects:  54% (1224/2266), 47.15 MiB | 47.14 MiB/s
Receiving objects:  55% (1247/2266), 47.15 MiB | 47.14 MiB/s
Receiving objects:  56% (1269/2266), 47.15 MiB | 47.14 MiB/s
Receiving objects:  57% (1292/2266), 47.15 MiB | 47.14 MiB/s
Receiving objects:  58% (1315/2266), 47.15 MiB | 47.14 MiB/s
Receiving objects:  59% (1337/2266), 47.15 MiB | 47.14 MiB/s
Receiving objects:  60% (1360/2266), 47.15 MiB | 47.14 MiB/s
Receiving objects:  61% (1383/2266), 47.15 MiB | 47.14 MiB/s
Receiving objects:  62% (1405/2266), 47.15 MiB | 47.14 MiB/s
Receiving objects:  63% (1428/2266), 47.15 MiB | 47.14 MiB/s
Receiving objects:  64% (1451/2266), 47.15 MiB | 47.14 MiB/s
Receiving objects:  65% (1473/2266), 47.15 MiB | 47.14 MiB/s
Receiving objects:  66% (1496/2266), 47.15 MiB | 47.14 MiB/s
Receiving objects:  67% (1519/2266), 47.15 MiB | 47.14 MiB/s
Receiving objects:  68% (1541/2266), 47.15 MiB | 47.14 MiB/s
Receiving objects:  69% (1564/2266), 47.15 MiB | 47.14 MiB/s
Receiving objects:  70% (1587/2266), 47.15 MiB | 47.14 MiB/s
Receiving objects:  71% (1609/2266), 47.15 MiB | 47.14 MiB/s
Receiving objects:  72% (1632/2266), 47.15 MiB | 47.14 MiB/s
Receiving objects:  73% (1655/2266), 47.15 MiB | 47.14 MiB/s
Receiving objects:  74% (1677/2266), 47.15 MiB | 47.14 MiB/s
Receiving objects:  75% (1700/2266), 47.15 MiB | 47.14 MiB/s
Receiving objects:  76% (1723/2266), 47.15 MiB | 47.14 MiB/s
Receiving objects:  77% (1745/2266), 47.15 MiB | 47.14 MiB/s
Receiving objects:  78% (1768/2266), 47.15 MiB | 47.14 MiB/s
Receiving objects:  79% (1791/2266), 47.15 MiB | 47.14 MiB/s
Receiving objects:  80% (1813/2266), 47.15 MiB | 47.14 MiB/s
Receiving objects:  81% (1836/2266), 47.15 MiB | 47.14 MiB/s
Receiving objects:  82% (1859/2266), 47.15 MiB | 47.14 MiB/s
Receiving objects:  83% (1881/2266), 47.15 MiB | 47.14 MiB/s
Receiving objects:  84% (1904/2266), 47.15 MiB | 47.14 MiB/s
Receiving objects:  85% (1927/2266), 47.15 MiB | 47.14 MiB/s
Receiving objects:  86% (1949/2266), 47.15 MiB | 47.14 MiB/s
Receiving objects:  87% (1972/2266), 47.15 MiB | 47.14 MiB/s
Receiving objects:  88% (1995/2266), 47.15 MiB | 47.14 MiB/s
Receiving objects:  89% (2017/2266), 47.15 MiB | 47.14 MiB/s
Receiving objects:  90% (2040/2266), 47.15 MiB | 47.14 MiB/s
remote: Total 2266 (delta 667), reused 2071 (delta 611), pack-reused 0 (from 0)        
Receiving objects:  91% (2063/2266), 47.15 MiB | 47.14 MiB/s
Receiving objects:  92% (2085/2266), 47.15 MiB | 47.14 MiB/s
Receiving objects:  93% (2108/2266), 47.15 MiB | 47.14 MiB/s
Receiving objects:  94% (2131/2266), 47.15 MiB | 47.14 MiB/s
Receiving objects:  95% (2153/2266), 47.15 MiB | 47.14 MiB/s
Receiving objects:  96% (2176/2266), 47.15 MiB | 47.14 MiB/s
Receiving objects:  97% (2199/2266), 47.15 MiB | 47.14 MiB/s
Receiving objects:  98% (2221/2266), 47.15 MiB | 47.14 MiB/s
Receiving objects:  99% (2244/2266), 47.15 MiB | 47.14 MiB/s
Receiving objects: 100% (2266/2266), 47.15 MiB | 47.14 MiB/s
Receiving objects: 100% (2266/2266), 72.58 MiB | 49.62 MiB/s, done.
Resolving deltas:   0% (0/667)
Resolving deltas:   1% (7/667)
Resolving deltas:   2% (14/667)
Resolving deltas:   3% (21/667)
Resolving deltas:   4% (27/667)
Resolving deltas:   5% (34/667)
Resolving deltas:   6% (41/667)
Resolving deltas:   7% (47/667)
Resolving deltas:   8% (54/667)
Resolving deltas:   9% (62/667)
Resolving deltas:  10% (67/667)
Resolving deltas:  11% (74/667)
Resolving deltas:  12% (81/667)
Resolving deltas:  13% (87/667)
Resolving deltas:  14% (94/667)
Resolving deltas:  15% (101/667)
Resolving deltas:  16% (107/667)
Resolving deltas:  17% (114/667)
Resolving deltas:  18% (121/667)
Resolving deltas:  19% (127/667)
Resolving deltas:  20% (134/667)
Resolving deltas:  21% (141/667)
Resolving deltas:  22% (147/667)
Resolving deltas:  23% (154/667)
Resolving deltas:  24% (161/667)
Resolving deltas:  25% (167/667)
Resolving deltas:  26% (174/667)
Resolving deltas:  27% (181/667)
Resolving deltas:  28% (187/667)
Resolving deltas:  29% (194/667)
Resolving deltas:  30% (201/667)
Resolving deltas:  31% (207/667)
Resolving deltas:  32% (214/667)
Resolving deltas:  33% (221/667)
Resolving deltas:  34% (227/667)
Resolving deltas:  35% (234/667)
Resolving deltas:  36% (241/667)
Resolving deltas:  37% (247/667)
Resolving deltas:  38% (254/667)
Resolving deltas:  39% (261/667)
Resolving deltas:  40% (267/667)
Resolving deltas:  41% (274/667)
Resolving deltas:  42% (281/667)
Resolving deltas:  43% (287/667)
Resolving deltas:  44% (294/667)
Resolving deltas:  45% (301/667)
Resolving deltas:  46% (307/667)
Resolving deltas:  47% (314/667)
Resolving deltas:  48% (321/667)
Resolving deltas:  49% (327/667)
Resolving deltas:  50% (334/667)
Resolving deltas:  51% (341/667)
Resolving deltas:  52% (347/667)
Resolving deltas:  53% (354/667)
Resolving deltas:  54% (361/667)
Resolving deltas:  55% (367/667)
Resolving deltas:  56% (374/667)
Resolving deltas:  57% (381/667)
Resolving deltas:  58% (387/667)
Resolving deltas:  59% (394/667)
Resolving deltas:  60% (401/667)
Resolving deltas:  61% (407/667)
Resolving deltas:  62% (414/667)
Resolving deltas:  63% (421/667)
Resolving deltas:  64% (427/667)
Resolving deltas:  65% (434/667)
Resolving deltas:  66% (441/667)
Resolving deltas:  67% (447/667)
Resolving deltas:  68% (454/667)
Resolving deltas:  69% (461/667)
Resolving deltas:  70% (467/667)
Resolving deltas:  71% (474/667)
Resolving deltas:  72% (481/667)
Resolving deltas:  73% (487/667)
Resolving deltas:  74% (494/667)
Resolving deltas:  75% (501/667)
Resolving deltas:  76% (507/667)
Resolving deltas:  77% (514/667)
Resolving deltas:  78% (521/667)
Resolving deltas:  79% (527/667)
Resolving deltas:  80% (534/667)
Resolving deltas:  81% (541/667)
Resolving deltas:  82% (547/667)
Resolving deltas:  83% (554/667)
Resolving deltas:  84% (561/667)
Resolving deltas:  85% (567/667)
Resolving deltas:  86% (574/667)
Resolving deltas:  87% (581/667)
Resolving deltas:  88% (587/667)
Resolving deltas:  89% (594/667)
Resolving deltas:  90% (601/667)
Resolving deltas:  91% (607/667)
Resolving deltas:  92% (614/667)
Resolving deltas:  93% (621/667)
Resolving deltas:  94% (627/667)
Resolving deltas:  95% (634/667)
Resolving deltas:  96% (641/667)
Resolving deltas:  97% (647/667)
Resolving deltas:  98% (654/667)
Resolving deltas:  99% (661/667)
Resolving deltas: 100% (667/667)
Resolving deltas: 100% (667/667), done.

== Checking out commit hash b38772f512b0c65ebcb6d20601d10b31dcfff74f ==
<span style="color:#268BD2">&gt; /usr/bin/git reset --hard b38772f512b0c65ebcb6d20601d10b31dcfff74f</span>
HEAD is now at b38772f Lancer le rapport de Menia sur Codemagic par le relais (demande 13)
