Receiving objects:  11% (289/2623)
Receiving objects:  12% (315/2623)
Receiving objects:  13% (341/2623)
Receiving objects:  14% (368/2623)
Receiving objects:  15% (394/2623)
Receiving objects:  16% (420/2623)
Receiving objects:  17% (446/2623)
Receiving objects:  18% (473/2623)
Receiving objects:  19% (499/2623)
Receiving objects:  20% (525/2623)
Receiving objects:  21% (551/2623)
Receiving objects:  22% (578/2623)
Receiving objects:  23% (604/2623)
Receiving objects:  24% (630/2623), 18.12 MiB | 36.23 MiB/s
Receiving objects:  25% (656/2623), 18.12 MiB | 36.23 MiB/s
Receiving objects:  26% (682/2623), 18.12 MiB | 36.23 MiB/s
Receiving objects:  27% (709/2623), 18.12 MiB | 36.23 MiB/s
Receiving objects:  28% (735/2623), 18.12 MiB | 36.23 MiB/s
Receiving objects:  28% (746/2623), 53.59 MiB | 53.59 MiB/s
Receiving objects:  29% (761/2623), 53.59 MiB | 53.59 MiB/s
Receiving objects:  30% (787/2623), 53.59 MiB | 53.59 MiB/s
Receiving objects:  31% (814/2623), 53.59 MiB | 53.59 MiB/s
Receiving objects:  32% (840/2623), 92.44 MiB | 61.62 MiB/s
Receiving objects:  33% (866/2623), 92.44 MiB | 61.62 MiB/s
Receiving objects:  34% (892/2623), 92.44 MiB | 61.62 MiB/s
Receiving objects:  35% (919/2623), 92.44 MiB | 61.62 MiB/s
Receiving objects:  36% (945/2623), 92.44 MiB | 61.62 MiB/s
Receiving objects:  37% (971/2623), 92.44 MiB | 61.62 MiB/s
Receiving objects:  38% (997/2623), 92.44 MiB | 61.62 MiB/s
Receiving objects:  38% (1005/2623), 124.27 MiB | 62.13 MiB/s
Receiving objects:  39% (1023/2623), 124.27 MiB | 62.13 MiB/s
Receiving objects:  40% (1050/2623), 124.27 MiB | 62.13 MiB/s
Receiving objects:  41% (1076/2623), 124.27 MiB | 62.13 MiB/s
Receiving objects:  42% (1102/2623), 124.27 MiB | 62.13 MiB/s
Receiving objects:  43% (1128/2623), 124.27 MiB | 62.13 MiB/s
Receiving objects:  44% (1155/2623), 124.27 MiB | 62.13 MiB/s
Receiving objects:  45% (1181/2623), 124.27 MiB | 62.13 MiB/s
Receiving objects:  46% (1207/2623), 124.27 MiB | 62.13 MiB/s
Receiving objects:  47% (1233/2623), 124.27 MiB | 62.13 MiB/s
Receiving objects:  48% (1260/2623), 124.27 MiB | 62.13 MiB/s
Receiving objects:  49% (1286/2623), 151.46 MiB | 60.58 MiB/s
Receiving objects:  50% (1312/2623), 151.46 MiB | 60.58 MiB/s
Receiving objects:  51% (1338/2623), 151.46 MiB | 60.58 MiB/s
Receiving objects:  52% (1364/2623), 151.46 MiB | 60.58 MiB/s
Receiving objects:  53% (1391/2623), 151.46 MiB | 60.58 MiB/s
Receiving objects:  54% (1417/2623), 151.46 MiB | 60.58 MiB/s
Receiving objects:  55% (1443/2623), 151.46 MiB | 60.58 MiB/s
Receiving objects:  56% (1469/2623), 151.46 MiB | 60.58 MiB/s
Receiving objects:  57% (1496/2623), 151.46 MiB | 60.58 MiB/s
Receiving objects:  58% (1522/2623), 151.46 MiB | 60.58 MiB/s
Receiving objects:  59% (1548/2623), 151.46 MiB | 60.58 MiB/s
Receiving objects:  60% (1574/2623), 151.46 MiB | 60.58 MiB/s
Receiving objects:  61% (1601/2623), 151.46 MiB | 60.58 MiB/s
Receiving objects:  62% (1627/2623), 151.46 MiB | 60.58 MiB/s
Receiving objects:  63% (1653/2623), 151.46 MiB | 60.58 MiB/s
Receiving objects:  64% (1679/2623), 151.46 MiB | 60.58 MiB/s
Receiving objects:  65% (1705/2623), 151.46 MiB | 60.58 MiB/s
Receiving objects:  66% (1732/2623), 151.46 MiB | 60.58 MiB/s
Receiving objects:  67% (1758/2623), 151.46 MiB | 60.58 MiB/s
Receiving objects:  68% (1784/2623), 151.46 MiB | 60.58 MiB/s
Receiving objects:  69% (1810/2623), 151.46 MiB | 60.58 MiB/s
Receiving objects:  70% (1837/2623), 151.46 MiB | 60.58 MiB/s
Receiving objects:  71% (1863/2623), 151.46 MiB | 60.58 MiB/s
Receiving objects:  72% (1889/2623), 151.46 MiB | 60.58 MiB/s
Receiving objects:  73% (1915/2623), 151.46 MiB | 60.58 MiB/s
Receiving objects:  74% (1942/2623), 151.46 MiB | 60.58 MiB/s
Receiving objects:  75% (1968/2623), 151.46 MiB | 60.58 MiB/s
Receiving objects:  76% (1994/2623), 151.46 MiB | 60.58 MiB/s
Receiving objects:  77% (2020/2623), 151.46 MiB | 60.58 MiB/s
Receiving objects:  78% (2046/2623), 151.46 MiB | 60.58 MiB/s
Receiving objects:  79% (2073/2623), 151.46 MiB | 60.58 MiB/s
Receiving objects:  80% (2099/2623), 151.46 MiB | 60.58 MiB/s
Receiving objects:  81% (2125/2623), 151.46 MiB | 60.58 MiB/s
Receiving objects:  82% (2151/2623), 151.46 MiB | 60.58 MiB/s
Receiving objects:  83% (2178/2623), 151.46 MiB | 60.58 MiB/s
Receiving objects:  84% (2204/2623), 151.46 MiB | 60.58 MiB/s
Receiving objects:  85% (2230/2623), 151.46 MiB | 60.58 MiB/s
Receiving objects:  86% (2256/2623), 151.46 MiB | 60.58 MiB/s
Receiving objects:  87% (2283/2623), 151.46 MiB | 60.58 MiB/s
Receiving objects:  88% (2309/2623), 151.46 MiB | 60.58 MiB/s
Receiving objects:  89% (2335/2623), 151.46 MiB | 60.58 MiB/s
remote: Total 2623 (delta 877), reused 2407 (delta 826), pack-reused 0 (from 0)        
Receiving objects:  90% (2361/2623), 151.46 MiB | 60.58 MiB/s
Receiving objects:  91% (2387/2623), 151.46 MiB | 60.58 MiB/s
Receiving objects:  92% (2414/2623), 151.46 MiB | 60.58 MiB/s
Receiving objects:  93% (2440/2623), 151.46 MiB | 60.58 MiB/s
Receiving objects:  94% (2466/2623), 151.46 MiB | 60.58 MiB/s
Receiving objects:  95% (2492/2623), 151.46 MiB | 60.58 MiB/s
Receiving objects:  96% (2519/2623), 151.46 MiB | 60.58 MiB/s
Receiving objects:  97% (2545/2623), 151.46 MiB | 60.58 MiB/s
Receiving objects:  98% (2571/2623), 151.46 MiB | 60.58 MiB/s
Receiving objects:  99% (2597/2623), 151.46 MiB | 60.58 MiB/s
Receiving objects: 100% (2623/2623), 151.46 MiB | 60.58 MiB/s
Receiving objects: 100% (2623/2623), 155.80 MiB | 60.22 MiB/s, done.
Resolving deltas:   0% (0/877)
Resolving deltas:   1% (10/877)
Resolving deltas:   2% (18/877)
Resolving deltas:   3% (27/877)
Resolving deltas:   4% (37/877)
Resolving deltas:   5% (45/877)
Resolving deltas:   6% (53/877)
Resolving deltas:   7% (63/877)
Resolving deltas:   8% (71/877)
Resolving deltas:   9% (81/877)
Resolving deltas:  10% (88/877)
Resolving deltas:  11% (97/877)
Resolving deltas:  12% (106/877)
Resolving deltas:  13% (115/877)
Resolving deltas:  14% (123/877)
Resolving deltas:  15% (132/877)
Resolving deltas:  16% (141/877)
Resolving deltas:  17% (150/877)
Resolving deltas:  18% (158/877)
Resolving deltas:  19% (167/877)
Resolving deltas:  20% (176/877)
Resolving deltas:  21% (185/877)
Resolving deltas:  22% (193/877)
Resolving deltas:  23% (203/877)
Resolving deltas:  24% (211/877)
Resolving deltas:  25% (220/877)
Resolving deltas:  26% (229/877)
Resolving deltas:  27% (237/877)
Resolving deltas:  28% (246/877)
Resolving deltas:  29% (255/877)
Resolving deltas:  30% (264/877)
Resolving deltas:  31% (272/877)
Resolving deltas:  32% (281/877)
Resolving deltas:  33% (290/877)
Resolving deltas:  34% (299/877)
Resolving deltas:  35% (307/877)
Resolving deltas:  36% (316/877)
Resolving deltas:  37% (325/877)
Resolving deltas:  38% (334/877)
Resolving deltas:  39% (343/877)
Resolving deltas:  40% (351/877)
Resolving deltas:  41% (360/877)
Resolving deltas:  42% (369/877)
Resolving deltas:  43% (378/877)
Resolving deltas:  44% (386/877)
Resolving deltas:  45% (395/877)
Resolving deltas:  46% (404/877)
Resolving deltas:  47% (413/877)
Resolving deltas:  48% (421/877)
Resolving deltas:  49% (430/877)
Resolving deltas:  50% (439/877)
Resolving deltas:  51% (448/877)
Resolving deltas:  52% (457/877)
Resolving deltas:  53% (465/877)
Resolving deltas:  54% (474/877)
Resolving deltas:  55% (483/877)
Resolving deltas:  56% (492/877)
Resolving deltas:  57% (500/877)
Resolving deltas:  58% (509/877)
Resolving deltas:  59% (518/877)
Resolving deltas:  60% (527/877)
Resolving deltas:  61% (535/877)
Resolving deltas:  62% (544/877)
Resolving deltas:  63% (553/877)
Resolving deltas:  64% (562/877)
Resolving deltas:  65% (571/877)
Resolving deltas:  66% (579/877)
Resolving deltas:  67% (588/877)
Resolving deltas:  68% (597/877)
Resolving deltas:  69% (606/877)
Resolving deltas:  70% (614/877)
Resolving deltas:  71% (623/877)
Resolving deltas:  72% (632/877)
Resolving deltas:  73% (641/877)
Resolving deltas:  74% (650/877)
Resolving deltas:  75% (658/877)
Resolving deltas:  76% (667/877)
Resolving deltas:  77% (676/877)
Resolving deltas:  78% (685/877)
Resolving deltas:  79% (693/877)
Resolving deltas:  80% (702/877)
Resolving deltas:  81% (711/877)
Resolving deltas:  82% (720/877)
Resolving deltas:  83% (728/877)
Resolving deltas:  84% (737/877)
Resolving deltas:  85% (746/877)
Resolving deltas:  86% (755/877)
Resolving deltas:  87% (763/877)
Resolving deltas:  88% (772/877)
Resolving deltas:  89% (781/877)
Resolving deltas:  90% (790/877)
Resolving deltas:  91% (799/877)
Resolving deltas:  92% (807/877)
Resolving deltas:  93% (816/877)
Resolving deltas:  94% (825/877)
Resolving deltas:  95% (834/877)
Resolving deltas:  96% (842/877)
Resolving deltas:  97% (851/877)
Resolving deltas:  98% (860/877)
Resolving deltas:  99% (869/877)
Resolving deltas: 100% (877/877)
Resolving deltas: 100% (877/877), done.

== Checking out commit hash 27db6a763dca0c6d89972da612c08e63378d6331 ==
<span style="color:#268BD2">&gt; /usr/bin/git reset --hard 27db6a763dca0c6d89972da612c08e63378d6331</span>
HEAD is now at 27db6a7 Lancer la répétition de deux lectures par le relais, demande 26
