Receiving objects:  95% (3857/4060), 805.18 MiB | 96.94 MiB/s
Receiving objects:  96% (3898/4060), 805.18 MiB | 96.94 MiB/s
Receiving objects:  97% (3939/4060), 805.18 MiB | 96.94 MiB/s
Receiving objects:  98% (3979/4060), 805.18 MiB | 96.94 MiB/s
Receiving objects:  99% (4020/4060), 805.18 MiB | 96.94 MiB/s
Receiving objects: 100% (4060/4060), 805.18 MiB | 96.94 MiB/s
Receiving objects: 100% (4060/4060), 810.34 MiB | 94.51 MiB/s, done.
Resolving deltas:   0% (0/1449)
Resolving deltas:   1% (15/1449)
Resolving deltas:   2% (29/1449)
Resolving deltas:   3% (44/1449)
Resolving deltas:   4% (58/1449)
Resolving deltas:   5% (73/1449)
Resolving deltas:   6% (87/1449)
Resolving deltas:   7% (102/1449)
Resolving deltas:   8% (116/1449)
Resolving deltas:   9% (131/1449)
Resolving deltas:  10% (145/1449)
Resolving deltas:  11% (160/1449)
Resolving deltas:  12% (175/1449)
Resolving deltas:  13% (189/1449)
Resolving deltas:  14% (203/1449)
Resolving deltas:  15% (218/1449)
Resolving deltas:  16% (232/1449)
Resolving deltas:  17% (247/1449)
Resolving deltas:  18% (261/1449)
Resolving deltas:  19% (276/1449)
Resolving deltas:  20% (290/1449)
Resolving deltas:  21% (305/1449)
Resolving deltas:  22% (319/1449)
Resolving deltas:  23% (334/1449)
Resolving deltas:  24% (348/1449)
Resolving deltas:  25% (363/1449)
Resolving deltas:  26% (377/1449)
Resolving deltas:  27% (392/1449)
Resolving deltas:  28% (406/1449)
Resolving deltas:  29% (421/1449)
Resolving deltas:  30% (435/1449)
Resolving deltas:  31% (450/1449)
Resolving deltas:  32% (464/1449)
Resolving deltas:  33% (479/1449)
Resolving deltas:  34% (493/1449)
Resolving deltas:  35% (508/1449)
Resolving deltas:  36% (522/1449)
Resolving deltas:  37% (537/1449)
Resolving deltas:  38% (551/1449)
Resolving deltas:  39% (566/1449)
Resolving deltas:  40% (580/1449)
Resolving deltas:  41% (595/1449)
Resolving deltas:  42% (609/1449)
Resolving deltas:  43% (624/1449)
Resolving deltas:  44% (638/1449)
Resolving deltas:  45% (653/1449)
Resolving deltas:  46% (667/1449)
Resolving deltas:  47% (682/1449)
Resolving deltas:  48% (696/1449)
Resolving deltas:  49% (711/1449)
Resolving deltas:  50% (725/1449)
Resolving deltas:  51% (739/1449)
Resolving deltas:  52% (754/1449)
Resolving deltas:  53% (768/1449)
Resolving deltas:  54% (783/1449)
Resolving deltas:  55% (797/1449)
Resolving deltas:  56% (812/1449)
Resolving deltas:  57% (826/1449)
Resolving deltas:  58% (841/1449)
Resolving deltas:  59% (856/1449)
Resolving deltas:  60% (870/1449)
Resolving deltas:  61% (884/1449)
Resolving deltas:  62% (899/1449)
Resolving deltas:  63% (913/1449)
Resolving deltas:  64% (928/1449)
Resolving deltas:  65% (942/1449)
Resolving deltas:  66% (957/1449)
Resolving deltas:  67% (971/1449)
Resolving deltas:  68% (986/1449)
Resolving deltas:  69% (1000/1449)
Resolving deltas:  70% (1015/1449)
Resolving deltas:  71% (1029/1449)
Resolving deltas:  72% (1044/1449)
Resolving deltas:  73% (1058/1449)
Resolving deltas:  74% (1073/1449)
Resolving deltas:  75% (1087/1449)
Resolving deltas:  76% (1102/1449)
Resolving deltas:  77% (1116/1449)
Resolving deltas:  78% (1131/1449)
Resolving deltas:  79% (1145/1449)
Resolving deltas:  80% (1160/1449)
Resolving deltas:  81% (1174/1449)
Resolving deltas:  82% (1189/1449)
Resolving deltas:  83% (1203/1449)
Resolving deltas:  84% (1218/1449)
Resolving deltas:  85% (1232/1449)
Resolving deltas:  86% (1247/1449)
Resolving deltas:  87% (1261/1449)
Resolving deltas:  88% (1276/1449)
Resolving deltas:  89% (1290/1449)
Resolving deltas:  90% (1305/1449)
Resolving deltas:  91% (1319/1449)
Resolving deltas:  92% (1334/1449)
Resolving deltas:  93% (1348/1449)
Resolving deltas:  94% (1363/1449)
Resolving deltas:  95% (1377/1449)
Resolving deltas:  96% (1392/1449)
Resolving deltas:  97% (1406/1449)
Resolving deltas:  98% (1421/1449)
Resolving deltas:  99% (1435/1449)
Resolving deltas: 100% (1449/1449)
Resolving deltas: 100% (1449/1449), done.
Updating files:  20% (722/3487)
Updating files:  21% (733/3487)
Updating files:  22% (768/3487)
Updating files:  23% (803/3487)
Updating files:  24% (837/3487)
Updating files:  25% (872/3487)
Updating files:  26% (907/3487)
Updating files:  27% (942/3487)
Updating files:  28% (977/3487)
Updating files:  29% (1012/3487)
Updating files:  30% (1047/3487)
Updating files:  30% (1068/3487)
Updating files:  31% (1081/3487)
Updating files:  32% (1116/3487)
Updating files:  33% (1151/3487)
Updating files:  34% (1186/3487)
Updating files:  35% (1221/3487)
Updating files:  36% (1256/3487)
Updating files:  37% (1291/3487)
Updating files:  38% (1326/3487)
Updating files:  39% (1360/3487)
Updating files:  40% (1395/3487)
Updating files:  41% (1430/3487)
Updating files:  41% (1441/3487)
Updating files:  42% (1465/3487)
Updating files:  43% (1500/3487)
Updating files:  44% (1535/3487)
Updating files:  44% (1551/3487)
Updating files:  45% (1570/3487)
Updating files:  46% (1605/3487)
Updating files:  47% (1639/3487)
Updating files:  48% (1674/3487)
Updating files:  49% (1709/3487)
Updating files:  50% (1744/3487)
Updating files:  50% (1774/3487)
Updating files:  51% (1779/3487)
Updating files:  52% (1814/3487)
Updating files:  53% (1849/3487)
Updating files:  54% (1883/3487)
Updating files:  55% (1918/3487)
Updating files:  56% (1953/3487)
Updating files:  57% (1988/3487)
Updating files:  58% (2023/3487)
Updating files:  59% (2058/3487)
Updating files:  60% (2093/3487)
Updating files:  61% (2128/3487)
Updating files:  62% (2162/3487)
Updating files:  62% (2183/3487)
Updating files:  63% (2197/3487)
Updating files:  64% (2232/3487)
Updating files:  65% (2267/3487)
Updating files:  66% (2302/3487)
Updating files:  67% (2337/3487)
Updating files:  68% (2372/3487)
Updating files:  69% (2407/3487)
Updating files:  70% (2441/3487)
Updating files:  71% (2476/3487)
Updating files:  72% (2511/3487)
Updating files:  73% (2546/3487)
Updating files:  74% (2581/3487)
Updating files:  75% (2616/3487)
Updating files:  76% (2651/3487)
Updating files:  77% (2685/3487)
Updating files:  78% (2720/3487)
Updating files:  79% (2755/3487)
Updating files:  80% (2790/3487)
Updating files:  81% (2825/3487)
Updating files:  82% (2860/3487)
Updating files:  83% (2895/3487)
Updating files:  84% (2930/3487)
Updating files:  85% (2964/3487)
Updating files:  86% (2999/3487)
Updating files:  87% (3034/3487)
Updating files:  88% (3069/3487)
Updating files:  89% (3104/3487)
Updating files:  90% (3139/3487)
Updating files:  91% (3174/3487)
Updating files:  92% (3209/3487)
Updating files:  93% (3243/3487)
Updating files:  94% (3278/3487)
Updating files:  95% (3313/3487)
Updating files:  96% (3348/3487)
Updating files:  97% (3383/3487)
Updating files:  98% (3418/3487)
Updating files:  99% (3453/3487)
Updating files: 100% (3487/3487)
Updating files: 100% (3487/3487), done.

== Checking out commit hash 8ceebf19eebee7b55eda4d5add3f5b373ee87a63 ==
<span style="color:#268BD2">&gt; /usr/bin/git reset --hard 8ceebf19eebee7b55eda4d5add3f5b373ee87a63</span>
HEAD is now at 8ceebf1 Relais, demande 96 : test 22, A itérations 2 001 à 3 000 (reprise exacte), B itérations 1 à 1 000
