Receiving objects:  11% (255/2315)
Receiving objects:  12% (278/2315)
Receiving objects:  13% (301/2315)
Receiving objects:  14% (325/2315)
Receiving objects:  15% (348/2315)
Receiving objects:  16% (371/2315)
Receiving objects:  17% (394/2315)
Receiving objects:  18% (417/2315)
Receiving objects:  19% (440/2315)
Receiving objects:  20% (463/2315)
Receiving objects:  21% (487/2315)
Receiving objects:  22% (510/2315)
Receiving objects:  23% (533/2315)
Receiving objects:  24% (556/2315)
Receiving objects:  25% (579/2315)
Receiving objects:  26% (602/2315)
Receiving objects:  27% (626/2315), 10.89 MiB | 21.77 MiB/s
Receiving objects:  27% (636/2315), 23.32 MiB | 23.29 MiB/s
Receiving objects:  28% (649/2315), 23.32 MiB | 23.29 MiB/s
Receiving objects:  29% (672/2315), 23.32 MiB | 23.29 MiB/s
Receiving objects:  30% (695/2315), 23.32 MiB | 23.29 MiB/s
Receiving objects:  31% (718/2315), 23.32 MiB | 23.29 MiB/s
Receiving objects:  32% (741/2315), 23.32 MiB | 23.29 MiB/s
Receiving objects:  33% (764/2315), 36.07 MiB | 24.03 MiB/s
Receiving objects:  34% (788/2315), 36.07 MiB | 24.03 MiB/s
Receiving objects:  35% (811/2315), 36.07 MiB | 24.03 MiB/s
Receiving objects:  36% (834/2315), 36.07 MiB | 24.03 MiB/s
Receiving objects:  36% (849/2315), 36.07 MiB | 24.03 MiB/s
Receiving objects:  37% (857/2315), 49.77 MiB | 24.88 MiB/s
Receiving objects:  38% (880/2315), 49.77 MiB | 24.88 MiB/s
Receiving objects:  39% (903/2315), 49.77 MiB | 24.88 MiB/s
Receiving objects:  40% (926/2315), 49.77 MiB | 24.88 MiB/s
Receiving objects:  41% (950/2315), 49.77 MiB | 24.88 MiB/s
Receiving objects:  42% (973/2315), 49.77 MiB | 24.88 MiB/s
Receiving objects:  43% (996/2315), 63.91 MiB | 25.56 MiB/s
Receiving objects:  44% (1019/2315), 63.91 MiB | 25.56 MiB/s
Receiving objects:  45% (1042/2315), 63.91 MiB | 25.56 MiB/s
Receiving objects:  46% (1065/2315), 63.91 MiB | 25.56 MiB/s
Receiving objects:  47% (1089/2315), 63.91 MiB | 25.56 MiB/s
Receiving objects:  48% (1112/2315), 63.91 MiB | 25.56 MiB/s
Receiving objects:  49% (1135/2315), 63.91 MiB | 25.56 MiB/s
Receiving objects:  50% (1158/2315), 63.91 MiB | 25.56 MiB/s
Receiving objects:  51% (1181/2315), 63.91 MiB | 25.56 MiB/s
Receiving objects:  52% (1204/2315), 63.91 MiB | 25.56 MiB/s
Receiving objects:  53% (1227/2315), 63.91 MiB | 25.56 MiB/s
Receiving objects:  54% (1251/2315), 63.91 MiB | 25.56 MiB/s
Receiving objects:  55% (1274/2315), 63.91 MiB | 25.56 MiB/s
Receiving objects:  56% (1297/2315), 63.91 MiB | 25.56 MiB/s
Receiving objects:  57% (1320/2315), 63.91 MiB | 25.56 MiB/s
Receiving objects:  58% (1343/2315), 63.91 MiB | 25.56 MiB/s
Receiving objects:  59% (1366/2315), 63.91 MiB | 25.56 MiB/s
Receiving objects:  60% (1389/2315), 63.91 MiB | 25.56 MiB/s
Receiving objects:  61% (1413/2315), 63.91 MiB | 25.56 MiB/s
Receiving objects:  62% (1436/2315), 63.91 MiB | 25.56 MiB/s
Receiving objects:  63% (1459/2315), 63.91 MiB | 25.56 MiB/s
Receiving objects:  64% (1482/2315), 63.91 MiB | 25.56 MiB/s
Receiving objects:  65% (1505/2315), 63.91 MiB | 25.56 MiB/s
Receiving objects:  66% (1528/2315), 63.91 MiB | 25.56 MiB/s
Receiving objects:  67% (1552/2315), 63.91 MiB | 25.56 MiB/s
Receiving objects:  68% (1575/2315), 63.91 MiB | 25.56 MiB/s
Receiving objects:  69% (1598/2315), 63.91 MiB | 25.56 MiB/s
Receiving objects:  70% (1621/2315), 63.91 MiB | 25.56 MiB/s
Receiving objects:  71% (1644/2315), 63.91 MiB | 25.56 MiB/s
Receiving objects:  72% (1667/2315), 63.91 MiB | 25.56 MiB/s
Receiving objects:  73% (1690/2315), 63.91 MiB | 25.56 MiB/s
Receiving objects:  74% (1714/2315), 63.91 MiB | 25.56 MiB/s
Receiving objects:  75% (1737/2315), 63.91 MiB | 25.56 MiB/s
Receiving objects:  76% (1760/2315), 63.91 MiB | 25.56 MiB/s
Receiving objects:  77% (1783/2315), 63.91 MiB | 25.56 MiB/s
Receiving objects:  78% (1806/2315), 63.91 MiB | 25.56 MiB/s
Receiving objects:  79% (1829/2315), 63.91 MiB | 25.56 MiB/s
Receiving objects:  80% (1852/2315), 63.91 MiB | 25.56 MiB/s
Receiving objects:  81% (1876/2315), 63.91 MiB | 25.56 MiB/s
Receiving objects:  82% (1899/2315), 63.91 MiB | 25.56 MiB/s
Receiving objects:  83% (1922/2315), 63.91 MiB | 25.56 MiB/s
Receiving objects:  84% (1945/2315), 63.91 MiB | 25.56 MiB/s
Receiving objects:  85% (1968/2315), 63.91 MiB | 25.56 MiB/s
Receiving objects:  86% (1991/2315), 63.91 MiB | 25.56 MiB/s
Receiving objects:  87% (2015/2315), 63.91 MiB | 25.56 MiB/s
Receiving objects:  88% (2038/2315), 63.91 MiB | 25.56 MiB/s
Receiving objects:  89% (2061/2315), 63.91 MiB | 25.56 MiB/s
Receiving objects:  90% (2084/2315), 63.91 MiB | 25.56 MiB/s
Receiving objects:  91% (2107/2315), 63.91 MiB | 25.56 MiB/s
remote: Total 2315 (delta 691), reused 2043 (delta 566), pack-reused 0 (from 0)        
Receiving objects:  92% (2130/2315), 63.91 MiB | 25.56 MiB/s
Receiving objects:  93% (2153/2315), 63.91 MiB | 25.56 MiB/s
Receiving objects:  94% (2177/2315), 63.91 MiB | 25.56 MiB/s
Receiving objects:  95% (2200/2315), 63.91 MiB | 25.56 MiB/s
Receiving objects:  96% (2223/2315), 63.91 MiB | 25.56 MiB/s
Receiving objects:  97% (2246/2315), 63.91 MiB | 25.56 MiB/s
Receiving objects:  98% (2269/2315), 63.91 MiB | 25.56 MiB/s
Receiving objects:  99% (2292/2315), 63.91 MiB | 25.56 MiB/s
Receiving objects: 100% (2315/2315), 63.91 MiB | 25.56 MiB/s
Receiving objects: 100% (2315/2315), 72.76 MiB | 25.75 MiB/s, done.
Resolving deltas:   0% (0/691)
Resolving deltas:   1% (7/691)
Resolving deltas:   2% (14/691)
Resolving deltas:   3% (21/691)
Resolving deltas:   4% (28/691)
Resolving deltas:   5% (35/691)
Resolving deltas:   6% (42/691)
Resolving deltas:   7% (49/691)
Resolving deltas:   8% (56/691)
Resolving deltas:   9% (63/691)
Resolving deltas:  10% (70/691)
Resolving deltas:  11% (77/691)
Resolving deltas:  12% (83/691)
Resolving deltas:  13% (90/691)
Resolving deltas:  14% (97/691)
Resolving deltas:  15% (104/691)
Resolving deltas:  16% (111/691)
Resolving deltas:  17% (118/691)
Resolving deltas:  18% (125/691)
Resolving deltas:  19% (132/691)
Resolving deltas:  20% (139/691)
Resolving deltas:  21% (146/691)
Resolving deltas:  22% (153/691)
Resolving deltas:  23% (159/691)
Resolving deltas:  24% (166/691)
Resolving deltas:  25% (173/691)
Resolving deltas:  26% (180/691)
Resolving deltas:  27% (187/691)
Resolving deltas:  28% (194/691)
Resolving deltas:  29% (201/691)
Resolving deltas:  30% (208/691)
Resolving deltas:  31% (215/691)
Resolving deltas:  32% (222/691)
Resolving deltas:  33% (229/691)
Resolving deltas:  34% (235/691)
Resolving deltas:  35% (242/691)
Resolving deltas:  36% (249/691)
Resolving deltas:  37% (256/691)
Resolving deltas:  38% (263/691)
Resolving deltas:  39% (270/691)
Resolving deltas:  40% (277/691)
Resolving deltas:  41% (284/691)
Resolving deltas:  42% (291/691)
Resolving deltas:  43% (298/691)
Resolving deltas:  44% (305/691)
Resolving deltas:  45% (311/691)
Resolving deltas:  46% (318/691)
Resolving deltas:  47% (325/691)
Resolving deltas:  48% (332/691)
Resolving deltas:  49% (339/691)
Resolving deltas:  50% (346/691)
Resolving deltas:  51% (353/691)
Resolving deltas:  52% (360/691)
Resolving deltas:  53% (367/691)
Resolving deltas:  54% (374/691)
Resolving deltas:  55% (381/691)
Resolving deltas:  56% (387/691)
Resolving deltas:  57% (394/691)
Resolving deltas:  58% (401/691)
Resolving deltas:  59% (408/691)
Resolving deltas:  60% (415/691)
Resolving deltas:  61% (422/691)
Resolving deltas:  62% (429/691)
Resolving deltas:  63% (436/691)
Resolving deltas:  64% (443/691)
Resolving deltas:  65% (450/691)
Resolving deltas:  66% (457/691)
Resolving deltas:  67% (463/691)
Resolving deltas:  68% (470/691)
Resolving deltas:  69% (477/691)
Resolving deltas:  70% (484/691)
Resolving deltas:  71% (492/691)
Resolving deltas:  72% (498/691)
Resolving deltas:  73% (505/691)
Resolving deltas:  74% (512/691)
Resolving deltas:  75% (519/691)
Resolving deltas:  76% (526/691)
Resolving deltas:  77% (533/691)
Resolving deltas:  78% (539/691)
Resolving deltas:  79% (546/691)
Resolving deltas:  80% (553/691)
Resolving deltas:  81% (560/691)
Resolving deltas:  82% (567/691)
Resolving deltas:  83% (574/691)
Resolving deltas:  84% (582/691)
Resolving deltas:  85% (588/691)
Resolving deltas:  86% (595/691)
Resolving deltas:  87% (602/691)
Resolving deltas:  88% (609/691)
Resolving deltas:  89% (615/691)
Resolving deltas:  90% (622/691)
Resolving deltas:  91% (629/691)
Resolving deltas:  92% (636/691)
Resolving deltas:  93% (643/691)
Resolving deltas:  94% (650/691)
Resolving deltas:  95% (657/691)
Resolving deltas:  96% (664/691)
Resolving deltas:  97% (671/691)
Resolving deltas:  98% (678/691)
Resolving deltas:  99% (685/691)
Resolving deltas: 100% (691/691)
Resolving deltas: 100% (691/691), done.

== Checking out commit hash 227225db69005963d8c0a3e407504b75ebccc678 ==
<span style="color:#268BD2">&gt; /usr/bin/git reset --hard 227225db69005963d8c0a3e407504b75ebccc678</span>
HEAD is now at 227225d Lancer le régime VMI sur Codemagic par le relais (demande 16)
