Receiving objects:  82% (3224/3931), 711.04 MiB | 66.30 MiB/s
Receiving objects:  83% (3263/3931), 711.04 MiB | 66.30 MiB/s
Receiving objects:  84% (3303/3931), 711.04 MiB | 66.30 MiB/s
Receiving objects:  85% (3342/3931), 711.04 MiB | 66.30 MiB/s
Receiving objects:  86% (3381/3931), 711.04 MiB | 66.30 MiB/s
Receiving objects:  87% (3420/3931), 711.04 MiB | 66.30 MiB/s
Receiving objects:  88% (3460/3931), 711.04 MiB | 66.30 MiB/s
Receiving objects:  89% (3499/3931), 711.04 MiB | 66.30 MiB/s
Receiving objects:  90% (3538/3931), 711.04 MiB | 66.30 MiB/s
Receiving objects:  91% (3578/3931), 711.04 MiB | 66.30 MiB/s
Receiving objects:  92% (3617/3931), 711.04 MiB | 66.30 MiB/s
Receiving objects:  93% (3656/3931), 711.04 MiB | 66.30 MiB/s
Receiving objects:  94% (3696/3931), 711.04 MiB | 66.30 MiB/s
Receiving objects:  95% (3735/3931), 711.04 MiB | 66.30 MiB/s
Receiving objects:  96% (3774/3931), 738.73 MiB | 64.84 MiB/s
Receiving objects:  97% (3814/3931), 738.73 MiB | 64.84 MiB/s
Receiving objects:  98% (3853/3931), 738.73 MiB | 64.84 MiB/s
remote: Total 3931 (delta 1383), reused 3650 (delta 1334), pack-reused 0 (from 0)        
Receiving objects:  99% (3892/3931), 738.73 MiB | 64.84 MiB/s
Receiving objects: 100% (3931/3931), 738.73 MiB | 64.84 MiB/s
Receiving objects: 100% (3931/3931), 740.44 MiB | 64.24 MiB/s, done.
Resolving deltas:   0% (0/1383)
Resolving deltas:   1% (14/1383)
Resolving deltas:   2% (28/1383)
Resolving deltas:   3% (42/1383)
Resolving deltas:   4% (57/1383)
Resolving deltas:   5% (70/1383)
Resolving deltas:   6% (83/1383)
Resolving deltas:   7% (97/1383)
Resolving deltas:   8% (111/1383)
Resolving deltas:   9% (125/1383)
Resolving deltas:  10% (139/1383)
Resolving deltas:  11% (153/1383)
Resolving deltas:  12% (166/1383)
Resolving deltas:  13% (180/1383)
Resolving deltas:  14% (194/1383)
Resolving deltas:  15% (208/1383)
Resolving deltas:  16% (222/1383)
Resolving deltas:  17% (236/1383)
Resolving deltas:  18% (249/1383)
Resolving deltas:  19% (263/1383)
Resolving deltas:  20% (277/1383)
Resolving deltas:  21% (291/1383)
Resolving deltas:  22% (305/1383)
Resolving deltas:  23% (319/1383)
Resolving deltas:  24% (332/1383)
Resolving deltas:  25% (346/1383)
Resolving deltas:  26% (360/1383)
Resolving deltas:  27% (374/1383)
Resolving deltas:  28% (388/1383)
Resolving deltas:  29% (402/1383)
Resolving deltas:  30% (415/1383)
Resolving deltas:  31% (429/1383)
Resolving deltas:  32% (443/1383)
Resolving deltas:  33% (457/1383)
Resolving deltas:  34% (471/1383)
Resolving deltas:  35% (485/1383)
Resolving deltas:  36% (498/1383)
Resolving deltas:  37% (512/1383)
Resolving deltas:  38% (526/1383)
Resolving deltas:  39% (540/1383)
Resolving deltas:  40% (554/1383)
Resolving deltas:  41% (568/1383)
Resolving deltas:  42% (581/1383)
Resolving deltas:  43% (596/1383)
Resolving deltas:  44% (609/1383)
Resolving deltas:  45% (623/1383)
Resolving deltas:  46% (637/1383)
Resolving deltas:  47% (651/1383)
Resolving deltas:  48% (664/1383)
Resolving deltas:  49% (678/1383)
Resolving deltas:  50% (692/1383)
Resolving deltas:  51% (706/1383)
Resolving deltas:  52% (720/1383)
Resolving deltas:  53% (733/1383)
Resolving deltas:  54% (747/1383)
Resolving deltas:  55% (761/1383)
Resolving deltas:  56% (775/1383)
Resolving deltas:  57% (789/1383)
Resolving deltas:  58% (803/1383)
Resolving deltas:  59% (816/1383)
Resolving deltas:  60% (830/1383)
Resolving deltas:  61% (844/1383)
Resolving deltas:  62% (858/1383)
Resolving deltas:  63% (872/1383)
Resolving deltas:  64% (886/1383)
Resolving deltas:  65% (899/1383)
Resolving deltas:  66% (913/1383)
Resolving deltas:  67% (927/1383)
Resolving deltas:  68% (941/1383)
Resolving deltas:  69% (955/1383)
Resolving deltas:  70% (969/1383)
Resolving deltas:  71% (982/1383)
Resolving deltas:  72% (996/1383)
Resolving deltas:  73% (1010/1383)
Resolving deltas:  74% (1024/1383)
Resolving deltas:  75% (1038/1383)
Resolving deltas:  76% (1052/1383)
Resolving deltas:  77% (1065/1383)
Resolving deltas:  78% (1079/1383)
Resolving deltas:  79% (1093/1383)
Resolving deltas:  80% (1107/1383)
Resolving deltas:  81% (1121/1383)
Resolving deltas:  82% (1135/1383)
Resolving deltas:  83% (1148/1383)
Resolving deltas:  84% (1162/1383)
Resolving deltas:  85% (1176/1383)
Resolving deltas:  86% (1190/1383)
Resolving deltas:  87% (1204/1383)
Resolving deltas:  88% (1218/1383)
Resolving deltas:  89% (1231/1383)
Resolving deltas:  90% (1245/1383)
Resolving deltas:  91% (1260/1383)
Resolving deltas:  92% (1273/1383)
Resolving deltas:  93% (1287/1383)
Resolving deltas:  94% (1301/1383)
Resolving deltas:  95% (1314/1383)
Resolving deltas:  96% (1328/1383)
Resolving deltas:  97% (1342/1383)
Resolving deltas:  98% (1356/1383)
Resolving deltas:  99% (1370/1383)
Resolving deltas: 100% (1383/1383)
Resolving deltas: 100% (1383/1383), done.
Updating files:  30% (1016/3367)
Updating files:  31% (1044/3367)
Updating files:  32% (1078/3367)
Updating files:  33% (1112/3367)
Updating files:  34% (1145/3367)
Updating files:  35% (1179/3367)
Updating files:  36% (1213/3367)
Updating files:  37% (1246/3367)
Updating files:  38% (1280/3367)
Updating files:  39% (1314/3367)
Updating files:  40% (1347/3367)
Updating files:  41% (1381/3367)
Updating files:  42% (1415/3367)
Updating files:  43% (1448/3367)
Updating files:  44% (1482/3367)
Updating files:  45% (1516/3367)
Updating files:  45% (1526/3367)
Updating files:  46% (1549/3367)
Updating files:  47% (1583/3367)
Updating files:  48% (1617/3367)
Updating files:  49% (1650/3367)
Updating files:  50% (1684/3367)
Updating files:  51% (1718/3367)
Updating files:  52% (1751/3367)
Updating files:  53% (1785/3367)
Updating files:  54% (1819/3367)
Updating files:  55% (1852/3367)
Updating files:  56% (1886/3367)
Updating files:  57% (1920/3367)
Updating files:  58% (1953/3367)
Updating files:  59% (1987/3367)
Updating files:  60% (2021/3367)
Updating files:  61% (2054/3367)
Updating files:  62% (2088/3367)
Updating files:  63% (2122/3367)
Updating files:  64% (2155/3367)
Updating files:  65% (2189/3367)
Updating files:  66% (2223/3367)
Updating files:  67% (2256/3367)
Updating files:  68% (2290/3367)
Updating files:  69% (2324/3367)
Updating files:  70% (2357/3367)
Updating files:  71% (2391/3367)
Updating files:  72% (2425/3367)
Updating files:  73% (2458/3367)
Updating files:  74% (2492/3367)
Updating files:  75% (2526/3367)
Updating files:  76% (2559/3367)
Updating files:  77% (2593/3367)
Updating files:  78% (2627/3367)
Updating files:  79% (2660/3367)
Updating files:  80% (2694/3367)
Updating files:  81% (2728/3367)
Updating files:  82% (2761/3367)
Updating files:  83% (2795/3367)
Updating files:  84% (2829/3367)
Updating files:  85% (2862/3367)
Updating files:  86% (2896/3367)
Updating files:  87% (2930/3367)
Updating files:  88% (2963/3367)
Updating files:  89% (2997/3367)
Updating files:  90% (3031/3367)
Updating files:  91% (3064/3367)
Updating files:  92% (3098/3367)
Updating files:  93% (3132/3367)
Updating files:  94% (3165/3367)
Updating files:  95% (3199/3367)
Updating files:  96% (3233/3367)
Updating files:  97% (3266/3367)
Updating files:  98% (3300/3367)
Updating files:  99% (3334/3367)
Updating files: 100% (3367/3367)
Updating files: 100% (3367/3367), done.

== Checking out commit hash 4e234b28f3da059fb54459e618ece5936c99ea04 ==
<span style="color:#268BD2">&gt; /usr/bin/git reset --hard 4e234b28f3da059fb54459e618ece5936c99ea04</span>
HEAD is now at 4e234b2 Relais, demande 90 : test 12, fin du second pilote (4 vies au taux 3e-6, reprises du build précédent)
