Receiving objects:  10% (217/2168)
Receiving objects:  11% (239/2168)
Receiving objects:  12% (261/2168)
Receiving objects:  13% (282/2168)
Receiving objects:  14% (304/2168)
Receiving objects:  15% (326/2168)
Receiving objects:  16% (347/2168)
Receiving objects:  17% (369/2168)
Receiving objects:  18% (391/2168)
Receiving objects:  19% (412/2168)
Receiving objects:  20% (434/2168)
Receiving objects:  21% (456/2168)
Receiving objects:  22% (477/2168)
Receiving objects:  23% (499/2168)
Receiving objects:  24% (521/2168)
Receiving objects:  25% (542/2168)
Receiving objects:  26% (564/2168), 15.48 MiB | 30.95 MiB/s
Receiving objects:  27% (586/2168), 15.48 MiB | 30.95 MiB/s
Receiving objects:  28% (608/2168), 15.48 MiB | 30.95 MiB/s
Receiving objects:  29% (629/2168), 15.48 MiB | 30.95 MiB/s
Receiving objects:  30% (651/2168), 15.48 MiB | 30.95 MiB/s
Receiving objects:  31% (673/2168), 15.48 MiB | 30.95 MiB/s
Receiving objects:  32% (694/2168), 15.48 MiB | 30.95 MiB/s
Receiving objects:  33% (716/2168), 15.48 MiB | 30.95 MiB/s
Receiving objects:  34% (738/2168), 15.48 MiB | 30.95 MiB/s
Receiving objects:  35% (759/2168), 15.48 MiB | 30.95 MiB/s
Receiving objects:  36% (781/2168), 15.48 MiB | 30.95 MiB/s
Receiving objects:  37% (803/2168), 15.48 MiB | 30.95 MiB/s
Receiving objects:  38% (824/2168), 15.48 MiB | 30.95 MiB/s
Receiving objects:  39% (846/2168), 15.48 MiB | 30.95 MiB/s
Receiving objects:  39% (858/2168), 46.68 MiB | 46.67 MiB/s
Receiving objects:  40% (868/2168), 46.68 MiB | 46.67 MiB/s
Receiving objects:  41% (889/2168), 46.68 MiB | 46.67 MiB/s
Receiving objects:  42% (911/2168), 46.68 MiB | 46.67 MiB/s
Receiving objects:  43% (933/2168), 46.68 MiB | 46.67 MiB/s
Receiving objects:  44% (954/2168), 46.68 MiB | 46.67 MiB/s
Receiving objects:  45% (976/2168), 46.68 MiB | 46.67 MiB/s
Receiving objects:  46% (998/2168), 46.68 MiB | 46.67 MiB/s
Receiving objects:  47% (1019/2168), 46.68 MiB | 46.67 MiB/s
Receiving objects:  48% (1041/2168), 46.68 MiB | 46.67 MiB/s
Receiving objects:  49% (1063/2168), 46.68 MiB | 46.67 MiB/s
Receiving objects:  50% (1084/2168), 46.68 MiB | 46.67 MiB/s
Receiving objects:  51% (1106/2168), 46.68 MiB | 46.67 MiB/s
Receiving objects:  52% (1128/2168), 46.68 MiB | 46.67 MiB/s
Receiving objects:  53% (1150/2168), 46.68 MiB | 46.67 MiB/s
Receiving objects:  54% (1171/2168), 46.68 MiB | 46.67 MiB/s
Receiving objects:  55% (1193/2168), 46.68 MiB | 46.67 MiB/s
Receiving objects:  56% (1215/2168), 46.68 MiB | 46.67 MiB/s
Receiving objects:  57% (1236/2168), 46.68 MiB | 46.67 MiB/s
Receiving objects:  58% (1258/2168), 46.68 MiB | 46.67 MiB/s
Receiving objects:  59% (1280/2168), 46.68 MiB | 46.67 MiB/s
Receiving objects:  60% (1301/2168), 46.68 MiB | 46.67 MiB/s
Receiving objects:  61% (1323/2168), 46.68 MiB | 46.67 MiB/s
Receiving objects:  62% (1345/2168), 46.68 MiB | 46.67 MiB/s
Receiving objects:  63% (1366/2168), 46.68 MiB | 46.67 MiB/s
Receiving objects:  64% (1388/2168), 46.68 MiB | 46.67 MiB/s
Receiving objects:  65% (1410/2168), 46.68 MiB | 46.67 MiB/s
Receiving objects:  66% (1431/2168), 46.68 MiB | 46.67 MiB/s
Receiving objects:  67% (1453/2168), 46.68 MiB | 46.67 MiB/s
Receiving objects:  68% (1475/2168), 46.68 MiB | 46.67 MiB/s
Receiving objects:  69% (1496/2168), 46.68 MiB | 46.67 MiB/s
Receiving objects:  70% (1518/2168), 46.68 MiB | 46.67 MiB/s
Receiving objects:  71% (1540/2168), 46.68 MiB | 46.67 MiB/s
Receiving objects:  72% (1561/2168), 46.68 MiB | 46.67 MiB/s
Receiving objects:  73% (1583/2168), 46.68 MiB | 46.67 MiB/s
Receiving objects:  74% (1605/2168), 46.68 MiB | 46.67 MiB/s
Receiving objects:  75% (1626/2168), 46.68 MiB | 46.67 MiB/s
Receiving objects:  76% (1648/2168), 46.68 MiB | 46.67 MiB/s
Receiving objects:  77% (1670/2168), 46.68 MiB | 46.67 MiB/s
Receiving objects:  78% (1692/2168), 46.68 MiB | 46.67 MiB/s
Receiving objects:  79% (1713/2168), 46.68 MiB | 46.67 MiB/s
Receiving objects:  80% (1735/2168), 46.68 MiB | 46.67 MiB/s
Receiving objects:  81% (1757/2168), 46.68 MiB | 46.67 MiB/s
Receiving objects:  82% (1778/2168), 46.68 MiB | 46.67 MiB/s
Receiving objects:  83% (1800/2168), 46.68 MiB | 46.67 MiB/s
Receiving objects:  84% (1822/2168), 46.68 MiB | 46.67 MiB/s
Receiving objects:  85% (1843/2168), 46.68 MiB | 46.67 MiB/s
Receiving objects:  86% (1865/2168), 46.68 MiB | 46.67 MiB/s
Receiving objects:  87% (1887/2168), 46.68 MiB | 46.67 MiB/s
remote: Total 2168 (delta 621), reused 1852 (delta 428), pack-reused 0 (from 0)        
Receiving objects:  88% (1908/2168), 46.68 MiB | 46.67 MiB/s
Receiving objects:  89% (1930/2168), 46.68 MiB | 46.67 MiB/s
Receiving objects:  90% (1952/2168), 46.68 MiB | 46.67 MiB/s
Receiving objects:  91% (1973/2168), 46.68 MiB | 46.67 MiB/s
Receiving objects:  92% (1995/2168), 46.68 MiB | 46.67 MiB/s
Receiving objects:  93% (2017/2168), 46.68 MiB | 46.67 MiB/s
Receiving objects:  94% (2038/2168), 46.68 MiB | 46.67 MiB/s
Receiving objects:  95% (2060/2168), 46.68 MiB | 46.67 MiB/s
Receiving objects:  96% (2082/2168), 46.68 MiB | 46.67 MiB/s
Receiving objects:  97% (2103/2168), 46.68 MiB | 46.67 MiB/s
Receiving objects:  98% (2125/2168), 46.68 MiB | 46.67 MiB/s
Receiving objects:  99% (2147/2168), 46.68 MiB | 46.67 MiB/s
Receiving objects: 100% (2168/2168), 46.68 MiB | 46.67 MiB/s
Receiving objects: 100% (2168/2168), 50.98 MiB | 47.29 MiB/s, done.
Resolving deltas:   0% (0/621)
Resolving deltas:   1% (7/621)
Resolving deltas:   2% (13/621)
Resolving deltas:   3% (19/621)
Resolving deltas:   4% (25/621)
Resolving deltas:   5% (32/621)
Resolving deltas:   6% (38/621)
Resolving deltas:   7% (44/621)
Resolving deltas:   8% (50/621)
Resolving deltas:   9% (57/621)
Resolving deltas:  10% (63/621)
Resolving deltas:  11% (69/621)
Resolving deltas:  12% (75/621)
Resolving deltas:  13% (81/621)
Resolving deltas:  14% (87/621)
Resolving deltas:  15% (94/621)
Resolving deltas:  16% (100/621)
Resolving deltas:  17% (106/621)
Resolving deltas:  18% (112/621)
Resolving deltas:  19% (118/621)
Resolving deltas:  20% (125/621)
Resolving deltas:  21% (131/621)
Resolving deltas:  22% (137/621)
Resolving deltas:  23% (143/621)
Resolving deltas:  24% (150/621)
Resolving deltas:  25% (156/621)
Resolving deltas:  26% (162/621)
Resolving deltas:  27% (168/621)
Resolving deltas:  28% (174/621)
Resolving deltas:  29% (181/621)
Resolving deltas:  30% (187/621)
Resolving deltas:  31% (193/621)
Resolving deltas:  32% (199/621)
Resolving deltas:  33% (205/621)
Resolving deltas:  34% (212/621)
Resolving deltas:  35% (218/621)
Resolving deltas:  36% (224/621)
Resolving deltas:  37% (230/621)
Resolving deltas:  38% (236/621)
Resolving deltas:  39% (243/621)
Resolving deltas:  40% (249/621)
Resolving deltas:  41% (255/621)
Resolving deltas:  42% (261/621)
Resolving deltas:  43% (268/621)
Resolving deltas:  44% (274/621)
Resolving deltas:  45% (280/621)
Resolving deltas:  46% (286/621)
Resolving deltas:  47% (292/621)
Resolving deltas:  48% (299/621)
Resolving deltas:  49% (305/621)
Resolving deltas:  50% (311/621)
Resolving deltas:  51% (317/621)
Resolving deltas:  52% (323/621)
Resolving deltas:  53% (330/621)
Resolving deltas:  54% (336/621)
Resolving deltas:  55% (342/621)
Resolving deltas:  56% (348/621)
Resolving deltas:  57% (354/621)
Resolving deltas:  58% (361/621)
Resolving deltas:  59% (367/621)
Resolving deltas:  60% (373/621)
Resolving deltas:  61% (379/621)
Resolving deltas:  62% (386/621)
Resolving deltas:  63% (392/621)
Resolving deltas:  64% (398/621)
Resolving deltas:  65% (404/621)
Resolving deltas:  66% (410/621)
Resolving deltas:  67% (417/621)
Resolving deltas:  68% (423/621)
Resolving deltas:  69% (429/621)
Resolving deltas:  70% (435/621)
Resolving deltas:  71% (441/621)
Resolving deltas:  72% (448/621)
Resolving deltas:  73% (454/621)
Resolving deltas:  74% (460/621)
Resolving deltas:  75% (466/621)
Resolving deltas:  76% (472/621)
Resolving deltas:  77% (479/621)
Resolving deltas:  78% (485/621)
Resolving deltas:  79% (491/621)
Resolving deltas:  80% (497/621)
Resolving deltas:  81% (504/621)
Resolving deltas:  82% (510/621)
Resolving deltas:  83% (516/621)
Resolving deltas:  84% (522/621)
Resolving deltas:  85% (528/621)
Resolving deltas:  86% (535/621)
Resolving deltas:  87% (541/621)
Resolving deltas:  88% (547/621)
Resolving deltas:  89% (553/621)
Resolving deltas:  90% (559/621)
Resolving deltas:  91% (566/621)
Resolving deltas:  92% (572/621)
Resolving deltas:  93% (578/621)
Resolving deltas:  94% (584/621)
Resolving deltas:  95% (590/621)
Resolving deltas:  96% (597/621)
Resolving deltas:  97% (603/621)
Resolving deltas:  98% (609/621)
Resolving deltas:  99% (615/621)
Resolving deltas: 100% (621/621)
Resolving deltas: 100% (621/621), done.

== Checking out commit hash d730c8c714ecbbdd8ba64eb86f0ee6d5f5ff57ad ==
<span style="color:#268BD2">&gt; /usr/bin/git reset --hard d730c8c714ecbbdd8ba64eb86f0ee6d5f5ff57ad</span>
HEAD is now at d730c8c Récupérer les artefacts Codemagic demandés dans .github/codemagic-fetch.json
