Receiving objects:  74% (2133/2882), 237.40 MiB | 67.85 MiB/s
Receiving objects:  75% (2162/2882), 237.40 MiB | 67.85 MiB/s
Receiving objects:  76% (2191/2882), 237.40 MiB | 67.85 MiB/s
Receiving objects:  77% (2220/2882), 237.40 MiB | 67.85 MiB/s
Receiving objects:  78% (2248/2882), 237.40 MiB | 67.85 MiB/s
Receiving objects:  79% (2277/2882), 237.40 MiB | 67.85 MiB/s
Receiving objects:  80% (2306/2882), 237.40 MiB | 67.85 MiB/s
Receiving objects:  81% (2335/2882), 237.40 MiB | 67.85 MiB/s
Receiving objects:  82% (2364/2882), 237.40 MiB | 67.85 MiB/s
Receiving objects:  83% (2393/2882), 237.40 MiB | 67.85 MiB/s
Receiving objects:  84% (2421/2882), 237.40 MiB | 67.85 MiB/s
Receiving objects:  85% (2450/2882), 237.40 MiB | 67.85 MiB/s
Receiving objects:  86% (2479/2882), 237.40 MiB | 67.85 MiB/s
Receiving objects:  87% (2508/2882), 237.40 MiB | 67.85 MiB/s
Receiving objects:  88% (2537/2882), 237.40 MiB | 67.85 MiB/s
Receiving objects:  89% (2565/2882), 237.40 MiB | 67.85 MiB/s
Receiving objects:  90% (2594/2882), 237.40 MiB | 67.85 MiB/s
remote: Total 2882 (delta 990), reused 2681 (delta 959), pack-reused 0 (from 0)        
Receiving objects:  91% (2623/2882), 237.40 MiB | 67.85 MiB/s
Receiving objects:  92% (2652/2882), 237.40 MiB | 67.85 MiB/s
Receiving objects:  93% (2681/2882), 237.40 MiB | 67.85 MiB/s
Receiving objects:  94% (2710/2882), 237.40 MiB | 67.85 MiB/s
Receiving objects:  95% (2738/2882), 237.40 MiB | 67.85 MiB/s
Receiving objects:  96% (2767/2882), 237.40 MiB | 67.85 MiB/s
Receiving objects:  97% (2796/2882), 237.40 MiB | 67.85 MiB/s
Receiving objects:  98% (2825/2882), 237.40 MiB | 67.85 MiB/s
Receiving objects:  99% (2854/2882), 237.40 MiB | 67.85 MiB/s
Receiving objects: 100% (2882/2882), 237.40 MiB | 67.85 MiB/s
Receiving objects: 100% (2882/2882), 238.49 MiB | 67.65 MiB/s, done.
Resolving deltas:   0% (0/990)
Resolving deltas:   1% (10/990)
Resolving deltas:   2% (20/990)
Resolving deltas:   3% (30/990)
Resolving deltas:   4% (40/990)
Resolving deltas:   5% (50/990)
Resolving deltas:   6% (61/990)
Resolving deltas:   7% (70/990)
Resolving deltas:   8% (80/990)
Resolving deltas:   9% (90/990)
Resolving deltas:  10% (99/990)
Resolving deltas:  11% (109/990)
Resolving deltas:  12% (119/990)
Resolving deltas:  13% (129/990)
Resolving deltas:  14% (139/990)
Resolving deltas:  15% (149/990)
Resolving deltas:  16% (159/990)
Resolving deltas:  17% (169/990)
Resolving deltas:  18% (179/990)
Resolving deltas:  19% (189/990)
Resolving deltas:  20% (198/990)
Resolving deltas:  21% (208/990)
Resolving deltas:  22% (218/990)
Resolving deltas:  23% (228/990)
Resolving deltas:  24% (238/990)
Resolving deltas:  25% (248/990)
Resolving deltas:  26% (258/990)
Resolving deltas:  27% (268/990)
Resolving deltas:  28% (278/990)
Resolving deltas:  29% (288/990)
Resolving deltas:  30% (297/990)
Resolving deltas:  31% (307/990)
Resolving deltas:  32% (318/990)
Resolving deltas:  33% (327/990)
Resolving deltas:  34% (337/990)
Resolving deltas:  35% (347/990)
Resolving deltas:  36% (357/990)
Resolving deltas:  37% (367/990)
Resolving deltas:  38% (377/990)
Resolving deltas:  39% (387/990)
Resolving deltas:  40% (396/990)
Resolving deltas:  41% (406/990)
Resolving deltas:  42% (416/990)
Resolving deltas:  43% (426/990)
Resolving deltas:  44% (436/990)
Resolving deltas:  45% (446/990)
Resolving deltas:  46% (456/990)
Resolving deltas:  47% (466/990)
Resolving deltas:  48% (476/990)
Resolving deltas:  49% (486/990)
Resolving deltas:  50% (495/990)
Resolving deltas:  51% (505/990)
Resolving deltas:  52% (515/990)
Resolving deltas:  53% (525/990)
Resolving deltas:  54% (535/990)
Resolving deltas:  55% (545/990)
Resolving deltas:  56% (555/990)
Resolving deltas:  57% (565/990)
Resolving deltas:  58% (575/990)
Resolving deltas:  59% (585/990)
Resolving deltas:  60% (594/990)
Resolving deltas:  61% (604/990)
Resolving deltas:  62% (614/990)
Resolving deltas:  63% (624/990)
Resolving deltas:  64% (634/990)
Resolving deltas:  65% (644/990)
Resolving deltas:  66% (654/990)
Resolving deltas:  67% (664/990)
Resolving deltas:  68% (674/990)
Resolving deltas:  69% (685/990)
Resolving deltas:  70% (693/990)
Resolving deltas:  71% (703/990)
Resolving deltas:  72% (713/990)
Resolving deltas:  73% (723/990)
Resolving deltas:  74% (733/990)
Resolving deltas:  75% (743/990)
Resolving deltas:  76% (753/990)
Resolving deltas:  77% (763/990)
Resolving deltas:  78% (773/990)
Resolving deltas:  79% (783/990)
Resolving deltas:  80% (792/990)
Resolving deltas:  81% (802/990)
Resolving deltas:  82% (812/990)
Resolving deltas:  83% (822/990)
Resolving deltas:  84% (832/990)
Resolving deltas:  85% (842/990)
Resolving deltas:  86% (852/990)
Resolving deltas:  87% (862/990)
Resolving deltas:  88% (872/990)
Resolving deltas:  89% (882/990)
Resolving deltas:  90% (891/990)
Resolving deltas:  91% (901/990)
Resolving deltas:  92% (911/990)
Resolving deltas:  93% (921/990)
Resolving deltas:  94% (931/990)
Resolving deltas:  95% (941/990)
Resolving deltas:  96% (951/990)
Resolving deltas:  97% (961/990)
Resolving deltas:  98% (971/990)
Resolving deltas:  99% (981/990)
Resolving deltas: 100% (990/990)
Resolving deltas: 100% (990/990), done.
Updating files:  37% (889/2372)
Updating files:  38% (902/2372)
Updating files:  39% (926/2372)
Updating files:  40% (949/2372)
Updating files:  41% (973/2372)
Updating files:  42% (997/2372)
Updating files:  43% (1020/2372)
Updating files:  44% (1044/2372)
Updating files:  45% (1068/2372)
Updating files:  46% (1092/2372)
Updating files:  47% (1115/2372)
Updating files:  48% (1139/2372)
Updating files:  49% (1163/2372)
Updating files:  50% (1186/2372)
Updating files:  51% (1210/2372)
Updating files:  52% (1234/2372)
Updating files:  53% (1258/2372)
Updating files:  54% (1281/2372)
Updating files:  55% (1305/2372)
Updating files:  56% (1329/2372)
Updating files:  57% (1353/2372)
Updating files:  58% (1376/2372)
Updating files:  59% (1400/2372)
Updating files:  60% (1424/2372)
Updating files:  61% (1447/2372)
Updating files:  62% (1471/2372)
Updating files:  63% (1495/2372)
Updating files:  64% (1519/2372)
Updating files:  65% (1542/2372)
Updating files:  66% (1566/2372)
Updating files:  67% (1590/2372)
Updating files:  68% (1613/2372)
Updating files:  69% (1637/2372)
Updating files:  70% (1661/2372)
Updating files:  71% (1685/2372)
Updating files:  72% (1708/2372)
Updating files:  73% (1732/2372)
Updating files:  74% (1756/2372)
Updating files:  75% (1779/2372)
Updating files:  76% (1803/2372)
Updating files:  77% (1827/2372)
Updating files:  78% (1851/2372)
Updating files:  79% (1874/2372)
Updating files:  80% (1898/2372)
Updating files:  81% (1922/2372)
Updating files:  82% (1946/2372)
Updating files:  83% (1969/2372)
Updating files:  84% (1993/2372)
Updating files:  85% (2017/2372)
Updating files:  86% (2040/2372)
Updating files:  87% (2064/2372)
Updating files:  88% (2088/2372)
Updating files:  89% (2112/2372)
Updating files:  90% (2135/2372)
Updating files:  91% (2159/2372)
Updating files:  92% (2183/2372)
Updating files:  93% (2206/2372)
Updating files:  94% (2230/2372)
Updating files:  95% (2254/2372)
Updating files:  96% (2278/2372)
Updating files:  97% (2301/2372)
Updating files:  98% (2325/2372)
Updating files:  99% (2349/2372)
Updating files: 100% (2372/2372)
Updating files: 100% (2372/2372), done.

== Checking out commit hash 825923901bdb776ab4945e0e17c0271074b5936d ==
<span style="color:#268BD2">&gt; /usr/bin/git reset --hard 825923901bdb776ab4945e0e17c0271074b5936d</span>
HEAD is now at 8259239 Publier l'étape 2 de la réplication et lancer l'étape 3, demande 35
