Receiving objects:  11% (280/2541)
Receiving objects:  12% (305/2541)
Receiving objects:  13% (331/2541)
Receiving objects:  14% (356/2541)
Receiving objects:  15% (382/2541)
Receiving objects:  16% (407/2541)
Receiving objects:  17% (432/2541), 6.85 MiB | 13.69 MiB/s
Receiving objects:  18% (458/2541), 6.85 MiB | 13.69 MiB/s
Receiving objects:  19% (483/2541), 6.85 MiB | 13.69 MiB/s
Receiving objects:  20% (509/2541), 6.85 MiB | 13.69 MiB/s
Receiving objects:  21% (534/2541), 6.85 MiB | 13.69 MiB/s
Receiving objects:  22% (560/2541), 6.85 MiB | 13.69 MiB/s
Receiving objects:  23% (585/2541), 6.85 MiB | 13.69 MiB/s
Receiving objects:  24% (610/2541), 6.85 MiB | 13.69 MiB/s
Receiving objects:  25% (636/2541), 6.85 MiB | 13.69 MiB/s
Receiving objects:  26% (661/2541), 6.85 MiB | 13.69 MiB/s
Receiving objects:  26% (683/2541), 36.73 MiB | 36.72 MiB/s
Receiving objects:  27% (687/2541), 36.73 MiB | 36.72 MiB/s
Receiving objects:  28% (712/2541), 36.73 MiB | 36.72 MiB/s
Receiving objects:  29% (737/2541), 36.73 MiB | 36.72 MiB/s
Receiving objects:  30% (763/2541), 71.20 MiB | 47.46 MiB/s
Receiving objects:  31% (788/2541), 71.20 MiB | 47.46 MiB/s
Receiving objects:  32% (814/2541), 71.20 MiB | 47.46 MiB/s
Receiving objects:  33% (839/2541), 71.20 MiB | 47.46 MiB/s
Receiving objects:  34% (864/2541), 71.20 MiB | 47.46 MiB/s
Receiving objects:  35% (890/2541), 71.20 MiB | 47.46 MiB/s
Receiving objects:  36% (915/2541), 71.20 MiB | 47.46 MiB/s
Receiving objects:  36% (924/2541), 102.18 MiB | 51.11 MiB/s
Receiving objects:  37% (941/2541), 102.18 MiB | 51.11 MiB/s
Receiving objects:  38% (966/2541), 102.18 MiB | 51.11 MiB/s
Receiving objects:  39% (991/2541), 102.18 MiB | 51.11 MiB/s
Receiving objects:  40% (1017/2541), 102.18 MiB | 51.11 MiB/s
Receiving objects:  41% (1042/2541), 102.18 MiB | 51.11 MiB/s
Receiving objects:  42% (1068/2541), 102.18 MiB | 51.11 MiB/s
Receiving objects:  43% (1093/2541), 102.18 MiB | 51.11 MiB/s
Receiving objects:  44% (1119/2541), 102.18 MiB | 51.11 MiB/s
Receiving objects:  45% (1144/2541), 102.18 MiB | 51.11 MiB/s
Receiving objects:  46% (1169/2541), 102.18 MiB | 51.11 MiB/s
Receiving objects:  47% (1195/2541), 102.18 MiB | 51.11 MiB/s
Receiving objects:  48% (1220/2541), 102.18 MiB | 51.11 MiB/s
Receiving objects:  49% (1246/2541), 102.18 MiB | 51.11 MiB/s
Receiving objects:  50% (1271/2541), 131.40 MiB | 52.58 MiB/s
Receiving objects:  51% (1296/2541), 131.40 MiB | 52.58 MiB/s
Receiving objects:  52% (1322/2541), 131.40 MiB | 52.58 MiB/s
Receiving objects:  53% (1347/2541), 131.40 MiB | 52.58 MiB/s
Receiving objects:  54% (1373/2541), 131.40 MiB | 52.58 MiB/s
Receiving objects:  55% (1398/2541), 131.40 MiB | 52.58 MiB/s
Receiving objects:  56% (1423/2541), 131.40 MiB | 52.58 MiB/s
Receiving objects:  57% (1449/2541), 131.40 MiB | 52.58 MiB/s
Receiving objects:  58% (1474/2541), 131.40 MiB | 52.58 MiB/s
Receiving objects:  59% (1500/2541), 131.40 MiB | 52.58 MiB/s
Receiving objects:  60% (1525/2541), 131.40 MiB | 52.58 MiB/s
Receiving objects:  61% (1551/2541), 131.40 MiB | 52.58 MiB/s
Receiving objects:  62% (1576/2541), 131.40 MiB | 52.58 MiB/s
Receiving objects:  63% (1601/2541), 131.40 MiB | 52.58 MiB/s
Receiving objects:  64% (1627/2541), 131.40 MiB | 52.58 MiB/s
Receiving objects:  65% (1652/2541), 131.40 MiB | 52.58 MiB/s
Receiving objects:  66% (1678/2541), 131.40 MiB | 52.58 MiB/s
Receiving objects:  67% (1703/2541), 131.40 MiB | 52.58 MiB/s
Receiving objects:  68% (1728/2541), 131.40 MiB | 52.58 MiB/s
Receiving objects:  69% (1754/2541), 131.40 MiB | 52.58 MiB/s
Receiving objects:  70% (1779/2541), 131.40 MiB | 52.58 MiB/s
Receiving objects:  71% (1805/2541), 131.40 MiB | 52.58 MiB/s
Receiving objects:  72% (1830/2541), 131.40 MiB | 52.58 MiB/s
Receiving objects:  73% (1855/2541), 131.40 MiB | 52.58 MiB/s
Receiving objects:  74% (1881/2541), 131.40 MiB | 52.58 MiB/s
Receiving objects:  75% (1906/2541), 131.40 MiB | 52.58 MiB/s
Receiving objects:  76% (1932/2541), 131.40 MiB | 52.58 MiB/s
Receiving objects:  77% (1957/2541), 131.40 MiB | 52.58 MiB/s
Receiving objects:  78% (1982/2541), 131.40 MiB | 52.58 MiB/s
Receiving objects:  79% (2008/2541), 131.40 MiB | 52.58 MiB/s
Receiving objects:  80% (2033/2541), 131.40 MiB | 52.58 MiB/s
Receiving objects:  81% (2059/2541), 131.40 MiB | 52.58 MiB/s
Receiving objects:  82% (2084/2541), 131.40 MiB | 52.58 MiB/s
Receiving objects:  83% (2110/2541), 131.40 MiB | 52.58 MiB/s
Receiving objects:  84% (2135/2541), 131.40 MiB | 52.58 MiB/s
Receiving objects:  85% (2160/2541), 131.40 MiB | 52.58 MiB/s
Receiving objects:  86% (2186/2541), 131.40 MiB | 52.58 MiB/s
Receiving objects:  87% (2211/2541), 131.40 MiB | 52.58 MiB/s
Receiving objects:  88% (2237/2541), 131.40 MiB | 52.58 MiB/s
Receiving objects:  89% (2262/2541), 131.40 MiB | 52.58 MiB/s
Receiving objects:  90% (2287/2541), 131.40 MiB | 52.58 MiB/s
remote: Total 2541 (delta 830), reused 2282 (delta 729), pack-reused 0 (from 0)        
Receiving objects:  91% (2313/2541), 131.40 MiB | 52.58 MiB/s
Receiving objects:  92% (2338/2541), 131.40 MiB | 52.58 MiB/s
Receiving objects:  93% (2364/2541), 131.40 MiB | 52.58 MiB/s
Receiving objects:  94% (2389/2541), 131.40 MiB | 52.58 MiB/s
Receiving objects:  95% (2414/2541), 131.40 MiB | 52.58 MiB/s
Receiving objects:  96% (2440/2541), 131.40 MiB | 52.58 MiB/s
Receiving objects:  97% (2465/2541), 131.40 MiB | 52.58 MiB/s
Receiving objects:  98% (2491/2541), 131.40 MiB | 52.58 MiB/s
Receiving objects:  99% (2516/2541), 131.40 MiB | 52.58 MiB/s
Receiving objects: 100% (2541/2541), 131.40 MiB | 52.58 MiB/s
Receiving objects: 100% (2541/2541), 135.16 MiB | 52.80 MiB/s, done.
Resolving deltas:   0% (0/830)
Resolving deltas:   1% (9/830)
Resolving deltas:   2% (17/830)
Resolving deltas:   3% (25/830)
Resolving deltas:   4% (34/830)
Resolving deltas:   5% (42/830)
Resolving deltas:   6% (50/830)
Resolving deltas:   7% (59/830)
Resolving deltas:   8% (67/830)
Resolving deltas:   9% (75/830)
Resolving deltas:  10% (83/830)
Resolving deltas:  11% (92/830)
Resolving deltas:  12% (100/830)
Resolving deltas:  13% (108/830)
Resolving deltas:  14% (117/830)
Resolving deltas:  15% (125/830)
Resolving deltas:  16% (133/830)
Resolving deltas:  17% (142/830)
Resolving deltas:  18% (150/830)
Resolving deltas:  19% (158/830)
Resolving deltas:  20% (166/830)
Resolving deltas:  21% (175/830)
Resolving deltas:  22% (183/830)
Resolving deltas:  23% (191/830)
Resolving deltas:  24% (200/830)
Resolving deltas:  25% (208/830)
Resolving deltas:  26% (216/830)
Resolving deltas:  27% (225/830)
Resolving deltas:  28% (233/830)
Resolving deltas:  29% (241/830)
Resolving deltas:  30% (249/830)
Resolving deltas:  31% (258/830)
Resolving deltas:  32% (266/830)
Resolving deltas:  33% (274/830)
Resolving deltas:  34% (283/830)
Resolving deltas:  35% (291/830)
Resolving deltas:  36% (299/830)
Resolving deltas:  37% (308/830)
Resolving deltas:  38% (317/830)
Resolving deltas:  39% (324/830)
Resolving deltas:  40% (332/830)
Resolving deltas:  41% (341/830)
Resolving deltas:  42% (350/830)
Resolving deltas:  43% (357/830)
Resolving deltas:  44% (366/830)
Resolving deltas:  45% (374/830)
Resolving deltas:  46% (382/830)
Resolving deltas:  47% (391/830)
Resolving deltas:  48% (399/830)
Resolving deltas:  49% (407/830)
Resolving deltas:  50% (415/830)
Resolving deltas:  51% (424/830)
Resolving deltas:  52% (432/830)
Resolving deltas:  53% (440/830)
Resolving deltas:  54% (449/830)
Resolving deltas:  55% (457/830)
Resolving deltas:  56% (465/830)
Resolving deltas:  57% (474/830)
Resolving deltas:  58% (482/830)
Resolving deltas:  59% (490/830)
Resolving deltas:  60% (498/830)
Resolving deltas:  61% (507/830)
Resolving deltas:  62% (515/830)
Resolving deltas:  63% (523/830)
Resolving deltas:  64% (532/830)
Resolving deltas:  65% (540/830)
Resolving deltas:  66% (548/830)
Resolving deltas:  67% (557/830)
Resolving deltas:  68% (565/830)
Resolving deltas:  69% (573/830)
Resolving deltas:  70% (582/830)
Resolving deltas:  71% (590/830)
Resolving deltas:  72% (598/830)
Resolving deltas:  73% (606/830)
Resolving deltas:  74% (615/830)
Resolving deltas:  75% (623/830)
Resolving deltas:  76% (631/830)
Resolving deltas:  77% (640/830)
Resolving deltas:  78% (648/830)
Resolving deltas:  79% (656/830)
Resolving deltas:  80% (664/830)
Resolving deltas:  81% (673/830)
Resolving deltas:  82% (681/830)
Resolving deltas:  83% (689/830)
Resolving deltas:  84% (698/830)
Resolving deltas:  85% (706/830)
Resolving deltas:  86% (714/830)
Resolving deltas:  87% (723/830)
Resolving deltas:  88% (731/830)
Resolving deltas:  89% (739/830)
Resolving deltas:  90% (747/830)
Resolving deltas:  91% (756/830)
Resolving deltas:  92% (764/830)
Resolving deltas:  93% (772/830)
Resolving deltas:  94% (781/830)
Resolving deltas:  95% (789/830)
Resolving deltas:  96% (797/830)
Resolving deltas:  97% (806/830)
Resolving deltas:  98% (814/830)
Resolving deltas:  99% (822/830)
Resolving deltas: 100% (830/830)
Resolving deltas: 100% (830/830), done.

== Checking out commit hash 45fc6b317633275f64a3227aaaa87227237a0d3b ==
<span style="color:#268BD2">&gt; /usr/bin/git reset --hard 45fc6b317633275f64a3227aaaa87227237a0d3b</span>
HEAD is now at 45fc6b3 Lancer l'extension de la lecture aux quatre commandes par le relais, demande 23
