Resolving deltas:   7% (111/1581)
Resolving deltas:   8% (127/1581)
Resolving deltas:   9% (143/1581)
Resolving deltas:  10% (159/1581)
Resolving deltas:  11% (174/1581)
Resolving deltas:  12% (190/1581)
Resolving deltas:  13% (206/1581)
Resolving deltas:  14% (222/1581)
Resolving deltas:  15% (238/1581)
Resolving deltas:  16% (253/1581)
Resolving deltas:  17% (269/1581)
Resolving deltas:  18% (285/1581)
Resolving deltas:  19% (301/1581)
Resolving deltas:  20% (318/1581)
Resolving deltas:  21% (333/1581)
Resolving deltas:  22% (348/1581)
Resolving deltas:  23% (364/1581)
Resolving deltas:  24% (380/1581)
Resolving deltas:  25% (396/1581)
Resolving deltas:  26% (412/1581)
Resolving deltas:  27% (427/1581)
Resolving deltas:  28% (443/1581)
Resolving deltas:  29% (459/1581)
Resolving deltas:  30% (475/1581)
Resolving deltas:  31% (491/1581)
Resolving deltas:  32% (506/1581)
Resolving deltas:  33% (523/1581)
Resolving deltas:  34% (538/1581)
Resolving deltas:  35% (554/1581)
Resolving deltas:  36% (570/1581)
Resolving deltas:  37% (585/1581)
Resolving deltas:  38% (602/1581)
Resolving deltas:  39% (617/1581)
Resolving deltas:  40% (633/1581)
Resolving deltas:  41% (649/1581)
Resolving deltas:  42% (665/1581)
Resolving deltas:  43% (680/1581)
Resolving deltas:  44% (697/1581)
Resolving deltas:  45% (712/1581)
Resolving deltas:  46% (728/1581)
Resolving deltas:  47% (744/1581)
Resolving deltas:  48% (759/1581)
Resolving deltas:  49% (775/1581)
Resolving deltas:  50% (791/1581)
Resolving deltas:  51% (807/1581)
Resolving deltas:  52% (823/1581)
Resolving deltas:  53% (838/1581)
Resolving deltas:  54% (854/1581)
Resolving deltas:  55% (870/1581)
Resolving deltas:  56% (886/1581)
Resolving deltas:  57% (902/1581)
Resolving deltas:  58% (917/1581)
Resolving deltas:  59% (933/1581)
Resolving deltas:  60% (949/1581)
Resolving deltas:  61% (965/1581)
Resolving deltas:  62% (981/1581)
Resolving deltas:  63% (997/1581)
Resolving deltas:  64% (1012/1581)
Resolving deltas:  65% (1028/1581)
Resolving deltas:  66% (1044/1581)
Resolving deltas:  67% (1060/1581)
Resolving deltas:  68% (1076/1581)
Resolving deltas:  69% (1091/1581)
Resolving deltas:  70% (1107/1581)
Resolving deltas:  71% (1123/1581)
Resolving deltas:  72% (1139/1581)
Resolving deltas:  73% (1155/1581)
Resolving deltas:  74% (1170/1581)
Resolving deltas:  75% (1187/1581)
Resolving deltas:  76% (1202/1581)
Resolving deltas:  77% (1218/1581)
Resolving deltas:  78% (1234/1581)
Resolving deltas:  79% (1249/1581)
Resolving deltas:  80% (1265/1581)
Resolving deltas:  81% (1281/1581)
Resolving deltas:  82% (1297/1581)
Resolving deltas:  83% (1313/1581)
Resolving deltas:  84% (1329/1581)
Resolving deltas:  85% (1344/1581)
Resolving deltas:  86% (1360/1581)
Resolving deltas:  87% (1377/1581)
Resolving deltas:  88% (1392/1581)
Resolving deltas:  89% (1408/1581)
Resolving deltas:  90% (1423/1581)
Resolving deltas:  91% (1439/1581)
Resolving deltas:  92% (1455/1581)
Resolving deltas:  93% (1471/1581)
Resolving deltas:  94% (1487/1581)
Resolving deltas:  95% (1502/1581)
Resolving deltas:  96% (1518/1581)
Resolving deltas:  97% (1534/1581)
Resolving deltas:  98% (1550/1581)
Resolving deltas:  99% (1566/1581)
Resolving deltas: 100% (1581/1581)
Resolving deltas: 100% (1581/1581), done.
Updating files:  15% (595/3837)
Updating files:  16% (614/3837)
Updating files:  17% (653/3837)
Updating files:  18% (691/3837)
Updating files:  19% (730/3837)
Updating files:  20% (768/3837)
Updating files:  21% (806/3837)
Updating files:  21% (828/3837)
Updating files:  22% (845/3837)
Updating files:  23% (883/3837)
Updating files:  24% (921/3837)
Updating files:  25% (960/3837)
Updating files:  26% (998/3837)
Updating files:  27% (1036/3837)
Updating files:  27% (1048/3837)
Updating files:  28% (1075/3837)
Updating files:  29% (1113/3837)
Updating files:  30% (1152/3837)
Updating files:  31% (1190/3837)
Updating files:  32% (1228/3837)
Updating files:  32% (1241/3837)
Updating files:  33% (1267/3837)
Updating files:  34% (1305/3837)
Updating files:  35% (1343/3837)
Updating files:  36% (1382/3837)
Updating files:  37% (1420/3837)
Updating files:  37% (1457/3837)
Updating files:  38% (1459/3837)
Updating files:  39% (1497/3837)
Updating files:  40% (1535/3837)
Updating files:  40% (1541/3837)
Updating files:  41% (1574/3837)
Updating files:  41% (1591/3837)
Updating files:  42% (1612/3837)
Updating files:  42% (1639/3837)
Updating files:  43% (1650/3837)
Updating files:  44% (1689/3837)
Updating files:  44% (1720/3837)
Updating files:  45% (1727/3837)
Updating files:  46% (1766/3837)
Updating files:  47% (1804/3837)
Updating files:  48% (1842/3837)
Updating files:  48% (1873/3837)
Updating files:  49% (1881/3837)
Updating files:  50% (1919/3837)
Updating files:  50% (1932/3837)
Updating files:  51% (1957/3837)
Updating files:  51% (1962/3837)
Updating files:  52% (1996/3837)
Updating files:  52% (2003/3837)
Updating files:  53% (2034/3837)
Updating files:  54% (2072/3837)
Updating files:  55% (2111/3837)
Updating files:  56% (2149/3837)
Updating files:  56% (2185/3837)
Updating files:  57% (2188/3837)
Updating files:  58% (2226/3837)
Updating files:  59% (2264/3837)
Updating files:  60% (2303/3837)
Updating files:  61% (2341/3837)
Updating files:  62% (2379/3837)
Updating files:  63% (2418/3837)
Updating files:  64% (2456/3837)
Updating files:  65% (2495/3837)
Updating files:  66% (2533/3837)
Updating files:  66% (2554/3837)
Updating files:  67% (2571/3837)
Updating files:  68% (2610/3837)
Updating files:  69% (2648/3837)
Updating files:  70% (2686/3837)
Updating files:  71% (2725/3837)
Updating files:  72% (2763/3837)
Updating files:  73% (2802/3837)
Updating files:  74% (2840/3837)
Updating files:  75% (2878/3837)
Updating files:  76% (2917/3837)
Updating files:  77% (2955/3837)
Updating files:  78% (2993/3837)
Updating files:  79% (3032/3837)
Updating files:  80% (3070/3837)
Updating files:  81% (3108/3837)
Updating files:  82% (3147/3837)
Updating files:  83% (3185/3837)
Updating files:  84% (3224/3837)
Updating files:  85% (3262/3837)
Updating files:  86% (3300/3837)
Updating files:  87% (3339/3837)
Updating files:  88% (3377/3837)
Updating files:  89% (3415/3837)
Updating files:  90% (3454/3837)
Updating files:  91% (3492/3837)
Updating files:  92% (3531/3837)
Updating files:  93% (3569/3837)
Updating files:  94% (3607/3837)
Updating files:  95% (3646/3837)
Updating files:  96% (3684/3837)
Updating files:  97% (3722/3837)
Updating files:  98% (3761/3837)
Updating files:  99% (3799/3837)
Updating files: 100% (3837/3837)
Updating files: 100% (3837/3837), done.

== Checking out commit hash 3d3216d3f2da2473db68594b8979ff76953287e0 ==
<span style="color:#268BD2">&gt; /usr/bin/git reset --hard 3d3216d3f2da2473db68594b8979ff76953287e0</span>
HEAD is now at 3d3216d Relais, demande 107 : test 26, A et B de 3 501 à 4 000 itérations (reprise exacte, par morceaux)
