Receiving objects:  96% (3873/4034), 773.82 MiB | 76.00 MiB/s
Receiving objects:  97% (3913/4034), 773.82 MiB | 76.00 MiB/s
Receiving objects:  98% (3954/4034), 773.82 MiB | 76.00 MiB/s
Receiving objects:  99% (3994/4034), 773.82 MiB | 76.00 MiB/s
Receiving objects: 100% (4034/4034), 773.82 MiB | 76.00 MiB/s
Receiving objects: 100% (4034/4034), 779.64 MiB | 73.59 MiB/s, done.
Resolving deltas:   0% (0/1436)
Resolving deltas:   1% (15/1436)
Resolving deltas:   2% (29/1436)
Resolving deltas:   3% (44/1436)
Resolving deltas:   4% (58/1436)
Resolving deltas:   5% (72/1436)
Resolving deltas:   6% (87/1436)
Resolving deltas:   7% (101/1436)
Resolving deltas:   8% (115/1436)
Resolving deltas:   9% (130/1436)
Resolving deltas:  10% (144/1436)
Resolving deltas:  11% (158/1436)
Resolving deltas:  12% (173/1436)
Resolving deltas:  13% (187/1436)
Resolving deltas:  14% (202/1436)
Resolving deltas:  15% (216/1436)
Resolving deltas:  16% (230/1436)
Resolving deltas:  17% (245/1436)
Resolving deltas:  18% (259/1436)
Resolving deltas:  19% (273/1436)
Resolving deltas:  20% (288/1436)
Resolving deltas:  21% (302/1436)
Resolving deltas:  22% (316/1436)
Resolving deltas:  23% (331/1436)
Resolving deltas:  24% (345/1436)
Resolving deltas:  25% (359/1436)
Resolving deltas:  26% (374/1436)
Resolving deltas:  27% (388/1436)
Resolving deltas:  28% (403/1436)
Resolving deltas:  29% (417/1436)
Resolving deltas:  30% (431/1436)
Resolving deltas:  31% (446/1436)
Resolving deltas:  32% (460/1436)
Resolving deltas:  33% (474/1436)
Resolving deltas:  34% (489/1436)
Resolving deltas:  35% (503/1436)
Resolving deltas:  36% (517/1436)
Resolving deltas:  37% (532/1436)
Resolving deltas:  38% (546/1436)
Resolving deltas:  39% (561/1436)
Resolving deltas:  40% (575/1436)
Resolving deltas:  41% (589/1436)
Resolving deltas:  42% (605/1436)
Resolving deltas:  43% (618/1436)
Resolving deltas:  44% (632/1436)
Resolving deltas:  45% (647/1436)
Resolving deltas:  46% (661/1436)
Resolving deltas:  47% (675/1436)
Resolving deltas:  48% (690/1436)
Resolving deltas:  49% (704/1436)
Resolving deltas:  50% (718/1436)
Resolving deltas:  51% (733/1436)
Resolving deltas:  52% (747/1436)
Resolving deltas:  53% (762/1436)
Resolving deltas:  54% (776/1436)
Resolving deltas:  55% (790/1436)
Resolving deltas:  56% (805/1436)
Resolving deltas:  57% (819/1436)
Resolving deltas:  58% (833/1436)
Resolving deltas:  59% (848/1436)
Resolving deltas:  60% (862/1436)
Resolving deltas:  61% (876/1436)
Resolving deltas:  62% (891/1436)
Resolving deltas:  63% (905/1436)
Resolving deltas:  64% (920/1436)
Resolving deltas:  65% (934/1436)
Resolving deltas:  66% (948/1436)
Resolving deltas:  67% (963/1436)
Resolving deltas:  68% (977/1436)
Resolving deltas:  69% (991/1436)
Resolving deltas:  70% (1006/1436)
Resolving deltas:  71% (1020/1436)
Resolving deltas:  72% (1034/1436)
Resolving deltas:  73% (1049/1436)
Resolving deltas:  74% (1063/1436)
Resolving deltas:  75% (1077/1436)
Resolving deltas:  76% (1092/1436)
Resolving deltas:  77% (1106/1436)
Resolving deltas:  78% (1122/1436)
Resolving deltas:  79% (1135/1436)
Resolving deltas:  80% (1149/1436)
Resolving deltas:  81% (1164/1436)
Resolving deltas:  82% (1178/1436)
Resolving deltas:  83% (1192/1436)
Resolving deltas:  84% (1207/1436)
Resolving deltas:  85% (1221/1436)
Resolving deltas:  86% (1235/1436)
Resolving deltas:  87% (1250/1436)
Resolving deltas:  88% (1264/1436)
Resolving deltas:  89% (1279/1436)
Resolving deltas:  90% (1293/1436)
Resolving deltas:  91% (1307/1436)
Resolving deltas:  92% (1322/1436)
Resolving deltas:  93% (1336/1436)
Resolving deltas:  94% (1350/1436)
Resolving deltas:  95% (1365/1436)
Resolving deltas:  96% (1379/1436)
Resolving deltas:  97% (1393/1436)
Resolving deltas:  98% (1408/1436)
Resolving deltas:  99% (1422/1436)
Resolving deltas: 100% (1436/1436)
Resolving deltas: 100% (1436/1436), done.
Updating files:  19% (673/3470)
Updating files:  20% (694/3470)
Updating files:  21% (729/3470)
Updating files:  22% (764/3470)
Updating files:  23% (799/3470)
Updating files:  24% (833/3470)
Updating files:  25% (868/3470)
Updating files:  26% (903/3470)
Updating files:  27% (937/3470)
Updating files:  28% (972/3470)
Updating files:  29% (1007/3470)
Updating files:  30% (1041/3470)
Updating files:  31% (1076/3470)
Updating files:  32% (1111/3470)
Updating files:  33% (1146/3470)
Updating files:  34% (1180/3470)
Updating files:  35% (1215/3470)
Updating files:  35% (1240/3470)
Updating files:  36% (1250/3470)
Updating files:  37% (1284/3470)
Updating files:  38% (1319/3470)
Updating files:  39% (1354/3470)
Updating files:  40% (1388/3470)
Updating files:  41% (1423/3470)
Updating files:  41% (1457/3470)
Updating files:  42% (1458/3470)
Updating files:  43% (1493/3470)
Updating files:  44% (1527/3470)
Updating files:  45% (1562/3470)
Updating files:  46% (1597/3470)
Updating files:  46% (1614/3470)
Updating files:  47% (1631/3470)
Updating files:  48% (1666/3470)
Updating files:  49% (1701/3470)
Updating files:  50% (1735/3470)
Updating files:  50% (1764/3470)
Updating files:  51% (1770/3470)
Updating files:  52% (1805/3470)
Updating files:  53% (1840/3470)
Updating files:  54% (1874/3470)
Updating files:  55% (1909/3470)
Updating files:  56% (1944/3470)
Updating files:  57% (1978/3470)
Updating files:  58% (2013/3470)
Updating files:  59% (2048/3470)
Updating files:  60% (2082/3470)
Updating files:  60% (2097/3470)
Updating files:  61% (2117/3470)
Updating files:  62% (2152/3470)
Updating files:  63% (2187/3470)
Updating files:  64% (2221/3470)
Updating files:  65% (2256/3470)
Updating files:  66% (2291/3470)
Updating files:  67% (2325/3470)
Updating files:  68% (2360/3470)
Updating files:  69% (2395/3470)
Updating files:  70% (2429/3470)
Updating files:  71% (2464/3470)
Updating files:  72% (2499/3470)
Updating files:  73% (2534/3470)
Updating files:  74% (2568/3470)
Updating files:  75% (2603/3470)
Updating files:  76% (2638/3470)
Updating files:  77% (2672/3470)
Updating files:  78% (2707/3470)
Updating files:  79% (2742/3470)
Updating files:  80% (2776/3470)
Updating files:  81% (2811/3470)
Updating files:  82% (2846/3470)
Updating files:  83% (2881/3470)
Updating files:  84% (2915/3470)
Updating files:  85% (2950/3470)
Updating files:  86% (2985/3470)
Updating files:  87% (3019/3470)
Updating files:  88% (3054/3470)
Updating files:  89% (3089/3470)
Updating files:  90% (3123/3470)
Updating files:  91% (3158/3470)
Updating files:  92% (3193/3470)
Updating files:  93% (3228/3470)
Updating files:  94% (3262/3470)
Updating files:  95% (3297/3470)
Updating files:  96% (3332/3470)
Updating files:  97% (3366/3470)
Updating files:  98% (3401/3470)
Updating files:  99% (3436/3470)
Updating files: 100% (3470/3470)
Updating files: 100% (3470/3470), done.

== Checking out commit hash f585040de656a5e89cbf9a7d95fb79b9d7089bbb ==
<span style="color:#268BD2">&gt; /usr/bin/git reset --hard f585040de656a5e89cbf9a7d95fb79b9d7089bbb</span>
HEAD is now at f585040 Relais, demande 95 : test 22, premières 2 000 itérations de A (porte) et B (actions), lignes remplies
