remote: Total 3504 (delta 1221), reused 3265 (delta 1185), pack-reused 0 (from 0)        
Receiving objects:  94% (3294/3504), 579.43 MiB | 53.37 MiB/s
Receiving objects:  95% (3329/3504), 579.43 MiB | 53.37 MiB/s
Receiving objects:  96% (3364/3504), 579.43 MiB | 53.37 MiB/s
Receiving objects:  97% (3399/3504), 579.43 MiB | 53.37 MiB/s
Receiving objects:  98% (3434/3504), 579.43 MiB | 53.37 MiB/s
Receiving objects:  99% (3469/3504), 579.43 MiB | 53.37 MiB/s
Receiving objects: 100% (3504/3504), 579.43 MiB | 53.37 MiB/s
Receiving objects: 100% (3504/3504), 579.55 MiB | 52.64 MiB/s, done.
Resolving deltas:   0% (0/1221)
Resolving deltas:   1% (13/1221)
Resolving deltas:   2% (25/1221)
Resolving deltas:   3% (38/1221)
Resolving deltas:   4% (49/1221)
Resolving deltas:   5% (62/1221)
Resolving deltas:   6% (75/1221)
Resolving deltas:   7% (86/1221)
Resolving deltas:   8% (98/1221)
Resolving deltas:   9% (110/1221)
Resolving deltas:  10% (123/1221)
Resolving deltas:  11% (135/1221)
Resolving deltas:  12% (147/1221)
Resolving deltas:  13% (159/1221)
Resolving deltas:  14% (171/1221)
Resolving deltas:  15% (184/1221)
Resolving deltas:  16% (196/1221)
Resolving deltas:  17% (208/1221)
Resolving deltas:  18% (220/1221)
Resolving deltas:  19% (232/1221)
Resolving deltas:  20% (245/1221)
Resolving deltas:  21% (257/1221)
Resolving deltas:  22% (269/1221)
Resolving deltas:  23% (281/1221)
Resolving deltas:  24% (294/1221)
Resolving deltas:  25% (306/1221)
Resolving deltas:  26% (318/1221)
Resolving deltas:  27% (330/1221)
Resolving deltas:  28% (342/1221)
Resolving deltas:  29% (355/1221)
Resolving deltas:  30% (368/1221)
Resolving deltas:  31% (379/1221)
Resolving deltas:  32% (391/1221)
Resolving deltas:  33% (403/1221)
Resolving deltas:  34% (416/1221)
Resolving deltas:  35% (428/1221)
Resolving deltas:  36% (440/1221)
Resolving deltas:  37% (452/1221)
Resolving deltas:  38% (464/1221)
Resolving deltas:  39% (479/1221)
Resolving deltas:  40% (489/1221)
Resolving deltas:  41% (501/1221)
Resolving deltas:  42% (513/1221)
Resolving deltas:  43% (526/1221)
Resolving deltas:  44% (538/1221)
Resolving deltas:  45% (550/1221)
Resolving deltas:  46% (562/1221)
Resolving deltas:  47% (574/1221)
Resolving deltas:  48% (587/1221)
Resolving deltas:  49% (599/1221)
Resolving deltas:  50% (611/1221)
Resolving deltas:  51% (623/1221)
Resolving deltas:  52% (635/1221)
Resolving deltas:  53% (648/1221)
Resolving deltas:  54% (660/1221)
Resolving deltas:  55% (672/1221)
Resolving deltas:  56% (684/1221)
Resolving deltas:  57% (696/1221)
Resolving deltas:  58% (709/1221)
Resolving deltas:  59% (721/1221)
Resolving deltas:  60% (733/1221)
Resolving deltas:  61% (745/1221)
Resolving deltas:  62% (758/1221)
Resolving deltas:  63% (770/1221)
Resolving deltas:  64% (782/1221)
Resolving deltas:  65% (794/1221)
Resolving deltas:  66% (806/1221)
Resolving deltas:  67% (819/1221)
Resolving deltas:  68% (831/1221)
Resolving deltas:  69% (843/1221)
Resolving deltas:  70% (855/1221)
Resolving deltas:  71% (867/1221)
Resolving deltas:  72% (880/1221)
Resolving deltas:  73% (892/1221)
Resolving deltas:  74% (904/1221)
Resolving deltas:  75% (916/1221)
Resolving deltas:  76% (928/1221)
Resolving deltas:  77% (941/1221)
Resolving deltas:  78% (953/1221)
Resolving deltas:  79% (965/1221)
Resolving deltas:  80% (977/1221)
Resolving deltas:  81% (990/1221)
Resolving deltas:  82% (1002/1221)
Resolving deltas:  83% (1014/1221)
Resolving deltas:  84% (1026/1221)
Resolving deltas:  85% (1038/1221)
Resolving deltas:  86% (1051/1221)
Resolving deltas:  87% (1063/1221)
Resolving deltas:  88% (1075/1221)
Resolving deltas:  89% (1087/1221)
Resolving deltas:  90% (1099/1221)
Resolving deltas:  91% (1112/1221)
Resolving deltas:  92% (1124/1221)
Resolving deltas:  93% (1136/1221)
Resolving deltas:  94% (1148/1221)
Resolving deltas:  95% (1160/1221)
Resolving deltas:  96% (1173/1221)
Resolving deltas:  97% (1185/1221)
Resolving deltas:  98% (1197/1221)
Resolving deltas:  99% (1209/1221)
Resolving deltas: 100% (1221/1221)
Resolving deltas: 100% (1221/1221), done.
Updating files:  21% (628/2962)
Updating files:  22% (652/2962)
Updating files:  23% (682/2962)
Updating files:  24% (711/2962)
Updating files:  25% (741/2962)
Updating files:  26% (771/2962)
Updating files:  27% (800/2962)
Updating files:  28% (830/2962)
Updating files:  29% (859/2962)
Updating files:  30% (889/2962)
Updating files:  31% (919/2962)
Updating files:  31% (927/2962)
Updating files:  32% (948/2962)
Updating files:  33% (978/2962)
Updating files:  34% (1008/2962)
Updating files:  35% (1037/2962)
Updating files:  36% (1067/2962)
Updating files:  37% (1096/2962)
Updating files:  38% (1126/2962)
Updating files:  38% (1152/2962)
Updating files:  39% (1156/2962)
Updating files:  40% (1185/2962)
Updating files:  41% (1215/2962)
Updating files:  42% (1245/2962)
Updating files:  43% (1274/2962)
Updating files:  43% (1275/2962)
Updating files:  44% (1304/2962)
Updating files:  45% (1333/2962)
Updating files:  46% (1363/2962)
Updating files:  47% (1393/2962)
Updating files:  48% (1422/2962)
Updating files:  49% (1452/2962)
Updating files:  49% (1460/2962)
Updating files:  50% (1481/2962)
Updating files:  51% (1511/2962)
Updating files:  52% (1541/2962)
Updating files:  53% (1570/2962)
Updating files:  54% (1600/2962)
Updating files:  55% (1630/2962)
Updating files:  56% (1659/2962)
Updating files:  57% (1689/2962)
Updating files:  58% (1718/2962)
Updating files:  59% (1748/2962)
Updating files:  60% (1778/2962)
Updating files:  61% (1807/2962)
Updating files:  62% (1837/2962)
Updating files:  63% (1867/2962)
Updating files:  64% (1896/2962)
Updating files:  65% (1926/2962)
Updating files:  66% (1955/2962)
Updating files:  67% (1985/2962)
Updating files:  68% (2015/2962)
Updating files:  69% (2044/2962)
Updating files:  70% (2074/2962)
Updating files:  71% (2104/2962)
Updating files:  72% (2133/2962)
Updating files:  73% (2163/2962)
Updating files:  74% (2192/2962)
Updating files:  75% (2222/2962)
Updating files:  76% (2252/2962)
Updating files:  77% (2281/2962)
Updating files:  78% (2311/2962)
Updating files:  79% (2340/2962)
Updating files:  80% (2370/2962)
Updating files:  81% (2400/2962)
Updating files:  82% (2429/2962)
Updating files:  83% (2459/2962)
Updating files:  84% (2489/2962)
Updating files:  85% (2518/2962)
Updating files:  86% (2548/2962)
Updating files:  87% (2577/2962)
Updating files:  88% (2607/2962)
Updating files:  89% (2637/2962)
Updating files:  90% (2666/2962)
Updating files:  91% (2696/2962)
Updating files:  92% (2726/2962)
Updating files:  93% (2755/2962)
Updating files:  94% (2785/2962)
Updating files:  95% (2814/2962)
Updating files:  96% (2844/2962)
Updating files:  97% (2874/2962)
Updating files:  98% (2903/2962)
Updating files:  99% (2933/2962)
Updating files: 100% (2962/2962)
Updating files: 100% (2962/2962), done.

== Checking out commit hash 0474c99e73c730403f64a291f38cf5c8a285b02d ==
<span style="color:#268BD2">&gt; /usr/bin/git reset --hard 0474c99e73c730403f64a291f38cf5c8a285b02d</span>
HEAD is now at 0474c99 Relais, demande 70 : tranche 4 de la mesure de possession (64 vies de test faites)
