Receiving objects:  11% (272/2469)
Receiving objects:  12% (297/2469)
Receiving objects:  13% (321/2469)
Receiving objects:  14% (346/2469)
Receiving objects:  15% (371/2469)
Receiving objects:  16% (396/2469)
Receiving objects:  17% (420/2469)
Receiving objects:  18% (445/2469)
Receiving objects:  19% (470/2469)
Receiving objects:  20% (494/2469)
Receiving objects:  21% (519/2469)
Receiving objects:  22% (544/2469)
Receiving objects:  23% (568/2469)
Receiving objects:  24% (593/2469)
Receiving objects:  25% (618/2469)
Receiving objects:  26% (642/2469), 13.05 MiB | 26.08 MiB/s
Receiving objects:  27% (667/2469), 13.05 MiB | 26.08 MiB/s
Receiving objects:  27% (683/2469), 41.24 MiB | 41.23 MiB/s
Receiving objects:  28% (692/2469), 41.24 MiB | 41.23 MiB/s
Receiving objects:  29% (717/2469), 41.24 MiB | 41.23 MiB/s
Receiving objects:  30% (741/2469), 68.05 MiB | 45.36 MiB/s
Receiving objects:  31% (766/2469), 68.05 MiB | 45.36 MiB/s
Receiving objects:  32% (791/2469), 68.05 MiB | 45.36 MiB/s
Receiving objects:  33% (815/2469), 68.05 MiB | 45.36 MiB/s
Receiving objects:  34% (840/2469), 68.05 MiB | 45.36 MiB/s
Receiving objects:  35% (865/2469), 68.05 MiB | 45.36 MiB/s
Receiving objects:  36% (889/2469), 68.05 MiB | 45.36 MiB/s
Receiving objects:  37% (914/2469), 68.05 MiB | 45.36 MiB/s
Receiving objects:  37% (918/2469), 86.12 MiB | 43.06 MiB/s
Receiving objects:  38% (939/2469), 86.12 MiB | 43.06 MiB/s
Receiving objects:  39% (963/2469), 86.12 MiB | 43.06 MiB/s
Receiving objects:  40% (988/2469), 86.12 MiB | 43.06 MiB/s
Receiving objects:  41% (1013/2469), 86.12 MiB | 43.06 MiB/s
Receiving objects:  42% (1037/2469), 86.12 MiB | 43.06 MiB/s
Receiving objects:  43% (1062/2469), 100.61 MiB | 40.24 MiB/s
Receiving objects:  44% (1087/2469), 100.61 MiB | 40.24 MiB/s
Receiving objects:  45% (1112/2469), 100.61 MiB | 40.24 MiB/s
Receiving objects:  46% (1136/2469), 100.61 MiB | 40.24 MiB/s
Receiving objects:  47% (1161/2469), 100.61 MiB | 40.24 MiB/s
Receiving objects:  48% (1186/2469), 100.61 MiB | 40.24 MiB/s
Receiving objects:  49% (1210/2469), 100.61 MiB | 40.24 MiB/s
Receiving objects:  50% (1235/2469), 100.61 MiB | 40.24 MiB/s
Receiving objects:  51% (1260/2469), 100.61 MiB | 40.24 MiB/s
Receiving objects:  52% (1284/2469), 100.61 MiB | 40.24 MiB/s
Receiving objects:  53% (1309/2469), 100.61 MiB | 40.24 MiB/s
Receiving objects:  54% (1334/2469), 100.61 MiB | 40.24 MiB/s
Receiving objects:  55% (1358/2469), 100.61 MiB | 40.24 MiB/s
Receiving objects:  56% (1383/2469), 100.61 MiB | 40.24 MiB/s
Receiving objects:  57% (1408/2469), 100.61 MiB | 40.24 MiB/s
Receiving objects:  58% (1433/2469), 100.61 MiB | 40.24 MiB/s
Receiving objects:  59% (1457/2469), 100.61 MiB | 40.24 MiB/s
Receiving objects:  60% (1482/2469), 100.61 MiB | 40.24 MiB/s
Receiving objects:  61% (1507/2469), 100.61 MiB | 40.24 MiB/s
Receiving objects:  62% (1531/2469), 100.61 MiB | 40.24 MiB/s
Receiving objects:  63% (1556/2469), 100.61 MiB | 40.24 MiB/s
Receiving objects:  64% (1581/2469), 100.61 MiB | 40.24 MiB/s
Receiving objects:  65% (1605/2469), 100.61 MiB | 40.24 MiB/s
Receiving objects:  66% (1630/2469), 100.61 MiB | 40.24 MiB/s
Receiving objects:  67% (1655/2469), 100.61 MiB | 40.24 MiB/s
Receiving objects:  68% (1679/2469), 100.61 MiB | 40.24 MiB/s
Receiving objects:  69% (1704/2469), 100.61 MiB | 40.24 MiB/s
Receiving objects:  70% (1729/2469), 100.61 MiB | 40.24 MiB/s
Receiving objects:  71% (1753/2469), 100.61 MiB | 40.24 MiB/s
Receiving objects:  72% (1778/2469), 100.61 MiB | 40.24 MiB/s
Receiving objects:  73% (1803/2469), 100.61 MiB | 40.24 MiB/s
Receiving objects:  74% (1828/2469), 100.61 MiB | 40.24 MiB/s
Receiving objects:  75% (1852/2469), 100.61 MiB | 40.24 MiB/s
Receiving objects:  76% (1877/2469), 100.61 MiB | 40.24 MiB/s
Receiving objects:  77% (1902/2469), 100.61 MiB | 40.24 MiB/s
Receiving objects:  78% (1926/2469), 100.61 MiB | 40.24 MiB/s
Receiving objects:  79% (1951/2469), 100.61 MiB | 40.24 MiB/s
Receiving objects:  80% (1976/2469), 100.61 MiB | 40.24 MiB/s
Receiving objects:  81% (2000/2469), 100.61 MiB | 40.24 MiB/s
Receiving objects:  82% (2025/2469), 100.61 MiB | 40.24 MiB/s
Receiving objects:  83% (2050/2469), 100.61 MiB | 40.24 MiB/s
Receiving objects:  84% (2074/2469), 100.61 MiB | 40.24 MiB/s
Receiving objects:  85% (2099/2469), 100.61 MiB | 40.24 MiB/s
Receiving objects:  86% (2124/2469), 100.61 MiB | 40.24 MiB/s
Receiving objects:  87% (2149/2469), 100.61 MiB | 40.24 MiB/s
Receiving objects:  88% (2173/2469), 100.61 MiB | 40.24 MiB/s
Receiving objects:  89% (2198/2469), 100.61 MiB | 40.24 MiB/s
Receiving objects:  90% (2223/2469), 100.61 MiB | 40.24 MiB/s
remote: Total 2469 (delta 788), reused 2291 (delta 765), pack-reused 0 (from 0)        
Receiving objects:  91% (2247/2469), 100.61 MiB | 40.24 MiB/s
Receiving objects:  92% (2272/2469), 100.61 MiB | 40.24 MiB/s
Receiving objects:  93% (2297/2469), 100.61 MiB | 40.24 MiB/s
Receiving objects:  94% (2321/2469), 100.61 MiB | 40.24 MiB/s
Receiving objects:  95% (2346/2469), 100.61 MiB | 40.24 MiB/s
Receiving objects:  96% (2371/2469), 100.61 MiB | 40.24 MiB/s
Receiving objects:  97% (2395/2469), 100.61 MiB | 40.24 MiB/s
Receiving objects:  98% (2420/2469), 100.61 MiB | 40.24 MiB/s
Receiving objects:  99% (2445/2469), 100.61 MiB | 40.24 MiB/s
Receiving objects: 100% (2469/2469), 100.61 MiB | 40.24 MiB/s
Receiving objects: 100% (2469/2469), 114.53 MiB | 40.23 MiB/s, done.
Resolving deltas:   0% (0/788)
Resolving deltas:   1% (9/788)
Resolving deltas:   2% (16/788)
Resolving deltas:   3% (24/788)
Resolving deltas:   4% (32/788)
Resolving deltas:   5% (40/788)
Resolving deltas:   6% (48/788)
Resolving deltas:   7% (56/788)
Resolving deltas:   8% (64/788)
Resolving deltas:   9% (71/788)
Resolving deltas:  10% (79/788)
Resolving deltas:  11% (87/788)
Resolving deltas:  12% (95/788)
Resolving deltas:  13% (103/788)
Resolving deltas:  14% (111/788)
Resolving deltas:  15% (119/788)
Resolving deltas:  16% (127/788)
Resolving deltas:  17% (135/788)
Resolving deltas:  18% (142/788)
Resolving deltas:  19% (150/788)
Resolving deltas:  20% (159/788)
Resolving deltas:  21% (166/788)
Resolving deltas:  22% (174/788)
Resolving deltas:  23% (182/788)
Resolving deltas:  24% (190/788)
Resolving deltas:  25% (197/788)
Resolving deltas:  26% (205/788)
Resolving deltas:  27% (213/788)
Resolving deltas:  28% (222/788)
Resolving deltas:  29% (229/788)
Resolving deltas:  30% (237/788)
Resolving deltas:  31% (246/788)
Resolving deltas:  32% (253/788)
Resolving deltas:  33% (262/788)
Resolving deltas:  34% (268/788)
Resolving deltas:  35% (276/788)
Resolving deltas:  36% (285/788)
Resolving deltas:  37% (292/788)
Resolving deltas:  38% (300/788)
Resolving deltas:  39% (308/788)
Resolving deltas:  40% (316/788)
Resolving deltas:  41% (324/788)
Resolving deltas:  42% (331/788)
Resolving deltas:  43% (339/788)
Resolving deltas:  44% (348/788)
Resolving deltas:  45% (355/788)
Resolving deltas:  46% (363/788)
Resolving deltas:  47% (371/788)
Resolving deltas:  48% (379/788)
Resolving deltas:  49% (387/788)
Resolving deltas:  50% (394/788)
Resolving deltas:  51% (402/788)
Resolving deltas:  52% (410/788)
Resolving deltas:  53% (418/788)
Resolving deltas:  54% (426/788)
Resolving deltas:  55% (434/788)
Resolving deltas:  56% (442/788)
Resolving deltas:  57% (450/788)
Resolving deltas:  58% (458/788)
Resolving deltas:  59% (465/788)
Resolving deltas:  60% (473/788)
Resolving deltas:  61% (482/788)
Resolving deltas:  62% (489/788)
Resolving deltas:  63% (497/788)
Resolving deltas:  64% (505/788)
Resolving deltas:  65% (513/788)
Resolving deltas:  66% (522/788)
Resolving deltas:  67% (528/788)
Resolving deltas:  68% (536/788)
Resolving deltas:  69% (544/788)
Resolving deltas:  70% (552/788)
Resolving deltas:  71% (560/788)
Resolving deltas:  72% (568/788)
Resolving deltas:  73% (576/788)
Resolving deltas:  74% (584/788)
Resolving deltas:  75% (591/788)
Resolving deltas:  76% (599/788)
Resolving deltas:  77% (607/788)
Resolving deltas:  78% (615/788)
Resolving deltas:  79% (623/788)
Resolving deltas:  80% (631/788)
Resolving deltas:  81% (639/788)
Resolving deltas:  82% (647/788)
Resolving deltas:  83% (655/788)
Resolving deltas:  84% (662/788)
Resolving deltas:  85% (670/788)
Resolving deltas:  86% (678/788)
Resolving deltas:  87% (686/788)
Resolving deltas:  88% (694/788)
Resolving deltas:  89% (702/788)
Resolving deltas:  90% (710/788)
Resolving deltas:  91% (718/788)
Resolving deltas:  92% (725/788)
Resolving deltas:  93% (733/788)
Resolving deltas:  94% (741/788)
Resolving deltas:  95% (750/788)
Resolving deltas:  96% (758/788)
Resolving deltas:  97% (765/788)
Resolving deltas:  98% (773/788)
Resolving deltas:  99% (781/788)
Resolving deltas: 100% (788/788)
Resolving deltas: 100% (788/788), done.

== Checking out commit hash 5a787d79be635560050c1951bfa4bc742244c16b ==
<span style="color:#268BD2">&gt; /usr/bin/git reset --hard 5a787d79be635560050c1951bfa4bc742244c16b</span>
HEAD is now at 5a787d7 Lancer le régime VMLA par le relais, demande 20
