Receiving objects:  10% (210/2097)
Receiving objects:  11% (231/2097)
Receiving objects:  12% (252/2097)
Receiving objects:  13% (273/2097)
Receiving objects:  14% (294/2097)
Receiving objects:  15% (315/2097)
Receiving objects:  16% (336/2097)
Receiving objects:  17% (357/2097)
Receiving objects:  18% (378/2097)
Receiving objects:  19% (399/2097)
Receiving objects:  20% (420/2097)
Receiving objects:  21% (441/2097)
Receiving objects:  22% (462/2097)
Receiving objects:  23% (483/2097)
Receiving objects:  24% (504/2097)
Receiving objects:  25% (525/2097)
Receiving objects:  26% (546/2097), 4.39 MiB | 8.76 MiB/s
Receiving objects:  27% (567/2097), 4.39 MiB | 8.76 MiB/s
Receiving objects:  28% (588/2097), 4.39 MiB | 8.76 MiB/s
Receiving objects:  29% (609/2097), 4.39 MiB | 8.76 MiB/s
Receiving objects:  30% (630/2097), 4.39 MiB | 8.76 MiB/s
Receiving objects:  31% (651/2097), 4.39 MiB | 8.76 MiB/s
Receiving objects:  32% (672/2097), 4.39 MiB | 8.76 MiB/s
Receiving objects:  33% (693/2097), 4.39 MiB | 8.76 MiB/s
Receiving objects:  34% (713/2097), 4.39 MiB | 8.76 MiB/s
Receiving objects:  35% (734/2097), 4.39 MiB | 8.76 MiB/s
Receiving objects:  36% (755/2097), 4.39 MiB | 8.76 MiB/s
Receiving objects:  37% (776/2097), 4.39 MiB | 8.76 MiB/s
Receiving objects:  38% (797/2097), 4.39 MiB | 8.76 MiB/s
Receiving objects:  39% (818/2097), 4.39 MiB | 8.76 MiB/s
Receiving objects:  40% (839/2097), 4.39 MiB | 8.76 MiB/s
Receiving objects:  40% (844/2097), 30.13 MiB | 30.12 MiB/s
Receiving objects:  41% (860/2097), 30.13 MiB | 30.12 MiB/s
Receiving objects:  42% (881/2097), 30.13 MiB | 30.12 MiB/s
Receiving objects:  43% (902/2097), 30.13 MiB | 30.12 MiB/s
Receiving objects:  44% (923/2097), 30.13 MiB | 30.12 MiB/s
Receiving objects:  45% (944/2097), 30.13 MiB | 30.12 MiB/s
Receiving objects:  46% (965/2097), 30.13 MiB | 30.12 MiB/s
Receiving objects:  47% (986/2097), 30.13 MiB | 30.12 MiB/s
Receiving objects:  48% (1007/2097), 30.13 MiB | 30.12 MiB/s
Receiving objects:  49% (1028/2097), 30.13 MiB | 30.12 MiB/s
Receiving objects:  50% (1049/2097), 30.13 MiB | 30.12 MiB/s
Receiving objects:  51% (1070/2097), 30.13 MiB | 30.12 MiB/s
Receiving objects:  52% (1091/2097), 30.13 MiB | 30.12 MiB/s
Receiving objects:  53% (1112/2097), 30.13 MiB | 30.12 MiB/s
Receiving objects:  54% (1133/2097), 30.13 MiB | 30.12 MiB/s
Receiving objects:  55% (1154/2097), 30.13 MiB | 30.12 MiB/s
Receiving objects:  56% (1175/2097), 30.13 MiB | 30.12 MiB/s
Receiving objects:  57% (1196/2097), 30.13 MiB | 30.12 MiB/s
Receiving objects:  58% (1217/2097), 30.13 MiB | 30.12 MiB/s
Receiving objects:  59% (1238/2097), 30.13 MiB | 30.12 MiB/s
Receiving objects:  60% (1259/2097), 30.13 MiB | 30.12 MiB/s
Receiving objects:  61% (1280/2097), 30.13 MiB | 30.12 MiB/s
Receiving objects:  62% (1301/2097), 30.13 MiB | 30.12 MiB/s
Receiving objects:  63% (1322/2097), 30.13 MiB | 30.12 MiB/s
Receiving objects:  64% (1343/2097), 30.13 MiB | 30.12 MiB/s
Receiving objects:  65% (1364/2097), 30.13 MiB | 30.12 MiB/s
Receiving objects:  66% (1385/2097), 30.13 MiB | 30.12 MiB/s
Receiving objects:  67% (1405/2097), 30.13 MiB | 30.12 MiB/s
Receiving objects:  68% (1426/2097), 30.13 MiB | 30.12 MiB/s
Receiving objects:  69% (1447/2097), 30.13 MiB | 30.12 MiB/s
Receiving objects:  70% (1468/2097), 30.13 MiB | 30.12 MiB/s
Receiving objects:  71% (1489/2097), 30.13 MiB | 30.12 MiB/s
Receiving objects:  72% (1510/2097), 30.13 MiB | 30.12 MiB/s
Receiving objects:  73% (1531/2097), 30.13 MiB | 30.12 MiB/s
Receiving objects:  74% (1552/2097), 30.13 MiB | 30.12 MiB/s
Receiving objects:  75% (1573/2097), 30.13 MiB | 30.12 MiB/s
Receiving objects:  76% (1594/2097), 30.13 MiB | 30.12 MiB/s
Receiving objects:  77% (1615/2097), 30.13 MiB | 30.12 MiB/s
Receiving objects:  78% (1636/2097), 30.13 MiB | 30.12 MiB/s
Receiving objects:  79% (1657/2097), 30.13 MiB | 30.12 MiB/s
Receiving objects:  80% (1678/2097), 30.13 MiB | 30.12 MiB/s
Receiving objects:  81% (1699/2097), 30.13 MiB | 30.12 MiB/s
Receiving objects:  82% (1720/2097), 30.13 MiB | 30.12 MiB/s
Receiving objects:  83% (1741/2097), 30.13 MiB | 30.12 MiB/s
Receiving objects:  84% (1762/2097), 30.13 MiB | 30.12 MiB/s
Receiving objects:  85% (1783/2097), 30.13 MiB | 30.12 MiB/s
Receiving objects:  86% (1804/2097), 30.13 MiB | 30.12 MiB/s
Receiving objects:  87% (1825/2097), 30.13 MiB | 30.12 MiB/s
Receiving objects:  88% (1846/2097), 30.13 MiB | 30.12 MiB/s
Receiving objects:  89% (1867/2097), 30.13 MiB | 30.12 MiB/s
Receiving objects:  90% (1888/2097), 30.13 MiB | 30.12 MiB/s
Receiving objects:  91% (1909/2097), 30.13 MiB | 30.12 MiB/s
Receiving objects:  92% (1930/2097), 30.13 MiB | 30.12 MiB/s
Receiving objects:  93% (1951/2097), 30.13 MiB | 30.12 MiB/s
Receiving objects:  94% (1972/2097), 30.13 MiB | 30.12 MiB/s
Receiving objects:  95% (1993/2097), 30.13 MiB | 30.12 MiB/s
Receiving objects:  96% (2014/2097), 30.13 MiB | 30.12 MiB/s
Receiving objects:  97% (2035/2097), 30.13 MiB | 30.12 MiB/s
remote: Total 2097 (delta 593), reused 1883 (delta 484), pack-reused 0 (from 0)        
Receiving objects:  98% (2056/2097), 30.13 MiB | 30.12 MiB/s
Receiving objects:  99% (2077/2097), 30.13 MiB | 30.12 MiB/s
Receiving objects: 100% (2097/2097), 30.13 MiB | 30.12 MiB/s
Receiving objects: 100% (2097/2097), 50.12 MiB | 36.43 MiB/s, done.
Resolving deltas:   0% (0/593)
Resolving deltas:   1% (6/593)
Resolving deltas:   2% (12/593)
Resolving deltas:   3% (18/593)
Resolving deltas:   4% (24/593)
Resolving deltas:   5% (30/593)
Resolving deltas:   6% (36/593)
Resolving deltas:   7% (42/593)
Resolving deltas:   8% (48/593)
Resolving deltas:   9% (54/593)
Resolving deltas:  10% (60/593)
Resolving deltas:  11% (66/593)
Resolving deltas:  12% (72/593)
Resolving deltas:  13% (78/593)
Resolving deltas:  14% (84/593)
Resolving deltas:  15% (89/593)
Resolving deltas:  16% (95/593)
Resolving deltas:  17% (101/593)
Resolving deltas:  18% (107/593)
Resolving deltas:  19% (113/593)
Resolving deltas:  20% (119/593)
Resolving deltas:  21% (125/593)
Resolving deltas:  22% (131/593)
Resolving deltas:  23% (137/593)
Resolving deltas:  24% (143/593)
Resolving deltas:  25% (149/593)
Resolving deltas:  26% (155/593)
Resolving deltas:  27% (161/593)
Resolving deltas:  28% (168/593)
Resolving deltas:  29% (172/593)
Resolving deltas:  30% (179/593)
Resolving deltas:  31% (184/593)
Resolving deltas:  32% (190/593)
Resolving deltas:  33% (196/593)
Resolving deltas:  34% (202/593)
Resolving deltas:  35% (208/593)
Resolving deltas:  36% (214/593)
Resolving deltas:  37% (220/593)
Resolving deltas:  38% (226/593)
Resolving deltas:  39% (232/593)
Resolving deltas:  40% (238/593)
Resolving deltas:  41% (244/593)
Resolving deltas:  42% (250/593)
Resolving deltas:  43% (255/593)
Resolving deltas:  44% (261/593)
Resolving deltas:  45% (267/593)
Resolving deltas:  46% (273/593)
Resolving deltas:  47% (279/593)
Resolving deltas:  48% (285/593)
Resolving deltas:  49% (291/593)
Resolving deltas:  50% (297/593)
Resolving deltas:  51% (303/593)
Resolving deltas:  52% (309/593)
Resolving deltas:  53% (315/593)
Resolving deltas:  54% (321/593)
Resolving deltas:  55% (327/593)
Resolving deltas:  56% (333/593)
Resolving deltas:  57% (339/593)
Resolving deltas:  58% (344/593)
Resolving deltas:  59% (350/593)
Resolving deltas:  60% (356/593)
Resolving deltas:  61% (362/593)
Resolving deltas:  62% (368/593)
Resolving deltas:  63% (374/593)
Resolving deltas:  64% (380/593)
Resolving deltas:  65% (386/593)
Resolving deltas:  66% (392/593)
Resolving deltas:  67% (398/593)
Resolving deltas:  68% (404/593)
Resolving deltas:  69% (410/593)
Resolving deltas:  70% (416/593)
Resolving deltas:  71% (422/593)
Resolving deltas:  72% (427/593)
Resolving deltas:  73% (433/593)
Resolving deltas:  74% (439/593)
Resolving deltas:  75% (445/593)
Resolving deltas:  76% (451/593)
Resolving deltas:  77% (457/593)
Resolving deltas:  78% (463/593)
Resolving deltas:  79% (469/593)
Resolving deltas:  80% (476/593)
Resolving deltas:  81% (481/593)
Resolving deltas:  82% (487/593)
Resolving deltas:  83% (493/593)
Resolving deltas:  84% (499/593)
Resolving deltas:  85% (505/593)
Resolving deltas:  86% (510/593)
Resolving deltas:  87% (516/593)
Resolving deltas:  88% (522/593)
Resolving deltas:  89% (528/593)
Resolving deltas:  90% (534/593)
Resolving deltas:  91% (540/593)
Resolving deltas:  92% (546/593)
Resolving deltas:  93% (552/593)
Resolving deltas:  94% (558/593)
Resolving deltas:  95% (564/593)
Resolving deltas:  96% (570/593)
Resolving deltas:  97% (576/593)
Resolving deltas:  98% (582/593)
Resolving deltas:  99% (588/593)
Resolving deltas: 100% (593/593)
Resolving deltas: 100% (593/593), done.

== Checking out commit hash 2d1f5d2ba72b58091909d5543e6b47fbba68b8a6 ==
<span style="color:#268BD2">&gt; /usr/bin/git reset --hard 2d1f5d2ba72b58091909d5543e6b47fbba68b8a6</span>
HEAD is now at 2d1f5d2 Relancer le corps ajusté et relire le corps latent en complétion, par amendements déclarés
