Receiving objects:  93% (3488/3750), 713.37 MiB | 62.41 MiB/s
Receiving objects:  94% (3525/3750), 713.37 MiB | 62.41 MiB/s
Receiving objects:  95% (3563/3750), 713.37 MiB | 62.41 MiB/s
Receiving objects:  96% (3600/3750), 713.37 MiB | 62.41 MiB/s
Receiving objects:  97% (3638/3750), 713.37 MiB | 62.41 MiB/s
remote: Total 3750 (delta 1304), reused 3497 (delta 1263), pack-reused 0 (from 0)        
Receiving objects:  98% (3675/3750), 713.37 MiB | 62.41 MiB/s
Receiving objects:  99% (3713/3750), 713.37 MiB | 62.41 MiB/s
Receiving objects: 100% (3750/3750), 713.37 MiB | 62.41 MiB/s
Receiving objects: 100% (3750/3750), 726.35 MiB | 61.90 MiB/s, done.
Resolving deltas:   0% (0/1304)
Resolving deltas:   1% (14/1304)
Resolving deltas:   2% (27/1304)
Resolving deltas:   3% (40/1304)
Resolving deltas:   4% (53/1304)
Resolving deltas:   5% (66/1304)
Resolving deltas:   6% (79/1304)
Resolving deltas:   7% (92/1304)
Resolving deltas:   8% (105/1304)
Resolving deltas:   9% (118/1304)
Resolving deltas:  10% (131/1304)
Resolving deltas:  11% (144/1304)
Resolving deltas:  12% (157/1304)
Resolving deltas:  13% (170/1304)
Resolving deltas:  14% (183/1304)
Resolving deltas:  15% (197/1304)
Resolving deltas:  16% (209/1304)
Resolving deltas:  17% (222/1304)
Resolving deltas:  18% (235/1304)
Resolving deltas:  19% (248/1304)
Resolving deltas:  20% (261/1304)
Resolving deltas:  21% (274/1304)
Resolving deltas:  22% (287/1304)
Resolving deltas:  23% (300/1304)
Resolving deltas:  24% (313/1304)
Resolving deltas:  25% (327/1304)
Resolving deltas:  26% (340/1304)
Resolving deltas:  27% (353/1304)
Resolving deltas:  28% (366/1304)
Resolving deltas:  29% (379/1304)
Resolving deltas:  30% (392/1304)
Resolving deltas:  31% (405/1304)
Resolving deltas:  32% (418/1304)
Resolving deltas:  33% (431/1304)
Resolving deltas:  34% (444/1304)
Resolving deltas:  35% (457/1304)
Resolving deltas:  36% (470/1304)
Resolving deltas:  37% (483/1304)
Resolving deltas:  38% (496/1304)
Resolving deltas:  39% (509/1304)
Resolving deltas:  40% (522/1304)
Resolving deltas:  41% (535/1304)
Resolving deltas:  42% (548/1304)
Resolving deltas:  43% (561/1304)
Resolving deltas:  44% (574/1304)
Resolving deltas:  45% (587/1304)
Resolving deltas:  46% (600/1304)
Resolving deltas:  47% (613/1304)
Resolving deltas:  48% (626/1304)
Resolving deltas:  49% (639/1304)
Resolving deltas:  50% (652/1304)
Resolving deltas:  51% (666/1304)
Resolving deltas:  52% (679/1304)
Resolving deltas:  53% (692/1304)
Resolving deltas:  54% (705/1304)
Resolving deltas:  55% (718/1304)
Resolving deltas:  56% (731/1304)
Resolving deltas:  57% (744/1304)
Resolving deltas:  58% (757/1304)
Resolving deltas:  59% (770/1304)
Resolving deltas:  60% (783/1304)
Resolving deltas:  61% (796/1304)
Resolving deltas:  62% (809/1304)
Resolving deltas:  63% (822/1304)
Resolving deltas:  64% (835/1304)
Resolving deltas:  65% (848/1304)
Resolving deltas:  66% (861/1304)
Resolving deltas:  67% (874/1304)
Resolving deltas:  68% (887/1304)
Resolving deltas:  69% (900/1304)
Resolving deltas:  70% (913/1304)
Resolving deltas:  71% (926/1304)
Resolving deltas:  72% (939/1304)
Resolving deltas:  73% (952/1304)
Resolving deltas:  74% (965/1304)
Resolving deltas:  75% (978/1304)
Resolving deltas:  76% (992/1304)
Resolving deltas:  77% (1005/1304)
Resolving deltas:  78% (1018/1304)
Resolving deltas:  79% (1031/1304)
Resolving deltas:  80% (1044/1304)
Resolving deltas:  81% (1057/1304)
Resolving deltas:  82% (1070/1304)
Resolving deltas:  83% (1083/1304)
Resolving deltas:  84% (1096/1304)
Resolving deltas:  85% (1109/1304)
Resolving deltas:  86% (1122/1304)
Resolving deltas:  87% (1135/1304)
Resolving deltas:  88% (1148/1304)
Resolving deltas:  89% (1161/1304)
Resolving deltas:  90% (1174/1304)
Resolving deltas:  91% (1187/1304)
Resolving deltas:  92% (1200/1304)
Resolving deltas:  93% (1213/1304)
Resolving deltas:  94% (1226/1304)
Resolving deltas:  95% (1239/1304)
Resolving deltas:  96% (1252/1304)
Resolving deltas:  97% (1265/1304)
Resolving deltas:  98% (1278/1304)
Resolving deltas:  99% (1291/1304)
Resolving deltas: 100% (1304/1304)
Resolving deltas: 100% (1304/1304), done.
Updating files:  22% (726/3239)
Updating files:  23% (745/3239)
Updating files:  24% (778/3239)
Updating files:  25% (810/3239)
Updating files:  26% (843/3239)
Updating files:  27% (875/3239)
Updating files:  28% (907/3239)
Updating files:  29% (940/3239)
Updating files:  30% (972/3239)
Updating files:  31% (1005/3239)
Updating files:  32% (1037/3239)
Updating files:  32% (1052/3239)
Updating files:  33% (1069/3239)
Updating files:  34% (1102/3239)
Updating files:  35% (1134/3239)
Updating files:  36% (1167/3239)
Updating files:  37% (1199/3239)
Updating files:  38% (1231/3239)
Updating files:  39% (1264/3239)
Updating files:  40% (1296/3239)
Updating files:  41% (1328/3239)
Updating files:  41% (1348/3239)
Updating files:  42% (1361/3239)
Updating files:  43% (1393/3239)
Updating files:  44% (1426/3239)
Updating files:  45% (1458/3239)
Updating files:  46% (1490/3239)
Updating files:  46% (1505/3239)
Updating files:  47% (1523/3239)
Updating files:  48% (1555/3239)
Updating files:  49% (1588/3239)
Updating files:  50% (1620/3239)
Updating files:  51% (1652/3239)
Updating files:  52% (1685/3239)
Updating files:  53% (1717/3239)
Updating files:  54% (1750/3239)
Updating files:  55% (1782/3239)
Updating files:  56% (1814/3239)
Updating files:  56% (1829/3239)
Updating files:  57% (1847/3239)
Updating files:  58% (1879/3239)
Updating files:  59% (1912/3239)
Updating files:  60% (1944/3239)
Updating files:  61% (1976/3239)
Updating files:  62% (2009/3239)
Updating files:  63% (2041/3239)
Updating files:  64% (2073/3239)
Updating files:  65% (2106/3239)
Updating files:  66% (2138/3239)
Updating files:  67% (2171/3239)
Updating files:  68% (2203/3239)
Updating files:  69% (2235/3239)
Updating files:  70% (2268/3239)
Updating files:  71% (2300/3239)
Updating files:  72% (2333/3239)
Updating files:  73% (2365/3239)
Updating files:  74% (2397/3239)
Updating files:  75% (2430/3239)
Updating files:  76% (2462/3239)
Updating files:  77% (2495/3239)
Updating files:  78% (2527/3239)
Updating files:  79% (2559/3239)
Updating files:  80% (2592/3239)
Updating files:  81% (2624/3239)
Updating files:  82% (2656/3239)
Updating files:  83% (2689/3239)
Updating files:  84% (2721/3239)
Updating files:  85% (2754/3239)
Updating files:  86% (2786/3239)
Updating files:  87% (2818/3239)
Updating files:  88% (2851/3239)
Updating files:  89% (2883/3239)
Updating files:  90% (2916/3239)
Updating files:  91% (2948/3239)
Updating files:  92% (2980/3239)
Updating files:  93% (3013/3239)
Updating files:  94% (3045/3239)
Updating files:  95% (3078/3239)
Updating files:  96% (3110/3239)
Updating files:  97% (3142/3239)
Updating files:  98% (3175/3239)
Updating files:  99% (3207/3239)
Updating files: 100% (3239/3239)
Updating files: 100% (3239/3239), done.

== Checking out commit hash e042e4fc2c479b9017c1b15da3cff56cb5c18e6b ==
<span style="color:#268BD2">&gt; /usr/bin/git reset --hard e042e4fc2c479b9017c1b15da3cff56cb5c18e6b</span>
HEAD is now at e042e4f Relais, demande 84 : test 11, agent du monde à deux, troisième tranche (fin des vies de test)
