Receiving objects:  68% (2035/2992), 278.41 MiB | 3.38 MiB/s
Receiving objects:  69% (2065/2992), 278.41 MiB | 3.38 MiB/s
Receiving objects:  70% (2095/2992), 278.41 MiB | 3.38 MiB/s
Receiving objects:  71% (2125/2992), 278.41 MiB | 3.38 MiB/s
Receiving objects:  72% (2155/2992), 278.41 MiB | 3.38 MiB/s
Receiving objects:  73% (2185/2992), 278.41 MiB | 3.38 MiB/s
Receiving objects:  74% (2215/2992), 278.41 MiB | 3.38 MiB/s
Receiving objects:  75% (2244/2992), 278.41 MiB | 3.38 MiB/s
Receiving objects:  76% (2274/2992), 278.41 MiB | 3.38 MiB/s
Receiving objects:  77% (2304/2992), 278.41 MiB | 3.38 MiB/s
Receiving objects:  78% (2334/2992), 278.41 MiB | 3.38 MiB/s
Receiving objects:  79% (2364/2992), 278.41 MiB | 3.38 MiB/s
Receiving objects:  80% (2394/2992), 278.41 MiB | 3.38 MiB/s
Receiving objects:  81% (2424/2992), 278.41 MiB | 3.38 MiB/s
Receiving objects:  82% (2454/2992), 278.41 MiB | 3.38 MiB/s
Receiving objects:  83% (2484/2992), 278.41 MiB | 3.38 MiB/s
Receiving objects:  84% (2514/2992), 278.41 MiB | 3.38 MiB/s
Receiving objects:  85% (2544/2992), 278.41 MiB | 3.38 MiB/s
Receiving objects:  86% (2574/2992), 278.41 MiB | 3.38 MiB/s
Receiving objects:  87% (2604/2992), 278.41 MiB | 3.38 MiB/s
Receiving objects:  88% (2633/2992), 278.41 MiB | 3.38 MiB/s
Receiving objects:  89% (2663/2992), 278.41 MiB | 3.38 MiB/s
Receiving objects:  90% (2693/2992), 278.41 MiB | 3.38 MiB/s
Receiving objects:  91% (2723/2992), 278.41 MiB | 3.38 MiB/s
Receiving objects:  92% (2753/2992), 278.41 MiB | 3.38 MiB/s
remote: Total 2992 (delta 1043), reused 2765 (delta 987), pack-reused 0 (from 0)        
Receiving objects:  93% (2783/2992), 278.41 MiB | 3.38 MiB/s
Receiving objects:  94% (2813/2992), 278.41 MiB | 3.38 MiB/s
Receiving objects:  95% (2843/2992), 278.41 MiB | 3.38 MiB/s
Receiving objects:  96% (2873/2992), 278.41 MiB | 3.38 MiB/s
Receiving objects:  97% (2903/2992), 278.41 MiB | 3.38 MiB/s
Receiving objects:  98% (2933/2992), 278.41 MiB | 3.38 MiB/s
Receiving objects:  99% (2963/2992), 278.41 MiB | 3.38 MiB/s
Receiving objects: 100% (2992/2992), 278.41 MiB | 3.38 MiB/s
Receiving objects: 100% (2992/2992), 280.14 MiB | 3.90 MiB/s, done.
Resolving deltas:   0% (0/1043)
Resolving deltas:   1% (11/1043)
Resolving deltas:   2% (21/1043)
Resolving deltas:   3% (32/1043)
Resolving deltas:   4% (42/1043)
Resolving deltas:   5% (53/1043)
Resolving deltas:   6% (63/1043)
Resolving deltas:   7% (74/1043)
Resolving deltas:   8% (84/1043)
Resolving deltas:   9% (94/1043)
Resolving deltas:  10% (105/1043)
Resolving deltas:  11% (115/1043)
Resolving deltas:  12% (126/1043)
Resolving deltas:  13% (136/1043)
Resolving deltas:  14% (147/1043)
Resolving deltas:  15% (157/1043)
Resolving deltas:  16% (167/1043)
Resolving deltas:  17% (178/1043)
Resolving deltas:  18% (188/1043)
Resolving deltas:  19% (199/1043)
Resolving deltas:  20% (209/1043)
Resolving deltas:  21% (220/1043)
Resolving deltas:  22% (230/1043)
Resolving deltas:  23% (240/1043)
Resolving deltas:  24% (251/1043)
Resolving deltas:  25% (261/1043)
Resolving deltas:  26% (272/1043)
Resolving deltas:  27% (282/1043)
Resolving deltas:  28% (294/1043)
Resolving deltas:  29% (303/1043)
Resolving deltas:  30% (313/1043)
Resolving deltas:  31% (324/1043)
Resolving deltas:  32% (334/1043)
Resolving deltas:  33% (345/1043)
Resolving deltas:  34% (356/1043)
Resolving deltas:  35% (366/1043)
Resolving deltas:  36% (376/1043)
Resolving deltas:  37% (386/1043)
Resolving deltas:  38% (397/1043)
Resolving deltas:  39% (407/1043)
Resolving deltas:  40% (418/1043)
Resolving deltas:  41% (428/1043)
Resolving deltas:  42% (439/1043)
Resolving deltas:  43% (449/1043)
Resolving deltas:  44% (459/1043)
Resolving deltas:  45% (471/1043)
Resolving deltas:  46% (480/1043)
Resolving deltas:  47% (491/1043)
Resolving deltas:  48% (501/1043)
Resolving deltas:  49% (512/1043)
Resolving deltas:  50% (522/1043)
Resolving deltas:  51% (532/1043)
Resolving deltas:  52% (543/1043)
Resolving deltas:  53% (553/1043)
Resolving deltas:  54% (564/1043)
Resolving deltas:  55% (575/1043)
Resolving deltas:  56% (586/1043)
Resolving deltas:  57% (595/1043)
Resolving deltas:  58% (605/1043)
Resolving deltas:  59% (616/1043)
Resolving deltas:  60% (626/1043)
Resolving deltas:  61% (637/1043)
Resolving deltas:  62% (647/1043)
Resolving deltas:  63% (658/1043)
Resolving deltas:  64% (668/1043)
Resolving deltas:  65% (678/1043)
Resolving deltas:  66% (689/1043)
Resolving deltas:  67% (699/1043)
Resolving deltas:  68% (710/1043)
Resolving deltas:  69% (720/1043)
Resolving deltas:  70% (731/1043)
Resolving deltas:  71% (741/1043)
Resolving deltas:  72% (751/1043)
Resolving deltas:  73% (762/1043)
Resolving deltas:  74% (772/1043)
Resolving deltas:  75% (783/1043)
Resolving deltas:  76% (793/1043)
Resolving deltas:  77% (804/1043)
Resolving deltas:  78% (814/1043)
Resolving deltas:  79% (824/1043)
Resolving deltas:  80% (835/1043)
Resolving deltas:  81% (845/1043)
Resolving deltas:  82% (856/1043)
Resolving deltas:  83% (866/1043)
Resolving deltas:  84% (877/1043)
Resolving deltas:  85% (887/1043)
Resolving deltas:  86% (897/1043)
Resolving deltas:  87% (908/1043)
Resolving deltas:  88% (918/1043)
Resolving deltas:  89% (929/1043)
Resolving deltas:  90% (939/1043)
Resolving deltas:  91% (950/1043)
Resolving deltas:  92% (960/1043)
Resolving deltas:  93% (970/1043)
Resolving deltas:  94% (981/1043)
Resolving deltas:  95% (991/1043)
Resolving deltas:  96% (1002/1043)
Resolving deltas:  97% (1012/1043)
Resolving deltas:  98% (1023/1043)
Resolving deltas:  99% (1033/1043)
Resolving deltas: 100% (1043/1043)
Resolving deltas: 100% (1043/1043), done.
Updating files:  43% (1075/2460)
Updating files:  44% (1083/2460)
Updating files:  45% (1107/2460)
Updating files:  46% (1132/2460)
Updating files:  47% (1157/2460)
Updating files:  48% (1181/2460)
Updating files:  49% (1206/2460)
Updating files:  50% (1230/2460)
Updating files:  51% (1255/2460)
Updating files:  52% (1280/2460)
Updating files:  53% (1304/2460)
Updating files:  54% (1329/2460)
Updating files:  55% (1353/2460)
Updating files:  56% (1378/2460)
Updating files:  57% (1403/2460)
Updating files:  58% (1427/2460)
Updating files:  59% (1452/2460)
Updating files:  60% (1476/2460)
Updating files:  61% (1501/2460)
Updating files:  62% (1526/2460)
Updating files:  63% (1550/2460)
Updating files:  64% (1575/2460)
Updating files:  65% (1599/2460)
Updating files:  66% (1624/2460)
Updating files:  67% (1649/2460)
Updating files:  68% (1673/2460)
Updating files:  69% (1698/2460)
Updating files:  70% (1722/2460)
Updating files:  71% (1747/2460)
Updating files:  72% (1772/2460)
Updating files:  73% (1796/2460)
Updating files:  74% (1821/2460)
Updating files:  75% (1845/2460)
Updating files:  76% (1870/2460)
Updating files:  77% (1895/2460)
Updating files:  78% (1919/2460)
Updating files:  79% (1944/2460)
Updating files:  80% (1968/2460)
Updating files:  81% (1993/2460)
Updating files:  82% (2018/2460)
Updating files:  83% (2042/2460)
Updating files:  84% (2067/2460)
Updating files:  85% (2091/2460)
Updating files:  86% (2116/2460)
Updating files:  87% (2141/2460)
Updating files:  88% (2165/2460)
Updating files:  89% (2190/2460)
Updating files:  90% (2214/2460)
Updating files:  91% (2239/2460)
Updating files:  92% (2264/2460)
Updating files:  93% (2288/2460)
Updating files:  94% (2313/2460)
Updating files:  95% (2337/2460)
Updating files:  96% (2362/2460)
Updating files:  97% (2387/2460)
Updating files:  98% (2411/2460)
Updating files:  99% (2436/2460)
Updating files: 100% (2460/2460)
Updating files: 100% (2460/2460), done.

== Checking out commit hash d103f233055936ba19414d9b6a19b8150f44d39f ==
<span style="color:#268BD2">&gt; /usr/bin/git reset --hard d103f233055936ba19414d9b6a19b8150f44d39f</span>
HEAD is now at d103f23 Publier l'étape 4 de la réplication et lancer l'étape 5, demande 37
