Receiving objects:  81% (2897/3576), 586.70 MiB | 11.95 MiB/s
Receiving objects:  82% (2933/3576), 586.70 MiB | 11.95 MiB/s
Receiving objects:  83% (2969/3576), 586.70 MiB | 11.95 MiB/s
Receiving objects:  84% (3004/3576), 586.70 MiB | 11.95 MiB/s
Receiving objects:  85% (3040/3576), 586.70 MiB | 11.95 MiB/s
Receiving objects:  86% (3076/3576), 586.70 MiB | 11.95 MiB/s
Receiving objects:  87% (3112/3576), 586.70 MiB | 11.95 MiB/s
Receiving objects:  88% (3147/3576), 586.70 MiB | 11.95 MiB/s
Receiving objects:  89% (3183/3576), 586.70 MiB | 11.95 MiB/s
Receiving objects:  90% (3219/3576), 586.70 MiB | 11.95 MiB/s
Receiving objects:  91% (3255/3576), 586.70 MiB | 11.95 MiB/s
Receiving objects:  92% (3290/3576), 586.70 MiB | 11.95 MiB/s
Receiving objects:  93% (3326/3576), 586.70 MiB | 11.95 MiB/s
Receiving objects:  94% (3362/3576), 586.70 MiB | 11.95 MiB/s
remote: Total 3576 (delta 1245), reused 3288 (delta 1159), pack-reused 0 (from 0)        
Receiving objects:  95% (3398/3576), 586.70 MiB | 11.95 MiB/s
Receiving objects:  96% (3433/3576), 586.70 MiB | 11.95 MiB/s
Receiving objects:  97% (3469/3576), 586.70 MiB | 11.95 MiB/s
Receiving objects:  98% (3505/3576), 586.70 MiB | 11.95 MiB/s
Receiving objects:  99% (3541/3576), 586.70 MiB | 11.95 MiB/s
Receiving objects: 100% (3576/3576), 586.70 MiB | 11.95 MiB/s
Receiving objects: 100% (3576/3576), 591.48 MiB | 11.56 MiB/s, done.
Resolving deltas:   0% (0/1245)
Resolving deltas:   1% (13/1245)
Resolving deltas:   2% (25/1245)
Resolving deltas:   3% (38/1245)
Resolving deltas:   4% (50/1245)
Resolving deltas:   5% (63/1245)
Resolving deltas:   6% (75/1245)
Resolving deltas:   7% (88/1245)
Resolving deltas:   8% (100/1245)
Resolving deltas:   9% (113/1245)
Resolving deltas:  10% (125/1245)
Resolving deltas:  11% (137/1245)
Resolving deltas:  12% (150/1245)
Resolving deltas:  13% (162/1245)
Resolving deltas:  14% (175/1245)
Resolving deltas:  15% (187/1245)
Resolving deltas:  16% (200/1245)
Resolving deltas:  17% (212/1245)
Resolving deltas:  18% (225/1245)
Resolving deltas:  19% (237/1245)
Resolving deltas:  20% (249/1245)
Resolving deltas:  21% (262/1245)
Resolving deltas:  22% (274/1245)
Resolving deltas:  23% (287/1245)
Resolving deltas:  24% (299/1245)
Resolving deltas:  25% (312/1245)
Resolving deltas:  26% (324/1245)
Resolving deltas:  27% (337/1245)
Resolving deltas:  28% (349/1245)
Resolving deltas:  29% (362/1245)
Resolving deltas:  30% (374/1245)
Resolving deltas:  31% (386/1245)
Resolving deltas:  32% (399/1245)
Resolving deltas:  33% (412/1245)
Resolving deltas:  34% (424/1245)
Resolving deltas:  35% (436/1245)
Resolving deltas:  36% (450/1245)
Resolving deltas:  37% (461/1245)
Resolving deltas:  38% (474/1245)
Resolving deltas:  39% (486/1245)
Resolving deltas:  40% (498/1245)
Resolving deltas:  41% (512/1245)
Resolving deltas:  42% (523/1245)
Resolving deltas:  43% (536/1245)
Resolving deltas:  44% (548/1245)
Resolving deltas:  45% (561/1245)
Resolving deltas:  46% (573/1245)
Resolving deltas:  47% (586/1245)
Resolving deltas:  48% (598/1245)
Resolving deltas:  49% (611/1245)
Resolving deltas:  50% (623/1245)
Resolving deltas:  51% (635/1245)
Resolving deltas:  52% (648/1245)
Resolving deltas:  53% (660/1245)
Resolving deltas:  54% (673/1245)
Resolving deltas:  55% (685/1245)
Resolving deltas:  56% (698/1245)
Resolving deltas:  57% (710/1245)
Resolving deltas:  58% (723/1245)
Resolving deltas:  59% (735/1245)
Resolving deltas:  60% (747/1245)
Resolving deltas:  61% (760/1245)
Resolving deltas:  62% (772/1245)
Resolving deltas:  63% (785/1245)
Resolving deltas:  64% (797/1245)
Resolving deltas:  65% (810/1245)
Resolving deltas:  66% (822/1245)
Resolving deltas:  67% (835/1245)
Resolving deltas:  68% (847/1245)
Resolving deltas:  69% (860/1245)
Resolving deltas:  70% (872/1245)
Resolving deltas:  71% (884/1245)
Resolving deltas:  72% (897/1245)
Resolving deltas:  73% (909/1245)
Resolving deltas:  74% (922/1245)
Resolving deltas:  75% (934/1245)
Resolving deltas:  76% (948/1245)
Resolving deltas:  77% (959/1245)
Resolving deltas:  78% (972/1245)
Resolving deltas:  79% (984/1245)
Resolving deltas:  80% (996/1245)
Resolving deltas:  81% (1009/1245)
Resolving deltas:  82% (1021/1245)
Resolving deltas:  83% (1034/1245)
Resolving deltas:  84% (1046/1245)
Resolving deltas:  85% (1059/1245)
Resolving deltas:  86% (1071/1245)
Resolving deltas:  87% (1084/1245)
Resolving deltas:  88% (1096/1245)
Resolving deltas:  89% (1109/1245)
Resolving deltas:  90% (1121/1245)
Resolving deltas:  91% (1133/1245)
Resolving deltas:  92% (1146/1245)
Resolving deltas:  93% (1158/1245)
Resolving deltas:  94% (1171/1245)
Resolving deltas:  95% (1183/1245)
Resolving deltas:  96% (1196/1245)
Resolving deltas:  97% (1208/1245)
Resolving deltas:  98% (1221/1245)
Resolving deltas:  99% (1233/1245)
Resolving deltas: 100% (1245/1245)
Resolving deltas: 100% (1245/1245), done.
Updating files:  31% (958/3023)
Updating files:  32% (968/3023)
Updating files:  33% (998/3023)
Updating files:  34% (1028/3023)
Updating files:  35% (1059/3023)
Updating files:  36% (1089/3023)
Updating files:  37% (1119/3023)
Updating files:  38% (1149/3023)
Updating files:  39% (1179/3023)
Updating files:  40% (1210/3023)
Updating files:  41% (1240/3023)
Updating files:  42% (1270/3023)
Updating files:  43% (1300/3023)
Updating files:  44% (1331/3023)
Updating files:  45% (1361/3023)
Updating files:  46% (1391/3023)
Updating files:  47% (1421/3023)
Updating files:  48% (1452/3023)
Updating files:  49% (1482/3023)
Updating files:  50% (1512/3023)
Updating files:  50% (1533/3023)
Updating files:  51% (1542/3023)
Updating files:  52% (1572/3023)
Updating files:  53% (1603/3023)
Updating files:  54% (1633/3023)
Updating files:  55% (1663/3023)
Updating files:  56% (1693/3023)
Updating files:  57% (1724/3023)
Updating files:  58% (1754/3023)
Updating files:  59% (1784/3023)
Updating files:  60% (1814/3023)
Updating files:  61% (1845/3023)
Updating files:  62% (1875/3023)
Updating files:  63% (1905/3023)
Updating files:  64% (1935/3023)
Updating files:  65% (1965/3023)
Updating files:  66% (1996/3023)
Updating files:  67% (2026/3023)
Updating files:  68% (2056/3023)
Updating files:  69% (2086/3023)
Updating files:  70% (2117/3023)
Updating files:  71% (2147/3023)
Updating files:  72% (2177/3023)
Updating files:  73% (2207/3023)
Updating files:  74% (2238/3023)
Updating files:  75% (2268/3023)
Updating files:  76% (2298/3023)
Updating files:  77% (2328/3023)
Updating files:  78% (2358/3023)
Updating files:  79% (2389/3023)
Updating files:  80% (2419/3023)
Updating files:  81% (2449/3023)
Updating files:  82% (2479/3023)
Updating files:  83% (2510/3023)
Updating files:  84% (2540/3023)
Updating files:  85% (2570/3023)
Updating files:  86% (2600/3023)
Updating files:  87% (2631/3023)
Updating files:  88% (2661/3023)
Updating files:  89% (2691/3023)
Updating files:  90% (2721/3023)
Updating files:  91% (2751/3023)
Updating files:  92% (2782/3023)
Updating files:  93% (2812/3023)
Updating files:  94% (2842/3023)
Updating files:  95% (2872/3023)
Updating files:  96% (2903/3023)
Updating files:  97% (2933/3023)
Updating files:  98% (2963/3023)
Updating files:  99% (2993/3023)
Updating files: 100% (3023/3023)
Updating files: 100% (3023/3023), done.

== Checking out commit hash c25132b0eaeec55d6713cb5ca092268874167c93 ==
<span style="color:#268BD2">&gt; /usr/bin/git reset --hard c25132b0eaeec55d6713cb5ca092268874167c93</span>
HEAD is now at c25132b Relais, demande 74 : tranche 3 de l'agent du monde à deux (bloc trouvé : 22 ; directions puis tests)
