Receiving objects:  10% (238/2377)
Receiving objects:  11% (262/2377)
Receiving objects:  12% (286/2377)
Receiving objects:  13% (310/2377)
Receiving objects:  14% (333/2377)
Receiving objects:  15% (357/2377)
Receiving objects:  16% (381/2377)
Receiving objects:  17% (405/2377)
Receiving objects:  18% (428/2377)
Receiving objects:  19% (452/2377)
Receiving objects:  20% (476/2377)
Receiving objects:  21% (500/2377)
Receiving objects:  22% (523/2377)
Receiving objects:  23% (547/2377)
Receiving objects:  24% (571/2377)
Receiving objects:  25% (595/2377)
Receiving objects:  26% (619/2377)
Receiving objects:  27% (642/2377), 20.98 MiB | 41.95 MiB/s
Receiving objects:  28% (666/2377), 20.98 MiB | 41.95 MiB/s
Receiving objects:  29% (690/2377), 20.98 MiB | 41.95 MiB/s
Receiving objects:  30% (714/2377), 20.98 MiB | 41.95 MiB/s
Receiving objects:  31% (737/2377), 20.98 MiB | 41.95 MiB/s
Receiving objects:  32% (761/2377), 20.98 MiB | 41.95 MiB/s
Receiving objects:  33% (785/2377), 57.29 MiB | 57.29 MiB/s
Receiving objects:  33% (786/2377), 57.29 MiB | 57.29 MiB/s
Receiving objects:  34% (809/2377), 57.29 MiB | 57.29 MiB/s
Receiving objects:  35% (832/2377), 57.29 MiB | 57.29 MiB/s
Receiving objects:  36% (856/2377), 57.29 MiB | 57.29 MiB/s
Receiving objects:  37% (880/2377), 57.29 MiB | 57.29 MiB/s
Receiving objects:  38% (904/2377), 57.29 MiB | 57.29 MiB/s
Receiving objects:  39% (928/2377), 57.29 MiB | 57.29 MiB/s
Receiving objects:  40% (951/2377), 57.29 MiB | 57.29 MiB/s
Receiving objects:  41% (975/2377), 57.29 MiB | 57.29 MiB/s
Receiving objects:  42% (999/2377), 57.29 MiB | 57.29 MiB/s
Receiving objects:  43% (1023/2377), 57.29 MiB | 57.29 MiB/s
Receiving objects:  44% (1046/2377), 86.22 MiB | 57.51 MiB/s
Receiving objects:  45% (1070/2377), 86.22 MiB | 57.51 MiB/s
Receiving objects:  46% (1094/2377), 86.22 MiB | 57.51 MiB/s
Receiving objects:  47% (1118/2377), 86.22 MiB | 57.51 MiB/s
Receiving objects:  48% (1141/2377), 86.22 MiB | 57.51 MiB/s
Receiving objects:  49% (1165/2377), 86.22 MiB | 57.51 MiB/s
Receiving objects:  50% (1189/2377), 86.22 MiB | 57.51 MiB/s
Receiving objects:  51% (1213/2377), 86.22 MiB | 57.51 MiB/s
Receiving objects:  52% (1237/2377), 86.22 MiB | 57.51 MiB/s
Receiving objects:  53% (1260/2377), 86.22 MiB | 57.51 MiB/s
Receiving objects:  54% (1284/2377), 86.22 MiB | 57.51 MiB/s
Receiving objects:  55% (1308/2377), 86.22 MiB | 57.51 MiB/s
Receiving objects:  56% (1332/2377), 86.22 MiB | 57.51 MiB/s
Receiving objects:  57% (1355/2377), 86.22 MiB | 57.51 MiB/s
Receiving objects:  58% (1379/2377), 86.22 MiB | 57.51 MiB/s
Receiving objects:  59% (1403/2377), 86.22 MiB | 57.51 MiB/s
Receiving objects:  60% (1427/2377), 86.22 MiB | 57.51 MiB/s
Receiving objects:  61% (1450/2377), 86.22 MiB | 57.51 MiB/s
Receiving objects:  62% (1474/2377), 86.22 MiB | 57.51 MiB/s
Receiving objects:  63% (1498/2377), 86.22 MiB | 57.51 MiB/s
Receiving objects:  64% (1522/2377), 86.22 MiB | 57.51 MiB/s
Receiving objects:  65% (1546/2377), 86.22 MiB | 57.51 MiB/s
Receiving objects:  66% (1569/2377), 86.22 MiB | 57.51 MiB/s
Receiving objects:  67% (1593/2377), 86.22 MiB | 57.51 MiB/s
Receiving objects:  68% (1617/2377), 86.22 MiB | 57.51 MiB/s
Receiving objects:  69% (1641/2377), 86.22 MiB | 57.51 MiB/s
Receiving objects:  70% (1664/2377), 86.22 MiB | 57.51 MiB/s
Receiving objects:  71% (1688/2377), 86.22 MiB | 57.51 MiB/s
Receiving objects:  72% (1712/2377), 86.22 MiB | 57.51 MiB/s
Receiving objects:  73% (1736/2377), 86.22 MiB | 57.51 MiB/s
Receiving objects:  74% (1759/2377), 86.22 MiB | 57.51 MiB/s
Receiving objects:  75% (1783/2377), 86.22 MiB | 57.51 MiB/s
Receiving objects:  76% (1807/2377), 86.22 MiB | 57.51 MiB/s
Receiving objects:  77% (1831/2377), 86.22 MiB | 57.51 MiB/s
Receiving objects:  78% (1855/2377), 86.22 MiB | 57.51 MiB/s
Receiving objects:  79% (1878/2377), 86.22 MiB | 57.51 MiB/s
Receiving objects:  80% (1902/2377), 86.22 MiB | 57.51 MiB/s
Receiving objects:  81% (1926/2377), 86.22 MiB | 57.51 MiB/s
Receiving objects:  82% (1950/2377), 86.22 MiB | 57.51 MiB/s
Receiving objects:  83% (1973/2377), 86.22 MiB | 57.51 MiB/s
Receiving objects:  84% (1997/2377), 86.22 MiB | 57.51 MiB/s
Receiving objects:  85% (2021/2377), 86.22 MiB | 57.51 MiB/s
Receiving objects:  86% (2045/2377), 86.22 MiB | 57.51 MiB/s
Receiving objects:  87% (2068/2377), 86.22 MiB | 57.51 MiB/s
Receiving objects:  88% (2092/2377), 86.22 MiB | 57.51 MiB/s
Receiving objects:  89% (2116/2377), 86.22 MiB | 57.51 MiB/s
Receiving objects:  90% (2140/2377), 86.22 MiB | 57.51 MiB/s
Receiving objects:  91% (2164/2377), 86.22 MiB | 57.51 MiB/s
remote: Total 2377 (delta 730), reused 2045 (delta 548), pack-reused 0 (from 0)        
Receiving objects:  92% (2187/2377), 86.22 MiB | 57.51 MiB/s
Receiving objects:  93% (2211/2377), 86.22 MiB | 57.51 MiB/s
Receiving objects:  94% (2235/2377), 86.22 MiB | 57.51 MiB/s
Receiving objects:  95% (2259/2377), 86.22 MiB | 57.51 MiB/s
Receiving objects:  96% (2282/2377), 86.22 MiB | 57.51 MiB/s
Receiving objects:  97% (2306/2377), 86.22 MiB | 57.51 MiB/s
Receiving objects:  98% (2330/2377), 86.22 MiB | 57.51 MiB/s
Receiving objects:  99% (2354/2377), 86.22 MiB | 57.51 MiB/s
Receiving objects: 100% (2377/2377), 86.22 MiB | 57.51 MiB/s
Receiving objects: 100% (2377/2377), 93.77 MiB | 58.09 MiB/s, done.
Resolving deltas:   0% (0/730)
Resolving deltas:   1% (8/730)
Resolving deltas:   2% (15/730)
Resolving deltas:   3% (22/730)
Resolving deltas:   4% (30/730)
Resolving deltas:   5% (37/730)
Resolving deltas:   6% (44/730)
Resolving deltas:   7% (52/730)
Resolving deltas:   8% (60/730)
Resolving deltas:   9% (66/730)
Resolving deltas:  10% (73/730)
Resolving deltas:  11% (81/730)
Resolving deltas:  12% (88/730)
Resolving deltas:  13% (95/730)
Resolving deltas:  14% (103/730)
Resolving deltas:  15% (110/730)
Resolving deltas:  16% (117/730)
Resolving deltas:  17% (125/730)
Resolving deltas:  18% (132/730)
Resolving deltas:  19% (139/730)
Resolving deltas:  20% (146/730)
Resolving deltas:  21% (154/730)
Resolving deltas:  22% (161/730)
Resolving deltas:  23% (168/730)
Resolving deltas:  24% (176/730)
Resolving deltas:  25% (183/730)
Resolving deltas:  26% (190/730)
Resolving deltas:  27% (198/730)
Resolving deltas:  28% (205/730)
Resolving deltas:  29% (212/730)
Resolving deltas:  30% (219/730)
Resolving deltas:  31% (227/730)
Resolving deltas:  32% (234/730)
Resolving deltas:  33% (241/730)
Resolving deltas:  34% (249/730)
Resolving deltas:  35% (256/730)
Resolving deltas:  36% (263/730)
Resolving deltas:  37% (272/730)
Resolving deltas:  38% (278/730)
Resolving deltas:  39% (285/730)
Resolving deltas:  40% (292/730)
Resolving deltas:  41% (300/730)
Resolving deltas:  42% (307/730)
Resolving deltas:  43% (314/730)
Resolving deltas:  44% (322/730)
Resolving deltas:  45% (329/730)
Resolving deltas:  46% (336/730)
Resolving deltas:  47% (344/730)
Resolving deltas:  48% (351/730)
Resolving deltas:  49% (358/730)
Resolving deltas:  50% (365/730)
Resolving deltas:  51% (373/730)
Resolving deltas:  52% (380/730)
Resolving deltas:  53% (387/730)
Resolving deltas:  54% (395/730)
Resolving deltas:  55% (402/730)
Resolving deltas:  56% (409/730)
Resolving deltas:  57% (417/730)
Resolving deltas:  58% (424/730)
Resolving deltas:  59% (431/730)
Resolving deltas:  60% (438/730)
Resolving deltas:  61% (446/730)
Resolving deltas:  62% (453/730)
Resolving deltas:  63% (460/730)
Resolving deltas:  64% (468/730)
Resolving deltas:  65% (475/730)
Resolving deltas:  66% (482/730)
Resolving deltas:  67% (490/730)
Resolving deltas:  68% (497/730)
Resolving deltas:  69% (504/730)
Resolving deltas:  70% (511/730)
Resolving deltas:  71% (519/730)
Resolving deltas:  72% (526/730)
Resolving deltas:  73% (533/730)
Resolving deltas:  74% (541/730)
Resolving deltas:  75% (548/730)
Resolving deltas:  76% (555/730)
Resolving deltas:  77% (563/730)
Resolving deltas:  78% (570/730)
Resolving deltas:  79% (577/730)
Resolving deltas:  80% (584/730)
Resolving deltas:  81% (592/730)
Resolving deltas:  82% (599/730)
Resolving deltas:  83% (606/730)
Resolving deltas:  84% (614/730)
Resolving deltas:  85% (621/730)
Resolving deltas:  86% (628/730)
Resolving deltas:  87% (636/730)
Resolving deltas:  88% (643/730)
Resolving deltas:  89% (650/730)
Resolving deltas:  90% (657/730)
Resolving deltas:  91% (665/730)
Resolving deltas:  92% (672/730)
Resolving deltas:  93% (679/730)
Resolving deltas:  94% (687/730)
Resolving deltas:  95% (694/730)
Resolving deltas:  96% (701/730)
Resolving deltas:  97% (709/730)
Resolving deltas:  98% (716/730)
Resolving deltas:  99% (723/730)
Resolving deltas: 100% (730/730)
Resolving deltas: 100% (730/730), done.

== Checking out commit hash a9bf62daf96bd42a02b1711de4b3cfb3c5e11d18 ==
<span style="color:#268BD2">&gt; /usr/bin/git reset --hard a9bf62daf96bd42a02b1711de4b3cfb3c5e11d18</span>
HEAD is now at a9bf62d Lancer la relance pondérée (VMW) par le relais, demande 18
