Receiving objects:  11% (253/2299)
Receiving objects:  12% (276/2299), 3.80 MiB | 7.59 MiB/s
Receiving objects:  13% (299/2299), 3.80 MiB | 7.59 MiB/s
Receiving objects:  14% (322/2299), 3.80 MiB | 7.59 MiB/s
Receiving objects:  15% (345/2299), 3.80 MiB | 7.59 MiB/s
Receiving objects:  16% (368/2299), 3.80 MiB | 7.59 MiB/s
Receiving objects:  17% (391/2299), 3.80 MiB | 7.59 MiB/s
Receiving objects:  18% (414/2299), 3.80 MiB | 7.59 MiB/s
Receiving objects:  19% (437/2299), 3.80 MiB | 7.59 MiB/s
Receiving objects:  20% (460/2299), 3.80 MiB | 7.59 MiB/s
Receiving objects:  21% (483/2299), 3.80 MiB | 7.59 MiB/s
Receiving objects:  22% (506/2299), 3.80 MiB | 7.59 MiB/s
Receiving objects:  23% (529/2299), 3.80 MiB | 7.59 MiB/s
Receiving objects:  24% (552/2299), 3.80 MiB | 7.59 MiB/s
Receiving objects:  25% (575/2299), 3.80 MiB | 7.59 MiB/s
Receiving objects:  26% (598/2299), 3.80 MiB | 7.59 MiB/s
Receiving objects:  27% (621/2299), 3.80 MiB | 7.59 MiB/s
Receiving objects:  27% (629/2299), 27.10 MiB | 27.09 MiB/s
Receiving objects:  28% (644/2299), 27.10 MiB | 27.09 MiB/s
Receiving objects:  29% (667/2299), 27.10 MiB | 27.09 MiB/s
Receiving objects:  30% (690/2299), 27.10 MiB | 27.09 MiB/s
Receiving objects:  31% (713/2299), 27.10 MiB | 27.09 MiB/s
Receiving objects:  32% (736/2299), 27.10 MiB | 27.09 MiB/s
Receiving objects:  33% (759/2299), 27.10 MiB | 27.09 MiB/s
Receiving objects:  34% (782/2299), 27.10 MiB | 27.09 MiB/s
Receiving objects:  35% (805/2299), 44.37 MiB | 29.60 MiB/s
Receiving objects:  36% (828/2299), 44.37 MiB | 29.60 MiB/s
Receiving objects:  37% (851/2299), 44.37 MiB | 29.60 MiB/s
Receiving objects:  38% (874/2299), 44.37 MiB | 29.60 MiB/s
Receiving objects:  39% (897/2299), 44.37 MiB | 29.60 MiB/s
Receiving objects:  40% (920/2299), 44.37 MiB | 29.60 MiB/s
Receiving objects:  41% (943/2299), 44.37 MiB | 29.60 MiB/s
Receiving objects:  41% (951/2299), 62.60 MiB | 31.31 MiB/s
Receiving objects:  42% (966/2299), 62.60 MiB | 31.31 MiB/s
Receiving objects:  43% (989/2299), 62.60 MiB | 31.31 MiB/s
Receiving objects:  44% (1012/2299), 62.60 MiB | 31.31 MiB/s
Receiving objects:  45% (1035/2299), 62.60 MiB | 31.31 MiB/s
Receiving objects:  46% (1058/2299), 62.60 MiB | 31.31 MiB/s
Receiving objects:  47% (1081/2299), 62.60 MiB | 31.31 MiB/s
Receiving objects:  48% (1104/2299), 62.60 MiB | 31.31 MiB/s
Receiving objects:  49% (1127/2299), 62.60 MiB | 31.31 MiB/s
Receiving objects:  50% (1150/2299), 62.60 MiB | 31.31 MiB/s
Receiving objects:  51% (1173/2299), 62.60 MiB | 31.31 MiB/s
Receiving objects:  52% (1196/2299), 62.60 MiB | 31.31 MiB/s
Receiving objects:  53% (1219/2299), 62.60 MiB | 31.31 MiB/s
Receiving objects:  54% (1242/2299), 62.60 MiB | 31.31 MiB/s
Receiving objects:  55% (1265/2299), 62.60 MiB | 31.31 MiB/s
Receiving objects:  56% (1288/2299), 62.60 MiB | 31.31 MiB/s
Receiving objects:  57% (1311/2299), 62.60 MiB | 31.31 MiB/s
Receiving objects:  58% (1334/2299), 62.60 MiB | 31.31 MiB/s
Receiving objects:  59% (1357/2299), 62.60 MiB | 31.31 MiB/s
Receiving objects:  60% (1380/2299), 62.60 MiB | 31.31 MiB/s
Receiving objects:  61% (1403/2299), 62.60 MiB | 31.31 MiB/s
Receiving objects:  62% (1426/2299), 62.60 MiB | 31.31 MiB/s
Receiving objects:  63% (1449/2299), 62.60 MiB | 31.31 MiB/s
Receiving objects:  64% (1472/2299), 62.60 MiB | 31.31 MiB/s
Receiving objects:  65% (1495/2299), 62.60 MiB | 31.31 MiB/s
Receiving objects:  66% (1518/2299), 62.60 MiB | 31.31 MiB/s
Receiving objects:  67% (1541/2299), 62.60 MiB | 31.31 MiB/s
Receiving objects:  68% (1564/2299), 62.60 MiB | 31.31 MiB/s
Receiving objects:  69% (1587/2299), 62.60 MiB | 31.31 MiB/s
Receiving objects:  70% (1610/2299), 62.60 MiB | 31.31 MiB/s
Receiving objects:  71% (1633/2299), 62.60 MiB | 31.31 MiB/s
Receiving objects:  72% (1656/2299), 62.60 MiB | 31.31 MiB/s
Receiving objects:  73% (1679/2299), 62.60 MiB | 31.31 MiB/s
Receiving objects:  74% (1702/2299), 62.60 MiB | 31.31 MiB/s
Receiving objects:  75% (1725/2299), 62.60 MiB | 31.31 MiB/s
Receiving objects:  76% (1748/2299), 62.60 MiB | 31.31 MiB/s
Receiving objects:  77% (1771/2299), 62.60 MiB | 31.31 MiB/s
Receiving objects:  78% (1794/2299), 62.60 MiB | 31.31 MiB/s
Receiving objects:  79% (1817/2299), 62.60 MiB | 31.31 MiB/s
Receiving objects:  80% (1840/2299), 62.60 MiB | 31.31 MiB/s
Receiving objects:  81% (1863/2299), 62.60 MiB | 31.31 MiB/s
Receiving objects:  82% (1886/2299), 62.60 MiB | 31.31 MiB/s
Receiving objects:  83% (1909/2299), 62.60 MiB | 31.31 MiB/s
Receiving objects:  84% (1932/2299), 62.60 MiB | 31.31 MiB/s
Receiving objects:  85% (1955/2299), 62.60 MiB | 31.31 MiB/s
Receiving objects:  86% (1978/2299), 62.60 MiB | 31.31 MiB/s
Receiving objects:  87% (2001/2299), 62.60 MiB | 31.31 MiB/s
Receiving objects:  88% (2024/2299), 62.60 MiB | 31.31 MiB/s
Receiving objects:  89% (2047/2299), 62.60 MiB | 31.31 MiB/s
Receiving objects:  90% (2070/2299), 62.60 MiB | 31.31 MiB/s
Receiving objects:  91% (2093/2299), 62.60 MiB | 31.31 MiB/s
remote: Total 2299 (delta 683), reused 2067 (delta 595), pack-reused 0 (from 0)        
Receiving objects:  92% (2116/2299), 62.60 MiB | 31.31 MiB/s
Receiving objects:  93% (2139/2299), 62.60 MiB | 31.31 MiB/s
Receiving objects:  94% (2162/2299), 62.60 MiB | 31.31 MiB/s
Receiving objects:  95% (2185/2299), 62.60 MiB | 31.31 MiB/s
Receiving objects:  96% (2208/2299), 62.60 MiB | 31.31 MiB/s
Receiving objects:  97% (2231/2299), 62.60 MiB | 31.31 MiB/s
Receiving objects:  98% (2254/2299), 62.60 MiB | 31.31 MiB/s
Receiving objects:  99% (2277/2299), 62.60 MiB | 31.31 MiB/s
Receiving objects: 100% (2299/2299), 62.60 MiB | 31.31 MiB/s
Receiving objects: 100% (2299/2299), 72.73 MiB | 32.24 MiB/s, done.
Resolving deltas:   0% (0/683)
Resolving deltas:   1% (7/683)
Resolving deltas:   2% (14/683)
Resolving deltas:   3% (21/683)
Resolving deltas:   4% (28/683)
Resolving deltas:   5% (35/683)
Resolving deltas:   6% (41/683)
Resolving deltas:   7% (48/683)
Resolving deltas:   8% (55/683)
Resolving deltas:   9% (62/683)
Resolving deltas:  10% (69/683)
Resolving deltas:  11% (76/683)
Resolving deltas:  12% (82/683)
Resolving deltas:  13% (89/683)
Resolving deltas:  14% (96/683)
Resolving deltas:  15% (103/683)
Resolving deltas:  16% (110/683)
Resolving deltas:  17% (117/683)
Resolving deltas:  18% (123/683)
Resolving deltas:  19% (130/683)
Resolving deltas:  20% (137/683)
Resolving deltas:  21% (144/683)
Resolving deltas:  22% (151/683)
Resolving deltas:  23% (158/683)
Resolving deltas:  24% (164/683)
Resolving deltas:  25% (171/683)
Resolving deltas:  26% (179/683)
Resolving deltas:  27% (185/683)
Resolving deltas:  28% (192/683)
Resolving deltas:  29% (199/683)
Resolving deltas:  30% (205/683)
Resolving deltas:  31% (212/683)
Resolving deltas:  32% (219/683)
Resolving deltas:  33% (226/683)
Resolving deltas:  34% (233/683)
Resolving deltas:  35% (240/683)
Resolving deltas:  36% (246/683)
Resolving deltas:  37% (253/683)
Resolving deltas:  38% (261/683)
Resolving deltas:  39% (267/683)
Resolving deltas:  40% (274/683)
Resolving deltas:  41% (281/683)
Resolving deltas:  42% (288/683)
Resolving deltas:  43% (294/683)
Resolving deltas:  44% (301/683)
Resolving deltas:  45% (308/683)
Resolving deltas:  46% (315/683)
Resolving deltas:  47% (322/683)
Resolving deltas:  48% (328/683)
Resolving deltas:  49% (335/683)
Resolving deltas:  50% (342/683)
Resolving deltas:  51% (349/683)
Resolving deltas:  52% (356/683)
Resolving deltas:  53% (362/683)
Resolving deltas:  54% (369/683)
Resolving deltas:  55% (376/683)
Resolving deltas:  56% (383/683)
Resolving deltas:  57% (390/683)
Resolving deltas:  58% (397/683)
Resolving deltas:  59% (403/683)
Resolving deltas:  60% (410/683)
Resolving deltas:  61% (417/683)
Resolving deltas:  62% (424/683)
Resolving deltas:  63% (432/683)
Resolving deltas:  64% (438/683)
Resolving deltas:  65% (444/683)
Resolving deltas:  66% (451/683)
Resolving deltas:  67% (458/683)
Resolving deltas:  68% (465/683)
Resolving deltas:  69% (472/683)
Resolving deltas:  70% (479/683)
Resolving deltas:  71% (486/683)
Resolving deltas:  72% (492/683)
Resolving deltas:  73% (499/683)
Resolving deltas:  74% (506/683)
Resolving deltas:  75% (513/683)
Resolving deltas:  76% (520/683)
Resolving deltas:  77% (526/683)
Resolving deltas:  78% (533/683)
Resolving deltas:  79% (540/683)
Resolving deltas:  80% (547/683)
Resolving deltas:  81% (554/683)
Resolving deltas:  82% (561/683)
Resolving deltas:  83% (567/683)
Resolving deltas:  84% (574/683)
Resolving deltas:  85% (581/683)
Resolving deltas:  86% (588/683)
Resolving deltas:  87% (595/683)
Resolving deltas:  88% (602/683)
Resolving deltas:  89% (608/683)
Resolving deltas:  90% (615/683)
Resolving deltas:  91% (622/683)
Resolving deltas:  92% (629/683)
Resolving deltas:  93% (636/683)
Resolving deltas:  94% (643/683)
Resolving deltas:  95% (649/683)
Resolving deltas:  96% (656/683)
Resolving deltas:  97% (663/683)
Resolving deltas:  98% (670/683)
Resolving deltas:  99% (677/683)
Resolving deltas: 100% (683/683)
Resolving deltas: 100% (683/683), done.

== Checking out commit hash 6eb5410a5e7a867e5991f4f8de4a9f41a87d9c13 ==
<span style="color:#268BD2">&gt; /usr/bin/git reset --hard 6eb5410a5e7a867e5991f4f8de4a9f41a87d9c13</span>
HEAD is now at 6eb5410 Lancer la deuxième version du rapport de Menia par le relais (demande 15)
