Receiving objects:  95% (3745/3942), 715.38 MiB | 63.88 MiB/s
Receiving objects:  96% (3785/3942), 715.38 MiB | 63.88 MiB/s
Receiving objects:  97% (3824/3942), 715.38 MiB | 63.88 MiB/s
Receiving objects:  98% (3864/3942), 715.38 MiB | 63.88 MiB/s
Receiving objects:  99% (3903/3942), 715.38 MiB | 63.88 MiB/s
remote: Total 3942 (delta 1378), reused 3639 (delta 1308), pack-reused 0 (from 0)        
Receiving objects: 100% (3942/3942), 715.38 MiB | 63.88 MiB/s
Receiving objects: 100% (3942/3942), 740.75 MiB | 61.89 MiB/s, done.
Resolving deltas:   0% (0/1378)
Resolving deltas:   1% (14/1378)
Resolving deltas:   2% (29/1378)
Resolving deltas:   3% (42/1378)
Resolving deltas:   4% (56/1378)
Resolving deltas:   5% (69/1378)
Resolving deltas:   6% (83/1378)
Resolving deltas:   7% (97/1378)
Resolving deltas:   8% (111/1378)
Resolving deltas:   9% (125/1378)
Resolving deltas:  10% (138/1378)
Resolving deltas:  11% (152/1378)
Resolving deltas:  12% (166/1378)
Resolving deltas:  13% (180/1378)
Resolving deltas:  14% (193/1378)
Resolving deltas:  15% (207/1378)
Resolving deltas:  16% (221/1378)
Resolving deltas:  17% (235/1378)
Resolving deltas:  18% (249/1378)
Resolving deltas:  19% (263/1378)
Resolving deltas:  20% (276/1378)
Resolving deltas:  21% (290/1378)
Resolving deltas:  22% (304/1378)
Resolving deltas:  23% (317/1378)
Resolving deltas:  24% (331/1378)
Resolving deltas:  25% (345/1378)
Resolving deltas:  26% (359/1378)
Resolving deltas:  27% (373/1378)
Resolving deltas:  28% (386/1378)
Resolving deltas:  29% (400/1378)
Resolving deltas:  30% (414/1378)
Resolving deltas:  31% (428/1378)
Resolving deltas:  32% (441/1378)
Resolving deltas:  33% (455/1378)
Resolving deltas:  34% (469/1378)
Resolving deltas:  35% (483/1378)
Resolving deltas:  36% (497/1378)
Resolving deltas:  37% (510/1378)
Resolving deltas:  38% (524/1378)
Resolving deltas:  39% (538/1378)
Resolving deltas:  40% (553/1378)
Resolving deltas:  41% (565/1378)
Resolving deltas:  42% (579/1378)
Resolving deltas:  43% (593/1378)
Resolving deltas:  44% (607/1378)
Resolving deltas:  45% (621/1378)
Resolving deltas:  46% (634/1378)
Resolving deltas:  47% (648/1378)
Resolving deltas:  48% (662/1378)
Resolving deltas:  49% (676/1378)
Resolving deltas:  50% (689/1378)
Resolving deltas:  51% (703/1378)
Resolving deltas:  52% (717/1378)
Resolving deltas:  53% (731/1378)
Resolving deltas:  54% (745/1378)
Resolving deltas:  55% (758/1378)
Resolving deltas:  56% (772/1378)
Resolving deltas:  57% (786/1378)
Resolving deltas:  58% (800/1378)
Resolving deltas:  59% (814/1378)
Resolving deltas:  60% (827/1378)
Resolving deltas:  61% (841/1378)
Resolving deltas:  62% (855/1378)
Resolving deltas:  63% (869/1378)
Resolving deltas:  64% (882/1378)
Resolving deltas:  65% (896/1378)
Resolving deltas:  66% (910/1378)
Resolving deltas:  67% (924/1378)
Resolving deltas:  68% (938/1378)
Resolving deltas:  69% (951/1378)
Resolving deltas:  70% (965/1378)
Resolving deltas:  71% (979/1378)
Resolving deltas:  72% (994/1378)
Resolving deltas:  73% (1006/1378)
Resolving deltas:  74% (1020/1378)
Resolving deltas:  75% (1034/1378)
Resolving deltas:  76% (1048/1378)
Resolving deltas:  77% (1062/1378)
Resolving deltas:  78% (1075/1378)
Resolving deltas:  79% (1089/1378)
Resolving deltas:  80% (1103/1378)
Resolving deltas:  81% (1117/1378)
Resolving deltas:  82% (1130/1378)
Resolving deltas:  83% (1144/1378)
Resolving deltas:  84% (1158/1378)
Resolving deltas:  85% (1172/1378)
Resolving deltas:  86% (1187/1378)
Resolving deltas:  87% (1199/1378)
Resolving deltas:  88% (1213/1378)
Resolving deltas:  89% (1227/1378)
Resolving deltas:  90% (1241/1378)
Resolving deltas:  91% (1254/1378)
Resolving deltas:  92% (1268/1378)
Resolving deltas:  93% (1282/1378)
Resolving deltas:  94% (1296/1378)
Resolving deltas:  95% (1311/1378)
Resolving deltas:  96% (1324/1378)
Resolving deltas:  97% (1337/1378)
Resolving deltas:  98% (1351/1378)
Resolving deltas:  99% (1365/1378)
Resolving deltas: 100% (1378/1378)
Resolving deltas: 100% (1378/1378), done.
Updating files:  21% (715/3386)
Updating files:  22% (745/3386)
Updating files:  23% (779/3386)
Updating files:  24% (813/3386)
Updating files:  25% (847/3386)
Updating files:  26% (881/3386)
Updating files:  27% (915/3386)
Updating files:  28% (949/3386)
Updating files:  29% (982/3386)
Updating files:  30% (1016/3386)
Updating files:  31% (1050/3386)
Updating files:  31% (1068/3386)
Updating files:  32% (1084/3386)
Updating files:  33% (1118/3386)
Updating files:  34% (1152/3386)
Updating files:  35% (1186/3386)
Updating files:  36% (1219/3386)
Updating files:  37% (1253/3386)
Updating files:  38% (1287/3386)
Updating files:  39% (1321/3386)
Updating files:  40% (1355/3386)
Updating files:  41% (1389/3386)
Updating files:  41% (1422/3386)
Updating files:  42% (1423/3386)
Updating files:  43% (1456/3386)
Updating files:  44% (1490/3386)
Updating files:  45% (1524/3386)
Updating files:  45% (1528/3386)
Updating files:  46% (1558/3386)
Updating files:  47% (1592/3386)
Updating files:  48% (1626/3386)
Updating files:  49% (1660/3386)
Updating files:  50% (1693/3386)
Updating files:  50% (1703/3386)
Updating files:  51% (1727/3386)
Updating files:  52% (1761/3386)
Updating files:  53% (1795/3386)
Updating files:  54% (1829/3386)
Updating files:  55% (1863/3386)
Updating files:  56% (1897/3386)
Updating files:  57% (1931/3386)
Updating files:  58% (1964/3386)
Updating files:  59% (1998/3386)
Updating files:  60% (2032/3386)
Updating files:  61% (2066/3386)
Updating files:  62% (2100/3386)
Updating files:  63% (2134/3386)
Updating files:  64% (2168/3386)
Updating files:  65% (2201/3386)
Updating files:  66% (2235/3386)
Updating files:  67% (2269/3386)
Updating files:  67% (2283/3386)
Updating files:  68% (2303/3386)
Updating files:  69% (2337/3386)
Updating files:  70% (2371/3386)
Updating files:  71% (2405/3386)
Updating files:  72% (2438/3386)
Updating files:  73% (2472/3386)
Updating files:  74% (2506/3386)
Updating files:  75% (2540/3386)
Updating files:  76% (2574/3386)
Updating files:  77% (2608/3386)
Updating files:  78% (2642/3386)
Updating files:  79% (2675/3386)
Updating files:  80% (2709/3386)
Updating files:  81% (2743/3386)
Updating files:  82% (2777/3386)
Updating files:  83% (2811/3386)
Updating files:  84% (2845/3386)
Updating files:  85% (2879/3386)
Updating files:  86% (2912/3386)
Updating files:  87% (2946/3386)
Updating files:  88% (2980/3386)
Updating files:  89% (3014/3386)
Updating files:  90% (3048/3386)
Updating files:  91% (3082/3386)
Updating files:  92% (3116/3386)
Updating files:  93% (3149/3386)
Updating files:  94% (3183/3386)
Updating files:  95% (3217/3386)
Updating files:  96% (3251/3386)
Updating files:  97% (3285/3386)
Updating files:  98% (3319/3386)
Updating files:  99% (3353/3386)
Updating files: 100% (3386/3386)
Updating files: 100% (3386/3386), done.

== Checking out commit hash d386b5d90646c6b00374ddf5ac4c29aeba9260d6 ==
<span style="color:#268BD2">&gt; /usr/bin/git reset --hard d386b5d90646c6b00374ddf5ac4c29aeba9260d6</span>
HEAD is now at d386b5d Relais, demande 91 : test 20, apprendre à faire durer le besoin (1 000 itérations)
