Receiving objects:  11% (285/2586)
Receiving objects:  12% (311/2586)
Receiving objects:  13% (337/2586)
Receiving objects:  14% (363/2586)
Receiving objects:  15% (388/2586)
Receiving objects:  16% (414/2586)
Receiving objects:  17% (440/2586)
Receiving objects:  18% (466/2586)
Receiving objects:  19% (492/2586)
Receiving objects:  20% (518/2586)
Receiving objects:  21% (544/2586)
Receiving objects:  22% (569/2586)
Receiving objects:  23% (595/2586)
Receiving objects:  24% (621/2586), 20.28 MiB | 40.55 MiB/s
Receiving objects:  25% (647/2586), 20.28 MiB | 40.55 MiB/s
Receiving objects:  26% (673/2586), 20.28 MiB | 40.55 MiB/s
Receiving objects:  27% (699/2586), 20.28 MiB | 40.55 MiB/s
Receiving objects:  28% (725/2586), 20.28 MiB | 40.55 MiB/s
Receiving objects:  29% (750/2586), 20.28 MiB | 40.55 MiB/s
Receiving objects:  29% (765/2586), 63.28 MiB | 63.27 MiB/s
Receiving objects:  30% (776/2586), 63.28 MiB | 63.27 MiB/s
Receiving objects:  31% (802/2586), 63.28 MiB | 63.27 MiB/s
Receiving objects:  32% (828/2586), 63.28 MiB | 63.27 MiB/s
Receiving objects:  33% (854/2586), 63.28 MiB | 63.27 MiB/s
Receiving objects:  34% (880/2586), 63.28 MiB | 63.27 MiB/s
Receiving objects:  35% (906/2586), 63.28 MiB | 63.27 MiB/s
Receiving objects:  36% (931/2586), 106.94 MiB | 71.29 MiB/s
Receiving objects:  37% (957/2586), 106.94 MiB | 71.29 MiB/s
Receiving objects:  38% (983/2586), 106.94 MiB | 71.29 MiB/s
Receiving objects:  39% (1009/2586), 106.94 MiB | 71.29 MiB/s
Receiving objects:  40% (1035/2586), 106.94 MiB | 71.29 MiB/s
Receiving objects:  41% (1061/2586), 106.94 MiB | 71.29 MiB/s
Receiving objects:  42% (1087/2586), 106.94 MiB | 71.29 MiB/s
Receiving objects:  43% (1112/2586), 106.94 MiB | 71.29 MiB/s
Receiving objects:  44% (1138/2586), 106.94 MiB | 71.29 MiB/s
Receiving objects:  45% (1164/2586), 106.94 MiB | 71.29 MiB/s
Receiving objects:  46% (1190/2586), 106.94 MiB | 71.29 MiB/s
Receiving objects:  46% (1198/2586), 106.94 MiB | 71.29 MiB/s
Receiving objects:  47% (1216/2586), 138.50 MiB | 69.25 MiB/s
Receiving objects:  48% (1242/2586), 138.50 MiB | 69.25 MiB/s
Receiving objects:  49% (1268/2586), 138.50 MiB | 69.25 MiB/s
Receiving objects:  50% (1293/2586), 138.50 MiB | 69.25 MiB/s
Receiving objects:  51% (1319/2586), 138.50 MiB | 69.25 MiB/s
Receiving objects:  52% (1345/2586), 138.50 MiB | 69.25 MiB/s
Receiving objects:  53% (1371/2586), 138.50 MiB | 69.25 MiB/s
Receiving objects:  54% (1397/2586), 138.50 MiB | 69.25 MiB/s
Receiving objects:  55% (1423/2586), 138.50 MiB | 69.25 MiB/s
Receiving objects:  56% (1449/2586), 138.50 MiB | 69.25 MiB/s
Receiving objects:  57% (1475/2586), 138.50 MiB | 69.25 MiB/s
Receiving objects:  58% (1500/2586), 138.50 MiB | 69.25 MiB/s
Receiving objects:  59% (1526/2586), 138.50 MiB | 69.25 MiB/s
Receiving objects:  60% (1552/2586), 138.50 MiB | 69.25 MiB/s
Receiving objects:  61% (1578/2586), 138.50 MiB | 69.25 MiB/s
Receiving objects:  62% (1604/2586), 138.50 MiB | 69.25 MiB/s
Receiving objects:  63% (1630/2586), 138.50 MiB | 69.25 MiB/s
Receiving objects:  64% (1656/2586), 138.50 MiB | 69.25 MiB/s
Receiving objects:  65% (1681/2586), 138.50 MiB | 69.25 MiB/s
Receiving objects:  66% (1707/2586), 138.50 MiB | 69.25 MiB/s
Receiving objects:  67% (1733/2586), 138.50 MiB | 69.25 MiB/s
Receiving objects:  68% (1759/2586), 138.50 MiB | 69.25 MiB/s
Receiving objects:  69% (1785/2586), 138.50 MiB | 69.25 MiB/s
Receiving objects:  70% (1811/2586), 138.50 MiB | 69.25 MiB/s
Receiving objects:  71% (1837/2586), 138.50 MiB | 69.25 MiB/s
Receiving objects:  72% (1862/2586), 138.50 MiB | 69.25 MiB/s
Receiving objects:  73% (1888/2586), 138.50 MiB | 69.25 MiB/s
Receiving objects:  74% (1914/2586), 138.50 MiB | 69.25 MiB/s
Receiving objects:  75% (1940/2586), 138.50 MiB | 69.25 MiB/s
Receiving objects:  76% (1966/2586), 138.50 MiB | 69.25 MiB/s
Receiving objects:  77% (1992/2586), 138.50 MiB | 69.25 MiB/s
Receiving objects:  78% (2018/2586), 138.50 MiB | 69.25 MiB/s
Receiving objects:  79% (2043/2586), 138.50 MiB | 69.25 MiB/s
Receiving objects:  80% (2069/2586), 138.50 MiB | 69.25 MiB/s
Receiving objects:  81% (2095/2586), 138.50 MiB | 69.25 MiB/s
Receiving objects:  82% (2121/2586), 138.50 MiB | 69.25 MiB/s
Receiving objects:  83% (2147/2586), 138.50 MiB | 69.25 MiB/s
Receiving objects:  84% (2173/2586), 138.50 MiB | 69.25 MiB/s
Receiving objects:  85% (2199/2586), 138.50 MiB | 69.25 MiB/s
Receiving objects:  86% (2224/2586), 138.50 MiB | 69.25 MiB/s
Receiving objects:  87% (2250/2586), 138.50 MiB | 69.25 MiB/s
Receiving objects:  88% (2276/2586), 138.50 MiB | 69.25 MiB/s
Receiving objects:  89% (2302/2586), 138.50 MiB | 69.25 MiB/s
remote: Total 2586 (delta 855), reused 2279 (delta 712), pack-reused 0 (from 0)        
Receiving objects:  90% (2328/2586), 138.50 MiB | 69.25 MiB/s
Receiving objects:  91% (2354/2586), 138.50 MiB | 69.25 MiB/s
Receiving objects:  92% (2380/2586), 138.50 MiB | 69.25 MiB/s
Receiving objects:  93% (2405/2586), 138.50 MiB | 69.25 MiB/s
Receiving objects:  94% (2431/2586), 138.50 MiB | 69.25 MiB/s
Receiving objects:  95% (2457/2586), 138.50 MiB | 69.25 MiB/s
Receiving objects:  96% (2483/2586), 138.50 MiB | 69.25 MiB/s
Receiving objects:  97% (2509/2586), 138.50 MiB | 69.25 MiB/s
Receiving objects:  98% (2535/2586), 138.50 MiB | 69.25 MiB/s
Receiving objects:  99% (2561/2586), 138.50 MiB | 69.25 MiB/s
Receiving objects: 100% (2586/2586), 138.50 MiB | 69.25 MiB/s
Receiving objects: 100% (2586/2586), 145.38 MiB | 69.05 MiB/s, done.
Resolving deltas:   0% (0/855)
Resolving deltas:   1% (9/855)
Resolving deltas:   2% (19/855)
Resolving deltas:   3% (26/855)
Resolving deltas:   4% (35/855)
Resolving deltas:   5% (43/855)
Resolving deltas:   6% (52/855)
Resolving deltas:   7% (60/855)
Resolving deltas:   8% (69/855)
Resolving deltas:   9% (79/855)
Resolving deltas:  10% (86/855)
Resolving deltas:  11% (95/855)
Resolving deltas:  12% (103/855)
Resolving deltas:  13% (112/855)
Resolving deltas:  14% (120/855)
Resolving deltas:  15% (130/855)
Resolving deltas:  16% (137/855)
Resolving deltas:  17% (147/855)
Resolving deltas:  18% (154/855)
Resolving deltas:  19% (163/855)
Resolving deltas:  20% (171/855)
Resolving deltas:  21% (180/855)
Resolving deltas:  22% (189/855)
Resolving deltas:  23% (197/855)
Resolving deltas:  24% (206/855)
Resolving deltas:  25% (214/855)
Resolving deltas:  26% (224/855)
Resolving deltas:  27% (232/855)
Resolving deltas:  28% (240/855)
Resolving deltas:  29% (248/855)
Resolving deltas:  30% (257/855)
Resolving deltas:  31% (266/855)
Resolving deltas:  32% (274/855)
Resolving deltas:  33% (283/855)
Resolving deltas:  34% (291/855)
Resolving deltas:  35% (300/855)
Resolving deltas:  36% (308/855)
Resolving deltas:  37% (317/855)
Resolving deltas:  38% (325/855)
Resolving deltas:  39% (334/855)
Resolving deltas:  40% (342/855)
Resolving deltas:  41% (351/855)
Resolving deltas:  42% (361/855)
Resolving deltas:  43% (368/855)
Resolving deltas:  44% (377/855)
Resolving deltas:  45% (385/855)
Resolving deltas:  46% (394/855)
Resolving deltas:  47% (402/855)
Resolving deltas:  48% (411/855)
Resolving deltas:  49% (419/855)
Resolving deltas:  50% (428/855)
Resolving deltas:  51% (437/855)
Resolving deltas:  52% (446/855)
Resolving deltas:  53% (454/855)
Resolving deltas:  54% (462/855)
Resolving deltas:  55% (471/855)
Resolving deltas:  56% (479/855)
Resolving deltas:  57% (488/855)
Resolving deltas:  58% (496/855)
Resolving deltas:  59% (505/855)
Resolving deltas:  60% (514/855)
Resolving deltas:  61% (523/855)
Resolving deltas:  62% (531/855)
Resolving deltas:  63% (539/855)
Resolving deltas:  64% (548/855)
Resolving deltas:  65% (556/855)
Resolving deltas:  66% (565/855)
Resolving deltas:  67% (573/855)
Resolving deltas:  68% (582/855)
Resolving deltas:  69% (590/855)
Resolving deltas:  70% (599/855)
Resolving deltas:  71% (608/855)
Resolving deltas:  72% (616/855)
Resolving deltas:  73% (625/855)
Resolving deltas:  74% (633/855)
Resolving deltas:  75% (642/855)
Resolving deltas:  76% (650/855)
Resolving deltas:  77% (659/855)
Resolving deltas:  78% (667/855)
Resolving deltas:  79% (676/855)
Resolving deltas:  80% (684/855)
Resolving deltas:  81% (693/855)
Resolving deltas:  82% (702/855)
Resolving deltas:  83% (710/855)
Resolving deltas:  84% (719/855)
Resolving deltas:  85% (727/855)
Resolving deltas:  86% (736/855)
Resolving deltas:  87% (744/855)
Resolving deltas:  88% (753/855)
Resolving deltas:  89% (761/855)
Resolving deltas:  90% (770/855)
Resolving deltas:  91% (779/855)
Resolving deltas:  92% (787/855)
Resolving deltas:  93% (796/855)
Resolving deltas:  94% (804/855)
Resolving deltas:  95% (813/855)
Resolving deltas:  96% (821/855)
Resolving deltas:  97% (831/855)
Resolving deltas:  98% (838/855)
Resolving deltas:  99% (848/855)
Resolving deltas: 100% (855/855)
Resolving deltas: 100% (855/855), done.

== Checking out commit hash 947d0a355ff3adeab710692f5000c017f97c33b0 ==
<span style="color:#268BD2">&gt; /usr/bin/git reset --hard 947d0a355ff3adeab710692f5000c017f97c33b0</span>
HEAD is now at 947d0a3 Lancer l'étape B de l'enfance par étapes par le relais, demande 25
