Receiving objects:  97% (4101/4227), 1.03 GiB | 76.17 MiB/s
Receiving objects:  98% (4143/4227), 1.03 GiB | 76.17 MiB/s
Receiving objects:  99% (4185/4227), 1.03 GiB | 76.17 MiB/s
Receiving objects: 100% (4227/4227), 1.03 GiB | 76.17 MiB/s
Receiving objects: 100% (4227/4227), 1.03 GiB | 75.36 MiB/s, done.
Resolving deltas:   0% (0/1489)
Resolving deltas:   1% (15/1489)
Resolving deltas:   2% (30/1489)
Resolving deltas:   3% (45/1489)
Resolving deltas:   4% (61/1489)
Resolving deltas:   5% (75/1489)
Resolving deltas:   6% (90/1489)
Resolving deltas:   7% (105/1489)
Resolving deltas:   8% (120/1489)
Resolving deltas:   9% (135/1489)
Resolving deltas:  10% (149/1489)
Resolving deltas:  11% (164/1489)
Resolving deltas:  12% (179/1489)
Resolving deltas:  13% (194/1489)
Resolving deltas:  14% (209/1489)
Resolving deltas:  15% (224/1489)
Resolving deltas:  16% (239/1489)
Resolving deltas:  17% (254/1489)
Resolving deltas:  18% (269/1489)
Resolving deltas:  19% (283/1489)
Resolving deltas:  20% (298/1489)
Resolving deltas:  21% (313/1489)
Resolving deltas:  22% (328/1489)
Resolving deltas:  23% (343/1489)
Resolving deltas:  24% (358/1489)
Resolving deltas:  25% (373/1489)
Resolving deltas:  26% (388/1489)
Resolving deltas:  27% (403/1489)
Resolving deltas:  28% (417/1489)
Resolving deltas:  29% (432/1489)
Resolving deltas:  30% (447/1489)
Resolving deltas:  31% (462/1489)
Resolving deltas:  32% (477/1489)
Resolving deltas:  33% (492/1489)
Resolving deltas:  34% (507/1489)
Resolving deltas:  35% (522/1489)
Resolving deltas:  36% (537/1489)
Resolving deltas:  37% (551/1489)
Resolving deltas:  38% (566/1489)
Resolving deltas:  39% (581/1489)
Resolving deltas:  40% (596/1489)
Resolving deltas:  41% (611/1489)
Resolving deltas:  42% (626/1489)
Resolving deltas:  43% (641/1489)
Resolving deltas:  44% (656/1489)
Resolving deltas:  45% (671/1489)
Resolving deltas:  46% (685/1489)
Resolving deltas:  47% (700/1489)
Resolving deltas:  48% (715/1489)
Resolving deltas:  49% (730/1489)
Resolving deltas:  50% (745/1489)
Resolving deltas:  51% (760/1489)
Resolving deltas:  52% (775/1489)
Resolving deltas:  53% (790/1489)
Resolving deltas:  54% (805/1489)
Resolving deltas:  55% (819/1489)
Resolving deltas:  56% (834/1489)
Resolving deltas:  57% (849/1489)
Resolving deltas:  58% (864/1489)
Resolving deltas:  59% (879/1489)
Resolving deltas:  60% (894/1489)
Resolving deltas:  61% (909/1489)
Resolving deltas:  62% (924/1489)
Resolving deltas:  63% (939/1489)
Resolving deltas:  64% (953/1489)
Resolving deltas:  65% (968/1489)
Resolving deltas:  66% (983/1489)
Resolving deltas:  67% (998/1489)
Resolving deltas:  68% (1013/1489)
Resolving deltas:  69% (1028/1489)
Resolving deltas:  70% (1043/1489)
Resolving deltas:  71% (1058/1489)
Resolving deltas:  72% (1073/1489)
Resolving deltas:  73% (1087/1489)
Resolving deltas:  74% (1102/1489)
Resolving deltas:  75% (1117/1489)
Resolving deltas:  76% (1132/1489)
Resolving deltas:  77% (1147/1489)
Resolving deltas:  78% (1162/1489)
Resolving deltas:  79% (1177/1489)
Resolving deltas:  80% (1192/1489)
Resolving deltas:  81% (1207/1489)
Resolving deltas:  82% (1221/1489)
Resolving deltas:  83% (1236/1489)
Resolving deltas:  84% (1251/1489)
Resolving deltas:  85% (1266/1489)
Resolving deltas:  86% (1282/1489)
Resolving deltas:  87% (1296/1489)
Resolving deltas:  88% (1311/1489)
Resolving deltas:  89% (1326/1489)
Resolving deltas:  90% (1341/1489)
Resolving deltas:  91% (1355/1489)
Resolving deltas:  92% (1370/1489)
Resolving deltas:  93% (1385/1489)
Resolving deltas:  94% (1400/1489)
Resolving deltas:  95% (1415/1489)
Resolving deltas:  96% (1430/1489)
Resolving deltas:  97% (1446/1489)
Resolving deltas:  98% (1460/1489)
Resolving deltas:  99% (1475/1489)
Resolving deltas: 100% (1489/1489)
Resolving deltas: 100% (1489/1489), done.
Updating files:  19% (715/3672)
Updating files:  20% (735/3672)
Updating files:  21% (772/3672)
Updating files:  22% (808/3672)
Updating files:  23% (845/3672)
Updating files:  24% (882/3672)
Updating files:  25% (918/3672)
Updating files:  26% (955/3672)
Updating files:  27% (992/3672)
Updating files:  28% (1029/3672)
Updating files:  29% (1065/3672)
Updating files:  29% (1068/3672)
Updating files:  30% (1102/3672)
Updating files:  31% (1139/3672)
Updating files:  32% (1176/3672)
Updating files:  33% (1212/3672)
Updating files:  34% (1249/3672)
Updating files:  35% (1286/3672)
Updating files:  36% (1322/3672)
Updating files:  37% (1359/3672)
Updating files:  38% (1396/3672)
Updating files:  38% (1417/3672)
Updating files:  39% (1433/3672)
Updating files:  40% (1469/3672)
Updating files:  41% (1506/3672)
Updating files:  42% (1543/3672)
Updating files:  43% (1579/3672)
Updating files:  43% (1607/3672)
Updating files:  44% (1616/3672)
Updating files:  45% (1653/3672)
Updating files:  46% (1690/3672)
Updating files:  47% (1726/3672)
Updating files:  47% (1732/3672)
Updating files:  48% (1763/3672)
Updating files:  49% (1800/3672)
Updating files:  50% (1836/3672)
Updating files:  51% (1873/3672)
Updating files:  52% (1910/3672)
Updating files:  52% (1917/3672)
Updating files:  53% (1947/3672)
Updating files:  54% (1983/3672)
Updating files:  55% (2020/3672)
Updating files:  56% (2057/3672)
Updating files:  57% (2094/3672)
Updating files:  57% (2127/3672)
Updating files:  58% (2130/3672)
Updating files:  59% (2167/3672)
Updating files:  60% (2204/3672)
Updating files:  61% (2240/3672)
Updating files:  62% (2277/3672)
Updating files:  63% (2314/3672)
Updating files:  64% (2351/3672)
Updating files:  65% (2387/3672)
Updating files:  66% (2424/3672)
Updating files:  67% (2461/3672)
Updating files:  68% (2497/3672)
Updating files:  69% (2534/3672)
Updating files:  70% (2571/3672)
Updating files:  71% (2608/3672)
Updating files:  72% (2644/3672)
Updating files:  73% (2681/3672)
Updating files:  74% (2718/3672)
Updating files:  75% (2754/3672)
Updating files:  76% (2791/3672)
Updating files:  77% (2828/3672)
Updating files:  78% (2865/3672)
Updating files:  79% (2901/3672)
Updating files:  80% (2938/3672)
Updating files:  81% (2975/3672)
Updating files:  82% (3012/3672)
Updating files:  83% (3048/3672)
Updating files:  84% (3085/3672)
Updating files:  85% (3122/3672)
Updating files:  86% (3158/3672)
Updating files:  87% (3195/3672)
Updating files:  88% (3232/3672)
Updating files:  89% (3269/3672)
Updating files:  90% (3305/3672)
Updating files:  91% (3342/3672)
Updating files:  92% (3379/3672)
Updating files:  93% (3415/3672)
Updating files:  94% (3452/3672)
Updating files:  95% (3489/3672)
Updating files:  96% (3526/3672)
Updating files:  97% (3562/3672)
Updating files:  98% (3599/3672)
Updating files:  99% (3636/3672)
Updating files: 100% (3672/3672)
Updating files: 100% (3672/3672), done.

== Checking out commit hash 39d6f4d5c276ca91362ceda5227fdbcda81ecac4 ==
<span style="color:#268BD2">&gt; /usr/bin/git reset --hard 39d6f4d5c276ca91362ceda5227fdbcda81ecac4</span>
HEAD is now at 39d6f4d Protocole pré-enregistré, test 28 : sans professeur, que porte l'état ? (greffe du test 23 sur l'agent du soulagement ; SELF1, SELF2), avant la fin de l'apprentissage du test 26 et toute mesure de ses agents
