Receiving objects:  82% (2986/3641), 655.07 MiB | 93.16 MiB/s
Receiving objects:  83% (3023/3641), 655.07 MiB | 93.16 MiB/s
Receiving objects:  84% (3059/3641), 655.07 MiB | 93.16 MiB/s
Receiving objects:  85% (3095/3641), 655.07 MiB | 93.16 MiB/s
Receiving objects:  86% (3132/3641), 655.07 MiB | 93.16 MiB/s
Receiving objects:  87% (3168/3641), 655.07 MiB | 93.16 MiB/s
Receiving objects:  88% (3205/3641), 655.07 MiB | 93.16 MiB/s
Receiving objects:  89% (3241/3641), 655.07 MiB | 93.16 MiB/s
Receiving objects:  90% (3277/3641), 655.07 MiB | 93.16 MiB/s
Receiving objects:  91% (3314/3641), 655.07 MiB | 93.16 MiB/s
Receiving objects:  92% (3350/3641), 655.07 MiB | 93.16 MiB/s
Receiving objects:  93% (3387/3641), 655.07 MiB | 93.16 MiB/s
remote: Total 3641 (delta 1274), reused 3376 (delta 1210), pack-reused 0 (from 0)        
Receiving objects:  94% (3423/3641), 655.07 MiB | 93.16 MiB/s
Receiving objects:  95% (3459/3641), 655.07 MiB | 93.16 MiB/s
Receiving objects:  96% (3496/3641), 655.07 MiB | 93.16 MiB/s
Receiving objects:  97% (3532/3641), 655.07 MiB | 93.16 MiB/s
Receiving objects:  98% (3569/3641), 655.07 MiB | 93.16 MiB/s
Receiving objects:  99% (3605/3641), 655.07 MiB | 93.16 MiB/s
Receiving objects: 100% (3641/3641), 655.07 MiB | 93.16 MiB/s
Receiving objects: 100% (3641/3641), 661.83 MiB | 86.94 MiB/s, done.
Resolving deltas:   0% (0/1274)
Resolving deltas:   1% (14/1274)
Resolving deltas:   2% (27/1274)
Resolving deltas:   3% (39/1274)
Resolving deltas:   4% (51/1274)
Resolving deltas:   5% (64/1274)
Resolving deltas:   6% (77/1274)
Resolving deltas:   7% (90/1274)
Resolving deltas:   8% (102/1274)
Resolving deltas:   9% (115/1274)
Resolving deltas:  10% (128/1274)
Resolving deltas:  11% (141/1274)
Resolving deltas:  12% (153/1274)
Resolving deltas:  13% (166/1274)
Resolving deltas:  14% (179/1274)
Resolving deltas:  15% (192/1274)
Resolving deltas:  16% (204/1274)
Resolving deltas:  17% (217/1274)
Resolving deltas:  18% (230/1274)
Resolving deltas:  19% (243/1274)
Resolving deltas:  20% (256/1274)
Resolving deltas:  21% (268/1274)
Resolving deltas:  22% (282/1274)
Resolving deltas:  23% (294/1274)
Resolving deltas:  24% (307/1274)
Resolving deltas:  25% (319/1274)
Resolving deltas:  26% (333/1274)
Resolving deltas:  27% (344/1274)
Resolving deltas:  28% (357/1274)
Resolving deltas:  29% (370/1274)
Resolving deltas:  30% (383/1274)
Resolving deltas:  31% (396/1274)
Resolving deltas:  32% (408/1274)
Resolving deltas:  33% (421/1274)
Resolving deltas:  34% (434/1274)
Resolving deltas:  35% (446/1274)
Resolving deltas:  36% (459/1274)
Resolving deltas:  37% (472/1274)
Resolving deltas:  38% (485/1274)
Resolving deltas:  39% (497/1274)
Resolving deltas:  40% (510/1274)
Resolving deltas:  41% (523/1274)
Resolving deltas:  42% (536/1274)
Resolving deltas:  43% (548/1274)
Resolving deltas:  44% (561/1274)
Resolving deltas:  45% (574/1274)
Resolving deltas:  46% (587/1274)
Resolving deltas:  47% (599/1274)
Resolving deltas:  48% (612/1274)
Resolving deltas:  49% (625/1274)
Resolving deltas:  50% (637/1274)
Resolving deltas:  51% (650/1274)
Resolving deltas:  52% (663/1274)
Resolving deltas:  53% (676/1274)
Resolving deltas:  54% (689/1274)
Resolving deltas:  55% (701/1274)
Resolving deltas:  56% (715/1274)
Resolving deltas:  57% (728/1274)
Resolving deltas:  58% (739/1274)
Resolving deltas:  59% (752/1274)
Resolving deltas:  60% (765/1274)
Resolving deltas:  61% (778/1274)
Resolving deltas:  62% (790/1274)
Resolving deltas:  63% (803/1274)
Resolving deltas:  64% (816/1274)
Resolving deltas:  65% (829/1274)
Resolving deltas:  66% (841/1274)
Resolving deltas:  67% (854/1274)
Resolving deltas:  68% (867/1274)
Resolving deltas:  69% (880/1274)
Resolving deltas:  70% (892/1274)
Resolving deltas:  71% (905/1274)
Resolving deltas:  72% (918/1274)
Resolving deltas:  73% (931/1274)
Resolving deltas:  74% (943/1274)
Resolving deltas:  75% (956/1274)
Resolving deltas:  76% (969/1274)
Resolving deltas:  77% (981/1274)
Resolving deltas:  78% (994/1274)
Resolving deltas:  79% (1007/1274)
Resolving deltas:  80% (1020/1274)
Resolving deltas:  81% (1032/1274)
Resolving deltas:  82% (1045/1274)
Resolving deltas:  83% (1058/1274)
Resolving deltas:  84% (1071/1274)
Resolving deltas:  85% (1083/1274)
Resolving deltas:  86% (1096/1274)
Resolving deltas:  87% (1109/1274)
Resolving deltas:  88% (1122/1274)
Resolving deltas:  89% (1134/1274)
Resolving deltas:  90% (1147/1274)
Resolving deltas:  91% (1160/1274)
Resolving deltas:  92% (1173/1274)
Resolving deltas:  93% (1185/1274)
Resolving deltas:  94% (1198/1274)
Resolving deltas:  95% (1211/1274)
Resolving deltas:  96% (1224/1274)
Resolving deltas:  97% (1236/1274)
Resolving deltas:  98% (1249/1274)
Resolving deltas:  99% (1262/1274)
Resolving deltas: 100% (1274/1274)
Resolving deltas: 100% (1274/1274), done.
Updating files:  32% (1004/3085)
Updating files:  33% (1019/3085)
Updating files:  34% (1049/3085)
Updating files:  35% (1080/3085)
Updating files:  36% (1111/3085)
Updating files:  37% (1142/3085)
Updating files:  38% (1173/3085)
Updating files:  39% (1204/3085)
Updating files:  40% (1234/3085)
Updating files:  41% (1265/3085)
Updating files:  41% (1272/3085)
Updating files:  42% (1296/3085)
Updating files:  43% (1327/3085)
Updating files:  44% (1358/3085)
Updating files:  45% (1389/3085)
Updating files:  46% (1420/3085)
Updating files:  46% (1423/3085)
Updating files:  47% (1450/3085)
Updating files:  48% (1481/3085)
Updating files:  49% (1512/3085)
Updating files:  50% (1543/3085)
Updating files:  51% (1574/3085)
Updating files:  52% (1605/3085)
Updating files:  53% (1636/3085)
Updating files:  54% (1666/3085)
Updating files:  55% (1697/3085)
Updating files:  56% (1728/3085)
Updating files:  57% (1759/3085)
Updating files:  58% (1790/3085)
Updating files:  59% (1821/3085)
Updating files:  60% (1851/3085)
Updating files:  61% (1882/3085)
Updating files:  62% (1913/3085)
Updating files:  62% (1927/3085)
Updating files:  63% (1944/3085)
Updating files:  64% (1975/3085)
Updating files:  65% (2006/3085)
Updating files:  66% (2037/3085)
Updating files:  67% (2067/3085)
Updating files:  68% (2098/3085)
Updating files:  69% (2129/3085)
Updating files:  70% (2160/3085)
Updating files:  71% (2191/3085)
Updating files:  72% (2222/3085)
Updating files:  73% (2253/3085)
Updating files:  74% (2283/3085)
Updating files:  75% (2314/3085)
Updating files:  76% (2345/3085)
Updating files:  77% (2376/3085)
Updating files:  78% (2407/3085)
Updating files:  79% (2438/3085)
Updating files:  80% (2468/3085)
Updating files:  81% (2499/3085)
Updating files:  82% (2530/3085)
Updating files:  83% (2561/3085)
Updating files:  84% (2592/3085)
Updating files:  85% (2623/3085)
Updating files:  86% (2654/3085)
Updating files:  87% (2684/3085)
Updating files:  88% (2715/3085)
Updating files:  89% (2746/3085)
Updating files:  90% (2777/3085)
Updating files:  91% (2808/3085)
Updating files:  92% (2839/3085)
Updating files:  93% (2870/3085)
Updating files:  94% (2900/3085)
Updating files:  95% (2931/3085)
Updating files:  96% (2962/3085)
Updating files:  97% (2993/3085)
Updating files:  98% (3024/3085)
Updating files:  99% (3055/3085)
Updating files: 100% (3085/3085)
Updating files: 100% (3085/3085), done.

== Checking out commit hash 63a9de83aa51676303cdeeb49a285fc34223b40d ==
<span style="color:#268BD2">&gt; /usr/bin/git reset --hard 63a9de83aa51676303cdeeb49a285fc34223b40d</span>
HEAD is now at 63a9de8 Relais, demande 77 : tranche 5 de l'agent du monde à deux (fin des vies de test au bloc 22, puis lésions)
