Receiving objects:  10% (211/2105)
Receiving objects:  11% (232/2105)
Receiving objects:  12% (253/2105)
Receiving objects:  13% (274/2105)
Receiving objects:  14% (295/2105)
Receiving objects:  15% (316/2105)
Receiving objects:  16% (337/2105)
Receiving objects:  17% (358/2105)
Receiving objects:  18% (379/2105)
Receiving objects:  19% (400/2105)
Receiving objects:  20% (421/2105)
Receiving objects:  21% (443/2105)
Receiving objects:  22% (464/2105)
Receiving objects:  23% (485/2105)
Receiving objects:  24% (506/2105)
Receiving objects:  25% (527/2105)
Receiving objects:  26% (548/2105)
Receiving objects:  27% (569/2105)
Receiving objects:  28% (590/2105)
Receiving objects:  29% (611/2105)
Receiving objects:  30% (632/2105)
Receiving objects:  31% (653/2105)
Receiving objects:  32% (674/2105)
Receiving objects:  33% (695/2105)
Receiving objects:  34% (716/2105)
Receiving objects:  35% (737/2105)
Receiving objects:  36% (758/2105)
Receiving objects:  37% (779/2105), 16.40 MiB | 32.79 MiB/s
Receiving objects:  38% (800/2105), 16.40 MiB | 32.79 MiB/s
Receiving objects:  39% (821/2105), 16.40 MiB | 32.79 MiB/s
Receiving objects:  40% (842/2105), 16.40 MiB | 32.79 MiB/s
Receiving objects:  41% (864/2105), 16.40 MiB | 32.79 MiB/s
Receiving objects:  42% (885/2105), 16.40 MiB | 32.79 MiB/s
Receiving objects:  43% (906/2105), 16.40 MiB | 32.79 MiB/s
Receiving objects:  44% (927/2105), 16.40 MiB | 32.79 MiB/s
Receiving objects:  45% (948/2105), 16.40 MiB | 32.79 MiB/s
Receiving objects:  46% (969/2105), 16.40 MiB | 32.79 MiB/s
Receiving objects:  47% (990/2105), 16.40 MiB | 32.79 MiB/s
Receiving objects:  48% (1011/2105), 16.40 MiB | 32.79 MiB/s
Receiving objects:  49% (1032/2105), 16.40 MiB | 32.79 MiB/s
Receiving objects:  49% (1041/2105), 46.83 MiB | 46.82 MiB/s
Receiving objects:  50% (1053/2105), 46.83 MiB | 46.82 MiB/s
Receiving objects:  51% (1074/2105), 46.83 MiB | 46.82 MiB/s
Receiving objects:  52% (1095/2105), 46.83 MiB | 46.82 MiB/s
Receiving objects:  53% (1116/2105), 46.83 MiB | 46.82 MiB/s
Receiving objects:  54% (1137/2105), 46.83 MiB | 46.82 MiB/s
Receiving objects:  55% (1158/2105), 46.83 MiB | 46.82 MiB/s
Receiving objects:  56% (1179/2105), 46.83 MiB | 46.82 MiB/s
Receiving objects:  57% (1200/2105), 46.83 MiB | 46.82 MiB/s
Receiving objects:  58% (1221/2105), 46.83 MiB | 46.82 MiB/s
Receiving objects:  59% (1242/2105), 46.83 MiB | 46.82 MiB/s
Receiving objects:  60% (1263/2105), 46.83 MiB | 46.82 MiB/s
Receiving objects:  61% (1285/2105), 46.83 MiB | 46.82 MiB/s
Receiving objects:  62% (1306/2105), 46.83 MiB | 46.82 MiB/s
Receiving objects:  63% (1327/2105), 46.83 MiB | 46.82 MiB/s
Receiving objects:  64% (1348/2105), 46.83 MiB | 46.82 MiB/s
Receiving objects:  65% (1369/2105), 46.83 MiB | 46.82 MiB/s
Receiving objects:  66% (1390/2105), 46.83 MiB | 46.82 MiB/s
Receiving objects:  67% (1411/2105), 46.83 MiB | 46.82 MiB/s
Receiving objects:  68% (1432/2105), 46.83 MiB | 46.82 MiB/s
Receiving objects:  69% (1453/2105), 46.83 MiB | 46.82 MiB/s
Receiving objects:  70% (1474/2105), 46.83 MiB | 46.82 MiB/s
Receiving objects:  71% (1495/2105), 46.83 MiB | 46.82 MiB/s
Receiving objects:  72% (1516/2105), 46.83 MiB | 46.82 MiB/s
Receiving objects:  73% (1537/2105), 46.83 MiB | 46.82 MiB/s
Receiving objects:  74% (1558/2105), 46.83 MiB | 46.82 MiB/s
Receiving objects:  75% (1579/2105), 46.83 MiB | 46.82 MiB/s
Receiving objects:  76% (1600/2105), 46.83 MiB | 46.82 MiB/s
Receiving objects:  77% (1621/2105), 46.83 MiB | 46.82 MiB/s
Receiving objects:  78% (1642/2105), 46.83 MiB | 46.82 MiB/s
Receiving objects:  79% (1663/2105), 46.83 MiB | 46.82 MiB/s
Receiving objects:  80% (1684/2105), 46.83 MiB | 46.82 MiB/s
Receiving objects:  81% (1706/2105), 46.83 MiB | 46.82 MiB/s
Receiving objects:  82% (1727/2105), 46.83 MiB | 46.82 MiB/s
Receiving objects:  83% (1748/2105), 46.83 MiB | 46.82 MiB/s
Receiving objects:  84% (1769/2105), 46.83 MiB | 46.82 MiB/s
Receiving objects:  85% (1790/2105), 46.83 MiB | 46.82 MiB/s
Receiving objects:  86% (1811/2105), 46.83 MiB | 46.82 MiB/s
Receiving objects:  87% (1832/2105), 46.83 MiB | 46.82 MiB/s
Receiving objects:  88% (1853/2105), 46.83 MiB | 46.82 MiB/s
Receiving objects:  89% (1874/2105), 46.83 MiB | 46.82 MiB/s
Receiving objects:  90% (1895/2105), 46.83 MiB | 46.82 MiB/s
Receiving objects:  91% (1916/2105), 46.83 MiB | 46.82 MiB/s
Receiving objects:  92% (1937/2105), 46.83 MiB | 46.82 MiB/s
Receiving objects:  93% (1958/2105), 46.83 MiB | 46.82 MiB/s
Receiving objects:  94% (1979/2105), 46.83 MiB | 46.82 MiB/s
Receiving objects:  95% (2000/2105), 46.83 MiB | 46.82 MiB/s
Receiving objects:  96% (2021/2105), 46.83 MiB | 46.82 MiB/s
Receiving objects:  97% (2042/2105), 46.83 MiB | 46.82 MiB/s
remote: Total 2105 (delta 585), reused 1843 (delta 441), pack-reused 0 (from 0)        
Receiving objects:  98% (2063/2105), 46.83 MiB | 46.82 MiB/s
Receiving objects:  99% (2084/2105), 46.83 MiB | 46.82 MiB/s
Receiving objects: 100% (2105/2105), 46.83 MiB | 46.82 MiB/s
Receiving objects: 100% (2105/2105), 50.65 MiB | 46.68 MiB/s, done.
Resolving deltas:   0% (0/585)
Resolving deltas:   1% (7/585)
Resolving deltas:   2% (12/585)
Resolving deltas:   3% (18/585)
Resolving deltas:   4% (24/585)
Resolving deltas:   5% (31/585)
Resolving deltas:   6% (36/585)
Resolving deltas:   7% (41/585)
Resolving deltas:   8% (48/585)
Resolving deltas:   9% (54/585)
Resolving deltas:  10% (59/585)
Resolving deltas:  11% (65/585)
Resolving deltas:  12% (71/585)
Resolving deltas:  13% (77/585)
Resolving deltas:  14% (82/585)
Resolving deltas:  15% (88/585)
Resolving deltas:  16% (94/585)
Resolving deltas:  17% (100/585)
Resolving deltas:  18% (106/585)
Resolving deltas:  19% (112/585)
Resolving deltas:  20% (117/585)
Resolving deltas:  21% (123/585)
Resolving deltas:  22% (129/585)
Resolving deltas:  23% (135/585)
Resolving deltas:  24% (141/585)
Resolving deltas:  25% (147/585)
Resolving deltas:  26% (153/585)
Resolving deltas:  27% (158/585)
Resolving deltas:  28% (164/585)
Resolving deltas:  29% (170/585)
Resolving deltas:  30% (176/585)
Resolving deltas:  31% (182/585)
Resolving deltas:  32% (188/585)
Resolving deltas:  33% (194/585)
Resolving deltas:  34% (199/585)
Resolving deltas:  35% (205/585)
Resolving deltas:  36% (211/585)
Resolving deltas:  37% (217/585)
Resolving deltas:  38% (224/585)
Resolving deltas:  39% (229/585)
Resolving deltas:  40% (234/585)
Resolving deltas:  41% (240/585)
Resolving deltas:  42% (246/585)
Resolving deltas:  43% (252/585)
Resolving deltas:  44% (258/585)
Resolving deltas:  45% (264/585)
Resolving deltas:  46% (270/585)
Resolving deltas:  47% (275/585)
Resolving deltas:  48% (281/585)
Resolving deltas:  49% (287/585)
Resolving deltas:  50% (293/585)
Resolving deltas:  51% (299/585)
Resolving deltas:  52% (306/585)
Resolving deltas:  53% (311/585)
Resolving deltas:  54% (316/585)
Resolving deltas:  55% (322/585)
Resolving deltas:  56% (329/585)
Resolving deltas:  57% (334/585)
Resolving deltas:  58% (340/585)
Resolving deltas:  59% (346/585)
Resolving deltas:  60% (351/585)
Resolving deltas:  61% (357/585)
Resolving deltas:  62% (363/585)
Resolving deltas:  63% (369/585)
Resolving deltas:  64% (375/585)
Resolving deltas:  65% (381/585)
Resolving deltas:  66% (387/585)
Resolving deltas:  67% (392/585)
Resolving deltas:  68% (398/585)
Resolving deltas:  69% (404/585)
Resolving deltas:  70% (410/585)
Resolving deltas:  71% (416/585)
Resolving deltas:  72% (422/585)
Resolving deltas:  73% (428/585)
Resolving deltas:  74% (433/585)
Resolving deltas:  75% (439/585)
Resolving deltas:  76% (445/585)
Resolving deltas:  77% (451/585)
Resolving deltas:  78% (457/585)
Resolving deltas:  79% (463/585)
Resolving deltas:  80% (468/585)
Resolving deltas:  81% (474/585)
Resolving deltas:  82% (480/585)
Resolving deltas:  83% (486/585)
Resolving deltas:  84% (492/585)
Resolving deltas:  85% (498/585)
Resolving deltas:  86% (504/585)
Resolving deltas:  87% (509/585)
Resolving deltas:  88% (515/585)
Resolving deltas:  89% (521/585)
Resolving deltas:  90% (527/585)
Resolving deltas:  91% (533/585)
Resolving deltas:  92% (539/585)
Resolving deltas:  93% (545/585)
Resolving deltas:  94% (550/585)
Resolving deltas:  95% (557/585)
Resolving deltas:  96% (562/585)
Resolving deltas:  97% (568/585)
Resolving deltas:  98% (574/585)
Resolving deltas:  99% (580/585)
Resolving deltas: 100% (585/585)
Resolving deltas: 100% (585/585), done.

== Checking out commit hash 2d1f5d2ba72b58091909d5543e6b47fbba68b8a6 ==
<span style="color:#268BD2">&gt; /usr/bin/git reset --hard 2d1f5d2ba72b58091909d5543e6b47fbba68b8a6</span>
HEAD is now at 2d1f5d2 Relancer le corps ajusté et relire le corps latent en complétion, par amendements déclarés
