Receiving objects:  98% (4246/4332), 1.14 GiB | 22.12 MiB/s
Receiving objects:  99% (4289/4332), 1.14 GiB | 22.12 MiB/s
Receiving objects: 100% (4332/4332), 1.14 GiB | 22.12 MiB/s
Receiving objects: 100% (4332/4332), 1.15 GiB | 13.45 MiB/s, done.
Resolving deltas:   0% (0/1548)
Resolving deltas:   1% (16/1548)
Resolving deltas:   2% (31/1548)
Resolving deltas:   3% (47/1548)
Resolving deltas:   4% (62/1548)
Resolving deltas:   5% (78/1548)
Resolving deltas:   6% (93/1548)
Resolving deltas:   7% (109/1548)
Resolving deltas:   8% (124/1548)
Resolving deltas:   9% (140/1548)
Resolving deltas:  10% (155/1548)
Resolving deltas:  11% (171/1548)
Resolving deltas:  12% (186/1548)
Resolving deltas:  13% (202/1548)
Resolving deltas:  14% (217/1548)
Resolving deltas:  15% (233/1548)
Resolving deltas:  16% (249/1548)
Resolving deltas:  17% (264/1548)
Resolving deltas:  18% (279/1548)
Resolving deltas:  19% (295/1548)
Resolving deltas:  20% (310/1548)
Resolving deltas:  21% (326/1548)
Resolving deltas:  22% (341/1548)
Resolving deltas:  23% (357/1548)
Resolving deltas:  24% (372/1548)
Resolving deltas:  25% (387/1548)
Resolving deltas:  26% (403/1548)
Resolving deltas:  27% (418/1548)
Resolving deltas:  28% (434/1548)
Resolving deltas:  29% (449/1548)
Resolving deltas:  30% (465/1548)
Resolving deltas:  31% (480/1548)
Resolving deltas:  32% (496/1548)
Resolving deltas:  33% (511/1548)
Resolving deltas:  34% (527/1548)
Resolving deltas:  35% (542/1548)
Resolving deltas:  36% (558/1548)
Resolving deltas:  37% (573/1548)
Resolving deltas:  38% (589/1548)
Resolving deltas:  39% (604/1548)
Resolving deltas:  40% (620/1548)
Resolving deltas:  41% (635/1548)
Resolving deltas:  42% (651/1548)
Resolving deltas:  43% (666/1548)
Resolving deltas:  44% (682/1548)
Resolving deltas:  45% (697/1548)
Resolving deltas:  46% (713/1548)
Resolving deltas:  47% (729/1548)
Resolving deltas:  48% (744/1548)
Resolving deltas:  49% (759/1548)
Resolving deltas:  50% (774/1548)
Resolving deltas:  51% (790/1548)
Resolving deltas:  52% (805/1548)
Resolving deltas:  53% (821/1548)
Resolving deltas:  54% (836/1548)
Resolving deltas:  55% (852/1548)
Resolving deltas:  56% (867/1548)
Resolving deltas:  57% (883/1548)
Resolving deltas:  58% (898/1548)
Resolving deltas:  59% (914/1548)
Resolving deltas:  60% (929/1548)
Resolving deltas:  61% (946/1548)
Resolving deltas:  62% (960/1548)
Resolving deltas:  63% (976/1548)
Resolving deltas:  64% (991/1548)
Resolving deltas:  65% (1008/1548)
Resolving deltas:  66% (1022/1548)
Resolving deltas:  67% (1038/1548)
Resolving deltas:  68% (1053/1548)
Resolving deltas:  69% (1069/1548)
Resolving deltas:  70% (1084/1548)
Resolving deltas:  71% (1100/1548)
Resolving deltas:  72% (1115/1548)
Resolving deltas:  73% (1131/1548)
Resolving deltas:  74% (1146/1548)
Resolving deltas:  75% (1161/1548)
Resolving deltas:  76% (1177/1548)
Resolving deltas:  77% (1192/1548)
Resolving deltas:  78% (1208/1548)
Resolving deltas:  79% (1223/1548)
Resolving deltas:  80% (1239/1548)
Resolving deltas:  81% (1254/1548)
Resolving deltas:  82% (1270/1548)
Resolving deltas:  83% (1285/1548)
Resolving deltas:  84% (1301/1548)
Resolving deltas:  85% (1316/1548)
Resolving deltas:  86% (1332/1548)
Resolving deltas:  87% (1347/1548)
Resolving deltas:  88% (1363/1548)
Resolving deltas:  89% (1378/1548)
Resolving deltas:  90% (1394/1548)
Resolving deltas:  91% (1409/1548)
Resolving deltas:  92% (1425/1548)
Resolving deltas:  93% (1440/1548)
Resolving deltas:  94% (1456/1548)
Resolving deltas:  95% (1471/1548)
Resolving deltas:  96% (1487/1548)
Resolving deltas:  97% (1502/1548)
Resolving deltas:  98% (1518/1548)
Resolving deltas:  99% (1534/1548)
Resolving deltas: 100% (1548/1548)
Resolving deltas: 100% (1548/1548), done.
Updating files:  20% (767/3799)
Updating files:  21% (798/3799)
Updating files:  22% (836/3799)
Updating files:  23% (874/3799)
Updating files:  24% (912/3799)
Updating files:  25% (950/3799)
Updating files:  26% (988/3799)
Updating files:  27% (1026/3799)
Updating files:  28% (1064/3799)
Updating files:  28% (1089/3799)
Updating files:  29% (1102/3799)
Updating files:  30% (1140/3799)
Updating files:  31% (1178/3799)
Updating files:  32% (1216/3799)
Updating files:  33% (1254/3799)
Updating files:  34% (1292/3799)
Updating files:  35% (1330/3799)
Updating files:  36% (1368/3799)
Updating files:  37% (1406/3799)
Updating files:  38% (1444/3799)
Updating files:  38% (1456/3799)
Updating files:  39% (1482/3799)
Updating files:  40% (1520/3799)
Updating files:  41% (1558/3799)
Updating files:  41% (1564/3799)
Updating files:  42% (1596/3799)
Updating files:  43% (1634/3799)
Updating files:  43% (1651/3799)
Updating files:  44% (1672/3799)
Updating files:  45% (1710/3799)
Updating files:  46% (1748/3799)
Updating files:  47% (1786/3799)
Updating files:  48% (1824/3799)
Updating files:  48% (1825/3799)
Updating files:  49% (1862/3799)
Updating files:  50% (1900/3799)
Updating files:  51% (1938/3799)
Updating files:  51% (1944/3799)
Updating files:  52% (1976/3799)
Updating files:  53% (2014/3799)
Updating files:  53% (2021/3799)
Updating files:  54% (2052/3799)
Updating files:  55% (2090/3799)
Updating files:  56% (2128/3799)
Updating files:  57% (2166/3799)
Updating files:  58% (2204/3799)
Updating files:  59% (2242/3799)
Updating files:  60% (2280/3799)
Updating files:  61% (2318/3799)
Updating files:  62% (2356/3799)
Updating files:  63% (2394/3799)
Updating files:  64% (2432/3799)
Updating files:  65% (2470/3799)
Updating files:  66% (2508/3799)
Updating files:  67% (2546/3799)
Updating files:  68% (2584/3799)
Updating files:  69% (2622/3799)
Updating files:  70% (2660/3799)
Updating files:  71% (2698/3799)
Updating files:  72% (2736/3799)
Updating files:  73% (2774/3799)
Updating files:  74% (2812/3799)
Updating files:  75% (2850/3799)
Updating files:  75% (2882/3799)
Updating files:  76% (2888/3799)
Updating files:  77% (2926/3799)
Updating files:  78% (2964/3799)
Updating files:  79% (3002/3799)
Updating files:  80% (3040/3799)
Updating files:  81% (3078/3799)
Updating files:  82% (3116/3799)
Updating files:  83% (3154/3799)
Updating files:  84% (3192/3799)
Updating files:  85% (3230/3799)
Updating files:  86% (3268/3799)
Updating files:  87% (3306/3799)
Updating files:  88% (3344/3799)
Updating files:  89% (3382/3799)
Updating files:  90% (3420/3799)
Updating files:  91% (3458/3799)
Updating files:  92% (3496/3799)
Updating files:  93% (3534/3799)
Updating files:  94% (3572/3799)
Updating files:  95% (3610/3799)
Updating files:  96% (3648/3799)
Updating files:  97% (3686/3799)
Updating files:  98% (3724/3799)
Updating files:  99% (3762/3799)
Updating files: 100% (3799/3799)
Updating files: 100% (3799/3799), done.

== Checking out commit hash 145e292c5be8e8f75f85e7d3b107ba93a69fb321 ==
<span style="color:#268BD2">&gt; /usr/bin/git reset --hard 145e292c5be8e8f75f85e7d3b107ba93a69fb321</span>
HEAD is now at 145e292 Pilote avant le test 31 : premiers résultats bruts (graine 100 de P1, P2, P3), publiés dès leur écriture
