Receiving objects:  96% (3973/4138), 931.84 MiB | 9.48 MiB/s
Receiving objects:  97% (4014/4138), 931.84 MiB | 9.48 MiB/s
Receiving objects:  98% (4056/4138), 931.84 MiB | 9.48 MiB/s
Receiving objects:  99% (4097/4138), 931.84 MiB | 9.48 MiB/s
remote: Total 4138 (delta 1476), reused 3830 (delta 1413), pack-reused 0 (from 0)        
Receiving objects: 100% (4138/4138), 931.84 MiB | 9.48 MiB/s
Receiving objects: 100% (4138/4138), 933.67 MiB | 14.75 MiB/s, done.
Resolving deltas:   0% (0/1476)
Resolving deltas:   1% (15/1476)
Resolving deltas:   2% (30/1476)
Resolving deltas:   3% (45/1476)
Resolving deltas:   4% (60/1476)
Resolving deltas:   5% (74/1476)
Resolving deltas:   6% (89/1476)
Resolving deltas:   7% (104/1476)
Resolving deltas:   8% (119/1476)
Resolving deltas:   9% (133/1476)
Resolving deltas:  10% (148/1476)
Resolving deltas:  11% (163/1476)
Resolving deltas:  12% (178/1476)
Resolving deltas:  13% (192/1476)
Resolving deltas:  14% (207/1476)
Resolving deltas:  15% (222/1476)
Resolving deltas:  16% (237/1476)
Resolving deltas:  17% (251/1476)
Resolving deltas:  18% (266/1476)
Resolving deltas:  19% (281/1476)
Resolving deltas:  20% (296/1476)
Resolving deltas:  21% (310/1476)
Resolving deltas:  22% (325/1476)
Resolving deltas:  23% (340/1476)
Resolving deltas:  24% (355/1476)
Resolving deltas:  25% (369/1476)
Resolving deltas:  26% (384/1476)
Resolving deltas:  27% (399/1476)
Resolving deltas:  28% (414/1476)
Resolving deltas:  29% (429/1476)
Resolving deltas:  30% (443/1476)
Resolving deltas:  31% (458/1476)
Resolving deltas:  32% (474/1476)
Resolving deltas:  33% (488/1476)
Resolving deltas:  34% (502/1476)
Resolving deltas:  35% (517/1476)
Resolving deltas:  36% (532/1476)
Resolving deltas:  37% (547/1476)
Resolving deltas:  38% (561/1476)
Resolving deltas:  39% (576/1476)
Resolving deltas:  40% (591/1476)
Resolving deltas:  41% (606/1476)
Resolving deltas:  42% (620/1476)
Resolving deltas:  43% (635/1476)
Resolving deltas:  44% (650/1476)
Resolving deltas:  45% (665/1476)
Resolving deltas:  46% (679/1476)
Resolving deltas:  47% (694/1476)
Resolving deltas:  48% (709/1476)
Resolving deltas:  49% (724/1476)
Resolving deltas:  50% (738/1476)
Resolving deltas:  51% (753/1476)
Resolving deltas:  52% (768/1476)
Resolving deltas:  53% (783/1476)
Resolving deltas:  54% (798/1476)
Resolving deltas:  55% (812/1476)
Resolving deltas:  56% (827/1476)
Resolving deltas:  57% (842/1476)
Resolving deltas:  58% (857/1476)
Resolving deltas:  59% (871/1476)
Resolving deltas:  60% (886/1476)
Resolving deltas:  61% (901/1476)
Resolving deltas:  62% (916/1476)
Resolving deltas:  63% (930/1476)
Resolving deltas:  64% (945/1476)
Resolving deltas:  65% (960/1476)
Resolving deltas:  66% (975/1476)
Resolving deltas:  67% (989/1476)
Resolving deltas:  68% (1004/1476)
Resolving deltas:  69% (1019/1476)
Resolving deltas:  70% (1034/1476)
Resolving deltas:  71% (1048/1476)
Resolving deltas:  72% (1063/1476)
Resolving deltas:  73% (1078/1476)
Resolving deltas:  74% (1093/1476)
Resolving deltas:  75% (1107/1476)
Resolving deltas:  76% (1122/1476)
Resolving deltas:  77% (1137/1476)
Resolving deltas:  78% (1152/1476)
Resolving deltas:  79% (1167/1476)
Resolving deltas:  80% (1181/1476)
Resolving deltas:  81% (1196/1476)
Resolving deltas:  82% (1211/1476)
Resolving deltas:  83% (1226/1476)
Resolving deltas:  84% (1240/1476)
Resolving deltas:  85% (1255/1476)
Resolving deltas:  86% (1270/1476)
Resolving deltas:  87% (1285/1476)
Resolving deltas:  88% (1299/1476)
Resolving deltas:  89% (1314/1476)
Resolving deltas:  90% (1329/1476)
Resolving deltas:  91% (1344/1476)
Resolving deltas:  92% (1358/1476)
Resolving deltas:  93% (1373/1476)
Resolving deltas:  94% (1388/1476)
Resolving deltas:  95% (1403/1476)
Resolving deltas:  96% (1417/1476)
Resolving deltas:  97% (1432/1476)
Resolving deltas:  98% (1447/1476)
Resolving deltas:  99% (1462/1476)
Resolving deltas: 100% (1476/1476)
Resolving deltas: 100% (1476/1476), done.
Updating files:  20% (715/3571)
Updating files:  21% (750/3571)
Updating files:  22% (786/3571)
Updating files:  23% (822/3571)
Updating files:  24% (858/3571)
Updating files:  25% (893/3571)
Updating files:  26% (929/3571)
Updating files:  27% (965/3571)
Updating files:  28% (1000/3571)
Updating files:  29% (1036/3571)
Updating files:  30% (1072/3571)
Updating files:  31% (1108/3571)
Updating files:  32% (1143/3571)
Updating files:  33% (1179/3571)
Updating files:  34% (1215/3571)
Updating files:  35% (1250/3571)
Updating files:  36% (1286/3571)
Updating files:  36% (1305/3571)
Updating files:  37% (1322/3571)
Updating files:  38% (1357/3571)
Updating files:  39% (1393/3571)
Updating files:  40% (1429/3571)
Updating files:  41% (1465/3571)
Updating files:  42% (1500/3571)
Updating files:  42% (1527/3571)
Updating files:  43% (1536/3571)
Updating files:  44% (1572/3571)
Updating files:  44% (1606/3571)
Updating files:  45% (1607/3571)
Updating files:  46% (1643/3571)
Updating files:  47% (1679/3571)
Updating files:  48% (1715/3571)
Updating files:  49% (1750/3571)
Updating files:  50% (1786/3571)
Updating files:  50% (1788/3571)
Updating files:  51% (1822/3571)
Updating files:  52% (1857/3571)
Updating files:  53% (1893/3571)
Updating files:  54% (1929/3571)
Updating files:  55% (1965/3571)
Updating files:  56% (2000/3571)
Updating files:  57% (2036/3571)
Updating files:  57% (2043/3571)
Updating files:  58% (2072/3571)
Updating files:  59% (2107/3571)
Updating files:  60% (2143/3571)
Updating files:  61% (2179/3571)
Updating files:  62% (2215/3571)
Updating files:  63% (2250/3571)
Updating files:  64% (2286/3571)
Updating files:  65% (2322/3571)
Updating files:  66% (2357/3571)
Updating files:  67% (2393/3571)
Updating files:  68% (2429/3571)
Updating files:  69% (2464/3571)
Updating files:  70% (2500/3571)
Updating files:  71% (2536/3571)
Updating files:  72% (2572/3571)
Updating files:  73% (2607/3571)
Updating files:  74% (2643/3571)
Updating files:  75% (2679/3571)
Updating files:  76% (2714/3571)
Updating files:  77% (2750/3571)
Updating files:  78% (2786/3571)
Updating files:  79% (2822/3571)
Updating files:  80% (2857/3571)
Updating files:  81% (2893/3571)
Updating files:  82% (2929/3571)
Updating files:  83% (2964/3571)
Updating files:  84% (3000/3571)
Updating files:  85% (3036/3571)
Updating files:  86% (3072/3571)
Updating files:  87% (3107/3571)
Updating files:  88% (3143/3571)
Updating files:  89% (3179/3571)
Updating files:  90% (3214/3571)
Updating files:  91% (3250/3571)
Updating files:  92% (3286/3571)
Updating files:  93% (3322/3571)
Updating files:  94% (3357/3571)
Updating files:  95% (3393/3571)
Updating files:  96% (3429/3571)
Updating files:  97% (3464/3571)
Updating files:  98% (3500/3571)
Updating files:  99% (3536/3571)
Updating files: 100% (3571/3571)
Updating files: 100% (3571/3571), done.

== Checking out commit hash 1edb4bd1814e7c5f47db5c1b74b0b946ecaf4bcd ==
<span style="color:#268BD2">&gt; /usr/bin/git reset --hard 1edb4bd1814e7c5f47db5c1b74b0b946ecaf4bcd</span>
HEAD is now at 1edb4bd Relais, demande 101 : test 22, B de 2 001 vers 4 000 itérations (par morceaux)
