Receiving objects:  89% (3046/3422), 542.74 MiB | 5.40 MiB/s
Receiving objects:  90% (3080/3422), 542.74 MiB | 5.40 MiB/s
Receiving objects:  91% (3115/3422), 542.74 MiB | 5.40 MiB/s
Receiving objects:  92% (3149/3422), 542.74 MiB | 5.40 MiB/s
Receiving objects:  93% (3183/3422), 542.74 MiB | 5.40 MiB/s
Receiving objects:  94% (3217/3422), 542.74 MiB | 5.40 MiB/s
remote: Total 3422 (delta 1185), reused 3133 (delta 1095), pack-reused 0 (from 0)        
Receiving objects:  95% (3251/3422), 542.74 MiB | 5.40 MiB/s
Receiving objects:  96% (3286/3422), 542.74 MiB | 5.40 MiB/s
Receiving objects:  97% (3320/3422), 542.74 MiB | 5.40 MiB/s
Receiving objects:  98% (3354/3422), 542.74 MiB | 5.40 MiB/s
Receiving objects:  99% (3388/3422), 542.74 MiB | 5.40 MiB/s
Receiving objects: 100% (3422/3422), 542.74 MiB | 5.40 MiB/s
Receiving objects: 100% (3422/3422), 543.65 MiB | 3.36 MiB/s, done.
Resolving deltas:   0% (0/1185)
Resolving deltas:   1% (12/1185)
Resolving deltas:   2% (24/1185)
Resolving deltas:   3% (36/1185)
Resolving deltas:   4% (48/1185)
Resolving deltas:   5% (60/1185)
Resolving deltas:   6% (72/1185)
Resolving deltas:   7% (83/1185)
Resolving deltas:   8% (95/1185)
Resolving deltas:   9% (107/1185)
Resolving deltas:  10% (119/1185)
Resolving deltas:  11% (131/1185)
Resolving deltas:  12% (143/1185)
Resolving deltas:  13% (155/1185)
Resolving deltas:  14% (166/1185)
Resolving deltas:  15% (178/1185)
Resolving deltas:  16% (191/1185)
Resolving deltas:  17% (202/1185)
Resolving deltas:  18% (214/1185)
Resolving deltas:  19% (226/1185)
Resolving deltas:  20% (237/1185)
Resolving deltas:  21% (249/1185)
Resolving deltas:  22% (261/1185)
Resolving deltas:  23% (273/1185)
Resolving deltas:  24% (285/1185)
Resolving deltas:  25% (297/1185)
Resolving deltas:  26% (309/1185)
Resolving deltas:  27% (320/1185)
Resolving deltas:  28% (332/1185)
Resolving deltas:  29% (344/1185)
Resolving deltas:  30% (356/1185)
Resolving deltas:  31% (368/1185)
Resolving deltas:  32% (380/1185)
Resolving deltas:  33% (392/1185)
Resolving deltas:  34% (403/1185)
Resolving deltas:  35% (415/1185)
Resolving deltas:  36% (427/1185)
Resolving deltas:  37% (439/1185)
Resolving deltas:  38% (451/1185)
Resolving deltas:  39% (463/1185)
Resolving deltas:  40% (474/1185)
Resolving deltas:  41% (486/1185)
Resolving deltas:  42% (498/1185)
Resolving deltas:  43% (510/1185)
Resolving deltas:  44% (522/1185)
Resolving deltas:  45% (534/1185)
Resolving deltas:  46% (546/1185)
Resolving deltas:  47% (557/1185)
Resolving deltas:  48% (569/1185)
Resolving deltas:  49% (581/1185)
Resolving deltas:  50% (593/1185)
Resolving deltas:  51% (605/1185)
Resolving deltas:  52% (617/1185)
Resolving deltas:  53% (629/1185)
Resolving deltas:  54% (640/1185)
Resolving deltas:  55% (652/1185)
Resolving deltas:  56% (664/1185)
Resolving deltas:  57% (676/1185)
Resolving deltas:  58% (688/1185)
Resolving deltas:  59% (700/1185)
Resolving deltas:  60% (712/1185)
Resolving deltas:  61% (723/1185)
Resolving deltas:  62% (735/1185)
Resolving deltas:  63% (747/1185)
Resolving deltas:  64% (759/1185)
Resolving deltas:  65% (771/1185)
Resolving deltas:  66% (783/1185)
Resolving deltas:  67% (794/1185)
Resolving deltas:  68% (806/1185)
Resolving deltas:  69% (818/1185)
Resolving deltas:  70% (830/1185)
Resolving deltas:  71% (842/1185)
Resolving deltas:  72% (854/1185)
Resolving deltas:  73% (866/1185)
Resolving deltas:  74% (877/1185)
Resolving deltas:  75% (889/1185)
Resolving deltas:  76% (901/1185)
Resolving deltas:  77% (913/1185)
Resolving deltas:  78% (926/1185)
Resolving deltas:  79% (937/1185)
Resolving deltas:  80% (948/1185)
Resolving deltas:  81% (960/1185)
Resolving deltas:  82% (972/1185)
Resolving deltas:  83% (984/1185)
Resolving deltas:  84% (996/1185)
Resolving deltas:  85% (1008/1185)
Resolving deltas:  86% (1020/1185)
Resolving deltas:  87% (1031/1185)
Resolving deltas:  88% (1043/1185)
Resolving deltas:  89% (1055/1185)
Resolving deltas:  90% (1067/1185)
Resolving deltas:  91% (1079/1185)
Resolving deltas:  92% (1091/1185)
Resolving deltas:  93% (1103/1185)
Resolving deltas:  94% (1114/1185)
Resolving deltas:  95% (1126/1185)
Resolving deltas:  96% (1138/1185)
Resolving deltas:  97% (1150/1185)
Resolving deltas:  98% (1162/1185)
Resolving deltas:  99% (1174/1185)
Resolving deltas: 100% (1185/1185)
Resolving deltas: 100% (1185/1185), done.
Updating files:  24% (719/2898)
Updating files:  25% (725/2898)
Updating files:  26% (754/2898)
Updating files:  27% (783/2898)
Updating files:  28% (812/2898)
Updating files:  29% (841/2898)
Updating files:  30% (870/2898)
Updating files:  31% (899/2898)
Updating files:  32% (928/2898)
Updating files:  33% (957/2898)
Updating files:  34% (986/2898)
Updating files:  35% (1015/2898)
Updating files:  36% (1044/2898)
Updating files:  37% (1073/2898)
Updating files:  38% (1102/2898)
Updating files:  39% (1131/2898)
Updating files:  40% (1160/2898)
Updating files:  41% (1189/2898)
Updating files:  42% (1218/2898)
Updating files:  43% (1247/2898)
Updating files:  44% (1276/2898)
Updating files:  44% (1288/2898)
Updating files:  45% (1305/2898)
Updating files:  46% (1334/2898)
Updating files:  47% (1363/2898)
Updating files:  48% (1392/2898)
Updating files:  49% (1421/2898)
Updating files:  50% (1449/2898)
Updating files:  51% (1478/2898)
Updating files:  52% (1507/2898)
Updating files:  53% (1536/2898)
Updating files:  54% (1565/2898)
Updating files:  55% (1594/2898)
Updating files:  56% (1623/2898)
Updating files:  57% (1652/2898)
Updating files:  58% (1681/2898)
Updating files:  59% (1710/2898)
Updating files:  59% (1723/2898)
Updating files:  60% (1739/2898)
Updating files:  61% (1768/2898)
Updating files:  62% (1797/2898)
Updating files:  63% (1826/2898)
Updating files:  64% (1855/2898)
Updating files:  65% (1884/2898)
Updating files:  66% (1913/2898)
Updating files:  67% (1942/2898)
Updating files:  68% (1971/2898)
Updating files:  69% (2000/2898)
Updating files:  70% (2029/2898)
Updating files:  71% (2058/2898)
Updating files:  72% (2087/2898)
Updating files:  73% (2116/2898)
Updating files:  74% (2145/2898)
Updating files:  75% (2174/2898)
Updating files:  76% (2203/2898)
Updating files:  77% (2232/2898)
Updating files:  78% (2261/2898)
Updating files:  79% (2290/2898)
Updating files:  80% (2319/2898)
Updating files:  81% (2348/2898)
Updating files:  82% (2377/2898)
Updating files:  83% (2406/2898)
Updating files:  84% (2435/2898)
Updating files:  85% (2464/2898)
Updating files:  86% (2493/2898)
Updating files:  87% (2522/2898)
Updating files:  88% (2551/2898)
Updating files:  89% (2580/2898)
Updating files:  90% (2609/2898)
Updating files:  91% (2638/2898)
Updating files:  92% (2667/2898)
Updating files:  93% (2696/2898)
Updating files:  94% (2725/2898)
Updating files:  95% (2754/2898)
Updating files:  96% (2783/2898)
Updating files:  97% (2812/2898)
Updating files:  98% (2841/2898)
Updating files:  99% (2870/2898)
Updating files: 100% (2898/2898)
Updating files: 100% (2898/2898), done.

== Checking out commit hash 05dd8a91d5310f26e1f53564d1df843d694a2a5a ==
<span style="color:#268BD2">&gt; /usr/bin/git reset --hard 05dd8a91d5310f26e1f53564d1df843d694a2a5a</span>
HEAD is now at 05dd8a9 Relais, demande 65 : le lecteur de l'agent du monde à deux (ses propres besoins, sous le masque)
