Receiving objects:  75% (2282/3042), 287.98 MiB | 39.23 MiB/s
Receiving objects:  76% (2312/3042), 287.98 MiB | 39.23 MiB/s
Receiving objects:  77% (2343/3042), 287.98 MiB | 39.23 MiB/s
Receiving objects:  78% (2373/3042), 287.98 MiB | 39.23 MiB/s
Receiving objects:  79% (2404/3042), 287.98 MiB | 39.23 MiB/s
Receiving objects:  80% (2434/3042), 287.98 MiB | 39.23 MiB/s
Receiving objects:  81% (2465/3042), 287.98 MiB | 39.23 MiB/s
Receiving objects:  82% (2495/3042), 287.98 MiB | 39.23 MiB/s
Receiving objects:  83% (2525/3042), 287.98 MiB | 39.23 MiB/s
Receiving objects:  84% (2556/3042), 287.98 MiB | 39.23 MiB/s
Receiving objects:  85% (2586/3042), 287.98 MiB | 39.23 MiB/s
Receiving objects:  86% (2617/3042), 287.98 MiB | 39.23 MiB/s
Receiving objects:  87% (2647/3042), 287.98 MiB | 39.23 MiB/s
Receiving objects:  88% (2677/3042), 287.98 MiB | 39.23 MiB/s
Receiving objects:  89% (2708/3042), 287.98 MiB | 39.23 MiB/s
Receiving objects:  90% (2738/3042), 287.98 MiB | 39.23 MiB/s
Receiving objects:  91% (2769/3042), 287.98 MiB | 39.23 MiB/s
remote: Total 3042 (delta 1072), reused 2813 (delta 1014), pack-reused 0 (from 0)        
Receiving objects:  92% (2799/3042), 287.98 MiB | 39.23 MiB/s
Receiving objects:  93% (2830/3042), 287.98 MiB | 39.23 MiB/s
Receiving objects:  94% (2860/3042), 287.98 MiB | 39.23 MiB/s
Receiving objects:  95% (2890/3042), 287.98 MiB | 39.23 MiB/s
Receiving objects:  96% (2921/3042), 287.98 MiB | 39.23 MiB/s
Receiving objects:  97% (2951/3042), 287.98 MiB | 39.23 MiB/s
Receiving objects:  98% (2982/3042), 287.98 MiB | 39.23 MiB/s
Receiving objects:  99% (3012/3042), 287.98 MiB | 39.23 MiB/s
Receiving objects: 100% (3042/3042), 287.98 MiB | 39.23 MiB/s
Receiving objects: 100% (3042/3042), 300.98 MiB | 41.51 MiB/s, done.
Resolving deltas:   0% (0/1072)
Resolving deltas:   1% (11/1072)
Resolving deltas:   2% (22/1072)
Resolving deltas:   3% (33/1072)
Resolving deltas:   4% (44/1072)
Resolving deltas:   5% (54/1072)
Resolving deltas:   6% (66/1072)
Resolving deltas:   7% (76/1072)
Resolving deltas:   8% (86/1072)
Resolving deltas:   9% (97/1072)
Resolving deltas:  10% (108/1072)
Resolving deltas:  11% (118/1072)
Resolving deltas:  12% (129/1072)
Resolving deltas:  13% (140/1072)
Resolving deltas:  14% (151/1072)
Resolving deltas:  15% (161/1072)
Resolving deltas:  16% (172/1072)
Resolving deltas:  17% (183/1072)
Resolving deltas:  18% (193/1072)
Resolving deltas:  19% (204/1072)
Resolving deltas:  20% (215/1072)
Resolving deltas:  21% (226/1072)
Resolving deltas:  22% (236/1072)
Resolving deltas:  23% (247/1072)
Resolving deltas:  24% (258/1072)
Resolving deltas:  25% (268/1072)
Resolving deltas:  26% (279/1072)
Resolving deltas:  27% (290/1072)
Resolving deltas:  28% (301/1072)
Resolving deltas:  29% (311/1072)
Resolving deltas:  30% (322/1072)
Resolving deltas:  31% (333/1072)
Resolving deltas:  32% (344/1072)
Resolving deltas:  33% (354/1072)
Resolving deltas:  34% (365/1072)
Resolving deltas:  35% (376/1072)
Resolving deltas:  36% (386/1072)
Resolving deltas:  37% (397/1072)
Resolving deltas:  38% (408/1072)
Resolving deltas:  39% (419/1072)
Resolving deltas:  40% (429/1072)
Resolving deltas:  41% (440/1072)
Resolving deltas:  42% (451/1072)
Resolving deltas:  43% (462/1072)
Resolving deltas:  44% (472/1072)
Resolving deltas:  45% (483/1072)
Resolving deltas:  46% (494/1072)
Resolving deltas:  47% (504/1072)
Resolving deltas:  48% (515/1072)
Resolving deltas:  49% (526/1072)
Resolving deltas:  50% (536/1072)
Resolving deltas:  51% (547/1072)
Resolving deltas:  52% (558/1072)
Resolving deltas:  53% (569/1072)
Resolving deltas:  54% (579/1072)
Resolving deltas:  55% (590/1072)
Resolving deltas:  56% (601/1072)
Resolving deltas:  57% (612/1072)
Resolving deltas:  58% (622/1072)
Resolving deltas:  59% (633/1072)
Resolving deltas:  60% (644/1072)
Resolving deltas:  61% (654/1072)
Resolving deltas:  62% (665/1072)
Resolving deltas:  63% (676/1072)
Resolving deltas:  64% (688/1072)
Resolving deltas:  65% (697/1072)
Resolving deltas:  66% (708/1072)
Resolving deltas:  67% (719/1072)
Resolving deltas:  68% (729/1072)
Resolving deltas:  69% (740/1072)
Resolving deltas:  70% (751/1072)
Resolving deltas:  71% (763/1072)
Resolving deltas:  72% (772/1072)
Resolving deltas:  73% (783/1072)
Resolving deltas:  74% (794/1072)
Resolving deltas:  75% (804/1072)
Resolving deltas:  76% (815/1072)
Resolving deltas:  77% (826/1072)
Resolving deltas:  78% (838/1072)
Resolving deltas:  79% (847/1072)
Resolving deltas:  80% (858/1072)
Resolving deltas:  81% (869/1072)
Resolving deltas:  82% (880/1072)
Resolving deltas:  83% (890/1072)
Resolving deltas:  84% (902/1072)
Resolving deltas:  85% (912/1072)
Resolving deltas:  86% (922/1072)
Resolving deltas:  87% (933/1072)
Resolving deltas:  88% (944/1072)
Resolving deltas:  89% (955/1072)
Resolving deltas:  90% (965/1072)
Resolving deltas:  91% (976/1072)
Resolving deltas:  92% (987/1072)
Resolving deltas:  93% (997/1072)
Resolving deltas:  94% (1008/1072)
Resolving deltas:  95% (1019/1072)
Resolving deltas:  96% (1030/1072)
Resolving deltas:  97% (1040/1072)
Resolving deltas:  98% (1051/1072)
Resolving deltas:  99% (1062/1072)
Resolving deltas: 100% (1072/1072)
Resolving deltas: 100% (1072/1072), done.
Updating files:  36% (914/2493)
Updating files:  37% (923/2493)
Updating files:  38% (948/2493)
Updating files:  39% (973/2493)
Updating files:  40% (998/2493)
Updating files:  41% (1023/2493)
Updating files:  42% (1048/2493)
Updating files:  43% (1072/2493)
Updating files:  44% (1097/2493)
Updating files:  45% (1122/2493)
Updating files:  46% (1147/2493)
Updating files:  47% (1172/2493)
Updating files:  48% (1197/2493)
Updating files:  49% (1222/2493)
Updating files:  50% (1247/2493)
Updating files:  51% (1272/2493)
Updating files:  52% (1297/2493)
Updating files:  53% (1322/2493)
Updating files:  54% (1347/2493)
Updating files:  55% (1372/2493)
Updating files:  56% (1397/2493)
Updating files:  57% (1422/2493)
Updating files:  58% (1446/2493)
Updating files:  59% (1471/2493)
Updating files:  60% (1496/2493)
Updating files:  61% (1521/2493)
Updating files:  62% (1546/2493)
Updating files:  63% (1571/2493)
Updating files:  64% (1596/2493)
Updating files:  65% (1621/2493)
Updating files:  66% (1646/2493)
Updating files:  67% (1671/2493)
Updating files:  68% (1696/2493)
Updating files:  69% (1721/2493)
Updating files:  70% (1746/2493)
Updating files:  71% (1771/2493)
Updating files:  72% (1795/2493)
Updating files:  73% (1820/2493)
Updating files:  74% (1845/2493)
Updating files:  75% (1870/2493)
Updating files:  76% (1895/2493)
Updating files:  77% (1920/2493)
Updating files:  78% (1945/2493)
Updating files:  79% (1970/2493)
Updating files:  80% (1995/2493)
Updating files:  81% (2020/2493)
Updating files:  82% (2045/2493)
Updating files:  83% (2070/2493)
Updating files:  84% (2095/2493)
Updating files:  85% (2120/2493)
Updating files:  86% (2144/2493)
Updating files:  87% (2169/2493)
Updating files:  88% (2194/2493)
Updating files:  89% (2219/2493)
Updating files:  90% (2244/2493)
Updating files:  91% (2269/2493)
Updating files:  92% (2294/2493)
Updating files:  93% (2319/2493)
Updating files:  94% (2344/2493)
Updating files:  95% (2369/2493)
Updating files:  96% (2394/2493)
Updating files:  97% (2419/2493)
Updating files:  98% (2444/2493)
Updating files:  99% (2469/2493)
Updating files: 100% (2493/2493)
Updating files: 100% (2493/2493), done.

== Checking out commit hash 05ab0105f68b7469d2302e885562aae081dee69f ==
<span style="color:#268BD2">&gt; /usr/bin/git reset --hard 05ab0105f68b7469d2302e885562aae081dee69f</span>
HEAD is now at 05ab010 Publier l'étape 5 de la graine 29, relancer celle de la graine 23 après une panne matérielle, demande 38
