Receiving objects:  84% (2692/3204), 383.18 MiB | 6.32 MiB/s
Receiving objects:  85% (2724/3204), 383.18 MiB | 6.32 MiB/s
Receiving objects:  86% (2756/3204), 383.18 MiB | 6.32 MiB/s
Receiving objects:  87% (2788/3204), 383.18 MiB | 6.32 MiB/s
Receiving objects:  88% (2820/3204), 383.18 MiB | 6.32 MiB/s
Receiving objects:  89% (2852/3204), 383.18 MiB | 6.32 MiB/s
Receiving objects:  90% (2884/3204), 383.18 MiB | 6.32 MiB/s
Receiving objects:  91% (2916/3204), 383.18 MiB | 6.32 MiB/s
Receiving objects:  92% (2948/3204), 383.18 MiB | 6.32 MiB/s
Receiving objects:  93% (2980/3204), 383.18 MiB | 6.32 MiB/s
Receiving objects:  94% (3012/3204), 383.18 MiB | 6.32 MiB/s
remote: Total 3204 (delta 1110), reused 2936 (delta 1021), pack-reused 0 (from 0)        
Receiving objects:  95% (3044/3204), 383.18 MiB | 6.32 MiB/s
Receiving objects:  96% (3076/3204), 383.18 MiB | 6.32 MiB/s
Receiving objects:  97% (3108/3204), 383.18 MiB | 6.32 MiB/s
Receiving objects:  98% (3140/3204), 383.18 MiB | 6.32 MiB/s
Receiving objects:  99% (3172/3204), 383.18 MiB | 6.32 MiB/s
Receiving objects: 100% (3204/3204), 383.18 MiB | 6.32 MiB/s
Receiving objects: 100% (3204/3204), 385.95 MiB | 6.42 MiB/s, done.
Resolving deltas:   0% (0/1110)
Resolving deltas:   1% (12/1110)
Resolving deltas:   2% (23/1110)
Resolving deltas:   3% (34/1110)
Resolving deltas:   4% (45/1110)
Resolving deltas:   5% (56/1110)
Resolving deltas:   6% (67/1110)
Resolving deltas:   7% (79/1110)
Resolving deltas:   8% (89/1110)
Resolving deltas:   9% (100/1110)
Resolving deltas:  10% (111/1110)
Resolving deltas:  11% (123/1110)
Resolving deltas:  12% (134/1110)
Resolving deltas:  13% (145/1110)
Resolving deltas:  14% (156/1110)
Resolving deltas:  15% (167/1110)
Resolving deltas:  16% (178/1110)
Resolving deltas:  17% (189/1110)
Resolving deltas:  18% (200/1110)
Resolving deltas:  19% (212/1110)
Resolving deltas:  20% (222/1110)
Resolving deltas:  21% (234/1110)
Resolving deltas:  22% (245/1110)
Resolving deltas:  23% (256/1110)
Resolving deltas:  24% (267/1110)
Resolving deltas:  25% (278/1110)
Resolving deltas:  26% (289/1110)
Resolving deltas:  27% (300/1110)
Resolving deltas:  28% (311/1110)
Resolving deltas:  29% (322/1110)
Resolving deltas:  30% (333/1110)
Resolving deltas:  31% (345/1110)
Resolving deltas:  32% (356/1110)
Resolving deltas:  33% (367/1110)
Resolving deltas:  34% (378/1110)
Resolving deltas:  35% (389/1110)
Resolving deltas:  36% (400/1110)
Resolving deltas:  37% (411/1110)
Resolving deltas:  38% (423/1110)
Resolving deltas:  39% (433/1110)
Resolving deltas:  40% (445/1110)
Resolving deltas:  41% (457/1110)
Resolving deltas:  42% (467/1110)
Resolving deltas:  43% (478/1110)
Resolving deltas:  44% (489/1110)
Resolving deltas:  45% (501/1110)
Resolving deltas:  46% (511/1110)
Resolving deltas:  47% (522/1110)
Resolving deltas:  48% (533/1110)
Resolving deltas:  49% (544/1110)
Resolving deltas:  50% (555/1110)
Resolving deltas:  51% (567/1110)
Resolving deltas:  52% (578/1110)
Resolving deltas:  53% (589/1110)
Resolving deltas:  54% (600/1110)
Resolving deltas:  55% (611/1110)
Resolving deltas:  56% (622/1110)
Resolving deltas:  57% (633/1110)
Resolving deltas:  58% (645/1110)
Resolving deltas:  59% (655/1110)
Resolving deltas:  60% (666/1110)
Resolving deltas:  61% (678/1110)
Resolving deltas:  62% (689/1110)
Resolving deltas:  63% (700/1110)
Resolving deltas:  64% (711/1110)
Resolving deltas:  65% (722/1110)
Resolving deltas:  66% (733/1110)
Resolving deltas:  67% (744/1110)
Resolving deltas:  68% (755/1110)
Resolving deltas:  69% (766/1110)
Resolving deltas:  70% (777/1110)
Resolving deltas:  71% (789/1110)
Resolving deltas:  72% (800/1110)
Resolving deltas:  73% (811/1110)
Resolving deltas:  74% (822/1110)
Resolving deltas:  75% (833/1110)
Resolving deltas:  76% (844/1110)
Resolving deltas:  77% (855/1110)
Resolving deltas:  78% (866/1110)
Resolving deltas:  79% (877/1110)
Resolving deltas:  80% (888/1110)
Resolving deltas:  81% (900/1110)
Resolving deltas:  82% (911/1110)
Resolving deltas:  83% (922/1110)
Resolving deltas:  84% (933/1110)
Resolving deltas:  85% (944/1110)
Resolving deltas:  86% (955/1110)
Resolving deltas:  87% (966/1110)
Resolving deltas:  88% (977/1110)
Resolving deltas:  89% (988/1110)
Resolving deltas:  90% (999/1110)
Resolving deltas:  91% (1011/1110)
Resolving deltas:  92% (1022/1110)
Resolving deltas:  93% (1033/1110)
Resolving deltas:  94% (1044/1110)
Resolving deltas:  95% (1055/1110)
Resolving deltas:  96% (1066/1110)
Resolving deltas:  97% (1077/1110)
Resolving deltas:  98% (1088/1110)
Resolving deltas:  99% (1099/1110)
Resolving deltas: 100% (1110/1110)
Resolving deltas: 100% (1110/1110), done.
Updating files:  30% (826/2694)
Updating files:  31% (836/2694)
Updating files:  32% (863/2694)
Updating files:  33% (890/2694)
Updating files:  34% (916/2694)
Updating files:  35% (943/2694)
Updating files:  36% (970/2694)
Updating files:  37% (997/2694)
Updating files:  37% (1003/2694)
Updating files:  38% (1024/2694)
Updating files:  39% (1051/2694)
Updating files:  40% (1078/2694)
Updating files:  41% (1105/2694)
Updating files:  42% (1132/2694)
Updating files:  43% (1159/2694)
Updating files:  43% (1175/2694)
Updating files:  44% (1186/2694)
Updating files:  45% (1213/2694)
Updating files:  46% (1240/2694)
Updating files:  47% (1267/2694)
Updating files:  48% (1294/2694)
Updating files:  49% (1321/2694)
Updating files:  50% (1347/2694)
Updating files:  51% (1374/2694)
Updating files:  52% (1401/2694)
Updating files:  53% (1428/2694)
Updating files:  54% (1455/2694)
Updating files:  55% (1482/2694)
Updating files:  56% (1509/2694)
Updating files:  56% (1517/2694)
Updating files:  57% (1536/2694)
Updating files:  58% (1563/2694)
Updating files:  59% (1590/2694)
Updating files:  60% (1617/2694)
Updating files:  61% (1644/2694)
Updating files:  62% (1671/2694)
Updating files:  63% (1698/2694)
Updating files:  64% (1725/2694)
Updating files:  65% (1752/2694)
Updating files:  66% (1779/2694)
Updating files:  67% (1805/2694)
Updating files:  68% (1832/2694)
Updating files:  69% (1859/2694)
Updating files:  70% (1886/2694)
Updating files:  71% (1913/2694)
Updating files:  72% (1940/2694)
Updating files:  73% (1967/2694)
Updating files:  74% (1994/2694)
Updating files:  75% (2021/2694)
Updating files:  76% (2048/2694)
Updating files:  77% (2075/2694)
Updating files:  78% (2102/2694)
Updating files:  79% (2129/2694)
Updating files:  80% (2156/2694)
Updating files:  81% (2183/2694)
Updating files:  82% (2210/2694)
Updating files:  83% (2237/2694)
Updating files:  84% (2263/2694)
Updating files:  85% (2290/2694)
Updating files:  86% (2317/2694)
Updating files:  87% (2344/2694)
Updating files:  88% (2371/2694)
Updating files:  89% (2398/2694)
Updating files:  90% (2425/2694)
Updating files:  91% (2452/2694)
Updating files:  92% (2479/2694)
Updating files:  93% (2506/2694)
Updating files:  94% (2533/2694)
Updating files:  95% (2560/2694)
Updating files:  96% (2587/2694)
Updating files:  97% (2614/2694)
Updating files:  98% (2641/2694)
Updating files:  99% (2668/2694)
Updating files: 100% (2694/2694)
Updating files: 100% (2694/2694), done.

== Checking out commit hash e1ddfe217f08b68d31fea1a9aea6acc818987bd5 ==
<span style="color:#268BD2">&gt; /usr/bin/git reset --hard e1ddfe217f08b68d31fea1a9aea6acc818987bd5</span>
HEAD is now at e1ddfe2 Relais, demande 49 : apprendre à l'agent à dire son besoin (étape speak)
