Receiving objects:  99% (4148/4189), 975.30 MiB | 91.33 MiB/s
Receiving objects: 100% (4189/4189), 975.30 MiB | 91.33 MiB/s
Receiving objects: 100% (4189/4189), 994.89 MiB | 88.23 MiB/s, done.
Resolving deltas:   0% (0/1477)
Resolving deltas:   1% (15/1477)
Resolving deltas:   2% (30/1477)
Resolving deltas:   3% (45/1477)
Resolving deltas:   4% (60/1477)
Resolving deltas:   5% (74/1477)
Resolving deltas:   6% (89/1477)
Resolving deltas:   7% (104/1477)
Resolving deltas:   8% (119/1477)
Resolving deltas:   9% (133/1477)
Resolving deltas:  10% (148/1477)
Resolving deltas:  11% (163/1477)
Resolving deltas:  12% (178/1477)
Resolving deltas:  13% (193/1477)
Resolving deltas:  14% (207/1477)
Resolving deltas:  15% (222/1477)
Resolving deltas:  16% (237/1477)
Resolving deltas:  17% (252/1477)
Resolving deltas:  18% (266/1477)
Resolving deltas:  19% (281/1477)
Resolving deltas:  20% (296/1477)
Resolving deltas:  21% (311/1477)
Resolving deltas:  22% (325/1477)
Resolving deltas:  23% (340/1477)
Resolving deltas:  24% (355/1477)
Resolving deltas:  25% (370/1477)
Resolving deltas:  26% (386/1477)
Resolving deltas:  27% (399/1477)
Resolving deltas:  28% (414/1477)
Resolving deltas:  29% (429/1477)
Resolving deltas:  30% (444/1477)
Resolving deltas:  31% (458/1477)
Resolving deltas:  32% (473/1477)
Resolving deltas:  33% (488/1477)
Resolving deltas:  34% (503/1477)
Resolving deltas:  35% (517/1477)
Resolving deltas:  36% (532/1477)
Resolving deltas:  37% (547/1477)
Resolving deltas:  38% (562/1477)
Resolving deltas:  39% (578/1477)
Resolving deltas:  40% (592/1477)
Resolving deltas:  41% (606/1477)
Resolving deltas:  42% (621/1477)
Resolving deltas:  43% (636/1477)
Resolving deltas:  44% (650/1477)
Resolving deltas:  45% (665/1477)
Resolving deltas:  46% (680/1477)
Resolving deltas:  47% (695/1477)
Resolving deltas:  48% (709/1477)
Resolving deltas:  49% (724/1477)
Resolving deltas:  50% (739/1477)
Resolving deltas:  51% (754/1477)
Resolving deltas:  52% (769/1477)
Resolving deltas:  53% (783/1477)
Resolving deltas:  54% (798/1477)
Resolving deltas:  55% (813/1477)
Resolving deltas:  56% (828/1477)
Resolving deltas:  57% (842/1477)
Resolving deltas:  58% (857/1477)
Resolving deltas:  59% (872/1477)
Resolving deltas:  60% (887/1477)
Resolving deltas:  61% (901/1477)
Resolving deltas:  62% (916/1477)
Resolving deltas:  63% (931/1477)
Resolving deltas:  64% (947/1477)
Resolving deltas:  65% (961/1477)
Resolving deltas:  66% (975/1477)
Resolving deltas:  67% (991/1477)
Resolving deltas:  68% (1005/1477)
Resolving deltas:  69% (1020/1477)
Resolving deltas:  70% (1034/1477)
Resolving deltas:  71% (1049/1477)
Resolving deltas:  72% (1064/1477)
Resolving deltas:  73% (1079/1477)
Resolving deltas:  74% (1093/1477)
Resolving deltas:  75% (1108/1477)
Resolving deltas:  76% (1123/1477)
Resolving deltas:  77% (1138/1477)
Resolving deltas:  78% (1153/1477)
Resolving deltas:  79% (1167/1477)
Resolving deltas:  80% (1182/1477)
Resolving deltas:  81% (1197/1477)
Resolving deltas:  82% (1212/1477)
Resolving deltas:  83% (1226/1477)
Resolving deltas:  84% (1241/1477)
Resolving deltas:  85% (1256/1477)
Resolving deltas:  86% (1271/1477)
Resolving deltas:  87% (1285/1477)
Resolving deltas:  88% (1300/1477)
Resolving deltas:  89% (1315/1477)
Resolving deltas:  90% (1330/1477)
Resolving deltas:  91% (1345/1477)
Resolving deltas:  92% (1359/1477)
Resolving deltas:  93% (1374/1477)
Resolving deltas:  94% (1389/1477)
Resolving deltas:  95% (1404/1477)
Resolving deltas:  96% (1418/1477)
Resolving deltas:  97% (1433/1477)
Resolving deltas:  98% (1448/1477)
Resolving deltas:  99% (1463/1477)
Resolving deltas: 100% (1477/1477)
Resolving deltas: 100% (1477/1477), done.
Updating files:  19% (694/3628)
Updating files:  20% (726/3628)
Updating files:  21% (762/3628)
Updating files:  22% (799/3628)
Updating files:  23% (835/3628)
Updating files:  24% (871/3628)
Updating files:  25% (907/3628)
Updating files:  26% (944/3628)
Updating files:  27% (980/3628)
Updating files:  28% (1016/3628)
Updating files:  28% (1028/3628)
Updating files:  29% (1053/3628)
Updating files:  30% (1089/3628)
Updating files:  31% (1125/3628)
Updating files:  32% (1161/3628)
Updating files:  33% (1198/3628)
Updating files:  34% (1234/3628)
Updating files:  35% (1270/3628)
Updating files:  35% (1272/3628)
Updating files:  36% (1307/3628)
Updating files:  37% (1343/3628)
Updating files:  38% (1379/3628)
Updating files:  39% (1415/3628)
Updating files:  40% (1452/3628)
Updating files:  41% (1488/3628)
Updating files:  41% (1523/3628)
Updating files:  42% (1524/3628)
Updating files:  43% (1561/3628)
Updating files:  43% (1587/3628)
Updating files:  44% (1597/3628)
Updating files:  45% (1633/3628)
Updating files:  45% (1648/3628)
Updating files:  46% (1669/3628)
Updating files:  47% (1706/3628)
Updating files:  48% (1742/3628)
Updating files:  49% (1778/3628)
Updating files:  50% (1814/3628)
Updating files:  50% (1821/3628)
Updating files:  51% (1851/3628)
Updating files:  52% (1887/3628)
Updating files:  53% (1923/3628)
Updating files:  54% (1960/3628)
Updating files:  55% (1996/3628)
Updating files:  55% (2005/3628)
Updating files:  56% (2032/3628)
Updating files:  57% (2068/3628)
Updating files:  58% (2105/3628)
Updating files:  59% (2141/3628)
Updating files:  60% (2177/3628)
Updating files:  61% (2214/3628)
Updating files:  62% (2250/3628)
Updating files:  63% (2286/3628)
Updating files:  64% (2322/3628)
Updating files:  65% (2359/3628)
Updating files:  66% (2395/3628)
Updating files:  67% (2431/3628)
Updating files:  68% (2468/3628)
Updating files:  69% (2504/3628)
Updating files:  70% (2540/3628)
Updating files:  71% (2576/3628)
Updating files:  72% (2613/3628)
Updating files:  73% (2649/3628)
Updating files:  74% (2685/3628)
Updating files:  75% (2721/3628)
Updating files:  76% (2758/3628)
Updating files:  76% (2761/3628)
Updating files:  77% (2794/3628)
Updating files:  78% (2830/3628)
Updating files:  79% (2867/3628)
Updating files:  80% (2903/3628)
Updating files:  81% (2939/3628)
Updating files:  82% (2975/3628)
Updating files:  83% (3012/3628)
Updating files:  84% (3048/3628)
Updating files:  85% (3084/3628)
Updating files:  86% (3121/3628)
Updating files:  87% (3157/3628)
Updating files:  88% (3193/3628)
Updating files:  89% (3229/3628)
Updating files:  90% (3266/3628)
Updating files:  91% (3302/3628)
Updating files:  92% (3338/3628)
Updating files:  93% (3375/3628)
Updating files:  94% (3411/3628)
Updating files:  95% (3447/3628)
Updating files:  96% (3483/3628)
Updating files:  97% (3520/3628)
Updating files:  98% (3556/3628)
Updating files:  99% (3592/3628)
Updating files: 100% (3628/3628)
Updating files: 100% (3628/3628), done.

== Checking out commit hash 29d442fecf7c711d52e361377dc741ad24216e8f ==
<span style="color:#268BD2">&gt; /usr/bin/git reset --hard 29d442fecf7c711d52e361377dc741ad24216e8f</span>
HEAD is now at 29d442f Relais, demande 103 : test 26, A (porte) et B (actions) vers 2 000 itérations sur les textes du soulagement, par morceaux
