Receiving objects:  92% (3308/3595), 599.09 MiB | 37.57 MiB/s
Receiving objects:  93% (3344/3595), 599.09 MiB | 37.57 MiB/s
remote: Total 3595 (delta 1253), reused 3294 (delta 1155), pack-reused 0 (from 0)        
Receiving objects:  94% (3380/3595), 599.09 MiB | 37.57 MiB/s
Receiving objects:  95% (3416/3595), 599.09 MiB | 37.57 MiB/s
Receiving objects:  96% (3452/3595), 599.09 MiB | 37.57 MiB/s
Receiving objects:  97% (3488/3595), 599.09 MiB | 37.57 MiB/s
Receiving objects:  98% (3524/3595), 599.09 MiB | 37.57 MiB/s
Receiving objects:  99% (3560/3595), 599.09 MiB | 37.57 MiB/s
Receiving objects: 100% (3595/3595), 599.09 MiB | 37.57 MiB/s
Receiving objects: 100% (3595/3595), 600.38 MiB | 38.61 MiB/s, done.
Resolving deltas:   0% (0/1253)
Resolving deltas:   1% (13/1253)
Resolving deltas:   2% (26/1253)
Resolving deltas:   3% (38/1253)
Resolving deltas:   4% (51/1253)
Resolving deltas:   5% (63/1253)
Resolving deltas:   6% (76/1253)
Resolving deltas:   7% (88/1253)
Resolving deltas:   8% (101/1253)
Resolving deltas:   9% (113/1253)
Resolving deltas:  10% (126/1253)
Resolving deltas:  11% (138/1253)
Resolving deltas:  12% (151/1253)
Resolving deltas:  13% (163/1253)
Resolving deltas:  14% (176/1253)
Resolving deltas:  15% (188/1253)
Resolving deltas:  16% (201/1253)
Resolving deltas:  17% (214/1253)
Resolving deltas:  18% (226/1253)
Resolving deltas:  19% (239/1253)
Resolving deltas:  20% (251/1253)
Resolving deltas:  21% (264/1253)
Resolving deltas:  22% (276/1253)
Resolving deltas:  23% (289/1253)
Resolving deltas:  24% (301/1253)
Resolving deltas:  25% (314/1253)
Resolving deltas:  26% (326/1253)
Resolving deltas:  27% (339/1253)
Resolving deltas:  28% (351/1253)
Resolving deltas:  29% (364/1253)
Resolving deltas:  30% (376/1253)
Resolving deltas:  31% (389/1253)
Resolving deltas:  32% (401/1253)
Resolving deltas:  33% (414/1253)
Resolving deltas:  34% (427/1253)
Resolving deltas:  35% (439/1253)
Resolving deltas:  36% (452/1253)
Resolving deltas:  37% (464/1253)
Resolving deltas:  38% (477/1253)
Resolving deltas:  39% (489/1253)
Resolving deltas:  40% (502/1253)
Resolving deltas:  41% (514/1253)
Resolving deltas:  42% (527/1253)
Resolving deltas:  43% (539/1253)
Resolving deltas:  44% (552/1253)
Resolving deltas:  45% (564/1253)
Resolving deltas:  46% (577/1253)
Resolving deltas:  47% (589/1253)
Resolving deltas:  48% (602/1253)
Resolving deltas:  49% (614/1253)
Resolving deltas:  50% (627/1253)
Resolving deltas:  51% (640/1253)
Resolving deltas:  52% (652/1253)
Resolving deltas:  53% (665/1253)
Resolving deltas:  54% (677/1253)
Resolving deltas:  55% (690/1253)
Resolving deltas:  56% (703/1253)
Resolving deltas:  57% (715/1253)
Resolving deltas:  58% (727/1253)
Resolving deltas:  59% (740/1253)
Resolving deltas:  60% (753/1253)
Resolving deltas:  61% (765/1253)
Resolving deltas:  62% (777/1253)
Resolving deltas:  63% (790/1253)
Resolving deltas:  64% (802/1253)
Resolving deltas:  65% (815/1253)
Resolving deltas:  66% (827/1253)
Resolving deltas:  67% (840/1253)
Resolving deltas:  68% (853/1253)
Resolving deltas:  69% (865/1253)
Resolving deltas:  70% (878/1253)
Resolving deltas:  71% (891/1253)
Resolving deltas:  72% (903/1253)
Resolving deltas:  73% (915/1253)
Resolving deltas:  74% (928/1253)
Resolving deltas:  75% (940/1253)
Resolving deltas:  76% (953/1253)
Resolving deltas:  77% (965/1253)
Resolving deltas:  78% (978/1253)
Resolving deltas:  79% (990/1253)
Resolving deltas:  80% (1003/1253)
Resolving deltas:  81% (1015/1253)
Resolving deltas:  82% (1028/1253)
Resolving deltas:  83% (1040/1253)
Resolving deltas:  84% (1053/1253)
Resolving deltas:  85% (1066/1253)
Resolving deltas:  86% (1078/1253)
Resolving deltas:  87% (1091/1253)
Resolving deltas:  88% (1103/1253)
Resolving deltas:  89% (1116/1253)
Resolving deltas:  90% (1128/1253)
Resolving deltas:  91% (1141/1253)
Resolving deltas:  92% (1153/1253)
Resolving deltas:  93% (1166/1253)
Resolving deltas:  94% (1178/1253)
Resolving deltas:  95% (1191/1253)
Resolving deltas:  96% (1203/1253)
Resolving deltas:  97% (1216/1253)
Resolving deltas:  98% (1228/1253)
Resolving deltas:  99% (1241/1253)
Resolving deltas: 100% (1253/1253)
Resolving deltas: 100% (1253/1253), done.
Updating files:  22% (670/3041)
Updating files:  23% (700/3041)
Updating files:  24% (730/3041)
Updating files:  25% (761/3041)
Updating files:  26% (791/3041)
Updating files:  27% (822/3041)
Updating files:  28% (852/3041)
Updating files:  29% (882/3041)
Updating files:  30% (913/3041)
Updating files:  31% (943/3041)
Updating files:  32% (974/3041)
Updating files:  33% (1004/3041)
Updating files:  33% (1010/3041)
Updating files:  34% (1034/3041)
Updating files:  35% (1065/3041)
Updating files:  36% (1095/3041)
Updating files:  37% (1126/3041)
Updating files:  38% (1156/3041)
Updating files:  39% (1186/3041)
Updating files:  40% (1217/3041)
Updating files:  41% (1247/3041)
Updating files:  42% (1278/3041)
Updating files:  42% (1289/3041)
Updating files:  43% (1308/3041)
Updating files:  44% (1339/3041)
Updating files:  45% (1369/3041)
Updating files:  46% (1399/3041)
Updating files:  47% (1430/3041)
Updating files:  48% (1460/3041)
Updating files:  49% (1491/3041)
Updating files:  49% (1509/3041)
Updating files:  50% (1521/3041)
Updating files:  51% (1551/3041)
Updating files:  52% (1582/3041)
Updating files:  53% (1612/3041)
Updating files:  54% (1643/3041)
Updating files:  55% (1673/3041)
Updating files:  56% (1703/3041)
Updating files:  57% (1734/3041)
Updating files:  58% (1764/3041)
Updating files:  59% (1795/3041)
Updating files:  60% (1825/3041)
Updating files:  61% (1856/3041)
Updating files:  62% (1886/3041)
Updating files:  63% (1916/3041)
Updating files:  64% (1947/3041)
Updating files:  65% (1977/3041)
Updating files:  66% (2008/3041)
Updating files:  67% (2038/3041)
Updating files:  68% (2068/3041)
Updating files:  69% (2099/3041)
Updating files:  70% (2129/3041)
Updating files:  71% (2160/3041)
Updating files:  72% (2190/3041)
Updating files:  73% (2220/3041)
Updating files:  74% (2251/3041)
Updating files:  75% (2281/3041)
Updating files:  76% (2312/3041)
Updating files:  77% (2342/3041)
Updating files:  78% (2372/3041)
Updating files:  79% (2403/3041)
Updating files:  80% (2433/3041)
Updating files:  81% (2464/3041)
Updating files:  82% (2494/3041)
Updating files:  83% (2525/3041)
Updating files:  84% (2555/3041)
Updating files:  85% (2585/3041)
Updating files:  86% (2616/3041)
Updating files:  87% (2646/3041)
Updating files:  88% (2677/3041)
Updating files:  89% (2707/3041)
Updating files:  90% (2737/3041)
Updating files:  91% (2768/3041)
Updating files:  92% (2798/3041)
Updating files:  93% (2829/3041)
Updating files:  94% (2859/3041)
Updating files:  95% (2889/3041)
Updating files:  96% (2920/3041)
Updating files:  97% (2950/3041)
Updating files:  98% (2981/3041)
Updating files:  99% (3011/3041)
Updating files: 100% (3041/3041)
Updating files: 100% (3041/3041), done.

== Checking out commit hash 72a616b51f722ee8dc3f79017b37ca416b330772 ==
<span style="color:#268BD2">&gt; /usr/bin/git reset --hard 72a616b51f722ee8dc3f79017b37ca416b330772</span>
HEAD is now at 72a616b Relais, demande 75 : tranche 4 de l'agent du monde à deux (vies de test au bloc 22)
