Resolving deltas:   0% (0/1464)
Resolving deltas:   1% (17/1464)
Resolving deltas:   2% (30/1464)
Resolving deltas:   3% (44/1464)
Resolving deltas:   4% (59/1464)
Resolving deltas:   5% (74/1464)
Resolving deltas:   6% (88/1464)
Resolving deltas:   7% (103/1464)
Resolving deltas:   8% (118/1464)
Resolving deltas:   9% (132/1464)
Resolving deltas:  10% (147/1464)
Resolving deltas:  11% (162/1464)
Resolving deltas:  12% (176/1464)
Resolving deltas:  13% (191/1464)
Resolving deltas:  14% (205/1464)
Resolving deltas:  15% (220/1464)
Resolving deltas:  16% (235/1464)
Resolving deltas:  17% (249/1464)
Resolving deltas:  18% (264/1464)
Resolving deltas:  19% (279/1464)
Resolving deltas:  20% (293/1464)
Resolving deltas:  21% (308/1464)
Resolving deltas:  22% (323/1464)
Resolving deltas:  23% (337/1464)
Resolving deltas:  24% (352/1464)
Resolving deltas:  25% (366/1464)
Resolving deltas:  26% (381/1464)
Resolving deltas:  27% (396/1464)
Resolving deltas:  28% (410/1464)
Resolving deltas:  29% (425/1464)
Resolving deltas:  30% (440/1464)
Resolving deltas:  31% (454/1464)
Resolving deltas:  32% (469/1464)
Resolving deltas:  33% (484/1464)
Resolving deltas:  34% (498/1464)
Resolving deltas:  35% (513/1464)
Resolving deltas:  36% (528/1464)
Resolving deltas:  37% (542/1464)
Resolving deltas:  38% (557/1464)
Resolving deltas:  39% (571/1464)
Resolving deltas:  40% (586/1464)
Resolving deltas:  41% (601/1464)
Resolving deltas:  42% (615/1464)
Resolving deltas:  43% (630/1464)
Resolving deltas:  44% (645/1464)
Resolving deltas:  45% (659/1464)
Resolving deltas:  46% (674/1464)
Resolving deltas:  47% (689/1464)
Resolving deltas:  48% (703/1464)
Resolving deltas:  49% (718/1464)
Resolving deltas:  50% (732/1464)
Resolving deltas:  51% (747/1464)
Resolving deltas:  52% (762/1464)
Resolving deltas:  53% (776/1464)
Resolving deltas:  54% (791/1464)
Resolving deltas:  55% (806/1464)
Resolving deltas:  56% (820/1464)
Resolving deltas:  57% (835/1464)
Resolving deltas:  58% (850/1464)
Resolving deltas:  59% (864/1464)
Resolving deltas:  60% (879/1464)
Resolving deltas:  61% (894/1464)
Resolving deltas:  62% (908/1464)
Resolving deltas:  63% (923/1464)
Resolving deltas:  64% (937/1464)
Resolving deltas:  65% (952/1464)
Resolving deltas:  66% (967/1464)
Resolving deltas:  67% (981/1464)
Resolving deltas:  68% (996/1464)
Resolving deltas:  69% (1011/1464)
Resolving deltas:  70% (1025/1464)
Resolving deltas:  71% (1040/1464)
Resolving deltas:  72% (1055/1464)
Resolving deltas:  73% (1069/1464)
Resolving deltas:  74% (1084/1464)
Resolving deltas:  75% (1098/1464)
Resolving deltas:  76% (1113/1464)
Resolving deltas:  77% (1128/1464)
Resolving deltas:  78% (1142/1464)
Resolving deltas:  79% (1157/1464)
Resolving deltas:  80% (1172/1464)
Resolving deltas:  81% (1186/1464)
Resolving deltas:  82% (1201/1464)
Resolving deltas:  83% (1216/1464)
Resolving deltas:  84% (1230/1464)
Resolving deltas:  85% (1245/1464)
Resolving deltas:  86% (1260/1464)
Resolving deltas:  87% (1274/1464)
Resolving deltas:  88% (1289/1464)
Resolving deltas:  89% (1303/1464)
Resolving deltas:  90% (1318/1464)
Resolving deltas:  91% (1333/1464)
Resolving deltas:  92% (1347/1464)
Resolving deltas:  93% (1362/1464)
Resolving deltas:  94% (1377/1464)
Resolving deltas:  95% (1391/1464)
Resolving deltas:  96% (1406/1464)
Resolving deltas:  97% (1421/1464)
Resolving deltas:  98% (1435/1464)
Resolving deltas:  99% (1450/1464)
Resolving deltas: 100% (1464/1464)
Resolving deltas: 100% (1464/1464), done.
Updating files:  17% (631/3525)
Updating files:  18% (635/3525)
Updating files:  19% (670/3525)
Updating files:  20% (705/3525)
Updating files:  21% (741/3525)
Updating files:  22% (776/3525)
Updating files:  23% (811/3525)
Updating files:  24% (846/3525)
Updating files:  24% (849/3525)
Updating files:  25% (882/3525)
Updating files:  26% (917/3525)
Updating files:  27% (952/3525)
Updating files:  28% (987/3525)
Updating files:  29% (1023/3525)
Updating files:  30% (1058/3525)
Updating files:  30% (1068/3525)
Updating files:  31% (1093/3525)
Updating files:  32% (1128/3525)
Updating files:  33% (1164/3525)
Updating files:  34% (1199/3525)
Updating files:  35% (1234/3525)
Updating files:  35% (1240/3525)
Updating files:  36% (1269/3525)
Updating files:  37% (1305/3525)
Updating files:  38% (1340/3525)
Updating files:  39% (1375/3525)
Updating files:  40% (1410/3525)
Updating files:  40% (1443/3525)
Updating files:  41% (1446/3525)
Updating files:  42% (1481/3525)
Updating files:  43% (1516/3525)
Updating files:  43% (1527/3525)
Updating files:  44% (1551/3525)
Updating files:  45% (1587/3525)
Updating files:  45% (1603/3525)
Updating files:  46% (1622/3525)
Updating files:  47% (1657/3525)
Updating files:  48% (1692/3525)
Updating files:  49% (1728/3525)
Updating files:  49% (1742/3525)
Updating files:  50% (1763/3525)
Updating files:  51% (1798/3525)
Updating files:  52% (1833/3525)
Updating files:  53% (1869/3525)
Updating files:  53% (1898/3525)
Updating files:  54% (1904/3525)
Updating files:  55% (1939/3525)
Updating files:  56% (1974/3525)
Updating files:  57% (2010/3525)
Updating files:  58% (2045/3525)
Updating files:  59% (2080/3525)
Updating files:  60% (2115/3525)
Updating files:  61% (2151/3525)
Updating files:  61% (2165/3525)
Updating files:  62% (2186/3525)
Updating files:  63% (2221/3525)
Updating files:  64% (2256/3525)
Updating files:  65% (2292/3525)
Updating files:  66% (2327/3525)
Updating files:  67% (2362/3525)
Updating files:  68% (2397/3525)
Updating files:  69% (2433/3525)
Updating files:  70% (2468/3525)
Updating files:  71% (2503/3525)
Updating files:  72% (2538/3525)
Updating files:  73% (2574/3525)
Updating files:  74% (2609/3525)
Updating files:  75% (2644/3525)
Updating files:  76% (2679/3525)
Updating files:  77% (2715/3525)
Updating files:  78% (2750/3525)
Updating files:  79% (2785/3525)
Updating files:  80% (2820/3525)
Updating files:  81% (2856/3525)
Updating files:  82% (2891/3525)
Updating files:  83% (2926/3525)
Updating files:  84% (2961/3525)
Updating files:  85% (2997/3525)
Updating files:  86% (3032/3525)
Updating files:  87% (3067/3525)
Updating files:  88% (3102/3525)
Updating files:  89% (3138/3525)
Updating files:  90% (3173/3525)
Updating files:  91% (3208/3525)
Updating files:  92% (3243/3525)
Updating files:  93% (3279/3525)
Updating files:  94% (3314/3525)
Updating files:  95% (3349/3525)
Updating files:  96% (3384/3525)
Updating files:  97% (3420/3525)
Updating files:  98% (3455/3525)
Updating files:  99% (3490/3525)
Updating files: 100% (3525/3525)
Updating files: 100% (3525/3525), done.

== Checking out commit hash cb6ca5a65e2918500eec98e1aecb39bcae65ee7c ==
<span style="color:#268BD2">&gt; /usr/bin/git reset --hard cb6ca5a65e2918500eec98e1aecb39bcae65ee7c</span>
HEAD is now at cb6ca5a Relais, demande 99 : test 22, B depuis zéro vers 2 000 itérations, par morceaux
