Receiving objects:  82% (2681/3269), 445.30 MiB | 86.01 MiB/s
Receiving objects:  83% (2714/3269), 445.30 MiB | 86.01 MiB/s
Receiving objects:  84% (2746/3269), 445.30 MiB | 86.01 MiB/s
Receiving objects:  85% (2779/3269), 445.30 MiB | 86.01 MiB/s
Receiving objects:  86% (2812/3269), 445.30 MiB | 86.01 MiB/s
Receiving objects:  87% (2845/3269), 445.30 MiB | 86.01 MiB/s
Receiving objects:  88% (2877/3269), 445.30 MiB | 86.01 MiB/s
Receiving objects:  89% (2910/3269), 445.30 MiB | 86.01 MiB/s
Receiving objects:  90% (2943/3269), 445.30 MiB | 86.01 MiB/s
Receiving objects:  91% (2975/3269), 445.30 MiB | 86.01 MiB/s
Receiving objects:  92% (3008/3269), 445.30 MiB | 86.01 MiB/s
Receiving objects:  93% (3041/3269), 445.30 MiB | 86.01 MiB/s
Receiving objects:  94% (3073/3269), 445.30 MiB | 86.01 MiB/s
Receiving objects:  95% (3106/3269), 445.30 MiB | 86.01 MiB/s
Receiving objects:  96% (3139/3269), 445.30 MiB | 86.01 MiB/s
remote: Total 3269 (delta 1136), reused 3037 (delta 1094), pack-reused 0 (from 0)        
Receiving objects:  97% (3171/3269), 445.30 MiB | 86.01 MiB/s
Receiving objects:  98% (3204/3269), 445.30 MiB | 86.01 MiB/s
Receiving objects:  99% (3237/3269), 445.30 MiB | 86.01 MiB/s
Receiving objects: 100% (3269/3269), 445.30 MiB | 86.01 MiB/s
Receiving objects: 100% (3269/3269), 469.22 MiB | 79.89 MiB/s, done.
Resolving deltas:   0% (0/1136)
Resolving deltas:   1% (12/1136)
Resolving deltas:   2% (23/1136)
Resolving deltas:   3% (35/1136)
Resolving deltas:   4% (46/1136)
Resolving deltas:   5% (57/1136)
Resolving deltas:   6% (69/1136)
Resolving deltas:   7% (80/1136)
Resolving deltas:   8% (91/1136)
Resolving deltas:   9% (103/1136)
Resolving deltas:  10% (114/1136)
Resolving deltas:  11% (125/1136)
Resolving deltas:  12% (137/1136)
Resolving deltas:  13% (148/1136)
Resolving deltas:  14% (160/1136)
Resolving deltas:  15% (171/1136)
Resolving deltas:  16% (182/1136)
Resolving deltas:  17% (194/1136)
Resolving deltas:  18% (205/1136)
Resolving deltas:  19% (216/1136)
Resolving deltas:  20% (228/1136)
Resolving deltas:  21% (239/1136)
Resolving deltas:  22% (250/1136)
Resolving deltas:  23% (262/1136)
Resolving deltas:  24% (273/1136)
Resolving deltas:  25% (284/1136)
Resolving deltas:  26% (296/1136)
Resolving deltas:  27% (307/1136)
Resolving deltas:  28% (319/1136)
Resolving deltas:  29% (330/1136)
Resolving deltas:  30% (341/1136)
Resolving deltas:  31% (353/1136)
Resolving deltas:  32% (364/1136)
Resolving deltas:  33% (375/1136)
Resolving deltas:  34% (387/1136)
Resolving deltas:  35% (398/1136)
Resolving deltas:  36% (409/1136)
Resolving deltas:  37% (421/1136)
Resolving deltas:  38% (432/1136)
Resolving deltas:  39% (444/1136)
Resolving deltas:  40% (455/1136)
Resolving deltas:  41% (466/1136)
Resolving deltas:  42% (478/1136)
Resolving deltas:  43% (489/1136)
Resolving deltas:  44% (500/1136)
Resolving deltas:  45% (512/1136)
Resolving deltas:  46% (523/1136)
Resolving deltas:  47% (534/1136)
Resolving deltas:  48% (546/1136)
Resolving deltas:  49% (557/1136)
Resolving deltas:  50% (568/1136)
Resolving deltas:  51% (580/1136)
Resolving deltas:  52% (591/1136)
Resolving deltas:  53% (603/1136)
Resolving deltas:  54% (614/1136)
Resolving deltas:  55% (625/1136)
Resolving deltas:  56% (637/1136)
Resolving deltas:  57% (648/1136)
Resolving deltas:  58% (659/1136)
Resolving deltas:  59% (671/1136)
Resolving deltas:  60% (682/1136)
Resolving deltas:  61% (693/1136)
Resolving deltas:  62% (705/1136)
Resolving deltas:  63% (716/1136)
Resolving deltas:  64% (728/1136)
Resolving deltas:  65% (739/1136)
Resolving deltas:  66% (750/1136)
Resolving deltas:  67% (762/1136)
Resolving deltas:  68% (773/1136)
Resolving deltas:  69% (784/1136)
Resolving deltas:  70% (796/1136)
Resolving deltas:  71% (807/1136)
Resolving deltas:  72% (818/1136)
Resolving deltas:  73% (830/1136)
Resolving deltas:  74% (841/1136)
Resolving deltas:  75% (852/1136)
Resolving deltas:  76% (864/1136)
Resolving deltas:  77% (875/1136)
Resolving deltas:  78% (887/1136)
Resolving deltas:  79% (898/1136)
Resolving deltas:  80% (909/1136)
Resolving deltas:  81% (921/1136)
Resolving deltas:  82% (932/1136)
Resolving deltas:  83% (943/1136)
Resolving deltas:  84% (955/1136)
Resolving deltas:  85% (966/1136)
Resolving deltas:  86% (977/1136)
Resolving deltas:  87% (989/1136)
Resolving deltas:  88% (1000/1136)
Resolving deltas:  89% (1012/1136)
Resolving deltas:  90% (1023/1136)
Resolving deltas:  91% (1034/1136)
Resolving deltas:  92% (1046/1136)
Resolving deltas:  93% (1057/1136)
Resolving deltas:  94% (1068/1136)
Resolving deltas:  95% (1080/1136)
Resolving deltas:  96% (1091/1136)
Resolving deltas:  97% (1102/1136)
Resolving deltas:  98% (1114/1136)
Resolving deltas:  99% (1125/1136)
Resolving deltas: 100% (1136/1136)
Resolving deltas: 100% (1136/1136), done.
Updating files:  31% (883/2767)
Updating files:  32% (886/2767)
Updating files:  33% (914/2767)
Updating files:  34% (941/2767)
Updating files:  35% (969/2767)
Updating files:  36% (997/2767)
Updating files:  37% (1024/2767)
Updating files:  38% (1052/2767)
Updating files:  39% (1080/2767)
Updating files:  40% (1107/2767)
Updating files:  41% (1135/2767)
Updating files:  42% (1163/2767)
Updating files:  43% (1190/2767)
Updating files:  43% (1193/2767)
Updating files:  44% (1218/2767)
Updating files:  45% (1246/2767)
Updating files:  46% (1273/2767)
Updating files:  47% (1301/2767)
Updating files:  48% (1329/2767)
Updating files:  49% (1356/2767)
Updating files:  50% (1384/2767)
Updating files:  51% (1412/2767)
Updating files:  52% (1439/2767)
Updating files:  53% (1467/2767)
Updating files:  54% (1495/2767)
Updating files:  54% (1513/2767)
Updating files:  55% (1522/2767)
Updating files:  56% (1550/2767)
Updating files:  57% (1578/2767)
Updating files:  58% (1605/2767)
Updating files:  59% (1633/2767)
Updating files:  60% (1661/2767)
Updating files:  61% (1688/2767)
Updating files:  62% (1716/2767)
Updating files:  63% (1744/2767)
Updating files:  64% (1771/2767)
Updating files:  65% (1799/2767)
Updating files:  66% (1827/2767)
Updating files:  67% (1854/2767)
Updating files:  68% (1882/2767)
Updating files:  69% (1910/2767)
Updating files:  70% (1937/2767)
Updating files:  71% (1965/2767)
Updating files:  72% (1993/2767)
Updating files:  73% (2020/2767)
Updating files:  74% (2048/2767)
Updating files:  75% (2076/2767)
Updating files:  76% (2103/2767)
Updating files:  77% (2131/2767)
Updating files:  78% (2159/2767)
Updating files:  79% (2186/2767)
Updating files:  80% (2214/2767)
Updating files:  81% (2242/2767)
Updating files:  82% (2269/2767)
Updating files:  83% (2297/2767)
Updating files:  84% (2325/2767)
Updating files:  85% (2352/2767)
Updating files:  86% (2380/2767)
Updating files:  87% (2408/2767)
Updating files:  88% (2435/2767)
Updating files:  89% (2463/2767)
Updating files:  90% (2491/2767)
Updating files:  91% (2518/2767)
Updating files:  92% (2546/2767)
Updating files:  93% (2574/2767)
Updating files:  94% (2601/2767)
Updating files:  95% (2629/2767)
Updating files:  96% (2657/2767)
Updating files:  97% (2684/2767)
Updating files:  98% (2712/2767)
Updating files:  99% (2740/2767)
Updating files: 100% (2767/2767)
Updating files: 100% (2767/2767), done.

== Checking out commit hash bf2aa842d1de5ee1de7cd6b5574cac70f0de97ad ==
<span style="color:#268BD2">&gt; /usr/bin/git reset --hard bf2aa842d1de5ee1de7cd6b5574cac70f0de97ad</span>
HEAD is now at bf2aa84 Relais, demande 53 : second agent, tours de survie 1 à 4 (réplique 1)
