Receiving objects:  96% (3753/3909), 716.56 MiB | 45.25 MiB/s
Receiving objects:  97% (3792/3909), 716.56 MiB | 45.25 MiB/s
Receiving objects:  98% (3831/3909), 716.56 MiB | 45.25 MiB/s
remote: Total 3909 (delta 1373), reused 3635 (delta 1331), pack-reused 0 (from 0)        
Receiving objects:  99% (3870/3909), 716.56 MiB | 45.25 MiB/s
Receiving objects: 100% (3909/3909), 716.56 MiB | 45.25 MiB/s
Receiving objects: 100% (3909/3909), 730.17 MiB | 26.78 MiB/s, done.
Resolving deltas:   0% (0/1373)
Resolving deltas:   1% (14/1373)
Resolving deltas:   2% (28/1373)
Resolving deltas:   3% (43/1373)
Resolving deltas:   4% (55/1373)
Resolving deltas:   5% (69/1373)
Resolving deltas:   6% (83/1373)
Resolving deltas:   7% (97/1373)
Resolving deltas:   8% (110/1373)
Resolving deltas:   9% (124/1373)
Resolving deltas:  10% (138/1373)
Resolving deltas:  11% (152/1373)
Resolving deltas:  12% (165/1373)
Resolving deltas:  13% (179/1373)
Resolving deltas:  14% (193/1373)
Resolving deltas:  15% (207/1373)
Resolving deltas:  16% (220/1373)
Resolving deltas:  17% (234/1373)
Resolving deltas:  18% (248/1373)
Resolving deltas:  19% (261/1373)
Resolving deltas:  20% (275/1373)
Resolving deltas:  21% (289/1373)
Resolving deltas:  22% (303/1373)
Resolving deltas:  23% (316/1373)
Resolving deltas:  24% (330/1373)
Resolving deltas:  25% (344/1373)
Resolving deltas:  26% (357/1373)
Resolving deltas:  27% (371/1373)
Resolving deltas:  28% (386/1373)
Resolving deltas:  29% (399/1373)
Resolving deltas:  30% (412/1373)
Resolving deltas:  31% (426/1373)
Resolving deltas:  32% (441/1373)
Resolving deltas:  33% (454/1373)
Resolving deltas:  34% (467/1373)
Resolving deltas:  35% (481/1373)
Resolving deltas:  36% (495/1373)
Resolving deltas:  37% (509/1373)
Resolving deltas:  38% (522/1373)
Resolving deltas:  39% (536/1373)
Resolving deltas:  40% (550/1373)
Resolving deltas:  41% (563/1373)
Resolving deltas:  42% (577/1373)
Resolving deltas:  43% (591/1373)
Resolving deltas:  44% (605/1373)
Resolving deltas:  45% (618/1373)
Resolving deltas:  46% (632/1373)
Resolving deltas:  47% (646/1373)
Resolving deltas:  48% (660/1373)
Resolving deltas:  49% (673/1373)
Resolving deltas:  50% (687/1373)
Resolving deltas:  51% (701/1373)
Resolving deltas:  52% (714/1373)
Resolving deltas:  53% (728/1373)
Resolving deltas:  54% (742/1373)
Resolving deltas:  55% (756/1373)
Resolving deltas:  56% (769/1373)
Resolving deltas:  57% (783/1373)
Resolving deltas:  58% (797/1373)
Resolving deltas:  59% (811/1373)
Resolving deltas:  60% (824/1373)
Resolving deltas:  61% (838/1373)
Resolving deltas:  62% (852/1373)
Resolving deltas:  63% (865/1373)
Resolving deltas:  64% (879/1373)
Resolving deltas:  65% (893/1373)
Resolving deltas:  66% (907/1373)
Resolving deltas:  67% (920/1373)
Resolving deltas:  68% (934/1373)
Resolving deltas:  69% (948/1373)
Resolving deltas:  70% (962/1373)
Resolving deltas:  71% (975/1373)
Resolving deltas:  72% (989/1373)
Resolving deltas:  73% (1003/1373)
Resolving deltas:  74% (1017/1373)
Resolving deltas:  75% (1030/1373)
Resolving deltas:  76% (1044/1373)
Resolving deltas:  77% (1058/1373)
Resolving deltas:  78% (1071/1373)
Resolving deltas:  79% (1085/1373)
Resolving deltas:  80% (1099/1373)
Resolving deltas:  81% (1113/1373)
Resolving deltas:  82% (1126/1373)
Resolving deltas:  83% (1140/1373)
Resolving deltas:  84% (1154/1373)
Resolving deltas:  85% (1168/1373)
Resolving deltas:  86% (1181/1373)
Resolving deltas:  87% (1195/1373)
Resolving deltas:  88% (1209/1373)
Resolving deltas:  89% (1222/1373)
Resolving deltas:  90% (1236/1373)
Resolving deltas:  91% (1250/1373)
Resolving deltas:  92% (1264/1373)
Resolving deltas:  93% (1277/1373)
Resolving deltas:  94% (1291/1373)
Resolving deltas:  95% (1305/1373)
Resolving deltas:  96% (1319/1373)
Resolving deltas:  97% (1332/1373)
Resolving deltas:  98% (1346/1373)
Resolving deltas:  99% (1360/1373)
Resolving deltas: 100% (1373/1373)
Resolving deltas: 100% (1373/1373), done.
Updating files:  20% (691/3344)
Updating files:  21% (703/3344)
Updating files:  22% (736/3344)
Updating files:  23% (770/3344)
Updating files:  24% (803/3344)
Updating files:  25% (836/3344)
Updating files:  26% (870/3344)
Updating files:  27% (903/3344)
Updating files:  28% (937/3344)
Updating files:  29% (970/3344)
Updating files:  30% (1004/3344)
Updating files:  31% (1037/3344)
Updating files:  31% (1044/3344)
Updating files:  32% (1071/3344)
Updating files:  33% (1104/3344)
Updating files:  34% (1137/3344)
Updating files:  35% (1171/3344)
Updating files:  36% (1204/3344)
Updating files:  37% (1238/3344)
Updating files:  38% (1271/3344)
Updating files:  39% (1305/3344)
Updating files:  40% (1338/3344)
Updating files:  41% (1372/3344)
Updating files:  41% (1384/3344)
Updating files:  42% (1405/3344)
Updating files:  43% (1438/3344)
Updating files:  44% (1472/3344)
Updating files:  44% (1489/3344)
Updating files:  45% (1505/3344)
Updating files:  46% (1539/3344)
Updating files:  47% (1572/3344)
Updating files:  48% (1606/3344)
Updating files:  49% (1639/3344)
Updating files:  50% (1672/3344)
Updating files:  51% (1706/3344)
Updating files:  51% (1727/3344)
Updating files:  52% (1739/3344)
Updating files:  53% (1773/3344)
Updating files:  54% (1806/3344)
Updating files:  55% (1840/3344)
Updating files:  56% (1873/3344)
Updating files:  57% (1907/3344)
Updating files:  58% (1940/3344)
Updating files:  59% (1973/3344)
Updating files:  60% (2007/3344)
Updating files:  61% (2040/3344)
Updating files:  62% (2074/3344)
Updating files:  63% (2107/3344)
Updating files:  64% (2141/3344)
Updating files:  65% (2174/3344)
Updating files:  66% (2208/3344)
Updating files:  67% (2241/3344)
Updating files:  68% (2274/3344)
Updating files:  69% (2308/3344)
Updating files:  70% (2341/3344)
Updating files:  71% (2375/3344)
Updating files:  72% (2408/3344)
Updating files:  73% (2442/3344)
Updating files:  74% (2475/3344)
Updating files:  75% (2508/3344)
Updating files:  76% (2542/3344)
Updating files:  77% (2575/3344)
Updating files:  78% (2609/3344)
Updating files:  79% (2642/3344)
Updating files:  80% (2676/3344)
Updating files:  81% (2709/3344)
Updating files:  82% (2743/3344)
Updating files:  83% (2776/3344)
Updating files:  84% (2809/3344)
Updating files:  85% (2843/3344)
Updating files:  86% (2876/3344)
Updating files:  87% (2910/3344)
Updating files:  88% (2943/3344)
Updating files:  89% (2977/3344)
Updating files:  90% (3010/3344)
Updating files:  91% (3044/3344)
Updating files:  92% (3077/3344)
Updating files:  93% (3110/3344)
Updating files:  94% (3144/3344)
Updating files:  94% (3145/3344)
Updating files:  95% (3177/3344)
Updating files:  96% (3211/3344)
Updating files:  97% (3244/3344)
Updating files:  98% (3278/3344)
Updating files:  99% (3311/3344)
Updating files: 100% (3344/3344)
Updating files: 100% (3344/3344), done.

== Checking out commit hash 52b500337762531568d9fe8c4574f74a6ad1a524 ==
<span style="color:#268BD2">&gt; /usr/bin/git reset --hard 52b500337762531568d9fe8c4574f74a6ad1a524</span>
HEAD is now at 52b5003 Relais, demande 89 : test 12 (second pilote) et test 15 (lecteur qui écoute la question, 1 500 itérations)
