Receiving objects:  89% (3174/3566), 585.71 MiB | 54.85 MiB/s
Receiving objects:  90% (3210/3566), 585.71 MiB | 54.85 MiB/s
Receiving objects:  91% (3246/3566), 585.71 MiB | 54.85 MiB/s
Receiving objects:  92% (3281/3566), 585.71 MiB | 54.85 MiB/s
Receiving objects:  93% (3317/3566), 585.71 MiB | 54.85 MiB/s
remote: Total 3566 (delta 1244), reused 3289 (delta 1170), pack-reused 0 (from 0)        
Receiving objects:  94% (3353/3566), 585.71 MiB | 54.85 MiB/s
Receiving objects:  95% (3388/3566), 585.71 MiB | 54.85 MiB/s
Receiving objects:  96% (3424/3566), 585.71 MiB | 54.85 MiB/s
Receiving objects:  97% (3460/3566), 585.71 MiB | 54.85 MiB/s
Receiving objects:  98% (3495/3566), 585.71 MiB | 54.85 MiB/s
Receiving objects:  99% (3531/3566), 585.71 MiB | 54.85 MiB/s
Receiving objects: 100% (3566/3566), 585.71 MiB | 54.85 MiB/s
Receiving objects: 100% (3566/3566), 588.73 MiB | 39.01 MiB/s, done.
Resolving deltas:   0% (0/1244)
Resolving deltas:   1% (13/1244)
Resolving deltas:   2% (25/1244)
Resolving deltas:   3% (38/1244)
Resolving deltas:   4% (50/1244)
Resolving deltas:   5% (63/1244)
Resolving deltas:   6% (75/1244)
Resolving deltas:   7% (88/1244)
Resolving deltas:   8% (100/1244)
Resolving deltas:   9% (112/1244)
Resolving deltas:  10% (125/1244)
Resolving deltas:  11% (137/1244)
Resolving deltas:  12% (150/1244)
Resolving deltas:  13% (162/1244)
Resolving deltas:  14% (175/1244)
Resolving deltas:  15% (187/1244)
Resolving deltas:  16% (200/1244)
Resolving deltas:  17% (212/1244)
Resolving deltas:  18% (224/1244)
Resolving deltas:  19% (237/1244)
Resolving deltas:  20% (249/1244)
Resolving deltas:  21% (262/1244)
Resolving deltas:  22% (274/1244)
Resolving deltas:  23% (287/1244)
Resolving deltas:  24% (299/1244)
Resolving deltas:  25% (311/1244)
Resolving deltas:  26% (324/1244)
Resolving deltas:  27% (336/1244)
Resolving deltas:  28% (349/1244)
Resolving deltas:  29% (361/1244)
Resolving deltas:  30% (374/1244)
Resolving deltas:  31% (386/1244)
Resolving deltas:  32% (399/1244)
Resolving deltas:  33% (411/1244)
Resolving deltas:  34% (423/1244)
Resolving deltas:  35% (436/1244)
Resolving deltas:  36% (448/1244)
Resolving deltas:  37% (462/1244)
Resolving deltas:  38% (473/1244)
Resolving deltas:  39% (486/1244)
Resolving deltas:  40% (498/1244)
Resolving deltas:  41% (511/1244)
Resolving deltas:  42% (523/1244)
Resolving deltas:  43% (535/1244)
Resolving deltas:  44% (548/1244)
Resolving deltas:  45% (560/1244)
Resolving deltas:  46% (573/1244)
Resolving deltas:  47% (585/1244)
Resolving deltas:  48% (598/1244)
Resolving deltas:  49% (610/1244)
Resolving deltas:  50% (622/1244)
Resolving deltas:  51% (635/1244)
Resolving deltas:  52% (647/1244)
Resolving deltas:  53% (660/1244)
Resolving deltas:  54% (672/1244)
Resolving deltas:  55% (685/1244)
Resolving deltas:  56% (698/1244)
Resolving deltas:  57% (710/1244)
Resolving deltas:  58% (722/1244)
Resolving deltas:  59% (734/1244)
Resolving deltas:  60% (747/1244)
Resolving deltas:  61% (759/1244)
Resolving deltas:  62% (772/1244)
Resolving deltas:  63% (784/1244)
Resolving deltas:  64% (797/1244)
Resolving deltas:  65% (809/1244)
Resolving deltas:  66% (822/1244)
Resolving deltas:  67% (834/1244)
Resolving deltas:  68% (846/1244)
Resolving deltas:  69% (859/1244)
Resolving deltas:  70% (871/1244)
Resolving deltas:  71% (884/1244)
Resolving deltas:  72% (896/1244)
Resolving deltas:  73% (909/1244)
Resolving deltas:  74% (921/1244)
Resolving deltas:  75% (933/1244)
Resolving deltas:  76% (946/1244)
Resolving deltas:  77% (958/1244)
Resolving deltas:  78% (971/1244)
Resolving deltas:  79% (983/1244)
Resolving deltas:  80% (996/1244)
Resolving deltas:  81% (1008/1244)
Resolving deltas:  82% (1021/1244)
Resolving deltas:  83% (1033/1244)
Resolving deltas:  84% (1045/1244)
Resolving deltas:  85% (1058/1244)
Resolving deltas:  86% (1070/1244)
Resolving deltas:  87% (1083/1244)
Resolving deltas:  88% (1095/1244)
Resolving deltas:  89% (1108/1244)
Resolving deltas:  90% (1120/1244)
Resolving deltas:  91% (1133/1244)
Resolving deltas:  92% (1145/1244)
Resolving deltas:  93% (1157/1244)
Resolving deltas:  94% (1170/1244)
Resolving deltas:  95% (1182/1244)
Resolving deltas:  96% (1195/1244)
Resolving deltas:  97% (1207/1244)
Resolving deltas:  98% (1220/1244)
Resolving deltas:  99% (1233/1244)
Resolving deltas: 100% (1244/1244)
Resolving deltas: 100% (1244/1244), done.
Updating files:  25% (755/3011)
Updating files:  26% (783/3011)
Updating files:  27% (813/3011)
Updating files:  28% (844/3011)
Updating files:  29% (874/3011)
Updating files:  30% (904/3011)
Updating files:  31% (934/3011)
Updating files:  32% (964/3011)
Updating files:  33% (994/3011)
Updating files:  34% (1024/3011)
Updating files:  35% (1054/3011)
Updating files:  36% (1084/3011)
Updating files:  37% (1115/3011)
Updating files:  37% (1130/3011)
Updating files:  38% (1145/3011)
Updating files:  39% (1175/3011)
Updating files:  40% (1205/3011)
Updating files:  41% (1235/3011)
Updating files:  42% (1265/3011)
Updating files:  43% (1295/3011)
Updating files:  44% (1325/3011)
Updating files:  44% (1334/3011)
Updating files:  45% (1355/3011)
Updating files:  46% (1386/3011)
Updating files:  47% (1416/3011)
Updating files:  48% (1446/3011)
Updating files:  49% (1476/3011)
Updating files:  50% (1506/3011)
Updating files:  51% (1536/3011)
Updating files:  52% (1566/3011)
Updating files:  53% (1596/3011)
Updating files:  54% (1626/3011)
Updating files:  55% (1657/3011)
Updating files:  56% (1687/3011)
Updating files:  57% (1717/3011)
Updating files:  57% (1745/3011)
Updating files:  58% (1747/3011)
Updating files:  59% (1777/3011)
Updating files:  60% (1807/3011)
Updating files:  61% (1837/3011)
Updating files:  62% (1867/3011)
Updating files:  63% (1897/3011)
Updating files:  64% (1928/3011)
Updating files:  65% (1958/3011)
Updating files:  66% (1988/3011)
Updating files:  67% (2018/3011)
Updating files:  68% (2048/3011)
Updating files:  69% (2078/3011)
Updating files:  70% (2108/3011)
Updating files:  71% (2138/3011)
Updating files:  72% (2168/3011)
Updating files:  73% (2199/3011)
Updating files:  74% (2229/3011)
Updating files:  75% (2259/3011)
Updating files:  76% (2289/3011)
Updating files:  77% (2319/3011)
Updating files:  78% (2349/3011)
Updating files:  79% (2379/3011)
Updating files:  80% (2409/3011)
Updating files:  81% (2439/3011)
Updating files:  82% (2470/3011)
Updating files:  83% (2500/3011)
Updating files:  84% (2530/3011)
Updating files:  85% (2560/3011)
Updating files:  86% (2590/3011)
Updating files:  87% (2620/3011)
Updating files:  88% (2650/3011)
Updating files:  89% (2680/3011)
Updating files:  90% (2710/3011)
Updating files:  91% (2741/3011)
Updating files:  92% (2771/3011)
Updating files:  93% (2801/3011)
Updating files:  94% (2831/3011)
Updating files:  95% (2861/3011)
Updating files:  96% (2891/3011)
Updating files:  97% (2921/3011)
Updating files:  98% (2951/3011)
Updating files:  99% (2981/3011)
Updating files: 100% (3011/3011)
Updating files: 100% (3011/3011), done.

== Checking out commit hash b5a8431d5ccaf94edbfeb28117a40ce43ca1da3d ==
<span style="color:#268BD2">&gt; /usr/bin/git reset --hard b5a8431d5ccaf94edbfeb28117a40ce43ca1da3d</span>
HEAD is now at b5a8431 Relais, demande 73 : tranche 2 de la localisation de l'agent du monde à deux (50 paires sur 100)
