Receiving objects:  92% (3439/3737), 698.96 MiB | 60.37 MiB/s
Receiving objects:  93% (3476/3737), 698.96 MiB | 60.37 MiB/s
Receiving objects:  94% (3513/3737), 698.96 MiB | 60.37 MiB/s
Receiving objects:  95% (3551/3737), 698.96 MiB | 60.37 MiB/s
Receiving objects:  96% (3588/3737), 698.96 MiB | 60.37 MiB/s
Receiving objects:  97% (3625/3737), 698.96 MiB | 60.37 MiB/s
remote: Total 3737 (delta 1293), reused 3407 (delta 1177), pack-reused 0 (from 0)        
Receiving objects:  98% (3663/3737), 698.96 MiB | 60.37 MiB/s
Receiving objects:  99% (3700/3737), 698.96 MiB | 60.37 MiB/s
Receiving objects: 100% (3737/3737), 698.96 MiB | 60.37 MiB/s
Receiving objects: 100% (3737/3737), 726.22 MiB | 58.10 MiB/s, done.
Resolving deltas:   0% (0/1293)
Resolving deltas:   1% (13/1293)
Resolving deltas:   2% (26/1293)
Resolving deltas:   3% (39/1293)
Resolving deltas:   4% (52/1293)
Resolving deltas:   5% (65/1293)
Resolving deltas:   6% (78/1293)
Resolving deltas:   7% (91/1293)
Resolving deltas:   8% (104/1293)
Resolving deltas:   9% (117/1293)
Resolving deltas:  10% (130/1293)
Resolving deltas:  11% (143/1293)
Resolving deltas:  12% (156/1293)
Resolving deltas:  13% (169/1293)
Resolving deltas:  14% (182/1293)
Resolving deltas:  15% (194/1293)
Resolving deltas:  16% (207/1293)
Resolving deltas:  17% (220/1293)
Resolving deltas:  18% (233/1293)
Resolving deltas:  19% (246/1293)
Resolving deltas:  20% (259/1293)
Resolving deltas:  21% (272/1293)
Resolving deltas:  22% (285/1293)
Resolving deltas:  23% (298/1293)
Resolving deltas:  24% (311/1293)
Resolving deltas:  25% (324/1293)
Resolving deltas:  26% (337/1293)
Resolving deltas:  27% (350/1293)
Resolving deltas:  28% (363/1293)
Resolving deltas:  29% (375/1293)
Resolving deltas:  30% (388/1293)
Resolving deltas:  31% (401/1293)
Resolving deltas:  32% (414/1293)
Resolving deltas:  33% (427/1293)
Resolving deltas:  34% (440/1293)
Resolving deltas:  35% (453/1293)
Resolving deltas:  36% (466/1293)
Resolving deltas:  37% (479/1293)
Resolving deltas:  38% (492/1293)
Resolving deltas:  39% (505/1293)
Resolving deltas:  40% (518/1293)
Resolving deltas:  41% (531/1293)
Resolving deltas:  42% (544/1293)
Resolving deltas:  43% (556/1293)
Resolving deltas:  44% (569/1293)
Resolving deltas:  45% (582/1293)
Resolving deltas:  46% (595/1293)
Resolving deltas:  47% (608/1293)
Resolving deltas:  48% (621/1293)
Resolving deltas:  49% (634/1293)
Resolving deltas:  50% (647/1293)
Resolving deltas:  51% (660/1293)
Resolving deltas:  52% (673/1293)
Resolving deltas:  53% (686/1293)
Resolving deltas:  54% (699/1293)
Resolving deltas:  55% (712/1293)
Resolving deltas:  56% (725/1293)
Resolving deltas:  57% (738/1293)
Resolving deltas:  58% (750/1293)
Resolving deltas:  59% (763/1293)
Resolving deltas:  60% (777/1293)
Resolving deltas:  61% (789/1293)
Resolving deltas:  62% (802/1293)
Resolving deltas:  63% (815/1293)
Resolving deltas:  64% (828/1293)
Resolving deltas:  65% (841/1293)
Resolving deltas:  66% (854/1293)
Resolving deltas:  67% (867/1293)
Resolving deltas:  68% (880/1293)
Resolving deltas:  69% (893/1293)
Resolving deltas:  70% (906/1293)
Resolving deltas:  71% (919/1293)
Resolving deltas:  72% (931/1293)
Resolving deltas:  73% (944/1293)
Resolving deltas:  74% (957/1293)
Resolving deltas:  75% (970/1293)
Resolving deltas:  76% (983/1293)
Resolving deltas:  77% (996/1293)
Resolving deltas:  78% (1009/1293)
Resolving deltas:  79% (1022/1293)
Resolving deltas:  80% (1035/1293)
Resolving deltas:  81% (1048/1293)
Resolving deltas:  82% (1061/1293)
Resolving deltas:  83% (1074/1293)
Resolving deltas:  84% (1087/1293)
Resolving deltas:  85% (1100/1293)
Resolving deltas:  86% (1112/1293)
Resolving deltas:  87% (1125/1293)
Resolving deltas:  88% (1138/1293)
Resolving deltas:  89% (1151/1293)
Resolving deltas:  90% (1164/1293)
Resolving deltas:  91% (1177/1293)
Resolving deltas:  92% (1190/1293)
Resolving deltas:  93% (1203/1293)
Resolving deltas:  94% (1216/1293)
Resolving deltas:  95% (1229/1293)
Resolving deltas:  96% (1242/1293)
Resolving deltas:  97% (1255/1293)
Resolving deltas:  98% (1268/1293)
Resolving deltas:  99% (1281/1293)
Resolving deltas: 100% (1293/1293)
Resolving deltas: 100% (1293/1293), done.
Updating files:  22% (720/3218)
Updating files:  23% (741/3218)
Updating files:  24% (773/3218)
Updating files:  25% (805/3218)
Updating files:  26% (837/3218)
Updating files:  27% (869/3218)
Updating files:  28% (902/3218)
Updating files:  29% (934/3218)
Updating files:  30% (966/3218)
Updating files:  31% (998/3218)
Updating files:  32% (1030/3218)
Updating files:  32% (1044/3218)
Updating files:  33% (1062/3218)
Updating files:  34% (1095/3218)
Updating files:  35% (1127/3218)
Updating files:  36% (1159/3218)
Updating files:  37% (1191/3218)
Updating files:  38% (1223/3218)
Updating files:  39% (1256/3218)
Updating files:  40% (1288/3218)
Updating files:  40% (1317/3218)
Updating files:  41% (1320/3218)
Updating files:  42% (1352/3218)
Updating files:  43% (1384/3218)
Updating files:  44% (1416/3218)
Updating files:  45% (1449/3218)
Updating files:  46% (1481/3218)
Updating files:  47% (1513/3218)
Updating files:  48% (1545/3218)
Updating files:  49% (1577/3218)
Updating files:  50% (1609/3218)
Updating files:  51% (1642/3218)
Updating files:  52% (1674/3218)
Updating files:  52% (1676/3218)
Updating files:  53% (1706/3218)
Updating files:  54% (1738/3218)
Updating files:  55% (1770/3218)
Updating files:  56% (1803/3218)
Updating files:  57% (1835/3218)
Updating files:  58% (1867/3218)
Updating files:  59% (1899/3218)
Updating files:  60% (1931/3218)
Updating files:  61% (1963/3218)
Updating files:  62% (1996/3218)
Updating files:  63% (2028/3218)
Updating files:  64% (2060/3218)
Updating files:  65% (2092/3218)
Updating files:  66% (2124/3218)
Updating files:  67% (2157/3218)
Updating files:  68% (2189/3218)
Updating files:  69% (2221/3218)
Updating files:  70% (2253/3218)
Updating files:  71% (2285/3218)
Updating files:  72% (2317/3218)
Updating files:  73% (2350/3218)
Updating files:  74% (2382/3218)
Updating files:  75% (2414/3218)
Updating files:  76% (2446/3218)
Updating files:  77% (2478/3218)
Updating files:  78% (2511/3218)
Updating files:  79% (2543/3218)
Updating files:  80% (2575/3218)
Updating files:  81% (2607/3218)
Updating files:  82% (2639/3218)
Updating files:  83% (2671/3218)
Updating files:  84% (2704/3218)
Updating files:  85% (2736/3218)
Updating files:  86% (2768/3218)
Updating files:  87% (2800/3218)
Updating files:  88% (2832/3218)
Updating files:  89% (2865/3218)
Updating files:  90% (2897/3218)
Updating files:  91% (2929/3218)
Updating files:  92% (2961/3218)
Updating files:  93% (2993/3218)
Updating files:  94% (3025/3218)
Updating files:  95% (3058/3218)
Updating files:  96% (3090/3218)
Updating files:  97% (3122/3218)
Updating files:  98% (3154/3218)
Updating files:  99% (3186/3218)
Updating files: 100% (3218/3218)
Updating files: 100% (3218/3218), done.

== Checking out commit hash 7e0582b1584a5c510423ac23652424dfda444a6e ==
<span style="color:#268BD2">&gt; /usr/bin/git reset --hard 7e0582b1584a5c510423ac23652424dfda444a6e</span>
HEAD is now at 7e0582b Relais, demande 83 : tranche 8 de l'agent du monde à deux (lésions ; la tranche 7 a repris correctement, 96 vies intactes)
