Receiving objects:  91% (3635/3994), 748.41 MiB | 56.91 MiB/s
Receiving objects:  92% (3675/3994), 748.41 MiB | 56.91 MiB/s
Receiving objects:  93% (3715/3994), 748.41 MiB | 56.91 MiB/s
Receiving objects:  94% (3755/3994), 748.41 MiB | 56.91 MiB/s
Receiving objects:  95% (3795/3994), 748.41 MiB | 56.91 MiB/s
Receiving objects:  96% (3835/3994), 748.41 MiB | 56.91 MiB/s
Receiving objects:  97% (3875/3994), 748.41 MiB | 56.91 MiB/s
Receiving objects:  98% (3915/3994), 748.41 MiB | 56.91 MiB/s
Receiving objects:  99% (3955/3994), 748.41 MiB | 56.91 MiB/s
remote: Total 3994 (delta 1407), reused 3726 (delta 1373), pack-reused 0 (from 0)        
Receiving objects: 100% (3994/3994), 748.41 MiB | 56.91 MiB/s
Receiving objects: 100% (3994/3994), 769.96 MiB | 55.29 MiB/s, done.
Resolving deltas:   0% (0/1407)
Resolving deltas:   1% (15/1407)
Resolving deltas:   2% (30/1407)
Resolving deltas:   3% (43/1407)
Resolving deltas:   4% (57/1407)
Resolving deltas:   5% (71/1407)
Resolving deltas:   6% (85/1407)
Resolving deltas:   7% (99/1407)
Resolving deltas:   8% (113/1407)
Resolving deltas:   9% (127/1407)
Resolving deltas:  10% (141/1407)
Resolving deltas:  11% (155/1407)
Resolving deltas:  12% (169/1407)
Resolving deltas:  13% (183/1407)
Resolving deltas:  14% (197/1407)
Resolving deltas:  15% (212/1407)
Resolving deltas:  16% (226/1407)
Resolving deltas:  17% (240/1407)
Resolving deltas:  18% (254/1407)
Resolving deltas:  19% (268/1407)
Resolving deltas:  20% (282/1407)
Resolving deltas:  21% (296/1407)
Resolving deltas:  22% (310/1407)
Resolving deltas:  23% (324/1407)
Resolving deltas:  24% (338/1407)
Resolving deltas:  25% (352/1407)
Resolving deltas:  26% (367/1407)
Resolving deltas:  27% (380/1407)
Resolving deltas:  28% (394/1407)
Resolving deltas:  29% (409/1407)
Resolving deltas:  30% (423/1407)
Resolving deltas:  31% (437/1407)
Resolving deltas:  32% (451/1407)
Resolving deltas:  33% (465/1407)
Resolving deltas:  34% (479/1407)
Resolving deltas:  35% (493/1407)
Resolving deltas:  36% (507/1407)
Resolving deltas:  37% (521/1407)
Resolving deltas:  38% (536/1407)
Resolving deltas:  39% (549/1407)
Resolving deltas:  40% (563/1407)
Resolving deltas:  41% (577/1407)
Resolving deltas:  42% (591/1407)
Resolving deltas:  43% (606/1407)
Resolving deltas:  44% (620/1407)
Resolving deltas:  45% (634/1407)
Resolving deltas:  46% (648/1407)
Resolving deltas:  47% (662/1407)
Resolving deltas:  48% (676/1407)
Resolving deltas:  49% (690/1407)
Resolving deltas:  50% (704/1407)
Resolving deltas:  51% (718/1407)
Resolving deltas:  52% (732/1407)
Resolving deltas:  53% (746/1407)
Resolving deltas:  54% (760/1407)
Resolving deltas:  55% (774/1407)
Resolving deltas:  56% (788/1407)
Resolving deltas:  57% (802/1407)
Resolving deltas:  58% (817/1407)
Resolving deltas:  59% (831/1407)
Resolving deltas:  60% (845/1407)
Resolving deltas:  61% (859/1407)
Resolving deltas:  62% (873/1407)
Resolving deltas:  63% (887/1407)
Resolving deltas:  64% (901/1407)
Resolving deltas:  65% (916/1407)
Resolving deltas:  66% (929/1407)
Resolving deltas:  67% (943/1407)
Resolving deltas:  68% (957/1407)
Resolving deltas:  69% (971/1407)
Resolving deltas:  70% (985/1407)
Resolving deltas:  71% (999/1407)
Resolving deltas:  72% (1014/1407)
Resolving deltas:  73% (1028/1407)
Resolving deltas:  74% (1042/1407)
Resolving deltas:  75% (1056/1407)
Resolving deltas:  76% (1070/1407)
Resolving deltas:  77% (1084/1407)
Resolving deltas:  78% (1098/1407)
Resolving deltas:  79% (1112/1407)
Resolving deltas:  80% (1126/1407)
Resolving deltas:  81% (1140/1407)
Resolving deltas:  82% (1154/1407)
Resolving deltas:  83% (1168/1407)
Resolving deltas:  84% (1182/1407)
Resolving deltas:  85% (1196/1407)
Resolving deltas:  86% (1211/1407)
Resolving deltas:  87% (1225/1407)
Resolving deltas:  88% (1239/1407)
Resolving deltas:  89% (1253/1407)
Resolving deltas:  90% (1267/1407)
Resolving deltas:  91% (1281/1407)
Resolving deltas:  92% (1295/1407)
Resolving deltas:  93% (1309/1407)
Resolving deltas:  94% (1323/1407)
Resolving deltas:  95% (1337/1407)
Resolving deltas:  96% (1351/1407)
Resolving deltas:  97% (1365/1407)
Resolving deltas:  98% (1379/1407)
Resolving deltas:  99% (1394/1407)
Resolving deltas: 100% (1407/1407)
Resolving deltas: 100% (1407/1407), done.
Updating files:  25% (892/3438)
Updating files:  26% (894/3438)
Updating files:  27% (929/3438)
Updating files:  28% (963/3438)
Updating files:  29% (998/3438)
Updating files:  30% (1032/3438)
Updating files:  31% (1066/3438)
Updating files:  32% (1101/3438)
Updating files:  33% (1135/3438)
Updating files:  34% (1169/3438)
Updating files:  35% (1204/3438)
Updating files:  35% (1221/3438)
Updating files:  36% (1238/3438)
Updating files:  37% (1273/3438)
Updating files:  38% (1307/3438)
Updating files:  39% (1341/3438)
Updating files:  40% (1376/3438)
Updating files:  41% (1410/3438)
Updating files:  42% (1444/3438)
Updating files:  42% (1456/3438)
Updating files:  43% (1479/3438)
Updating files:  44% (1513/3438)
Updating files:  45% (1548/3438)
Updating files:  46% (1582/3438)
Updating files:  47% (1616/3438)
Updating files:  47% (1624/3438)
Updating files:  48% (1651/3438)
Updating files:  49% (1685/3438)
Updating files:  50% (1719/3438)
Updating files:  51% (1754/3438)
Updating files:  52% (1788/3438)
Updating files:  53% (1823/3438)
Updating files:  54% (1857/3438)
Updating files:  54% (1871/3438)
Updating files:  55% (1891/3438)
Updating files:  56% (1926/3438)
Updating files:  57% (1960/3438)
Updating files:  58% (1995/3438)
Updating files:  59% (2029/3438)
Updating files:  60% (2063/3438)
Updating files:  61% (2098/3438)
Updating files:  62% (2132/3438)
Updating files:  63% (2166/3438)
Updating files:  64% (2201/3438)
Updating files:  65% (2235/3438)
Updating files:  66% (2270/3438)
Updating files:  67% (2304/3438)
Updating files:  68% (2338/3438)
Updating files:  69% (2373/3438)
Updating files:  70% (2407/3438)
Updating files:  71% (2441/3438)
Updating files:  72% (2476/3438)
Updating files:  73% (2510/3438)
Updating files:  74% (2545/3438)
Updating files:  75% (2579/3438)
Updating files:  76% (2613/3438)
Updating files:  77% (2648/3438)
Updating files:  78% (2682/3438)
Updating files:  79% (2717/3438)
Updating files:  80% (2751/3438)
Updating files:  81% (2785/3438)
Updating files:  82% (2820/3438)
Updating files:  83% (2854/3438)
Updating files:  84% (2888/3438)
Updating files:  85% (2923/3438)
Updating files:  86% (2957/3438)
Updating files:  87% (2992/3438)
Updating files:  88% (3026/3438)
Updating files:  89% (3060/3438)
Updating files:  90% (3095/3438)
Updating files:  90% (3127/3438)
Updating files:  91% (3129/3438)
Updating files:  92% (3163/3438)
Updating files:  93% (3198/3438)
Updating files:  94% (3232/3438)
Updating files:  95% (3267/3438)
Updating files:  96% (3301/3438)
Updating files:  97% (3335/3438)
Updating files:  98% (3370/3438)
Updating files:  99% (3404/3438)
Updating files: 100% (3438/3438)
Updating files: 100% (3438/3438), done.

== Checking out commit hash f8ecbb9fc46f9572cf94918c1175169e776bcabe ==
<span style="color:#268BD2">&gt; /usr/bin/git reset --hard f8ecbb9fc46f9572cf94918c1175169e776bcabe</span>
HEAD is now at f8ecbb9 Relais, demande 93 : test 21, agent C (libre) à nouveau, après l'échec de son build de la demande 92 (fiche et journaux gardés dans memory/free-failed-92)
