Receiving objects: 100% (4199/4199), 994.92 MiB | 80.33 MiB/s, done.
Resolving deltas:   0% (0/1483)
Resolving deltas:   1% (15/1483)
Resolving deltas:   2% (30/1483)
Resolving deltas:   3% (46/1483)
Resolving deltas:   4% (60/1483)
Resolving deltas:   5% (75/1483)
Resolving deltas:   6% (89/1483)
Resolving deltas:   7% (104/1483)
Resolving deltas:   8% (119/1483)
Resolving deltas:   9% (134/1483)
Resolving deltas:  10% (149/1483)
Resolving deltas:  11% (164/1483)
Resolving deltas:  12% (178/1483)
Resolving deltas:  13% (193/1483)
Resolving deltas:  14% (208/1483)
Resolving deltas:  15% (223/1483)
Resolving deltas:  16% (238/1483)
Resolving deltas:  17% (253/1483)
Resolving deltas:  18% (267/1483)
Resolving deltas:  19% (282/1483)
Resolving deltas:  20% (297/1483)
Resolving deltas:  21% (312/1483)
Resolving deltas:  22% (327/1483)
Resolving deltas:  23% (342/1483)
Resolving deltas:  24% (356/1483)
Resolving deltas:  25% (371/1483)
Resolving deltas:  26% (387/1483)
Resolving deltas:  27% (401/1483)
Resolving deltas:  28% (416/1483)
Resolving deltas:  29% (431/1483)
Resolving deltas:  30% (445/1483)
Resolving deltas:  31% (460/1483)
Resolving deltas:  32% (475/1483)
Resolving deltas:  33% (490/1483)
Resolving deltas:  34% (505/1483)
Resolving deltas:  35% (520/1483)
Resolving deltas:  36% (534/1483)
Resolving deltas:  37% (549/1483)
Resolving deltas:  38% (564/1483)
Resolving deltas:  39% (579/1483)
Resolving deltas:  40% (594/1483)
Resolving deltas:  41% (609/1483)
Resolving deltas:  42% (623/1483)
Resolving deltas:  43% (638/1483)
Resolving deltas:  44% (653/1483)
Resolving deltas:  45% (668/1483)
Resolving deltas:  46% (683/1483)
Resolving deltas:  47% (698/1483)
Resolving deltas:  48% (712/1483)
Resolving deltas:  49% (727/1483)
Resolving deltas:  50% (742/1483)
Resolving deltas:  51% (757/1483)
Resolving deltas:  52% (772/1483)
Resolving deltas:  53% (786/1483)
Resolving deltas:  54% (801/1483)
Resolving deltas:  55% (816/1483)
Resolving deltas:  56% (831/1483)
Resolving deltas:  57% (846/1483)
Resolving deltas:  58% (861/1483)
Resolving deltas:  59% (875/1483)
Resolving deltas:  60% (890/1483)
Resolving deltas:  61% (905/1483)
Resolving deltas:  62% (920/1483)
Resolving deltas:  63% (935/1483)
Resolving deltas:  64% (950/1483)
Resolving deltas:  65% (964/1483)
Resolving deltas:  66% (979/1483)
Resolving deltas:  67% (994/1483)
Resolving deltas:  68% (1009/1483)
Resolving deltas:  69% (1024/1483)
Resolving deltas:  70% (1039/1483)
Resolving deltas:  71% (1053/1483)
Resolving deltas:  72% (1068/1483)
Resolving deltas:  73% (1083/1483)
Resolving deltas:  74% (1098/1483)
Resolving deltas:  75% (1113/1483)
Resolving deltas:  76% (1128/1483)
Resolving deltas:  77% (1142/1483)
Resolving deltas:  78% (1157/1483)
Resolving deltas:  79% (1172/1483)
Resolving deltas:  80% (1187/1483)
Resolving deltas:  81% (1202/1483)
Resolving deltas:  82% (1217/1483)
Resolving deltas:  83% (1231/1483)
Resolving deltas:  84% (1246/1483)
Resolving deltas:  85% (1261/1483)
Resolving deltas:  86% (1276/1483)
Resolving deltas:  87% (1291/1483)
Resolving deltas:  88% (1306/1483)
Resolving deltas:  89% (1320/1483)
Resolving deltas:  90% (1335/1483)
Resolving deltas:  91% (1350/1483)
Resolving deltas:  92% (1365/1483)
Resolving deltas:  93% (1380/1483)
Resolving deltas:  94% (1395/1483)
Resolving deltas:  95% (1409/1483)
Resolving deltas:  96% (1424/1483)
Resolving deltas:  97% (1439/1483)
Resolving deltas:  98% (1454/1483)
Resolving deltas:  99% (1469/1483)
Resolving deltas: 100% (1483/1483)
Resolving deltas: 100% (1483/1483), done.
Updating files:  17% (631/3632)
Updating files:  18% (654/3632)
Updating files:  19% (691/3632)
Updating files:  20% (727/3632)
Updating files:  21% (763/3632)
Updating files:  22% (800/3632)
Updating files:  23% (836/3632)
Updating files:  24% (872/3632)
Updating files:  25% (908/3632)
Updating files:  26% (945/3632)
Updating files:  26% (972/3632)
Updating files:  27% (981/3632)
Updating files:  28% (1017/3632)
Updating files:  29% (1054/3632)
Updating files:  30% (1090/3632)
Updating files:  31% (1126/3632)
Updating files:  32% (1163/3632)
Updating files:  33% (1199/3632)
Updating files:  34% (1235/3632)
Updating files:  34% (1255/3632)
Updating files:  35% (1272/3632)
Updating files:  36% (1308/3632)
Updating files:  37% (1344/3632)
Updating files:  38% (1381/3632)
Updating files:  39% (1417/3632)
Updating files:  40% (1453/3632)
Updating files:  40% (1471/3632)
Updating files:  41% (1490/3632)
Updating files:  42% (1526/3632)
Updating files:  43% (1562/3632)
Updating files:  43% (1577/3632)
Updating files:  44% (1599/3632)
Updating files:  45% (1635/3632)
Updating files:  45% (1639/3632)
Updating files:  46% (1671/3632)
Updating files:  47% (1708/3632)
Updating files:  48% (1744/3632)
Updating files:  48% (1771/3632)
Updating files:  49% (1780/3632)
Updating files:  50% (1816/3632)
Updating files:  51% (1853/3632)
Updating files:  52% (1889/3632)
Updating files:  52% (1919/3632)
Updating files:  53% (1925/3632)
Updating files:  54% (1962/3632)
Updating files:  55% (1998/3632)
Updating files:  56% (2034/3632)
Updating files:  57% (2071/3632)
Updating files:  58% (2107/3632)
Updating files:  59% (2143/3632)
Updating files:  60% (2180/3632)
Updating files:  61% (2216/3632)
Updating files:  62% (2252/3632)
Updating files:  63% (2289/3632)
Updating files:  63% (2318/3632)
Updating files:  64% (2325/3632)
Updating files:  65% (2361/3632)
Updating files:  66% (2398/3632)
Updating files:  67% (2434/3632)
Updating files:  68% (2470/3632)
Updating files:  69% (2507/3632)
Updating files:  70% (2543/3632)
Updating files:  71% (2579/3632)
Updating files:  72% (2616/3632)
Updating files:  73% (2652/3632)
Updating files:  74% (2688/3632)
Updating files:  75% (2724/3632)
Updating files:  76% (2761/3632)
Updating files:  77% (2797/3632)
Updating files:  78% (2833/3632)
Updating files:  79% (2870/3632)
Updating files:  80% (2906/3632)
Updating files:  81% (2942/3632)
Updating files:  82% (2979/3632)
Updating files:  83% (3015/3632)
Updating files:  84% (3051/3632)
Updating files:  85% (3088/3632)
Updating files:  86% (3124/3632)
Updating files:  87% (3160/3632)
Updating files:  88% (3197/3632)
Updating files:  89% (3233/3632)
Updating files:  90% (3269/3632)
Updating files:  91% (3306/3632)
Updating files:  92% (3342/3632)
Updating files:  93% (3378/3632)
Updating files:  94% (3415/3632)
Updating files:  95% (3451/3632)
Updating files:  96% (3487/3632)
Updating files:  97% (3524/3632)
Updating files:  98% (3560/3632)
Updating files:  99% (3596/3632)
Updating files: 100% (3632/3632)
Updating files: 100% (3632/3632), done.

== Checking out commit hash 29d442fecf7c711d52e361377dc741ad24216e8f ==
<span style="color:#268BD2">&gt; /usr/bin/git reset --hard 29d442fecf7c711d52e361377dc741ad24216e8f</span>
HEAD is now at 29d442f Relais, demande 103 : test 26, A (porte) et B (actions) vers 2 000 itérations sur les textes du soulagement, par morceaux
