Receiving objects:  83% (2074/2498), 124.54 MiB | 734.00 KiB/s
Receiving objects:  84% (2099/2498), 124.54 MiB | 734.00 KiB/s
Receiving objects:  85% (2124/2498), 124.54 MiB | 734.00 KiB/s
Receiving objects:  86% (2149/2498), 124.54 MiB | 734.00 KiB/s
Receiving objects:  87% (2174/2498), 124.54 MiB | 734.00 KiB/s
Receiving objects:  88% (2199/2498), 124.78 MiB | 707.00 KiB/s
Receiving objects:  88% (2209/2498), 124.78 MiB | 707.00 KiB/s
Receiving objects:  89% (2224/2498), 124.78 MiB | 707.00 KiB/s
Receiving objects:  90% (2249/2498), 124.78 MiB | 707.00 KiB/s
Receiving objects:  91% (2274/2498), 124.78 MiB | 707.00 KiB/s
remote: Total 2498 (delta 805), reused 2288 (delta 750), pack-reused 0 (from 0)        
Receiving objects:  92% (2299/2498), 124.78 MiB | 707.00 KiB/s
Receiving objects:  93% (2324/2498), 124.78 MiB | 707.00 KiB/s
Receiving objects:  94% (2349/2498), 124.78 MiB | 707.00 KiB/s
Receiving objects:  95% (2374/2498), 124.78 MiB | 707.00 KiB/s
Receiving objects:  96% (2399/2498), 124.78 MiB | 707.00 KiB/s
Receiving objects:  97% (2424/2498), 124.78 MiB | 707.00 KiB/s
Receiving objects:  98% (2449/2498), 124.78 MiB | 707.00 KiB/s
Receiving objects:  99% (2474/2498), 124.78 MiB | 707.00 KiB/s
Receiving objects: 100% (2498/2498), 124.78 MiB | 707.00 KiB/s
Receiving objects: 100% (2498/2498), 124.94 MiB | 881.00 KiB/s, done.
Resolving deltas:   0% (0/805)
Resolving deltas:   1% (9/805)
Resolving deltas:   2% (17/805)
Resolving deltas:   3% (26/805)
Resolving deltas:   4% (33/805)
Resolving deltas:   5% (41/805)
Resolving deltas:   6% (49/805)
Resolving deltas:   7% (57/805)
Resolving deltas:   8% (65/805)
Resolving deltas:   9% (73/805)
Resolving deltas:  10% (81/805)
Resolving deltas:  11% (89/805)
Resolving deltas:  12% (97/805)
Resolving deltas:  13% (105/805)
Resolving deltas:  14% (113/805)
Resolving deltas:  15% (121/805)
Resolving deltas:  16% (130/805)
Resolving deltas:  17% (137/805)
Resolving deltas:  18% (145/805)
Resolving deltas:  19% (153/805)
Resolving deltas:  20% (161/805)
Resolving deltas:  21% (170/805)
Resolving deltas:  22% (178/805)
Resolving deltas:  23% (186/805)
Resolving deltas:  24% (194/805)
Resolving deltas:  25% (202/805)
Resolving deltas:  26% (210/805)
Resolving deltas:  27% (218/805)
Resolving deltas:  28% (226/805)
Resolving deltas:  29% (234/805)
Resolving deltas:  30% (242/805)
Resolving deltas:  31% (250/805)
Resolving deltas:  32% (258/805)
Resolving deltas:  33% (267/805)
Resolving deltas:  34% (274/805)
Resolving deltas:  35% (282/805)
Resolving deltas:  36% (290/805)
Resolving deltas:  37% (298/805)
Resolving deltas:  38% (306/805)
Resolving deltas:  39% (314/805)
Resolving deltas:  40% (322/805)
Resolving deltas:  41% (331/805)
Resolving deltas:  42% (339/805)
Resolving deltas:  43% (347/805)
Resolving deltas:  44% (355/805)
Resolving deltas:  45% (363/805)
Resolving deltas:  46% (371/805)
Resolving deltas:  47% (379/805)
Resolving deltas:  48% (387/805)
Resolving deltas:  49% (395/805)
Resolving deltas:  50% (403/805)
Resolving deltas:  51% (411/805)
Resolving deltas:  52% (419/805)
Resolving deltas:  53% (427/805)
Resolving deltas:  54% (435/805)
Resolving deltas:  55% (443/805)
Resolving deltas:  56% (451/805)
Resolving deltas:  57% (459/805)
Resolving deltas:  58% (467/805)
Resolving deltas:  59% (475/805)
Resolving deltas:  60% (483/805)
Resolving deltas:  61% (492/805)
Resolving deltas:  62% (500/805)
Resolving deltas:  63% (508/805)
Resolving deltas:  64% (516/805)
Resolving deltas:  65% (524/805)
Resolving deltas:  66% (532/805)
Resolving deltas:  67% (540/805)
Resolving deltas:  68% (548/805)
Resolving deltas:  69% (556/805)
Resolving deltas:  70% (564/805)
Resolving deltas:  71% (572/805)
Resolving deltas:  72% (580/805)
Resolving deltas:  73% (588/805)
Resolving deltas:  74% (596/805)
Resolving deltas:  75% (604/805)
Resolving deltas:  76% (612/805)
Resolving deltas:  77% (620/805)
Resolving deltas:  78% (628/805)
Resolving deltas:  79% (636/805)
Resolving deltas:  80% (644/805)
Resolving deltas:  81% (653/805)
Resolving deltas:  82% (661/805)
Resolving deltas:  83% (669/805)
Resolving deltas:  84% (677/805)
Resolving deltas:  85% (685/805)
Resolving deltas:  86% (693/805)
Resolving deltas:  87% (701/805)
Resolving deltas:  88% (709/805)
Resolving deltas:  89% (717/805)
Resolving deltas:  90% (725/805)
Resolving deltas:  91% (733/805)
Resolving deltas:  92% (741/805)
Resolving deltas:  93% (749/805)
Resolving deltas:  94% (757/805)
Resolving deltas:  95% (765/805)
Resolving deltas:  96% (773/805)
Resolving deltas:  97% (781/805)
Resolving deltas:  98% (789/805)
Resolving deltas:  99% (797/805)
Resolving deltas: 100% (805/805)
Resolving deltas: 100% (805/805), done.
Updating files:  29% (620/2067)
Updating files:  30% (621/2067)
Updating files:  31% (641/2067)
Updating files:  32% (662/2067)
Updating files:  33% (683/2067)
Updating files:  34% (703/2067)
Updating files:  35% (724/2067)
Updating files:  36% (745/2067)
Updating files:  37% (765/2067)
Updating files:  38% (786/2067)
Updating files:  39% (807/2067)
Updating files:  40% (827/2067)
Updating files:  41% (848/2067)
Updating files:  42% (869/2067)
Updating files:  43% (889/2067)
Updating files:  44% (910/2067)
Updating files:  45% (931/2067)
Updating files:  46% (951/2067)
Updating files:  47% (972/2067)
Updating files:  48% (993/2067)
Updating files:  49% (1013/2067)
Updating files:  50% (1034/2067)
Updating files:  51% (1055/2067)
Updating files:  52% (1075/2067)
Updating files:  53% (1096/2067)
Updating files:  54% (1117/2067)
Updating files:  55% (1137/2067)
Updating files:  56% (1158/2067)
Updating files:  57% (1179/2067)
Updating files:  58% (1199/2067)
Updating files:  59% (1220/2067)
Updating files:  60% (1241/2067)
Updating files:  61% (1261/2067)
Updating files:  62% (1282/2067)
Updating files:  63% (1303/2067)
Updating files:  64% (1323/2067)
Updating files:  65% (1344/2067)
Updating files:  66% (1365/2067)
Updating files:  67% (1385/2067)
Updating files:  68% (1406/2067)
Updating files:  69% (1427/2067)
Updating files:  70% (1447/2067)
Updating files:  71% (1468/2067)
Updating files:  72% (1489/2067)
Updating files:  73% (1509/2067)
Updating files:  74% (1530/2067)
Updating files:  75% (1551/2067)
Updating files:  76% (1571/2067)
Updating files:  77% (1592/2067)
Updating files:  78% (1613/2067)
Updating files:  79% (1633/2067)
Updating files:  80% (1654/2067)
Updating files:  81% (1675/2067)
Updating files:  82% (1695/2067)
Updating files:  83% (1716/2067)
Updating files:  84% (1737/2067)
Updating files:  85% (1757/2067)
Updating files:  86% (1778/2067)
Updating files:  87% (1799/2067)
Updating files:  88% (1819/2067)
Updating files:  89% (1840/2067)
Updating files:  90% (1861/2067)
Updating files:  91% (1881/2067)
Updating files:  92% (1902/2067)
Updating files:  93% (1923/2067)
Updating files:  94% (1943/2067)
Updating files:  95% (1964/2067)
Updating files:  96% (1985/2067)
Updating files:  97% (2005/2067)
Updating files:  98% (2026/2067)
Updating files:  99% (2047/2067)
Updating files: 100% (2067/2067)
Updating files: 100% (2067/2067), done.

== Checking out commit hash 1a1b2e936095167a9d37f661f5ce14cff68accc2 ==
<span style="color:#268BD2">&gt; /usr/bin/git reset --hard 1a1b2e936095167a9d37f661f5ce14cff68accc2</span>
HEAD is now at 1a1b2e9 Lancer la prolongation de VMLA par le relais, demande 21
