Resolving deltas:   0% (0/1531)
Resolving deltas:   1% (17/1531)
Resolving deltas:   2% (31/1531)
Resolving deltas:   3% (46/1531)
Resolving deltas:   4% (62/1531)
Resolving deltas:   5% (77/1531)
Resolving deltas:   6% (92/1531)
Resolving deltas:   7% (108/1531)
Resolving deltas:   8% (123/1531)
Resolving deltas:   9% (138/1531)
Resolving deltas:  10% (154/1531)
Resolving deltas:  11% (169/1531)
Resolving deltas:  12% (184/1531)
Resolving deltas:  13% (200/1531)
Resolving deltas:  14% (215/1531)
Resolving deltas:  15% (230/1531)
Resolving deltas:  16% (245/1531)
Resolving deltas:  17% (261/1531)
Resolving deltas:  18% (276/1531)
Resolving deltas:  19% (291/1531)
Resolving deltas:  20% (307/1531)
Resolving deltas:  21% (322/1531)
Resolving deltas:  22% (337/1531)
Resolving deltas:  23% (353/1531)
Resolving deltas:  24% (368/1531)
Resolving deltas:  25% (383/1531)
Resolving deltas:  26% (399/1531)
Resolving deltas:  27% (414/1531)
Resolving deltas:  28% (429/1531)
Resolving deltas:  29% (444/1531)
Resolving deltas:  30% (461/1531)
Resolving deltas:  31% (475/1531)
Resolving deltas:  32% (490/1531)
Resolving deltas:  33% (507/1531)
Resolving deltas:  34% (521/1531)
Resolving deltas:  35% (536/1531)
Resolving deltas:  36% (552/1531)
Resolving deltas:  37% (568/1531)
Resolving deltas:  38% (582/1531)
Resolving deltas:  39% (598/1531)
Resolving deltas:  40% (613/1531)
Resolving deltas:  41% (628/1531)
Resolving deltas:  42% (644/1531)
Resolving deltas:  43% (659/1531)
Resolving deltas:  44% (674/1531)
Resolving deltas:  45% (689/1531)
Resolving deltas:  46% (705/1531)
Resolving deltas:  47% (721/1531)
Resolving deltas:  48% (735/1531)
Resolving deltas:  49% (751/1531)
Resolving deltas:  50% (766/1531)
Resolving deltas:  51% (781/1531)
Resolving deltas:  52% (797/1531)
Resolving deltas:  53% (812/1531)
Resolving deltas:  54% (827/1531)
Resolving deltas:  55% (843/1531)
Resolving deltas:  56% (858/1531)
Resolving deltas:  57% (873/1531)
Resolving deltas:  58% (888/1531)
Resolving deltas:  59% (904/1531)
Resolving deltas:  60% (919/1531)
Resolving deltas:  61% (934/1531)
Resolving deltas:  62% (950/1531)
Resolving deltas:  63% (965/1531)
Resolving deltas:  64% (980/1531)
Resolving deltas:  65% (996/1531)
Resolving deltas:  66% (1011/1531)
Resolving deltas:  67% (1026/1531)
Resolving deltas:  68% (1042/1531)
Resolving deltas:  69% (1057/1531)
Resolving deltas:  70% (1072/1531)
Resolving deltas:  71% (1088/1531)
Resolving deltas:  72% (1103/1531)
Resolving deltas:  73% (1118/1531)
Resolving deltas:  74% (1133/1531)
Resolving deltas:  75% (1149/1531)
Resolving deltas:  76% (1164/1531)
Resolving deltas:  77% (1179/1531)
Resolving deltas:  78% (1196/1531)
Resolving deltas:  79% (1210/1531)
Resolving deltas:  80% (1225/1531)
Resolving deltas:  81% (1241/1531)
Resolving deltas:  82% (1256/1531)
Resolving deltas:  83% (1271/1531)
Resolving deltas:  84% (1287/1531)
Resolving deltas:  85% (1302/1531)
Resolving deltas:  86% (1317/1531)
Resolving deltas:  87% (1332/1531)
Resolving deltas:  88% (1348/1531)
Resolving deltas:  89% (1363/1531)
Resolving deltas:  90% (1378/1531)
Resolving deltas:  91% (1394/1531)
Resolving deltas:  92% (1409/1531)
Resolving deltas:  93% (1424/1531)
Resolving deltas:  94% (1440/1531)
Resolving deltas:  95% (1455/1531)
Resolving deltas:  96% (1470/1531)
Resolving deltas:  97% (1486/1531)
Resolving deltas:  98% (1501/1531)
Resolving deltas:  99% (1516/1531)
Resolving deltas: 100% (1531/1531)
Resolving deltas: 100% (1531/1531), done.
Updating files:  17% (673/3749)
Updating files:  18% (675/3749)
Updating files:  19% (713/3749)
Updating files:  20% (750/3749)
Updating files:  21% (788/3749)
Updating files:  22% (825/3749)
Updating files:  23% (863/3749)
Updating files:  24% (900/3749)
Updating files:  24% (927/3749)
Updating files:  25% (938/3749)
Updating files:  26% (975/3749)
Updating files:  27% (1013/3749)
Updating files:  28% (1050/3749)
Updating files:  29% (1088/3749)
Updating files:  30% (1125/3749)
Updating files:  31% (1163/3749)
Updating files:  32% (1200/3749)
Updating files:  32% (1203/3749)
Updating files:  33% (1238/3749)
Updating files:  34% (1275/3749)
Updating files:  35% (1313/3749)
Updating files:  36% (1350/3749)
Updating files:  37% (1388/3749)
Updating files:  38% (1425/3749)
Updating files:  39% (1463/3749)
Updating files:  39% (1470/3749)
Updating files:  40% (1500/3749)
Updating files:  41% (1538/3749)
Updating files:  41% (1564/3749)
Updating files:  42% (1575/3749)
Updating files:  43% (1613/3749)
Updating files:  43% (1637/3749)
Updating files:  44% (1650/3749)
Updating files:  45% (1688/3749)
Updating files:  46% (1725/3749)
Updating files:  46% (1732/3749)
Updating files:  47% (1763/3749)
Updating files:  48% (1800/3749)
Updating files:  49% (1838/3749)
Updating files:  50% (1875/3749)
Updating files:  50% (1905/3749)
Updating files:  51% (1912/3749)
Updating files:  52% (1950/3749)
Updating files:  52% (1977/3749)
Updating files:  53% (1987/3749)
Updating files:  54% (2025/3749)
Updating files:  55% (2062/3749)
Updating files:  56% (2100/3749)
Updating files:  57% (2137/3749)
Updating files:  58% (2175/3749)
Updating files:  59% (2212/3749)
Updating files:  60% (2250/3749)
Updating files:  61% (2287/3749)
Updating files:  62% (2325/3749)
Updating files:  63% (2362/3749)
Updating files:  63% (2367/3749)
Updating files:  64% (2400/3749)
Updating files:  65% (2437/3749)
Updating files:  66% (2475/3749)
Updating files:  67% (2512/3749)
Updating files:  68% (2550/3749)
Updating files:  69% (2587/3749)
Updating files:  70% (2625/3749)
Updating files:  71% (2662/3749)
Updating files:  72% (2700/3749)
Updating files:  73% (2737/3749)
Updating files:  74% (2775/3749)
Updating files:  75% (2812/3749)
Updating files:  76% (2850/3749)
Updating files:  77% (2887/3749)
Updating files:  78% (2925/3749)
Updating files:  79% (2962/3749)
Updating files:  80% (3000/3749)
Updating files:  81% (3037/3749)
Updating files:  82% (3075/3749)
Updating files:  83% (3112/3749)
Updating files:  84% (3150/3749)
Updating files:  85% (3187/3749)
Updating files:  86% (3225/3749)
Updating files:  87% (3262/3749)
Updating files:  88% (3300/3749)
Updating files:  89% (3337/3749)
Updating files:  90% (3375/3749)
Updating files:  91% (3412/3749)
Updating files:  92% (3450/3749)
Updating files:  93% (3487/3749)
Updating files:  94% (3525/3749)
Updating files:  95% (3562/3749)
Updating files:  96% (3600/3749)
Updating files:  97% (3637/3749)
Updating files:  98% (3675/3749)
Updating files:  99% (3712/3749)
Updating files: 100% (3749/3749)
Updating files: 100% (3749/3749), done.

== Checking out commit hash a83b3c60b0cd34342c468bdaa94a8241b001dfaf ==
<span style="color:#268BD2">&gt; /usr/bin/git reset --hard a83b3c60b0cd34342c468bdaa94a8241b001dfaf</span>
HEAD is now at a83b3c6 Relais, demande 105 : test 26, A de 1 751 à 2 000 itérations, B de 1 001 vers 2 000 (reprise exacte, par morceaux)
