Receiving objects:  77% (2583/3354), 496.07 MiB | 44.52 MiB/s
Receiving objects:  78% (2617/3354), 496.07 MiB | 44.52 MiB/s
Receiving objects:  79% (2650/3354), 496.07 MiB | 44.52 MiB/s
Receiving objects:  80% (2684/3354), 496.07 MiB | 44.52 MiB/s
Receiving objects:  81% (2717/3354), 496.07 MiB | 44.52 MiB/s
Receiving objects:  82% (2751/3354), 496.07 MiB | 44.52 MiB/s
Receiving objects:  83% (2784/3354), 496.07 MiB | 44.52 MiB/s
Receiving objects:  84% (2818/3354), 496.07 MiB | 44.52 MiB/s
Receiving objects:  85% (2851/3354), 496.07 MiB | 44.52 MiB/s
Receiving objects:  86% (2885/3354), 496.07 MiB | 44.52 MiB/s
Receiving objects:  87% (2918/3354), 496.07 MiB | 44.52 MiB/s
Receiving objects:  88% (2952/3354), 496.07 MiB | 44.52 MiB/s
Receiving objects:  89% (2986/3354), 496.07 MiB | 44.52 MiB/s
Receiving objects:  90% (3019/3354), 496.07 MiB | 44.52 MiB/s
Receiving objects:  91% (3053/3354), 496.07 MiB | 44.52 MiB/s
Receiving objects:  92% (3086/3354), 496.07 MiB | 44.52 MiB/s
Receiving objects:  93% (3120/3354), 496.07 MiB | 44.52 MiB/s
remote: Total 3354 (delta 1165), reused 3133 (delta 1137), pack-reused 0 (from 0)        
Receiving objects:  94% (3153/3354), 496.07 MiB | 44.52 MiB/s
Receiving objects:  95% (3187/3354), 496.07 MiB | 44.52 MiB/s
Receiving objects:  96% (3220/3354), 496.07 MiB | 44.52 MiB/s
Receiving objects:  97% (3254/3354), 496.07 MiB | 44.52 MiB/s
Receiving objects:  98% (3287/3354), 496.07 MiB | 44.52 MiB/s
Receiving objects:  99% (3321/3354), 496.07 MiB | 44.52 MiB/s
Receiving objects: 100% (3354/3354), 496.07 MiB | 44.52 MiB/s
Receiving objects: 100% (3354/3354), 511.63 MiB | 18.24 MiB/s, done.
Resolving deltas:   0% (0/1165)
Resolving deltas:   1% (12/1165)
Resolving deltas:   2% (24/1165)
Resolving deltas:   3% (35/1165)
Resolving deltas:   4% (47/1165)
Resolving deltas:   5% (61/1165)
Resolving deltas:   6% (70/1165)
Resolving deltas:   7% (82/1165)
Resolving deltas:   8% (94/1165)
Resolving deltas:   9% (105/1165)
Resolving deltas:  10% (117/1165)
Resolving deltas:  11% (129/1165)
Resolving deltas:  12% (140/1165)
Resolving deltas:  13% (152/1165)
Resolving deltas:  14% (164/1165)
Resolving deltas:  15% (175/1165)
Resolving deltas:  16% (187/1165)
Resolving deltas:  17% (199/1165)
Resolving deltas:  18% (210/1165)
Resolving deltas:  19% (222/1165)
Resolving deltas:  20% (233/1165)
Resolving deltas:  21% (245/1165)
Resolving deltas:  22% (257/1165)
Resolving deltas:  23% (268/1165)
Resolving deltas:  24% (280/1165)
Resolving deltas:  25% (292/1165)
Resolving deltas:  26% (303/1165)
Resolving deltas:  27% (315/1165)
Resolving deltas:  28% (327/1165)
Resolving deltas:  29% (338/1165)
Resolving deltas:  30% (350/1165)
Resolving deltas:  31% (362/1165)
Resolving deltas:  32% (373/1165)
Resolving deltas:  33% (386/1165)
Resolving deltas:  34% (397/1165)
Resolving deltas:  35% (408/1165)
Resolving deltas:  36% (420/1165)
Resolving deltas:  37% (432/1165)
Resolving deltas:  38% (443/1165)
Resolving deltas:  39% (455/1165)
Resolving deltas:  40% (466/1165)
Resolving deltas:  41% (478/1165)
Resolving deltas:  42% (490/1165)
Resolving deltas:  43% (501/1165)
Resolving deltas:  44% (513/1165)
Resolving deltas:  45% (525/1165)
Resolving deltas:  46% (536/1165)
Resolving deltas:  47% (548/1165)
Resolving deltas:  48% (560/1165)
Resolving deltas:  49% (571/1165)
Resolving deltas:  50% (583/1165)
Resolving deltas:  51% (595/1165)
Resolving deltas:  52% (606/1165)
Resolving deltas:  53% (618/1165)
Resolving deltas:  54% (631/1165)
Resolving deltas:  55% (641/1165)
Resolving deltas:  56% (653/1165)
Resolving deltas:  57% (665/1165)
Resolving deltas:  58% (676/1165)
Resolving deltas:  59% (688/1165)
Resolving deltas:  60% (699/1165)
Resolving deltas:  61% (711/1165)
Resolving deltas:  62% (723/1165)
Resolving deltas:  63% (734/1165)
Resolving deltas:  64% (746/1165)
Resolving deltas:  65% (758/1165)
Resolving deltas:  66% (769/1165)
Resolving deltas:  67% (781/1165)
Resolving deltas:  68% (793/1165)
Resolving deltas:  69% (804/1165)
Resolving deltas:  70% (816/1165)
Resolving deltas:  71% (828/1165)
Resolving deltas:  72% (839/1165)
Resolving deltas:  73% (851/1165)
Resolving deltas:  74% (863/1165)
Resolving deltas:  75% (874/1165)
Resolving deltas:  76% (886/1165)
Resolving deltas:  77% (898/1165)
Resolving deltas:  78% (909/1165)
Resolving deltas:  79% (921/1165)
Resolving deltas:  80% (932/1165)
Resolving deltas:  81% (944/1165)
Resolving deltas:  82% (956/1165)
Resolving deltas:  83% (967/1165)
Resolving deltas:  84% (979/1165)
Resolving deltas:  85% (991/1165)
Resolving deltas:  86% (1002/1165)
Resolving deltas:  87% (1014/1165)
Resolving deltas:  88% (1026/1165)
Resolving deltas:  89% (1037/1165)
Resolving deltas:  90% (1049/1165)
Resolving deltas:  91% (1061/1165)
Resolving deltas:  92% (1072/1165)
Resolving deltas:  93% (1084/1165)
Resolving deltas:  94% (1096/1165)
Resolving deltas:  95% (1107/1165)
Resolving deltas:  96% (1119/1165)
Resolving deltas:  97% (1131/1165)
Resolving deltas:  98% (1142/1165)
Resolving deltas:  99% (1154/1165)
Resolving deltas: 100% (1165/1165)
Resolving deltas: 100% (1165/1165), done.
Updating files:  35% (1011/2837)
Updating files:  36% (1022/2837)
Updating files:  37% (1050/2837)
Updating files:  38% (1079/2837)
Updating files:  39% (1107/2837)
Updating files:  40% (1135/2837)
Updating files:  41% (1164/2837)
Updating files:  42% (1192/2837)
Updating files:  43% (1220/2837)
Updating files:  44% (1249/2837)
Updating files:  45% (1277/2837)
Updating files:  46% (1306/2837)
Updating files:  47% (1334/2837)
Updating files:  48% (1362/2837)
Updating files:  49% (1391/2837)
Updating files:  50% (1419/2837)
Updating files:  51% (1447/2837)
Updating files:  52% (1476/2837)
Updating files:  53% (1504/2837)
Updating files:  54% (1532/2837)
Updating files:  55% (1561/2837)
Updating files:  56% (1589/2837)
Updating files:  57% (1618/2837)
Updating files:  58% (1646/2837)
Updating files:  59% (1674/2837)
Updating files:  60% (1703/2837)
Updating files:  61% (1731/2837)
Updating files:  62% (1759/2837)
Updating files:  63% (1788/2837)
Updating files:  64% (1816/2837)
Updating files:  65% (1845/2837)
Updating files:  66% (1873/2837)
Updating files:  67% (1901/2837)
Updating files:  68% (1930/2837)
Updating files:  69% (1958/2837)
Updating files:  70% (1986/2837)
Updating files:  71% (2015/2837)
Updating files:  72% (2043/2837)
Updating files:  73% (2072/2837)
Updating files:  74% (2100/2837)
Updating files:  75% (2128/2837)
Updating files:  76% (2157/2837)
Updating files:  77% (2185/2837)
Updating files:  78% (2213/2837)
Updating files:  79% (2242/2837)
Updating files:  80% (2270/2837)
Updating files:  81% (2298/2837)
Updating files:  82% (2327/2837)
Updating files:  83% (2355/2837)
Updating files:  83% (2377/2837)
Updating files:  84% (2384/2837)
Updating files:  85% (2412/2837)
Updating files:  86% (2440/2837)
Updating files:  87% (2469/2837)
Updating files:  88% (2497/2837)
Updating files:  89% (2525/2837)
Updating files:  90% (2554/2837)
Updating files:  91% (2582/2837)
Updating files:  92% (2611/2837)
Updating files:  93% (2639/2837)
Updating files:  94% (2667/2837)
Updating files:  95% (2696/2837)
Updating files:  96% (2724/2837)
Updating files:  97% (2752/2837)
Updating files:  98% (2781/2837)
Updating files:  99% (2809/2837)
Updating files: 100% (2837/2837)
Updating files: 100% (2837/2837), done.

== Checking out commit hash 2428e64dbf7859da531309f792e3c6da9943c1c4 ==
<span style="color:#268BD2">&gt; /usr/bin/git reset --hard 2428e64dbf7859da531309f792e3c6da9943c1c4</span>
HEAD is now at 2428e64 Relais, demande 60 : le lecteur sans raccourci (documents équilibrés par événement)
