Receiving objects:  72% (2219/3081), 293.58 MiB | 73.39 MiB/s
Receiving objects:  73% (2250/3081), 293.58 MiB | 73.39 MiB/s
Receiving objects:  74% (2280/3081), 293.58 MiB | 73.39 MiB/s
Receiving objects:  75% (2311/3081), 293.58 MiB | 73.39 MiB/s
Receiving objects:  76% (2342/3081), 293.58 MiB | 73.39 MiB/s
Receiving objects:  77% (2373/3081), 293.58 MiB | 73.39 MiB/s
Receiving objects:  78% (2404/3081), 293.58 MiB | 73.39 MiB/s
Receiving objects:  79% (2434/3081), 293.58 MiB | 73.39 MiB/s
Receiving objects:  80% (2465/3081), 293.58 MiB | 73.39 MiB/s
Receiving objects:  81% (2496/3081), 293.58 MiB | 73.39 MiB/s
Receiving objects:  82% (2527/3081), 293.58 MiB | 73.39 MiB/s
Receiving objects:  83% (2558/3081), 293.58 MiB | 73.39 MiB/s
Receiving objects:  84% (2589/3081), 293.58 MiB | 73.39 MiB/s
Receiving objects:  85% (2619/3081), 293.58 MiB | 73.39 MiB/s
Receiving objects:  86% (2650/3081), 293.58 MiB | 73.39 MiB/s
Receiving objects:  87% (2681/3081), 293.58 MiB | 73.39 MiB/s
Receiving objects:  88% (2712/3081), 293.58 MiB | 73.39 MiB/s
Receiving objects:  89% (2743/3081), 293.58 MiB | 73.39 MiB/s
Receiving objects:  90% (2773/3081), 293.58 MiB | 73.39 MiB/s
remote: Total 3081 (delta 1093), reused 2833 (delta 1016), pack-reused 0 (from 0)        
Receiving objects:  91% (2804/3081), 293.58 MiB | 73.39 MiB/s
Receiving objects:  92% (2835/3081), 293.58 MiB | 73.39 MiB/s
Receiving objects:  93% (2866/3081), 293.58 MiB | 73.39 MiB/s
Receiving objects:  94% (2897/3081), 293.58 MiB | 73.39 MiB/s
Receiving objects:  95% (2927/3081), 293.58 MiB | 73.39 MiB/s
Receiving objects:  96% (2958/3081), 293.58 MiB | 73.39 MiB/s
Receiving objects:  97% (2989/3081), 293.58 MiB | 73.39 MiB/s
Receiving objects:  98% (3020/3081), 293.58 MiB | 73.39 MiB/s
Receiving objects:  99% (3051/3081), 293.58 MiB | 73.39 MiB/s
Receiving objects: 100% (3081/3081), 293.58 MiB | 73.39 MiB/s
Receiving objects: 100% (3081/3081), 311.20 MiB | 72.81 MiB/s, done.
Resolving deltas:   0% (0/1093)
Resolving deltas:   1% (11/1093)
Resolving deltas:   2% (22/1093)
Resolving deltas:   3% (34/1093)
Resolving deltas:   4% (44/1093)
Resolving deltas:   5% (55/1093)
Resolving deltas:   6% (66/1093)
Resolving deltas:   7% (78/1093)
Resolving deltas:   8% (88/1093)
Resolving deltas:   9% (99/1093)
Resolving deltas:  10% (110/1093)
Resolving deltas:  11% (121/1093)
Resolving deltas:  12% (132/1093)
Resolving deltas:  13% (143/1093)
Resolving deltas:  14% (154/1093)
Resolving deltas:  15% (164/1093)
Resolving deltas:  16% (175/1093)
Resolving deltas:  17% (186/1093)
Resolving deltas:  18% (197/1093)
Resolving deltas:  19% (208/1093)
Resolving deltas:  20% (219/1093)
Resolving deltas:  21% (230/1093)
Resolving deltas:  22% (241/1093)
Resolving deltas:  23% (252/1093)
Resolving deltas:  24% (263/1093)
Resolving deltas:  25% (274/1093)
Resolving deltas:  26% (285/1093)
Resolving deltas:  27% (297/1093)
Resolving deltas:  28% (308/1093)
Resolving deltas:  29% (317/1093)
Resolving deltas:  30% (328/1093)
Resolving deltas:  31% (339/1093)
Resolving deltas:  32% (350/1093)
Resolving deltas:  33% (361/1093)
Resolving deltas:  34% (372/1093)
Resolving deltas:  35% (383/1093)
Resolving deltas:  36% (394/1093)
Resolving deltas:  37% (405/1093)
Resolving deltas:  38% (416/1093)
Resolving deltas:  39% (427/1093)
Resolving deltas:  40% (438/1093)
Resolving deltas:  41% (449/1093)
Resolving deltas:  42% (460/1093)
Resolving deltas:  43% (470/1093)
Resolving deltas:  44% (481/1093)
Resolving deltas:  45% (492/1093)
Resolving deltas:  46% (503/1093)
Resolving deltas:  47% (514/1093)
Resolving deltas:  48% (525/1093)
Resolving deltas:  49% (537/1093)
Resolving deltas:  50% (547/1093)
Resolving deltas:  51% (558/1093)
Resolving deltas:  52% (569/1093)
Resolving deltas:  53% (580/1093)
Resolving deltas:  54% (592/1093)
Resolving deltas:  55% (602/1093)
Resolving deltas:  56% (613/1093)
Resolving deltas:  57% (624/1093)
Resolving deltas:  58% (634/1093)
Resolving deltas:  59% (645/1093)
Resolving deltas:  60% (656/1093)
Resolving deltas:  61% (668/1093)
Resolving deltas:  62% (678/1093)
Resolving deltas:  63% (689/1093)
Resolving deltas:  64% (700/1093)
Resolving deltas:  65% (711/1093)
Resolving deltas:  66% (722/1093)
Resolving deltas:  67% (733/1093)
Resolving deltas:  68% (744/1093)
Resolving deltas:  69% (755/1093)
Resolving deltas:  70% (766/1093)
Resolving deltas:  71% (777/1093)
Resolving deltas:  72% (787/1093)
Resolving deltas:  73% (798/1093)
Resolving deltas:  74% (809/1093)
Resolving deltas:  75% (820/1093)
Resolving deltas:  76% (831/1093)
Resolving deltas:  77% (842/1093)
Resolving deltas:  78% (853/1093)
Resolving deltas:  79% (864/1093)
Resolving deltas:  80% (875/1093)
Resolving deltas:  81% (886/1093)
Resolving deltas:  82% (897/1093)
Resolving deltas:  83% (908/1093)
Resolving deltas:  84% (919/1093)
Resolving deltas:  85% (930/1093)
Resolving deltas:  86% (940/1093)
Resolving deltas:  87% (951/1093)
Resolving deltas:  88% (962/1093)
Resolving deltas:  89% (973/1093)
Resolving deltas:  90% (984/1093)
Resolving deltas:  91% (995/1093)
Resolving deltas:  92% (1006/1093)
Resolving deltas:  93% (1017/1093)
Resolving deltas:  94% (1028/1093)
Resolving deltas:  95% (1039/1093)
Resolving deltas:  96% (1050/1093)
Resolving deltas:  97% (1061/1093)
Resolving deltas:  98% (1072/1093)
Resolving deltas:  99% (1083/1093)
Resolving deltas: 100% (1093/1093)
Resolving deltas: 100% (1093/1093), done.
Updating files:  39% (990/2532)
Updating files:  40% (1013/2532)
Updating files:  41% (1039/2532)
Updating files:  42% (1064/2532)
Updating files:  43% (1089/2532)
Updating files:  44% (1115/2532)
Updating files:  45% (1140/2532)
Updating files:  46% (1165/2532)
Updating files:  47% (1191/2532)
Updating files:  48% (1216/2532)
Updating files:  49% (1241/2532)
Updating files:  50% (1266/2532)
Updating files:  51% (1292/2532)
Updating files:  52% (1317/2532)
Updating files:  53% (1342/2532)
Updating files:  54% (1368/2532)
Updating files:  55% (1393/2532)
Updating files:  56% (1418/2532)
Updating files:  57% (1444/2532)
Updating files:  58% (1469/2532)
Updating files:  59% (1494/2532)
Updating files:  60% (1520/2532)
Updating files:  61% (1545/2532)
Updating files:  62% (1570/2532)
Updating files:  63% (1596/2532)
Updating files:  64% (1621/2532)
Updating files:  65% (1646/2532)
Updating files:  66% (1672/2532)
Updating files:  67% (1697/2532)
Updating files:  68% (1722/2532)
Updating files:  69% (1748/2532)
Updating files:  70% (1773/2532)
Updating files:  71% (1798/2532)
Updating files:  72% (1824/2532)
Updating files:  73% (1849/2532)
Updating files:  74% (1874/2532)
Updating files:  75% (1899/2532)
Updating files:  76% (1925/2532)
Updating files:  77% (1950/2532)
Updating files:  78% (1975/2532)
Updating files:  79% (2001/2532)
Updating files:  80% (2026/2532)
Updating files:  81% (2051/2532)
Updating files:  82% (2077/2532)
Updating files:  83% (2102/2532)
Updating files:  84% (2127/2532)
Updating files:  85% (2153/2532)
Updating files:  86% (2178/2532)
Updating files:  87% (2203/2532)
Updating files:  88% (2229/2532)
Updating files:  89% (2254/2532)
Updating files:  90% (2279/2532)
Updating files:  91% (2305/2532)
Updating files:  92% (2330/2532)
Updating files:  93% (2355/2532)
Updating files:  94% (2381/2532)
Updating files:  95% (2406/2532)
Updating files:  96% (2431/2532)
Updating files:  97% (2457/2532)
Updating files:  98% (2482/2532)
Updating files:  99% (2507/2532)
Updating files: 100% (2532/2532)
Updating files: 100% (2532/2532), done.

== Checking out commit hash 47fea9f84f358b621e7a217404707572716cadaa ==
<span style="color:#268BD2">&gt; /usr/bin/git reset --hard 47fea9f84f358b621e7a217404707572716cadaa</span>
HEAD is now at 47fea9f Publier l'étape 5 de la graine 23 et l'étape 6 de la graine 29 ; lancer la dernière étape, demande 39
