Receiving objects: 100% (4261/4261), 1.02 GiB | 78.92 MiB/s
Receiving objects: 100% (4261/4261), 1.03 GiB | 77.26 MiB/s, done.
Resolving deltas:   0% (0/1514)
Resolving deltas:   1% (17/1514)
Resolving deltas:   2% (31/1514)
Resolving deltas:   3% (46/1514)
Resolving deltas:   4% (61/1514)
Resolving deltas:   5% (76/1514)
Resolving deltas:   6% (91/1514)
Resolving deltas:   7% (106/1514)
Resolving deltas:   8% (123/1514)
Resolving deltas:   9% (137/1514)
Resolving deltas:  10% (152/1514)
Resolving deltas:  11% (167/1514)
Resolving deltas:  12% (182/1514)
Resolving deltas:  13% (197/1514)
Resolving deltas:  14% (212/1514)
Resolving deltas:  15% (228/1514)
Resolving deltas:  16% (243/1514)
Resolving deltas:  17% (258/1514)
Resolving deltas:  18% (273/1514)
Resolving deltas:  19% (288/1514)
Resolving deltas:  20% (303/1514)
Resolving deltas:  21% (318/1514)
Resolving deltas:  22% (334/1514)
Resolving deltas:  23% (349/1514)
Resolving deltas:  24% (364/1514)
Resolving deltas:  25% (379/1514)
Resolving deltas:  26% (394/1514)
Resolving deltas:  27% (409/1514)
Resolving deltas:  28% (424/1514)
Resolving deltas:  29% (440/1514)
Resolving deltas:  30% (455/1514)
Resolving deltas:  31% (470/1514)
Resolving deltas:  32% (485/1514)
Resolving deltas:  33% (500/1514)
Resolving deltas:  34% (515/1514)
Resolving deltas:  35% (530/1514)
Resolving deltas:  36% (546/1514)
Resolving deltas:  37% (561/1514)
Resolving deltas:  38% (576/1514)
Resolving deltas:  39% (591/1514)
Resolving deltas:  40% (606/1514)
Resolving deltas:  41% (621/1514)
Resolving deltas:  42% (636/1514)
Resolving deltas:  43% (652/1514)
Resolving deltas:  44% (667/1514)
Resolving deltas:  45% (682/1514)
Resolving deltas:  46% (697/1514)
Resolving deltas:  47% (712/1514)
Resolving deltas:  48% (727/1514)
Resolving deltas:  49% (742/1514)
Resolving deltas:  50% (757/1514)
Resolving deltas:  51% (773/1514)
Resolving deltas:  52% (788/1514)
Resolving deltas:  53% (803/1514)
Resolving deltas:  54% (818/1514)
Resolving deltas:  55% (833/1514)
Resolving deltas:  56% (848/1514)
Resolving deltas:  57% (863/1514)
Resolving deltas:  58% (879/1514)
Resolving deltas:  59% (894/1514)
Resolving deltas:  60% (909/1514)
Resolving deltas:  61% (924/1514)
Resolving deltas:  62% (939/1514)
Resolving deltas:  63% (954/1514)
Resolving deltas:  64% (969/1514)
Resolving deltas:  65% (985/1514)
Resolving deltas:  66% (1000/1514)
Resolving deltas:  67% (1015/1514)
Resolving deltas:  68% (1030/1514)
Resolving deltas:  69% (1045/1514)
Resolving deltas:  70% (1060/1514)
Resolving deltas:  71% (1075/1514)
Resolving deltas:  72% (1091/1514)
Resolving deltas:  73% (1106/1514)
Resolving deltas:  74% (1122/1514)
Resolving deltas:  75% (1136/1514)
Resolving deltas:  76% (1151/1514)
Resolving deltas:  77% (1166/1514)
Resolving deltas:  78% (1181/1514)
Resolving deltas:  79% (1197/1514)
Resolving deltas:  80% (1212/1514)
Resolving deltas:  81% (1227/1514)
Resolving deltas:  82% (1242/1514)
Resolving deltas:  83% (1257/1514)
Resolving deltas:  84% (1272/1514)
Resolving deltas:  85% (1287/1514)
Resolving deltas:  86% (1303/1514)
Resolving deltas:  87% (1318/1514)
Resolving deltas:  88% (1333/1514)
Resolving deltas:  89% (1348/1514)
Resolving deltas:  90% (1363/1514)
Resolving deltas:  91% (1378/1514)
Resolving deltas:  92% (1393/1514)
Resolving deltas:  93% (1409/1514)
Resolving deltas:  94% (1424/1514)
Resolving deltas:  95% (1439/1514)
Resolving deltas:  96% (1454/1514)
Resolving deltas:  97% (1469/1514)
Resolving deltas:  98% (1484/1514)
Resolving deltas:  99% (1499/1514)
Resolving deltas: 100% (1514/1514)
Resolving deltas: 100% (1514/1514), done.
Updating files:  18% (694/3706)
Updating files:  19% (705/3706)
Updating files:  20% (742/3706)
Updating files:  21% (779/3706)
Updating files:  22% (816/3706)
Updating files:  23% (853/3706)
Updating files:  24% (890/3706)
Updating files:  25% (927/3706)
Updating files:  26% (964/3706)
Updating files:  27% (1001/3706)
Updating files:  27% (1028/3706)
Updating files:  28% (1038/3706)
Updating files:  29% (1075/3706)
Updating files:  30% (1112/3706)
Updating files:  31% (1149/3706)
Updating files:  32% (1186/3706)
Updating files:  33% (1223/3706)
Updating files:  34% (1261/3706)
Updating files:  34% (1281/3706)
Updating files:  35% (1298/3706)
Updating files:  36% (1335/3706)
Updating files:  37% (1372/3706)
Updating files:  38% (1409/3706)
Updating files:  39% (1446/3706)
Updating files:  40% (1483/3706)
Updating files:  41% (1520/3706)
Updating files:  41% (1524/3706)
Updating files:  42% (1557/3706)
Updating files:  42% (1579/3706)
Updating files:  43% (1594/3706)
Updating files:  44% (1631/3706)
Updating files:  44% (1652/3706)
Updating files:  45% (1668/3706)
Updating files:  46% (1705/3706)
Updating files:  47% (1742/3706)
Updating files:  48% (1779/3706)
Updating files:  48% (1815/3706)
Updating files:  49% (1816/3706)
Updating files:  50% (1853/3706)
Updating files:  51% (1891/3706)
Updating files:  51% (1918/3706)
Updating files:  52% (1928/3706)
Updating files:  53% (1965/3706)
Updating files:  54% (2002/3706)
Updating files:  55% (2039/3706)
Updating files:  56% (2076/3706)
Updating files:  57% (2113/3706)
Updating files:  57% (2127/3706)
Updating files:  58% (2150/3706)
Updating files:  59% (2187/3706)
Updating files:  60% (2224/3706)
Updating files:  61% (2261/3706)
Updating files:  62% (2298/3706)
Updating files:  63% (2335/3706)
Updating files:  64% (2372/3706)
Updating files:  65% (2409/3706)
Updating files:  66% (2446/3706)
Updating files:  67% (2484/3706)
Updating files:  68% (2521/3706)
Updating files:  69% (2558/3706)
Updating files:  70% (2595/3706)
Updating files:  71% (2632/3706)
Updating files:  72% (2669/3706)
Updating files:  73% (2706/3706)
Updating files:  74% (2743/3706)
Updating files:  75% (2780/3706)
Updating files:  76% (2817/3706)
Updating files:  77% (2854/3706)
Updating files:  78% (2891/3706)
Updating files:  79% (2928/3706)
Updating files:  80% (2965/3706)
Updating files:  81% (3002/3706)
Updating files:  82% (3039/3706)
Updating files:  83% (3076/3706)
Updating files:  84% (3114/3706)
Updating files:  85% (3151/3706)
Updating files:  86% (3188/3706)
Updating files:  87% (3225/3706)
Updating files:  88% (3262/3706)
Updating files:  89% (3299/3706)
Updating files:  90% (3336/3706)
Updating files:  91% (3373/3706)
Updating files:  92% (3410/3706)
Updating files:  93% (3447/3706)
Updating files:  94% (3484/3706)
Updating files:  95% (3521/3706)
Updating files:  96% (3558/3706)
Updating files:  97% (3595/3706)
Updating files:  98% (3632/3706)
Updating files:  99% (3669/3706)
Updating files: 100% (3706/3706)
Updating files: 100% (3706/3706), done.

== Checking out commit hash 39d6f4d5c276ca91362ceda5227fdbcda81ecac4 ==
<span style="color:#268BD2">&gt; /usr/bin/git reset --hard 39d6f4d5c276ca91362ceda5227fdbcda81ecac4</span>
HEAD is now at 39d6f4d Protocole pré-enregistré, test 28 : sans professeur, que porte l'état ? (greffe du test 23 sur l'agent du soulagement ; SELF1, SELF2), avant la fin de l'apprentissage du test 26 et toute mesure de ses agents
