Receiving objects:  82% (3035/3701), 719.21 MiB | 18.17 MiB/s
Receiving objects:  82% (3056/3701), 719.21 MiB | 18.17 MiB/s
Receiving objects:  83% (3072/3701), 719.21 MiB | 18.17 MiB/s
Receiving objects:  84% (3109/3701), 719.21 MiB | 18.17 MiB/s
Receiving objects:  85% (3146/3701), 719.21 MiB | 18.17 MiB/s
Receiving objects:  86% (3183/3701), 719.21 MiB | 18.17 MiB/s
Receiving objects:  87% (3220/3701), 719.21 MiB | 18.17 MiB/s
Receiving objects:  88% (3257/3701), 719.21 MiB | 18.17 MiB/s
Receiving objects:  89% (3294/3701), 719.21 MiB | 18.17 MiB/s
Receiving objects:  90% (3331/3701), 719.21 MiB | 18.17 MiB/s
Receiving objects:  91% (3368/3701), 719.21 MiB | 18.17 MiB/s
Receiving objects:  92% (3405/3701), 719.21 MiB | 18.17 MiB/s
Receiving objects:  93% (3442/3701), 719.21 MiB | 18.17 MiB/s
Receiving objects:  94% (3479/3701), 719.21 MiB | 18.17 MiB/s
Receiving objects:  95% (3516/3701), 719.21 MiB | 18.17 MiB/s
remote: Total 3701 (delta 1284), reused 3421 (delta 1210), pack-reused 0 (from 0)        
Receiving objects:  96% (3553/3701), 719.21 MiB | 18.17 MiB/s
Receiving objects:  97% (3590/3701), 719.21 MiB | 18.17 MiB/s
Receiving objects:  98% (3627/3701), 719.21 MiB | 18.17 MiB/s
Receiving objects:  99% (3664/3701), 719.21 MiB | 18.17 MiB/s
Receiving objects: 100% (3701/3701), 719.21 MiB | 18.17 MiB/s
Receiving objects: 100% (3701/3701), 725.10 MiB | 16.45 MiB/s, done.
Resolving deltas:   0% (0/1284)
Resolving deltas:   1% (13/1284)
Resolving deltas:   2% (26/1284)
Resolving deltas:   3% (41/1284)
Resolving deltas:   4% (52/1284)
Resolving deltas:   5% (65/1284)
Resolving deltas:   6% (78/1284)
Resolving deltas:   7% (90/1284)
Resolving deltas:   8% (103/1284)
Resolving deltas:   9% (116/1284)
Resolving deltas:  10% (129/1284)
Resolving deltas:  11% (142/1284)
Resolving deltas:  12% (155/1284)
Resolving deltas:  13% (167/1284)
Resolving deltas:  14% (180/1284)
Resolving deltas:  15% (193/1284)
Resolving deltas:  16% (206/1284)
Resolving deltas:  17% (219/1284)
Resolving deltas:  18% (233/1284)
Resolving deltas:  19% (244/1284)
Resolving deltas:  20% (257/1284)
Resolving deltas:  21% (270/1284)
Resolving deltas:  22% (283/1284)
Resolving deltas:  23% (296/1284)
Resolving deltas:  24% (310/1284)
Resolving deltas:  25% (321/1284)
Resolving deltas:  26% (334/1284)
Resolving deltas:  27% (347/1284)
Resolving deltas:  28% (360/1284)
Resolving deltas:  29% (373/1284)
Resolving deltas:  30% (386/1284)
Resolving deltas:  31% (399/1284)
Resolving deltas:  32% (411/1284)
Resolving deltas:  33% (424/1284)
Resolving deltas:  34% (437/1284)
Resolving deltas:  35% (451/1284)
Resolving deltas:  36% (464/1284)
Resolving deltas:  37% (476/1284)
Resolving deltas:  38% (488/1284)
Resolving deltas:  39% (502/1284)
Resolving deltas:  40% (515/1284)
Resolving deltas:  41% (528/1284)
Resolving deltas:  42% (540/1284)
Resolving deltas:  43% (553/1284)
Resolving deltas:  44% (565/1284)
Resolving deltas:  45% (578/1284)
Resolving deltas:  46% (591/1284)
Resolving deltas:  47% (604/1284)
Resolving deltas:  48% (617/1284)
Resolving deltas:  49% (630/1284)
Resolving deltas:  50% (642/1284)
Resolving deltas:  51% (655/1284)
Resolving deltas:  52% (668/1284)
Resolving deltas:  53% (681/1284)
Resolving deltas:  54% (694/1284)
Resolving deltas:  55% (707/1284)
Resolving deltas:  56% (720/1284)
Resolving deltas:  57% (732/1284)
Resolving deltas:  58% (745/1284)
Resolving deltas:  59% (758/1284)
Resolving deltas:  60% (771/1284)
Resolving deltas:  61% (784/1284)
Resolving deltas:  62% (797/1284)
Resolving deltas:  63% (809/1284)
Resolving deltas:  64% (822/1284)
Resolving deltas:  65% (835/1284)
Resolving deltas:  66% (848/1284)
Resolving deltas:  67% (861/1284)
Resolving deltas:  68% (874/1284)
Resolving deltas:  69% (886/1284)
Resolving deltas:  70% (899/1284)
Resolving deltas:  71% (912/1284)
Resolving deltas:  72% (925/1284)
Resolving deltas:  73% (938/1284)
Resolving deltas:  74% (951/1284)
Resolving deltas:  75% (963/1284)
Resolving deltas:  76% (976/1284)
Resolving deltas:  77% (989/1284)
Resolving deltas:  78% (1002/1284)
Resolving deltas:  79% (1015/1284)
Resolving deltas:  80% (1028/1284)
Resolving deltas:  81% (1041/1284)
Resolving deltas:  82% (1053/1284)
Resolving deltas:  83% (1066/1284)
Resolving deltas:  84% (1079/1284)
Resolving deltas:  85% (1092/1284)
Resolving deltas:  86% (1105/1284)
Resolving deltas:  87% (1118/1284)
Resolving deltas:  88% (1130/1284)
Resolving deltas:  89% (1143/1284)
Resolving deltas:  90% (1156/1284)
Resolving deltas:  91% (1169/1284)
Resolving deltas:  92% (1182/1284)
Resolving deltas:  93% (1195/1284)
Resolving deltas:  94% (1207/1284)
Resolving deltas:  95% (1220/1284)
Resolving deltas:  96% (1233/1284)
Resolving deltas:  97% (1246/1284)
Resolving deltas:  98% (1259/1284)
Resolving deltas:  99% (1272/1284)
Resolving deltas: 100% (1284/1284)
Resolving deltas: 100% (1284/1284), done.
Updating files:  31% (1004/3164)
Updating files:  32% (1013/3164)
Updating files:  33% (1045/3164)
Updating files:  34% (1076/3164)
Updating files:  35% (1108/3164)
Updating files:  36% (1140/3164)
Updating files:  37% (1171/3164)
Updating files:  38% (1203/3164)
Updating files:  39% (1234/3164)
Updating files:  40% (1266/3164)
Updating files:  41% (1298/3164)
Updating files:  42% (1329/3164)
Updating files:  43% (1361/3164)
Updating files:  44% (1393/3164)
Updating files:  45% (1424/3164)
Updating files:  46% (1456/3164)
Updating files:  46% (1457/3164)
Updating files:  47% (1488/3164)
Updating files:  48% (1519/3164)
Updating files:  49% (1551/3164)
Updating files:  50% (1582/3164)
Updating files:  51% (1614/3164)
Updating files:  52% (1646/3164)
Updating files:  53% (1677/3164)
Updating files:  54% (1709/3164)
Updating files:  55% (1741/3164)
Updating files:  56% (1772/3164)
Updating files:  57% (1804/3164)
Updating files:  58% (1836/3164)
Updating files:  59% (1867/3164)
Updating files:  60% (1899/3164)
Updating files:  61% (1931/3164)
Updating files:  62% (1962/3164)
Updating files:  63% (1994/3164)
Updating files:  64% (2025/3164)
Updating files:  65% (2057/3164)
Updating files:  66% (2089/3164)
Updating files:  67% (2120/3164)
Updating files:  68% (2152/3164)
Updating files:  69% (2184/3164)
Updating files:  70% (2215/3164)
Updating files:  71% (2247/3164)
Updating files:  72% (2279/3164)
Updating files:  73% (2310/3164)
Updating files:  74% (2342/3164)
Updating files:  75% (2373/3164)
Updating files:  76% (2405/3164)
Updating files:  77% (2437/3164)
Updating files:  78% (2468/3164)
Updating files:  79% (2500/3164)
Updating files:  80% (2532/3164)
Updating files:  81% (2563/3164)
Updating files:  82% (2595/3164)
Updating files:  83% (2627/3164)
Updating files:  84% (2658/3164)
Updating files:  85% (2690/3164)
Updating files:  86% (2722/3164)
Updating files:  87% (2753/3164)
Updating files:  88% (2785/3164)
Updating files:  89% (2816/3164)
Updating files:  90% (2848/3164)
Updating files:  91% (2880/3164)
Updating files:  92% (2911/3164)
Updating files:  93% (2943/3164)
Updating files:  94% (2975/3164)
Updating files:  95% (3006/3164)
Updating files:  96% (3038/3164)
Updating files:  97% (3070/3164)
Updating files:  98% (3101/3164)
Updating files:  99% (3133/3164)
Updating files: 100% (3164/3164)
Updating files: 100% (3164/3164), done.

== Checking out commit hash 651c6ab0c991095c2ee55b8689dca164021919df ==
<span style="color:#268BD2">&gt; /usr/bin/git reset --hard 651c6ab0c991095c2ee55b8689dca164021919df</span>
HEAD is now at 651c6ab Test 11, second agent : directions et vies de direction reprises du test de localisation (bloc 12), mesure en cours
