Receiving objects:  93% (3254/3498), 551.68 MiB | 73.04 MiB/s
remote: Total 3498 (delta 1221), reused 3269 (delta 1193), pack-reused 0 (from 0)        
Receiving objects:  94% (3289/3498), 551.68 MiB | 73.04 MiB/s
Receiving objects:  95% (3324/3498), 551.68 MiB | 73.04 MiB/s
Receiving objects:  96% (3359/3498), 551.68 MiB | 73.04 MiB/s
Receiving objects:  97% (3394/3498), 551.68 MiB | 73.04 MiB/s
Receiving objects:  98% (3429/3498), 551.68 MiB | 73.04 MiB/s
Receiving objects:  99% (3464/3498), 551.68 MiB | 73.04 MiB/s
Receiving objects: 100% (3498/3498), 551.68 MiB | 73.04 MiB/s
Receiving objects: 100% (3498/3498), 579.45 MiB | 68.64 MiB/s, done.
Resolving deltas:   0% (0/1221)
Resolving deltas:   1% (13/1221)
Resolving deltas:   2% (26/1221)
Resolving deltas:   3% (37/1221)
Resolving deltas:   4% (49/1221)
Resolving deltas:   5% (62/1221)
Resolving deltas:   6% (74/1221)
Resolving deltas:   7% (87/1221)
Resolving deltas:   8% (98/1221)
Resolving deltas:   9% (110/1221)
Resolving deltas:  10% (123/1221)
Resolving deltas:  11% (135/1221)
Resolving deltas:  12% (147/1221)
Resolving deltas:  13% (159/1221)
Resolving deltas:  14% (171/1221)
Resolving deltas:  15% (184/1221)
Resolving deltas:  16% (196/1221)
Resolving deltas:  17% (208/1221)
Resolving deltas:  18% (220/1221)
Resolving deltas:  19% (232/1221)
Resolving deltas:  20% (246/1221)
Resolving deltas:  21% (258/1221)
Resolving deltas:  22% (269/1221)
Resolving deltas:  23% (281/1221)
Resolving deltas:  24% (294/1221)
Resolving deltas:  25% (306/1221)
Resolving deltas:  26% (318/1221)
Resolving deltas:  27% (330/1221)
Resolving deltas:  28% (342/1221)
Resolving deltas:  29% (355/1221)
Resolving deltas:  30% (367/1221)
Resolving deltas:  31% (379/1221)
Resolving deltas:  32% (391/1221)
Resolving deltas:  33% (403/1221)
Resolving deltas:  34% (416/1221)
Resolving deltas:  35% (428/1221)
Resolving deltas:  36% (440/1221)
Resolving deltas:  37% (452/1221)
Resolving deltas:  38% (464/1221)
Resolving deltas:  39% (477/1221)
Resolving deltas:  40% (489/1221)
Resolving deltas:  41% (501/1221)
Resolving deltas:  42% (513/1221)
Resolving deltas:  43% (526/1221)
Resolving deltas:  44% (538/1221)
Resolving deltas:  45% (550/1221)
Resolving deltas:  46% (562/1221)
Resolving deltas:  47% (574/1221)
Resolving deltas:  48% (587/1221)
Resolving deltas:  49% (599/1221)
Resolving deltas:  50% (611/1221)
Resolving deltas:  51% (623/1221)
Resolving deltas:  52% (635/1221)
Resolving deltas:  53% (648/1221)
Resolving deltas:  54% (660/1221)
Resolving deltas:  55% (672/1221)
Resolving deltas:  56% (684/1221)
Resolving deltas:  57% (696/1221)
Resolving deltas:  58% (709/1221)
Resolving deltas:  59% (721/1221)
Resolving deltas:  60% (733/1221)
Resolving deltas:  61% (745/1221)
Resolving deltas:  62% (758/1221)
Resolving deltas:  63% (770/1221)
Resolving deltas:  64% (782/1221)
Resolving deltas:  65% (794/1221)
Resolving deltas:  66% (806/1221)
Resolving deltas:  67% (819/1221)
Resolving deltas:  68% (831/1221)
Resolving deltas:  69% (843/1221)
Resolving deltas:  70% (855/1221)
Resolving deltas:  71% (867/1221)
Resolving deltas:  72% (880/1221)
Resolving deltas:  73% (892/1221)
Resolving deltas:  74% (904/1221)
Resolving deltas:  75% (916/1221)
Resolving deltas:  76% (928/1221)
Resolving deltas:  77% (941/1221)
Resolving deltas:  78% (953/1221)
Resolving deltas:  79% (965/1221)
Resolving deltas:  80% (977/1221)
Resolving deltas:  81% (990/1221)
Resolving deltas:  82% (1002/1221)
Resolving deltas:  83% (1014/1221)
Resolving deltas:  84% (1026/1221)
Resolving deltas:  85% (1038/1221)
Resolving deltas:  86% (1051/1221)
Resolving deltas:  87% (1063/1221)
Resolving deltas:  88% (1075/1221)
Resolving deltas:  89% (1087/1221)
Resolving deltas:  90% (1099/1221)
Resolving deltas:  91% (1112/1221)
Resolving deltas:  92% (1124/1221)
Resolving deltas:  93% (1136/1221)
Resolving deltas:  94% (1148/1221)
Resolving deltas:  95% (1160/1221)
Resolving deltas:  96% (1173/1221)
Resolving deltas:  97% (1185/1221)
Resolving deltas:  98% (1197/1221)
Resolving deltas:  99% (1209/1221)
Resolving deltas: 100% (1221/1221)
Resolving deltas: 100% (1221/1221), done.
Updating files:  22% (649/2948)
Updating files:  23% (679/2948)
Updating files:  24% (708/2948)
Updating files:  25% (737/2948)
Updating files:  26% (767/2948)
Updating files:  27% (796/2948)
Updating files:  28% (826/2948)
Updating files:  29% (855/2948)
Updating files:  30% (885/2948)
Updating files:  31% (914/2948)
Updating files:  32% (944/2948)
Updating files:  33% (973/2948)
Updating files:  33% (983/2948)
Updating files:  34% (1003/2948)
Updating files:  35% (1032/2948)
Updating files:  36% (1062/2948)
Updating files:  37% (1091/2948)
Updating files:  38% (1121/2948)
Updating files:  39% (1150/2948)
Updating files:  40% (1180/2948)
Updating files:  40% (1196/2948)
Updating files:  41% (1209/2948)
Updating files:  42% (1239/2948)
Updating files:  43% (1268/2948)
Updating files:  44% (1298/2948)
Updating files:  45% (1327/2948)
Updating files:  45% (1333/2948)
Updating files:  46% (1357/2948)
Updating files:  47% (1386/2948)
Updating files:  48% (1416/2948)
Updating files:  49% (1445/2948)
Updating files:  50% (1474/2948)
Updating files:  51% (1504/2948)
Updating files:  52% (1533/2948)
Updating files:  53% (1563/2948)
Updating files:  54% (1592/2948)
Updating files:  55% (1622/2948)
Updating files:  56% (1651/2948)
Updating files:  57% (1681/2948)
Updating files:  58% (1710/2948)
Updating files:  59% (1740/2948)
Updating files:  60% (1769/2948)
Updating files:  60% (1770/2948)
Updating files:  61% (1799/2948)
Updating files:  62% (1828/2948)
Updating files:  63% (1858/2948)
Updating files:  64% (1887/2948)
Updating files:  65% (1917/2948)
Updating files:  66% (1946/2948)
Updating files:  67% (1976/2948)
Updating files:  68% (2005/2948)
Updating files:  69% (2035/2948)
Updating files:  70% (2064/2948)
Updating files:  71% (2094/2948)
Updating files:  72% (2123/2948)
Updating files:  73% (2153/2948)
Updating files:  74% (2182/2948)
Updating files:  75% (2211/2948)
Updating files:  76% (2241/2948)
Updating files:  77% (2270/2948)
Updating files:  78% (2300/2948)
Updating files:  79% (2329/2948)
Updating files:  80% (2359/2948)
Updating files:  81% (2388/2948)
Updating files:  82% (2418/2948)
Updating files:  83% (2447/2948)
Updating files:  84% (2477/2948)
Updating files:  85% (2506/2948)
Updating files:  86% (2536/2948)
Updating files:  87% (2565/2948)
Updating files:  88% (2595/2948)
Updating files:  89% (2624/2948)
Updating files:  90% (2654/2948)
Updating files:  91% (2683/2948)
Updating files:  92% (2713/2948)
Updating files:  93% (2742/2948)
Updating files:  94% (2772/2948)
Updating files:  95% (2801/2948)
Updating files:  96% (2831/2948)
Updating files:  97% (2860/2948)
Updating files:  98% (2890/2948)
Updating files:  99% (2919/2948)
Updating files: 100% (2948/2948)
Updating files: 100% (2948/2948), done.

== Checking out commit hash 67963db6e62df294eaa3ef71c313868a8345c67f ==
<span style="color:#268BD2">&gt; /usr/bin/git reset --hard 67963db6e62df294eaa3ef71c313868a8345c67f</span>
HEAD is now at 67963db Réplication : directions du second agent au bloc 12 (vies de test en cours)
