Receiving objects:  22% (565/2564), 2.32 MiB | 4.14 MiB/s
Receiving objects:  23% (590/2564), 2.32 MiB | 4.14 MiB/s
Receiving objects:  23% (612/2564), 13.85 MiB | 12.99 MiB/s
Receiving objects:  24% (616/2564), 13.85 MiB | 12.99 MiB/s
Receiving objects:  25% (641/2564), 13.85 MiB | 12.99 MiB/s
Receiving objects:  25% (653/2564), 29.39 MiB | 14.04 MiB/s
Receiving objects:  26% (667/2564), 29.39 MiB | 14.04 MiB/s
Receiving objects:  27% (693/2564), 29.39 MiB | 14.04 MiB/s
Receiving objects:  27% (706/2564), 43.54 MiB | 14.07 MiB/s
Receiving objects:  28% (718/2564), 50.89 MiB | 14.14 MiB/s
Receiving objects:  28% (734/2564), 58.11 MiB | 14.16 MiB/s
Receiving objects:  29% (744/2564), 58.11 MiB | 14.16 MiB/s
Receiving objects:  29% (756/2564), 70.09 MiB | 14.90 MiB/s
Receiving objects:  30% (770/2564), 70.09 MiB | 14.90 MiB/s
Receiving objects:  30% (774/2564), 79.10 MiB | 12.48 MiB/s
Receiving objects:  30% (788/2564), 87.98 MiB | 11.35 MiB/s
Receiving objects:  31% (795/2564), 92.65 MiB | 10.79 MiB/s
Receiving objects:  31% (819/2564), 97.44 MiB | 10.22 MiB/s
Receiving objects:  32% (821/2564), 102.39 MiB | 9.69 MiB/s
Receiving objects:  33% (847/2564), 102.39 MiB | 9.69 MiB/s
Receiving objects:  34% (872/2564), 102.39 MiB | 9.69 MiB/s
Receiving objects:  35% (898/2564), 102.39 MiB | 9.69 MiB/s
Receiving objects:  35% (901/2564), 102.39 MiB | 9.69 MiB/s
Receiving objects:  36% (924/2564), 107.23 MiB | 9.34 MiB/s
Receiving objects:  37% (949/2564), 112.17 MiB | 9.19 MiB/s
Receiving objects:  38% (975/2564), 112.17 MiB | 9.19 MiB/s
Receiving objects:  38% (977/2564), 112.17 MiB | 9.19 MiB/s
Receiving objects:  39% (1000/2564), 117.09 MiB | 9.11 MiB/s
Receiving objects:  40% (1026/2564), 117.09 MiB | 9.11 MiB/s
Receiving objects:  40% (1047/2564), 122.01 MiB | 9.28 MiB/s
Receiving objects:  41% (1052/2564), 122.01 MiB | 9.28 MiB/s
Receiving objects:  42% (1077/2564), 126.00 MiB | 9.21 MiB/s
Receiving objects:  43% (1103/2564), 126.00 MiB | 9.21 MiB/s
Receiving objects:  44% (1129/2564), 129.73 MiB | 9.07 MiB/s
Receiving objects:  44% (1131/2564), 129.73 MiB | 9.07 MiB/s
Receiving objects:  45% (1154/2564), 133.71 MiB | 8.91 MiB/s
Receiving objects:  46% (1180/2564), 133.71 MiB | 8.91 MiB/s
Receiving objects:  47% (1206/2564), 137.90 MiB | 8.77 MiB/s
Receiving objects:  47% (1211/2564), 137.90 MiB | 8.77 MiB/s
Receiving objects:  48% (1231/2564), 137.90 MiB | 8.77 MiB/s
Receiving objects:  49% (1257/2564), 137.90 MiB | 8.77 MiB/s
Receiving objects:  50% (1282/2564), 137.90 MiB | 8.77 MiB/s
Receiving objects:  51% (1308/2564), 137.90 MiB | 8.77 MiB/s
Receiving objects:  52% (1334/2564), 142.31 MiB | 8.65 MiB/s
Receiving objects:  53% (1359/2564), 142.31 MiB | 8.65 MiB/s
Receiving objects:  54% (1385/2564), 142.31 MiB | 8.65 MiB/s
Receiving objects:  55% (1411/2564), 142.31 MiB | 8.65 MiB/s
Receiving objects:  56% (1436/2564), 142.31 MiB | 8.65 MiB/s
Receiving objects:  57% (1462/2564), 142.31 MiB | 8.65 MiB/s
Receiving objects:  58% (1488/2564), 142.31 MiB | 8.65 MiB/s
Receiving objects:  59% (1513/2564), 142.31 MiB | 8.65 MiB/s
Receiving objects:  60% (1539/2564), 142.31 MiB | 8.65 MiB/s
Receiving objects:  61% (1565/2564), 142.31 MiB | 8.65 MiB/s
Receiving objects:  62% (1590/2564), 142.31 MiB | 8.65 MiB/s
Receiving objects:  63% (1616/2564), 142.31 MiB | 8.65 MiB/s
Receiving objects:  64% (1641/2564), 142.31 MiB | 8.65 MiB/s
Receiving objects:  65% (1667/2564), 142.31 MiB | 8.65 MiB/s
Receiving objects:  66% (1693/2564), 142.31 MiB | 8.65 MiB/s
Receiving objects:  67% (1718/2564), 142.31 MiB | 8.65 MiB/s
Receiving objects:  68% (1744/2564), 142.31 MiB | 8.65 MiB/s
Receiving objects:  69% (1770/2564), 142.31 MiB | 8.65 MiB/s
Receiving objects:  70% (1795/2564), 142.31 MiB | 8.65 MiB/s
Receiving objects:  71% (1821/2564), 142.31 MiB | 8.65 MiB/s
Receiving objects:  72% (1847/2564), 142.31 MiB | 8.65 MiB/s
Receiving objects:  73% (1872/2564), 142.31 MiB | 8.65 MiB/s
Receiving objects:  74% (1898/2564), 142.31 MiB | 8.65 MiB/s
Receiving objects:  75% (1923/2564), 142.31 MiB | 8.65 MiB/s
Receiving objects:  76% (1949/2564), 142.31 MiB | 8.65 MiB/s
Receiving objects:  77% (1975/2564), 142.31 MiB | 8.65 MiB/s
Receiving objects:  78% (2000/2564), 142.31 MiB | 8.65 MiB/s
Receiving objects:  79% (2026/2564), 142.31 MiB | 8.65 MiB/s
Receiving objects:  80% (2052/2564), 142.31 MiB | 8.65 MiB/s
Receiving objects:  81% (2077/2564), 142.31 MiB | 8.65 MiB/s
Receiving objects:  82% (2103/2564), 142.31 MiB | 8.65 MiB/s
Receiving objects:  83% (2129/2564), 142.31 MiB | 8.65 MiB/s
Receiving objects:  84% (2154/2564), 142.31 MiB | 8.65 MiB/s
Receiving objects:  85% (2180/2564), 142.31 MiB | 8.65 MiB/s
Receiving objects:  86% (2206/2564), 142.31 MiB | 8.65 MiB/s
Receiving objects:  87% (2231/2564), 142.31 MiB | 8.65 MiB/s
Receiving objects:  88% (2257/2564), 142.31 MiB | 8.65 MiB/s
Receiving objects:  89% (2282/2564), 142.31 MiB | 8.65 MiB/s
Receiving objects:  90% (2308/2564), 142.31 MiB | 8.65 MiB/s
remote: Total 2564 (delta 840), reused 2282 (delta 720), pack-reused 0 (from 0)        
Receiving objects:  91% (2334/2564), 142.31 MiB | 8.65 MiB/s
Receiving objects:  92% (2359/2564), 142.31 MiB | 8.65 MiB/s
Receiving objects:  93% (2385/2564), 142.31 MiB | 8.65 MiB/s
Receiving objects:  94% (2411/2564), 142.31 MiB | 8.65 MiB/s
Receiving objects:  95% (2436/2564), 142.31 MiB | 8.65 MiB/s
Receiving objects:  96% (2462/2564), 142.31 MiB | 8.65 MiB/s
Receiving objects:  97% (2488/2564), 142.31 MiB | 8.65 MiB/s
Receiving objects:  98% (2513/2564), 142.31 MiB | 8.65 MiB/s
Receiving objects:  99% (2539/2564), 142.31 MiB | 8.65 MiB/s
Receiving objects: 100% (2564/2564), 142.31 MiB | 8.65 MiB/s
Receiving objects: 100% (2564/2564), 145.37 MiB | 10.66 MiB/s, done.
Resolving deltas:   0% (0/840)
Resolving deltas:   1% (9/840)
Resolving deltas:   2% (17/840)
Resolving deltas:   3% (26/840)
Resolving deltas:   4% (34/840)
Resolving deltas:   5% (42/840)
Resolving deltas:   6% (51/840)
Resolving deltas:   7% (59/840)
Resolving deltas:   8% (68/840)
Resolving deltas:   9% (76/840)
Resolving deltas:  10% (84/840)
Resolving deltas:  11% (93/840)
Resolving deltas:  12% (101/840)
Resolving deltas:  13% (110/840)
Resolving deltas:  14% (118/840)
Resolving deltas:  15% (126/840)
Resolving deltas:  16% (135/840)
Resolving deltas:  17% (143/840)
Resolving deltas:  18% (152/840)
Resolving deltas:  19% (160/840)
Resolving deltas:  20% (168/840)
Resolving deltas:  21% (177/840)
Resolving deltas:  22% (185/840)
Resolving deltas:  23% (194/840)
Resolving deltas:  24% (202/840)
Resolving deltas:  25% (211/840)
Resolving deltas:  26% (219/840)
Resolving deltas:  27% (227/840)
Resolving deltas:  28% (236/840)
Resolving deltas:  29% (244/840)
Resolving deltas:  30% (252/840)
Resolving deltas:  31% (261/840)
Resolving deltas:  32% (269/840)
Resolving deltas:  33% (278/840)
Resolving deltas:  34% (286/840)
Resolving deltas:  35% (294/840)
Resolving deltas:  36% (304/840)
Resolving deltas:  37% (311/840)
Resolving deltas:  38% (320/840)
Resolving deltas:  39% (328/840)
Resolving deltas:  40% (336/840)
Resolving deltas:  41% (345/840)
Resolving deltas:  42% (353/840)
Resolving deltas:  43% (363/840)
Resolving deltas:  44% (370/840)
Resolving deltas:  45% (378/840)
Resolving deltas:  46% (387/840)
Resolving deltas:  47% (395/840)
Resolving deltas:  48% (404/840)
Resolving deltas:  49% (412/840)
Resolving deltas:  50% (420/840)
Resolving deltas:  51% (429/840)
Resolving deltas:  52% (437/840)
Resolving deltas:  53% (446/840)
Resolving deltas:  54% (454/840)
Resolving deltas:  55% (462/840)
Resolving deltas:  56% (471/840)
Resolving deltas:  57% (479/840)
Resolving deltas:  58% (488/840)
Resolving deltas:  59% (496/840)
Resolving deltas:  60% (504/840)
Resolving deltas:  61% (513/840)
Resolving deltas:  62% (521/840)
Resolving deltas:  63% (530/840)
Resolving deltas:  64% (538/840)
Resolving deltas:  65% (546/840)
Resolving deltas:  66% (555/840)
Resolving deltas:  67% (563/840)
Resolving deltas:  68% (572/840)
Resolving deltas:  69% (580/840)
Resolving deltas:  70% (588/840)
Resolving deltas:  71% (597/840)
Resolving deltas:  72% (605/840)
Resolving deltas:  73% (614/840)
Resolving deltas:  74% (622/840)
Resolving deltas:  75% (630/840)
Resolving deltas:  76% (639/840)
Resolving deltas:  77% (647/840)
Resolving deltas:  78% (656/840)
Resolving deltas:  79% (664/840)
Resolving deltas:  80% (672/840)
Resolving deltas:  81% (681/840)
Resolving deltas:  82% (690/840)
Resolving deltas:  83% (698/840)
Resolving deltas:  84% (706/840)
Resolving deltas:  85% (714/840)
Resolving deltas:  86% (723/840)
Resolving deltas:  87% (731/840)
Resolving deltas:  88% (740/840)
Resolving deltas:  89% (748/840)
Resolving deltas:  90% (756/840)
Resolving deltas:  91% (765/840)
Resolving deltas:  92% (773/840)
Resolving deltas:  93% (782/840)
Resolving deltas:  94% (790/840)
Resolving deltas:  95% (798/840)
Resolving deltas:  96% (808/840)
Resolving deltas:  97% (815/840)
Resolving deltas:  98% (824/840)
Resolving deltas:  99% (832/840)
Resolving deltas: 100% (840/840)
Resolving deltas: 100% (840/840), done.

== Checking out commit hash b6e4ce46d7e85d08e4e3ad811bf7d5a4a91bdd6b ==
<span style="color:#268BD2">&gt; /usr/bin/git reset --hard b6e4ce46d7e85d08e4e3ad811bf7d5a4a91bdd6b</span>
HEAD is now at b6e4ce4 Lancer l'enquête sur l'adaptateur FULL-2100 par le relais, demande 24
