Receiving objects:  96% (3954/4118), 854.18 MiB | 59.94 MiB/s
Receiving objects:  97% (3995/4118), 854.18 MiB | 59.94 MiB/s
Receiving objects:  98% (4036/4118), 854.18 MiB | 59.94 MiB/s
Receiving objects:  99% (4077/4118), 854.18 MiB | 59.94 MiB/s
Receiving objects: 100% (4118/4118), 854.18 MiB | 59.94 MiB/s
Receiving objects: 100% (4118/4118), 872.66 MiB | 58.85 MiB/s, done.
Resolving deltas:   0% (0/1471)
Resolving deltas:   1% (15/1471)
Resolving deltas:   2% (30/1471)
Resolving deltas:   3% (45/1471)
Resolving deltas:   4% (59/1471)
Resolving deltas:   5% (74/1471)
Resolving deltas:   6% (89/1471)
Resolving deltas:   7% (103/1471)
Resolving deltas:   8% (118/1471)
Resolving deltas:   9% (133/1471)
Resolving deltas:  10% (148/1471)
Resolving deltas:  11% (162/1471)
Resolving deltas:  12% (177/1471)
Resolving deltas:  13% (192/1471)
Resolving deltas:  14% (206/1471)
Resolving deltas:  15% (221/1471)
Resolving deltas:  16% (236/1471)
Resolving deltas:  17% (251/1471)
Resolving deltas:  18% (266/1471)
Resolving deltas:  19% (280/1471)
Resolving deltas:  20% (295/1471)
Resolving deltas:  21% (309/1471)
Resolving deltas:  22% (324/1471)
Resolving deltas:  23% (339/1471)
Resolving deltas:  24% (354/1471)
Resolving deltas:  25% (368/1471)
Resolving deltas:  26% (384/1471)
Resolving deltas:  27% (398/1471)
Resolving deltas:  28% (412/1471)
Resolving deltas:  29% (427/1471)
Resolving deltas:  30% (442/1471)
Resolving deltas:  31% (457/1471)
Resolving deltas:  32% (471/1471)
Resolving deltas:  33% (486/1471)
Resolving deltas:  34% (501/1471)
Resolving deltas:  35% (515/1471)
Resolving deltas:  36% (530/1471)
Resolving deltas:  37% (545/1471)
Resolving deltas:  38% (559/1471)
Resolving deltas:  39% (574/1471)
Resolving deltas:  40% (589/1471)
Resolving deltas:  41% (604/1471)
Resolving deltas:  42% (618/1471)
Resolving deltas:  43% (633/1471)
Resolving deltas:  44% (648/1471)
Resolving deltas:  45% (662/1471)
Resolving deltas:  46% (677/1471)
Resolving deltas:  47% (692/1471)
Resolving deltas:  48% (707/1471)
Resolving deltas:  49% (721/1471)
Resolving deltas:  50% (736/1471)
Resolving deltas:  51% (751/1471)
Resolving deltas:  52% (765/1471)
Resolving deltas:  53% (780/1471)
Resolving deltas:  54% (795/1471)
Resolving deltas:  55% (810/1471)
Resolving deltas:  56% (824/1471)
Resolving deltas:  57% (839/1471)
Resolving deltas:  58% (854/1471)
Resolving deltas:  59% (868/1471)
Resolving deltas:  60% (884/1471)
Resolving deltas:  61% (898/1471)
Resolving deltas:  62% (913/1471)
Resolving deltas:  63% (927/1471)
Resolving deltas:  64% (942/1471)
Resolving deltas:  65% (957/1471)
Resolving deltas:  66% (971/1471)
Resolving deltas:  67% (986/1471)
Resolving deltas:  68% (1001/1471)
Resolving deltas:  69% (1015/1471)
Resolving deltas:  70% (1030/1471)
Resolving deltas:  71% (1045/1471)
Resolving deltas:  72% (1060/1471)
Resolving deltas:  73% (1074/1471)
Resolving deltas:  74% (1089/1471)
Resolving deltas:  75% (1104/1471)
Resolving deltas:  76% (1118/1471)
Resolving deltas:  77% (1133/1471)
Resolving deltas:  78% (1148/1471)
Resolving deltas:  79% (1163/1471)
Resolving deltas:  80% (1177/1471)
Resolving deltas:  81% (1192/1471)
Resolving deltas:  82% (1207/1471)
Resolving deltas:  83% (1221/1471)
Resolving deltas:  84% (1236/1471)
Resolving deltas:  85% (1251/1471)
Resolving deltas:  86% (1266/1471)
Resolving deltas:  87% (1280/1471)
Resolving deltas:  88% (1295/1471)
Resolving deltas:  89% (1310/1471)
Resolving deltas:  90% (1324/1471)
Resolving deltas:  91% (1339/1471)
Resolving deltas:  92% (1354/1471)
Resolving deltas:  93% (1370/1471)
Resolving deltas:  94% (1384/1471)
Resolving deltas:  95% (1398/1471)
Resolving deltas:  96% (1413/1471)
Resolving deltas:  97% (1427/1471)
Resolving deltas:  98% (1442/1471)
Resolving deltas:  99% (1457/1471)
Resolving deltas: 100% (1471/1471)
Resolving deltas: 100% (1471/1471), done.
Updating files:  20% (722/3539)
Updating files:  21% (744/3539)
Updating files:  22% (779/3539)
Updating files:  23% (814/3539)
Updating files:  24% (850/3539)
Updating files:  25% (885/3539)
Updating files:  26% (921/3539)
Updating files:  27% (956/3539)
Updating files:  28% (991/3539)
Updating files:  29% (1027/3539)
Updating files:  30% (1062/3539)
Updating files:  30% (1089/3539)
Updating files:  31% (1098/3539)
Updating files:  32% (1133/3539)
Updating files:  33% (1168/3539)
Updating files:  34% (1204/3539)
Updating files:  35% (1239/3539)
Updating files:  36% (1275/3539)
Updating files:  37% (1310/3539)
Updating files:  38% (1345/3539)
Updating files:  39% (1381/3539)
Updating files:  40% (1416/3539)
Updating files:  40% (1442/3539)
Updating files:  41% (1451/3539)
Updating files:  42% (1487/3539)
Updating files:  43% (1522/3539)
Updating files:  44% (1558/3539)
Updating files:  44% (1564/3539)
Updating files:  45% (1593/3539)
Updating files:  46% (1628/3539)
Updating files:  47% (1664/3539)
Updating files:  47% (1688/3539)
Updating files:  48% (1699/3539)
Updating files:  49% (1735/3539)
Updating files:  50% (1770/3539)
Updating files:  51% (1805/3539)
Updating files:  52% (1841/3539)
Updating files:  52% (1849/3539)
Updating files:  53% (1876/3539)
Updating files:  54% (1912/3539)
Updating files:  55% (1947/3539)
Updating files:  56% (1982/3539)
Updating files:  57% (2018/3539)
Updating files:  58% (2053/3539)
Updating files:  59% (2089/3539)
Updating files:  60% (2124/3539)
Updating files:  61% (2159/3539)
Updating files:  62% (2195/3539)
Updating files:  63% (2230/3539)
Updating files:  64% (2265/3539)
Updating files:  65% (2301/3539)
Updating files:  66% (2336/3539)
Updating files:  67% (2372/3539)
Updating files:  68% (2407/3539)
Updating files:  69% (2442/3539)
Updating files:  69% (2459/3539)
Updating files:  70% (2478/3539)
Updating files:  71% (2513/3539)
Updating files:  72% (2549/3539)
Updating files:  73% (2584/3539)
Updating files:  74% (2619/3539)
Updating files:  75% (2655/3539)
Updating files:  76% (2690/3539)
Updating files:  77% (2726/3539)
Updating files:  78% (2761/3539)
Updating files:  79% (2796/3539)
Updating files:  80% (2832/3539)
Updating files:  81% (2867/3539)
Updating files:  82% (2902/3539)
Updating files:  83% (2938/3539)
Updating files:  84% (2973/3539)
Updating files:  85% (3009/3539)
Updating files:  86% (3044/3539)
Updating files:  87% (3079/3539)
Updating files:  88% (3115/3539)
Updating files:  89% (3150/3539)
Updating files:  90% (3186/3539)
Updating files:  91% (3221/3539)
Updating files:  92% (3256/3539)
Updating files:  93% (3292/3539)
Updating files:  94% (3327/3539)
Updating files:  95% (3363/3539)
Updating files:  96% (3398/3539)
Updating files:  97% (3433/3539)
Updating files:  98% (3469/3539)
Updating files:  99% (3504/3539)
Updating files: 100% (3539/3539)
Updating files: 100% (3539/3539), done.

== Checking out commit hash cb6ca5a65e2918500eec98e1aecb39bcae65ee7c ==
<span style="color:#268BD2">&gt; /usr/bin/git reset --hard cb6ca5a65e2918500eec98e1aecb39bcae65ee7c</span>
HEAD is now at cb6ca5a Relais, demande 99 : test 22, B depuis zéro vers 2 000 itérations, par morceaux
