Receiving objects:  85% (2757/3243), 432.80 MiB | 60.81 MiB/s
Receiving objects:  86% (2789/3243), 432.80 MiB | 60.81 MiB/s
Receiving objects:  87% (2822/3243), 432.80 MiB | 60.81 MiB/s
Receiving objects:  88% (2854/3243), 432.80 MiB | 60.81 MiB/s
Receiving objects:  89% (2887/3243), 432.80 MiB | 60.81 MiB/s
Receiving objects:  90% (2919/3243), 432.80 MiB | 60.81 MiB/s
Receiving objects:  91% (2952/3243), 432.80 MiB | 60.81 MiB/s
Receiving objects:  92% (2984/3243), 432.80 MiB | 60.81 MiB/s
Receiving objects:  93% (3016/3243), 432.80 MiB | 60.81 MiB/s
Receiving objects:  94% (3049/3243), 432.80 MiB | 60.81 MiB/s
remote: Total 3243 (delta 1121), reused 2956 (delta 1024), pack-reused 0 (from 0)        
Receiving objects:  95% (3081/3243), 432.80 MiB | 60.81 MiB/s
Receiving objects:  96% (3114/3243), 432.80 MiB | 60.81 MiB/s
Receiving objects:  97% (3146/3243), 432.80 MiB | 60.81 MiB/s
Receiving objects:  98% (3179/3243), 432.80 MiB | 60.81 MiB/s
Receiving objects:  99% (3211/3243), 432.80 MiB | 60.81 MiB/s
Receiving objects: 100% (3243/3243), 432.80 MiB | 60.81 MiB/s
Receiving objects: 100% (3243/3243), 450.54 MiB | 57.51 MiB/s, done.
Resolving deltas:   0% (0/1121)
Resolving deltas:   1% (12/1121)
Resolving deltas:   2% (23/1121)
Resolving deltas:   3% (34/1121)
Resolving deltas:   4% (45/1121)
Resolving deltas:   5% (57/1121)
Resolving deltas:   6% (68/1121)
Resolving deltas:   7% (79/1121)
Resolving deltas:   8% (90/1121)
Resolving deltas:   9% (101/1121)
Resolving deltas:  10% (113/1121)
Resolving deltas:  11% (124/1121)
Resolving deltas:  12% (135/1121)
Resolving deltas:  13% (146/1121)
Resolving deltas:  14% (157/1121)
Resolving deltas:  15% (169/1121)
Resolving deltas:  16% (180/1121)
Resolving deltas:  17% (191/1121)
Resolving deltas:  18% (202/1121)
Resolving deltas:  19% (214/1121)
Resolving deltas:  20% (225/1121)
Resolving deltas:  21% (236/1121)
Resolving deltas:  22% (247/1121)
Resolving deltas:  23% (258/1121)
Resolving deltas:  24% (270/1121)
Resolving deltas:  25% (281/1121)
Resolving deltas:  26% (292/1121)
Resolving deltas:  27% (303/1121)
Resolving deltas:  28% (314/1121)
Resolving deltas:  29% (326/1121)
Resolving deltas:  30% (337/1121)
Resolving deltas:  31% (348/1121)
Resolving deltas:  32% (359/1121)
Resolving deltas:  33% (370/1121)
Resolving deltas:  34% (382/1121)
Resolving deltas:  35% (393/1121)
Resolving deltas:  36% (404/1121)
Resolving deltas:  37% (415/1121)
Resolving deltas:  38% (426/1121)
Resolving deltas:  39% (438/1121)
Resolving deltas:  40% (450/1121)
Resolving deltas:  41% (460/1121)
Resolving deltas:  42% (471/1121)
Resolving deltas:  43% (483/1121)
Resolving deltas:  44% (494/1121)
Resolving deltas:  45% (505/1121)
Resolving deltas:  46% (516/1121)
Resolving deltas:  47% (527/1121)
Resolving deltas:  48% (539/1121)
Resolving deltas:  49% (550/1121)
Resolving deltas:  50% (561/1121)
Resolving deltas:  51% (573/1121)
Resolving deltas:  52% (583/1121)
Resolving deltas:  53% (595/1121)
Resolving deltas:  54% (606/1121)
Resolving deltas:  55% (617/1121)
Resolving deltas:  56% (629/1121)
Resolving deltas:  57% (639/1121)
Resolving deltas:  58% (651/1121)
Resolving deltas:  59% (662/1121)
Resolving deltas:  60% (673/1121)
Resolving deltas:  61% (684/1121)
Resolving deltas:  62% (696/1121)
Resolving deltas:  63% (707/1121)
Resolving deltas:  64% (718/1121)
Resolving deltas:  65% (729/1121)
Resolving deltas:  66% (740/1121)
Resolving deltas:  67% (752/1121)
Resolving deltas:  68% (763/1121)
Resolving deltas:  69% (774/1121)
Resolving deltas:  70% (785/1121)
Resolving deltas:  71% (796/1121)
Resolving deltas:  72% (808/1121)
Resolving deltas:  73% (819/1121)
Resolving deltas:  74% (830/1121)
Resolving deltas:  75% (841/1121)
Resolving deltas:  76% (852/1121)
Resolving deltas:  77% (864/1121)
Resolving deltas:  78% (875/1121)
Resolving deltas:  79% (886/1121)
Resolving deltas:  80% (897/1121)
Resolving deltas:  81% (909/1121)
Resolving deltas:  82% (920/1121)
Resolving deltas:  83% (931/1121)
Resolving deltas:  84% (942/1121)
Resolving deltas:  85% (953/1121)
Resolving deltas:  86% (965/1121)
Resolving deltas:  87% (976/1121)
Resolving deltas:  88% (987/1121)
Resolving deltas:  89% (998/1121)
Resolving deltas:  90% (1009/1121)
Resolving deltas:  91% (1021/1121)
Resolving deltas:  92% (1032/1121)
Resolving deltas:  93% (1043/1121)
Resolving deltas:  94% (1054/1121)
Resolving deltas:  95% (1065/1121)
Resolving deltas:  96% (1077/1121)
Resolving deltas:  97% (1088/1121)
Resolving deltas:  98% (1099/1121)
Resolving deltas:  99% (1110/1121)
Resolving deltas: 100% (1121/1121)
Resolving deltas: 100% (1121/1121), done.
Updating files:  28% (784/2746)
Updating files:  29% (797/2746)
Updating files:  30% (824/2746)
Updating files:  31% (852/2746)
Updating files:  32% (879/2746)
Updating files:  33% (907/2746)
Updating files:  34% (934/2746)
Updating files:  35% (962/2746)
Updating files:  36% (989/2746)
Updating files:  37% (1017/2746)
Updating files:  38% (1044/2746)
Updating files:  39% (1071/2746)
Updating files:  40% (1099/2746)
Updating files:  41% (1126/2746)
Updating files:  41% (1142/2746)
Updating files:  42% (1154/2746)
Updating files:  43% (1181/2746)
Updating files:  44% (1209/2746)
Updating files:  45% (1236/2746)
Updating files:  46% (1264/2746)
Updating files:  47% (1291/2746)
Updating files:  48% (1319/2746)
Updating files:  49% (1346/2746)
Updating files:  50% (1373/2746)
Updating files:  51% (1401/2746)
Updating files:  52% (1428/2746)
Updating files:  52% (1453/2746)
Updating files:  53% (1456/2746)
Updating files:  54% (1483/2746)
Updating files:  55% (1511/2746)
Updating files:  56% (1538/2746)
Updating files:  57% (1566/2746)
Updating files:  58% (1593/2746)
Updating files:  59% (1621/2746)
Updating files:  60% (1648/2746)
Updating files:  61% (1676/2746)
Updating files:  62% (1703/2746)
Updating files:  63% (1730/2746)
Updating files:  64% (1758/2746)
Updating files:  65% (1785/2746)
Updating files:  66% (1813/2746)
Updating files:  67% (1840/2746)
Updating files:  68% (1868/2746)
Updating files:  69% (1895/2746)
Updating files:  70% (1923/2746)
Updating files:  71% (1950/2746)
Updating files:  72% (1978/2746)
Updating files:  73% (2005/2746)
Updating files:  74% (2033/2746)
Updating files:  75% (2060/2746)
Updating files:  76% (2087/2746)
Updating files:  77% (2115/2746)
Updating files:  78% (2142/2746)
Updating files:  79% (2170/2746)
Updating files:  80% (2197/2746)
Updating files:  81% (2225/2746)
Updating files:  82% (2252/2746)
Updating files:  83% (2280/2746)
Updating files:  84% (2307/2746)
Updating files:  85% (2335/2746)
Updating files:  86% (2362/2746)
Updating files:  87% (2390/2746)
Updating files:  88% (2417/2746)
Updating files:  89% (2444/2746)
Updating files:  90% (2472/2746)
Updating files:  91% (2499/2746)
Updating files:  92% (2527/2746)
Updating files:  93% (2554/2746)
Updating files:  94% (2582/2746)
Updating files:  95% (2609/2746)
Updating files:  96% (2637/2746)
Updating files:  97% (2664/2746)
Updating files:  98% (2692/2746)
Updating files:  99% (2719/2746)
Updating files: 100% (2746/2746)
Updating files: 100% (2746/2746), done.

== Checking out commit hash 8208503b620d2ae163466073890b3109f7eeffe0 ==
<span style="color:#268BD2">&gt; /usr/bin/git reset --hard 8208503b620d2ae163466073890b3109f7eeffe0</span>
HEAD is now at 8208503 Espace de travail : paires contrefactuelles tirées (mesures en cours)
