Receiving objects:  85% (2744/3228), 411.02 MiB | 67.40 MiB/s
Receiving objects:  86% (2777/3228), 411.02 MiB | 67.40 MiB/s
Receiving objects:  87% (2809/3228), 411.02 MiB | 67.40 MiB/s
Receiving objects:  88% (2841/3228), 411.02 MiB | 67.40 MiB/s
Receiving objects:  89% (2873/3228), 411.02 MiB | 67.40 MiB/s
Receiving objects:  90% (2906/3228), 411.02 MiB | 67.40 MiB/s
Receiving objects:  91% (2938/3228), 411.02 MiB | 67.40 MiB/s
Receiving objects:  92% (2970/3228), 411.02 MiB | 67.40 MiB/s
Receiving objects:  93% (3003/3228), 411.02 MiB | 67.40 MiB/s
remote: Total 3228 (delta 1112), reused 2968 (delta 1038), pack-reused 0 (from 0)        
Receiving objects:  94% (3035/3228), 411.02 MiB | 67.40 MiB/s
Receiving objects:  95% (3067/3228), 411.02 MiB | 67.40 MiB/s
Receiving objects:  96% (3099/3228), 411.02 MiB | 67.40 MiB/s
Receiving objects:  97% (3132/3228), 411.02 MiB | 67.40 MiB/s
Receiving objects:  98% (3164/3228), 411.02 MiB | 67.40 MiB/s
Receiving objects:  99% (3196/3228), 411.02 MiB | 67.40 MiB/s
Receiving objects: 100% (3228/3228), 411.02 MiB | 67.40 MiB/s
Receiving objects: 100% (3228/3228), 440.28 MiB | 62.92 MiB/s, done.
Resolving deltas:   0% (0/1112)
Resolving deltas:   1% (12/1112)
Resolving deltas:   2% (23/1112)
Resolving deltas:   3% (34/1112)
Resolving deltas:   4% (45/1112)
Resolving deltas:   5% (56/1112)
Resolving deltas:   6% (67/1112)
Resolving deltas:   7% (78/1112)
Resolving deltas:   8% (89/1112)
Resolving deltas:   9% (101/1112)
Resolving deltas:  10% (112/1112)
Resolving deltas:  11% (123/1112)
Resolving deltas:  12% (134/1112)
Resolving deltas:  13% (145/1112)
Resolving deltas:  14% (156/1112)
Resolving deltas:  15% (167/1112)
Resolving deltas:  16% (178/1112)
Resolving deltas:  17% (191/1112)
Resolving deltas:  18% (201/1112)
Resolving deltas:  19% (212/1112)
Resolving deltas:  20% (223/1112)
Resolving deltas:  21% (234/1112)
Resolving deltas:  22% (245/1112)
Resolving deltas:  23% (256/1112)
Resolving deltas:  24% (267/1112)
Resolving deltas:  25% (278/1112)
Resolving deltas:  26% (290/1112)
Resolving deltas:  27% (302/1112)
Resolving deltas:  28% (312/1112)
Resolving deltas:  29% (323/1112)
Resolving deltas:  30% (334/1112)
Resolving deltas:  31% (345/1112)
Resolving deltas:  32% (357/1112)
Resolving deltas:  33% (367/1112)
Resolving deltas:  34% (379/1112)
Resolving deltas:  35% (390/1112)
Resolving deltas:  36% (401/1112)
Resolving deltas:  37% (412/1112)
Resolving deltas:  38% (423/1112)
Resolving deltas:  39% (434/1112)
Resolving deltas:  40% (445/1112)
Resolving deltas:  41% (457/1112)
Resolving deltas:  42% (468/1112)
Resolving deltas:  43% (479/1112)
Resolving deltas:  44% (490/1112)
Resolving deltas:  45% (501/1112)
Resolving deltas:  46% (512/1112)
Resolving deltas:  47% (523/1112)
Resolving deltas:  48% (534/1112)
Resolving deltas:  49% (545/1112)
Resolving deltas:  50% (556/1112)
Resolving deltas:  51% (568/1112)
Resolving deltas:  52% (579/1112)
Resolving deltas:  53% (590/1112)
Resolving deltas:  54% (601/1112)
Resolving deltas:  55% (613/1112)
Resolving deltas:  56% (623/1112)
Resolving deltas:  57% (634/1112)
Resolving deltas:  58% (645/1112)
Resolving deltas:  59% (658/1112)
Resolving deltas:  60% (668/1112)
Resolving deltas:  61% (679/1112)
Resolving deltas:  62% (690/1112)
Resolving deltas:  63% (701/1112)
Resolving deltas:  64% (712/1112)
Resolving deltas:  65% (723/1112)
Resolving deltas:  66% (734/1112)
Resolving deltas:  67% (746/1112)
Resolving deltas:  68% (757/1112)
Resolving deltas:  69% (768/1112)
Resolving deltas:  70% (779/1112)
Resolving deltas:  71% (790/1112)
Resolving deltas:  72% (801/1112)
Resolving deltas:  73% (812/1112)
Resolving deltas:  74% (823/1112)
Resolving deltas:  75% (834/1112)
Resolving deltas:  76% (846/1112)
Resolving deltas:  77% (857/1112)
Resolving deltas:  78% (868/1112)
Resolving deltas:  79% (879/1112)
Resolving deltas:  80% (890/1112)
Resolving deltas:  81% (901/1112)
Resolving deltas:  82% (912/1112)
Resolving deltas:  83% (923/1112)
Resolving deltas:  84% (936/1112)
Resolving deltas:  85% (947/1112)
Resolving deltas:  86% (957/1112)
Resolving deltas:  87% (968/1112)
Resolving deltas:  88% (979/1112)
Resolving deltas:  89% (990/1112)
Resolving deltas:  90% (1001/1112)
Resolving deltas:  91% (1012/1112)
Resolving deltas:  92% (1024/1112)
Resolving deltas:  93% (1035/1112)
Resolving deltas:  94% (1046/1112)
Resolving deltas:  95% (1057/1112)
Resolving deltas:  96% (1068/1112)
Resolving deltas:  97% (1079/1112)
Resolving deltas:  98% (1090/1112)
Resolving deltas:  99% (1101/1112)
Resolving deltas: 100% (1112/1112)
Resolving deltas: 100% (1112/1112), done.
Updating files:  27% (755/2731)
Updating files:  28% (765/2731)
Updating files:  29% (792/2731)
Updating files:  30% (820/2731)
Updating files:  31% (847/2731)
Updating files:  32% (874/2731)
Updating files:  33% (902/2731)
Updating files:  34% (929/2731)
Updating files:  35% (956/2731)
Updating files:  36% (984/2731)
Updating files:  37% (1011/2731)
Updating files:  38% (1038/2731)
Updating files:  39% (1066/2731)
Updating files:  40% (1093/2731)
Updating files:  41% (1120/2731)
Updating files:  41% (1130/2731)
Updating files:  42% (1148/2731)
Updating files:  43% (1175/2731)
Updating files:  44% (1202/2731)
Updating files:  45% (1229/2731)
Updating files:  46% (1257/2731)
Updating files:  47% (1284/2731)
Updating files:  48% (1311/2731)
Updating files:  49% (1339/2731)
Updating files:  50% (1366/2731)
Updating files:  51% (1393/2731)
Updating files:  52% (1421/2731)
Updating files:  53% (1448/2731)
Updating files:  54% (1475/2731)
Updating files:  55% (1503/2731)
Updating files:  56% (1530/2731)
Updating files:  57% (1557/2731)
Updating files:  58% (1584/2731)
Updating files:  59% (1612/2731)
Updating files:  60% (1639/2731)
Updating files:  61% (1666/2731)
Updating files:  62% (1694/2731)
Updating files:  63% (1721/2731)
Updating files:  64% (1748/2731)
Updating files:  65% (1776/2731)
Updating files:  66% (1803/2731)
Updating files:  67% (1830/2731)
Updating files:  68% (1858/2731)
Updating files:  69% (1885/2731)
Updating files:  70% (1912/2731)
Updating files:  71% (1940/2731)
Updating files:  72% (1967/2731)
Updating files:  73% (1994/2731)
Updating files:  74% (2021/2731)
Updating files:  75% (2049/2731)
Updating files:  76% (2076/2731)
Updating files:  77% (2103/2731)
Updating files:  78% (2131/2731)
Updating files:  79% (2158/2731)
Updating files:  80% (2185/2731)
Updating files:  81% (2213/2731)
Updating files:  82% (2240/2731)
Updating files:  83% (2267/2731)
Updating files:  84% (2295/2731)
Updating files:  85% (2322/2731)
Updating files:  86% (2349/2731)
Updating files:  87% (2376/2731)
Updating files:  88% (2404/2731)
Updating files:  89% (2431/2731)
Updating files:  90% (2458/2731)
Updating files:  91% (2486/2731)
Updating files:  92% (2513/2731)
Updating files:  93% (2540/2731)
Updating files:  94% (2568/2731)
Updating files:  95% (2595/2731)
Updating files:  96% (2622/2731)
Updating files:  97% (2650/2731)
Updating files:  98% (2677/2731)
Updating files:  99% (2704/2731)
Updating files: 100% (2731/2731)
Updating files: 100% (2731/2731), done.

== Checking out commit hash ed4023e950fa3f5452b47d5c589a2462c5ba7fcc ==
<span style="color:#268BD2">&gt; /usr/bin/git reset --hard ed4023e950fa3f5452b47d5c589a2462c5ba7fcc</span>
HEAD is now at ed4023e Relais, demande 51 : apprendre à dire son besoin par l'espace de travail (étape workspace)
