Receiving objects:  98% (4074/4157), 951.89 MiB | 59.46 MiB/s
Receiving objects:  99% (4116/4157), 951.89 MiB | 59.46 MiB/s
Receiving objects: 100% (4157/4157), 951.89 MiB | 59.46 MiB/s
Receiving objects: 100% (4157/4157), 964.21 MiB | 61.20 MiB/s, done.
Resolving deltas:   0% (0/1487)
Resolving deltas:   1% (15/1487)
Resolving deltas:   2% (31/1487)
Resolving deltas:   3% (45/1487)
Resolving deltas:   4% (60/1487)
Resolving deltas:   5% (75/1487)
Resolving deltas:   6% (90/1487)
Resolving deltas:   7% (105/1487)
Resolving deltas:   8% (119/1487)
Resolving deltas:   9% (134/1487)
Resolving deltas:  10% (149/1487)
Resolving deltas:  11% (164/1487)
Resolving deltas:  12% (179/1487)
Resolving deltas:  13% (194/1487)
Resolving deltas:  14% (209/1487)
Resolving deltas:  15% (224/1487)
Resolving deltas:  16% (238/1487)
Resolving deltas:  17% (253/1487)
Resolving deltas:  18% (268/1487)
Resolving deltas:  19% (283/1487)
Resolving deltas:  20% (299/1487)
Resolving deltas:  21% (313/1487)
Resolving deltas:  22% (328/1487)
Resolving deltas:  23% (343/1487)
Resolving deltas:  24% (357/1487)
Resolving deltas:  25% (372/1487)
Resolving deltas:  26% (387/1487)
Resolving deltas:  27% (402/1487)
Resolving deltas:  28% (417/1487)
Resolving deltas:  29% (432/1487)
Resolving deltas:  30% (447/1487)
Resolving deltas:  31% (461/1487)
Resolving deltas:  32% (476/1487)
Resolving deltas:  33% (491/1487)
Resolving deltas:  34% (506/1487)
Resolving deltas:  35% (521/1487)
Resolving deltas:  36% (536/1487)
Resolving deltas:  37% (551/1487)
Resolving deltas:  38% (566/1487)
Resolving deltas:  39% (580/1487)
Resolving deltas:  40% (595/1487)
Resolving deltas:  41% (610/1487)
Resolving deltas:  42% (625/1487)
Resolving deltas:  43% (640/1487)
Resolving deltas:  44% (655/1487)
Resolving deltas:  45% (670/1487)
Resolving deltas:  46% (685/1487)
Resolving deltas:  47% (699/1487)
Resolving deltas:  48% (714/1487)
Resolving deltas:  49% (729/1487)
Resolving deltas:  50% (744/1487)
Resolving deltas:  51% (759/1487)
Resolving deltas:  52% (774/1487)
Resolving deltas:  53% (789/1487)
Resolving deltas:  54% (803/1487)
Resolving deltas:  55% (818/1487)
Resolving deltas:  56% (833/1487)
Resolving deltas:  57% (848/1487)
Resolving deltas:  58% (863/1487)
Resolving deltas:  59% (878/1487)
Resolving deltas:  60% (893/1487)
Resolving deltas:  61% (908/1487)
Resolving deltas:  62% (922/1487)
Resolving deltas:  63% (937/1487)
Resolving deltas:  64% (952/1487)
Resolving deltas:  65% (967/1487)
Resolving deltas:  66% (982/1487)
Resolving deltas:  67% (997/1487)
Resolving deltas:  68% (1012/1487)
Resolving deltas:  69% (1027/1487)
Resolving deltas:  70% (1041/1487)
Resolving deltas:  71% (1056/1487)
Resolving deltas:  72% (1071/1487)
Resolving deltas:  73% (1086/1487)
Resolving deltas:  74% (1101/1487)
Resolving deltas:  75% (1116/1487)
Resolving deltas:  76% (1131/1487)
Resolving deltas:  77% (1145/1487)
Resolving deltas:  78% (1160/1487)
Resolving deltas:  79% (1175/1487)
Resolving deltas:  80% (1190/1487)
Resolving deltas:  81% (1205/1487)
Resolving deltas:  82% (1220/1487)
Resolving deltas:  83% (1235/1487)
Resolving deltas:  84% (1250/1487)
Resolving deltas:  85% (1264/1487)
Resolving deltas:  86% (1279/1487)
Resolving deltas:  87% (1294/1487)
Resolving deltas:  88% (1309/1487)
Resolving deltas:  89% (1324/1487)
Resolving deltas:  90% (1339/1487)
Resolving deltas:  91% (1354/1487)
Resolving deltas:  92% (1369/1487)
Resolving deltas:  93% (1383/1487)
Resolving deltas:  94% (1398/1487)
Resolving deltas:  95% (1413/1487)
Resolving deltas:  96% (1428/1487)
Resolving deltas:  97% (1443/1487)
Resolving deltas:  98% (1458/1487)
Resolving deltas:  99% (1473/1487)
Resolving deltas: 100% (1487/1487)
Resolving deltas: 100% (1487/1487), done.
Updating files:  19% (694/3587)
Updating files:  20% (718/3587)
Updating files:  21% (754/3587)
Updating files:  22% (790/3587)
Updating files:  23% (826/3587)
Updating files:  24% (861/3587)
Updating files:  25% (897/3587)
Updating files:  26% (933/3587)
Updating files:  27% (969/3587)
Updating files:  27% (995/3587)
Updating files:  28% (1005/3587)
Updating files:  29% (1041/3587)
Updating files:  30% (1077/3587)
Updating files:  31% (1112/3587)
Updating files:  32% (1148/3587)
Updating files:  33% (1184/3587)
Updating files:  34% (1220/3587)
Updating files:  35% (1256/3587)
Updating files:  35% (1266/3587)
Updating files:  36% (1292/3587)
Updating files:  37% (1328/3587)
Updating files:  38% (1364/3587)
Updating files:  39% (1399/3587)
Updating files:  40% (1435/3587)
Updating files:  41% (1471/3587)
Updating files:  42% (1507/3587)
Updating files:  42% (1514/3587)
Updating files:  43% (1543/3587)
Updating files:  43% (1578/3587)
Updating files:  44% (1579/3587)
Updating files:  45% (1615/3587)
Updating files:  46% (1651/3587)
Updating files:  47% (1686/3587)
Updating files:  47% (1702/3587)
Updating files:  48% (1722/3587)
Updating files:  49% (1758/3587)
Updating files:  50% (1794/3587)
Updating files:  51% (1830/3587)
Updating files:  52% (1866/3587)
Updating files:  52% (1897/3587)
Updating files:  53% (1902/3587)
Updating files:  54% (1937/3587)
Updating files:  55% (1973/3587)
Updating files:  56% (2009/3587)
Updating files:  57% (2045/3587)
Updating files:  58% (2081/3587)
Updating files:  59% (2117/3587)
Updating files:  60% (2153/3587)
Updating files:  61% (2189/3587)
Updating files:  62% (2224/3587)
Updating files:  63% (2260/3587)
Updating files:  64% (2296/3587)
Updating files:  65% (2332/3587)
Updating files:  66% (2368/3587)
Updating files:  67% (2404/3587)
Updating files:  67% (2410/3587)
Updating files:  68% (2440/3587)
Updating files:  69% (2476/3587)
Updating files:  70% (2511/3587)
Updating files:  71% (2547/3587)
Updating files:  72% (2583/3587)
Updating files:  73% (2619/3587)
Updating files:  74% (2655/3587)
Updating files:  75% (2691/3587)
Updating files:  76% (2727/3587)
Updating files:  77% (2762/3587)
Updating files:  78% (2798/3587)
Updating files:  79% (2834/3587)
Updating files:  80% (2870/3587)
Updating files:  81% (2906/3587)
Updating files:  82% (2942/3587)
Updating files:  83% (2978/3587)
Updating files:  84% (3014/3587)
Updating files:  85% (3049/3587)
Updating files:  86% (3085/3587)
Updating files:  87% (3121/3587)
Updating files:  88% (3157/3587)
Updating files:  89% (3193/3587)
Updating files:  90% (3229/3587)
Updating files:  91% (3265/3587)
Updating files:  92% (3301/3587)
Updating files:  93% (3336/3587)
Updating files:  94% (3372/3587)
Updating files:  95% (3408/3587)
Updating files:  96% (3444/3587)
Updating files:  97% (3480/3587)
Updating files:  98% (3516/3587)
Updating files:  99% (3552/3587)
Updating files: 100% (3587/3587)
Updating files: 100% (3587/3587), done.

== Checking out commit hash d42b055bd263622569189ec42582a219474783ad ==
<span style="color:#268BD2">&gt; /usr/bin/git reset --hard d42b055bd263622569189ec42582a219474783ad</span>
HEAD is now at d42b055 Relais, demande 102 : test 22, dernier morceau de B (3 751 à 4 000 itérations)
