Receiving objects:  92% (3404/3700), 714.91 MiB | 61.78 MiB/s
Receiving objects:  93% (3441/3700), 714.91 MiB | 61.78 MiB/s
remote: Total 3700 (delta 1299), reused 3439 (delta 1239), pack-reused 0 (from 0)        
Receiving objects:  94% (3478/3700), 714.91 MiB | 61.78 MiB/s
Receiving objects:  95% (3515/3700), 714.91 MiB | 61.78 MiB/s
Receiving objects:  96% (3552/3700), 714.91 MiB | 61.78 MiB/s
Receiving objects:  97% (3589/3700), 714.91 MiB | 61.78 MiB/s
Receiving objects:  98% (3626/3700), 714.91 MiB | 61.78 MiB/s
Receiving objects:  99% (3663/3700), 714.91 MiB | 61.78 MiB/s
Receiving objects: 100% (3700/3700), 714.91 MiB | 61.78 MiB/s
Receiving objects: 100% (3700/3700), 723.79 MiB | 62.00 MiB/s, done.
Resolving deltas:   0% (0/1299)
Resolving deltas:   1% (13/1299)
Resolving deltas:   2% (26/1299)
Resolving deltas:   3% (40/1299)
Resolving deltas:   4% (52/1299)
Resolving deltas:   5% (65/1299)
Resolving deltas:   6% (79/1299)
Resolving deltas:   7% (91/1299)
Resolving deltas:   8% (104/1299)
Resolving deltas:   9% (117/1299)
Resolving deltas:  10% (130/1299)
Resolving deltas:  11% (143/1299)
Resolving deltas:  12% (158/1299)
Resolving deltas:  13% (169/1299)
Resolving deltas:  14% (182/1299)
Resolving deltas:  15% (195/1299)
Resolving deltas:  16% (208/1299)
Resolving deltas:  17% (222/1299)
Resolving deltas:  18% (234/1299)
Resolving deltas:  19% (247/1299)
Resolving deltas:  20% (260/1299)
Resolving deltas:  21% (273/1299)
Resolving deltas:  22% (286/1299)
Resolving deltas:  23% (299/1299)
Resolving deltas:  24% (312/1299)
Resolving deltas:  25% (325/1299)
Resolving deltas:  26% (338/1299)
Resolving deltas:  27% (351/1299)
Resolving deltas:  28% (364/1299)
Resolving deltas:  29% (377/1299)
Resolving deltas:  30% (390/1299)
Resolving deltas:  31% (403/1299)
Resolving deltas:  32% (416/1299)
Resolving deltas:  33% (429/1299)
Resolving deltas:  34% (443/1299)
Resolving deltas:  35% (455/1299)
Resolving deltas:  36% (468/1299)
Resolving deltas:  37% (482/1299)
Resolving deltas:  38% (494/1299)
Resolving deltas:  39% (507/1299)
Resolving deltas:  40% (520/1299)
Resolving deltas:  41% (534/1299)
Resolving deltas:  42% (546/1299)
Resolving deltas:  43% (559/1299)
Resolving deltas:  44% (572/1299)
Resolving deltas:  45% (585/1299)
Resolving deltas:  46% (598/1299)
Resolving deltas:  47% (611/1299)
Resolving deltas:  48% (624/1299)
Resolving deltas:  49% (637/1299)
Resolving deltas:  50% (650/1299)
Resolving deltas:  51% (663/1299)
Resolving deltas:  52% (676/1299)
Resolving deltas:  53% (689/1299)
Resolving deltas:  54% (702/1299)
Resolving deltas:  55% (716/1299)
Resolving deltas:  56% (728/1299)
Resolving deltas:  57% (742/1299)
Resolving deltas:  58% (754/1299)
Resolving deltas:  59% (767/1299)
Resolving deltas:  60% (780/1299)
Resolving deltas:  61% (793/1299)
Resolving deltas:  62% (806/1299)
Resolving deltas:  63% (819/1299)
Resolving deltas:  64% (832/1299)
Resolving deltas:  65% (845/1299)
Resolving deltas:  66% (858/1299)
Resolving deltas:  67% (871/1299)
Resolving deltas:  68% (884/1299)
Resolving deltas:  69% (897/1299)
Resolving deltas:  70% (910/1299)
Resolving deltas:  71% (923/1299)
Resolving deltas:  72% (936/1299)
Resolving deltas:  73% (949/1299)
Resolving deltas:  74% (962/1299)
Resolving deltas:  75% (975/1299)
Resolving deltas:  76% (988/1299)
Resolving deltas:  77% (1001/1299)
Resolving deltas:  78% (1014/1299)
Resolving deltas:  79% (1027/1299)
Resolving deltas:  80% (1040/1299)
Resolving deltas:  81% (1053/1299)
Resolving deltas:  82% (1066/1299)
Resolving deltas:  83% (1079/1299)
Resolving deltas:  84% (1092/1299)
Resolving deltas:  85% (1105/1299)
Resolving deltas:  86% (1118/1299)
Resolving deltas:  87% (1132/1299)
Resolving deltas:  88% (1144/1299)
Resolving deltas:  89% (1157/1299)
Resolving deltas:  90% (1170/1299)
Resolving deltas:  91% (1183/1299)
Resolving deltas:  92% (1196/1299)
Resolving deltas:  93% (1209/1299)
Resolving deltas:  94% (1222/1299)
Resolving deltas:  95% (1235/1299)
Resolving deltas:  96% (1248/1299)
Resolving deltas:  97% (1261/1299)
Resolving deltas:  98% (1274/1299)
Resolving deltas:  99% (1288/1299)
Resolving deltas: 100% (1299/1299)
Resolving deltas: 100% (1299/1299), done.
Updating files:  24% (785/3141)
Updating files:  25% (786/3141)
Updating files:  26% (817/3141)
Updating files:  27% (849/3141)
Updating files:  28% (880/3141)
Updating files:  29% (911/3141)
Updating files:  30% (943/3141)
Updating files:  31% (974/3141)
Updating files:  32% (1006/3141)
Updating files:  33% (1037/3141)
Updating files:  34% (1068/3141)
Updating files:  35% (1100/3141)
Updating files:  35% (1130/3141)
Updating files:  36% (1131/3141)
Updating files:  37% (1163/3141)
Updating files:  38% (1194/3141)
Updating files:  39% (1225/3141)
Updating files:  40% (1257/3141)
Updating files:  41% (1288/3141)
Updating files:  41% (1293/3141)
Updating files:  42% (1320/3141)
Updating files:  43% (1351/3141)
Updating files:  44% (1383/3141)
Updating files:  44% (1385/3141)
Updating files:  45% (1414/3141)
Updating files:  46% (1445/3141)
Updating files:  47% (1477/3141)
Updating files:  48% (1508/3141)
Updating files:  49% (1540/3141)
Updating files:  50% (1571/3141)
Updating files:  50% (1578/3141)
Updating files:  51% (1602/3141)
Updating files:  52% (1634/3141)
Updating files:  53% (1665/3141)
Updating files:  54% (1697/3141)
Updating files:  55% (1728/3141)
Updating files:  56% (1759/3141)
Updating files:  57% (1791/3141)
Updating files:  58% (1822/3141)
Updating files:  59% (1854/3141)
Updating files:  60% (1885/3141)
Updating files:  61% (1917/3141)
Updating files:  62% (1948/3141)
Updating files:  63% (1979/3141)
Updating files:  64% (2011/3141)
Updating files:  64% (2040/3141)
Updating files:  65% (2042/3141)
Updating files:  66% (2074/3141)
Updating files:  67% (2105/3141)
Updating files:  68% (2136/3141)
Updating files:  69% (2168/3141)
Updating files:  70% (2199/3141)
Updating files:  71% (2231/3141)
Updating files:  72% (2262/3141)
Updating files:  73% (2293/3141)
Updating files:  74% (2325/3141)
Updating files:  75% (2356/3141)
Updating files:  76% (2388/3141)
Updating files:  77% (2419/3141)
Updating files:  78% (2450/3141)
Updating files:  79% (2482/3141)
Updating files:  80% (2513/3141)
Updating files:  81% (2545/3141)
Updating files:  82% (2576/3141)
Updating files:  83% (2608/3141)
Updating files:  84% (2639/3141)
Updating files:  85% (2670/3141)
Updating files:  86% (2702/3141)
Updating files:  87% (2733/3141)
Updating files:  88% (2765/3141)
Updating files:  89% (2796/3141)
Updating files:  90% (2827/3141)
Updating files:  91% (2859/3141)
Updating files:  92% (2890/3141)
Updating files:  93% (2922/3141)
Updating files:  94% (2953/3141)
Updating files:  95% (2984/3141)
Updating files:  96% (3016/3141)
Updating files:  97% (3047/3141)
Updating files:  98% (3079/3141)
Updating files:  99% (3110/3141)
Updating files: 100% (3141/3141)
Updating files: 100% (3141/3141), done.

== Checking out commit hash faaad22f8ea5afa07ef60e0e42ef60def2ffb4c2 ==
<span style="color:#268BD2">&gt; /usr/bin/git reset --hard faaad22f8ea5afa07ef60e0e42ef60def2ffb4c2</span>
HEAD is now at faaad22 Réplication, nécessité (RLS, RLR) : préparation de la lésion du second agent (en cours)
