Receiving objects:  94% (3543/3769), 712.48 MiB | 60.92 MiB/s
Receiving objects:  95% (3581/3769), 712.48 MiB | 60.92 MiB/s
Receiving objects:  96% (3619/3769), 712.48 MiB | 60.92 MiB/s
Receiving objects:  97% (3656/3769), 712.48 MiB | 60.92 MiB/s
remote: Total 3769 (delta 1313), reused 3501 (delta 1258), pack-reused 0 (from 0)        
Receiving objects:  98% (3694/3769), 712.48 MiB | 60.92 MiB/s
Receiving objects:  99% (3732/3769), 712.48 MiB | 60.92 MiB/s
Receiving objects: 100% (3769/3769), 712.48 MiB | 60.92 MiB/s
Receiving objects: 100% (3769/3769), 726.42 MiB | 59.21 MiB/s, done.
Resolving deltas:   0% (0/1313)
Resolving deltas:   1% (14/1313)
Resolving deltas:   2% (27/1313)
Resolving deltas:   3% (40/1313)
Resolving deltas:   4% (53/1313)
Resolving deltas:   5% (66/1313)
Resolving deltas:   6% (79/1313)
Resolving deltas:   7% (92/1313)
Resolving deltas:   8% (106/1313)
Resolving deltas:   9% (119/1313)
Resolving deltas:  10% (132/1313)
Resolving deltas:  11% (145/1313)
Resolving deltas:  12% (158/1313)
Resolving deltas:  13% (171/1313)
Resolving deltas:  14% (184/1313)
Resolving deltas:  15% (197/1313)
Resolving deltas:  16% (211/1313)
Resolving deltas:  17% (224/1313)
Resolving deltas:  18% (237/1313)
Resolving deltas:  19% (250/1313)
Resolving deltas:  20% (263/1313)
Resolving deltas:  21% (276/1313)
Resolving deltas:  22% (289/1313)
Resolving deltas:  23% (302/1313)
Resolving deltas:  24% (316/1313)
Resolving deltas:  25% (329/1313)
Resolving deltas:  26% (342/1313)
Resolving deltas:  27% (355/1313)
Resolving deltas:  28% (368/1313)
Resolving deltas:  29% (381/1313)
Resolving deltas:  30% (394/1313)
Resolving deltas:  31% (408/1313)
Resolving deltas:  32% (421/1313)
Resolving deltas:  33% (434/1313)
Resolving deltas:  34% (447/1313)
Resolving deltas:  35% (460/1313)
Resolving deltas:  36% (473/1313)
Resolving deltas:  37% (486/1313)
Resolving deltas:  38% (499/1313)
Resolving deltas:  39% (514/1313)
Resolving deltas:  40% (526/1313)
Resolving deltas:  41% (539/1313)
Resolving deltas:  42% (553/1313)
Resolving deltas:  43% (565/1313)
Resolving deltas:  44% (578/1313)
Resolving deltas:  45% (591/1313)
Resolving deltas:  46% (604/1313)
Resolving deltas:  47% (618/1313)
Resolving deltas:  48% (631/1313)
Resolving deltas:  49% (644/1313)
Resolving deltas:  50% (657/1313)
Resolving deltas:  51% (670/1313)
Resolving deltas:  52% (683/1313)
Resolving deltas:  53% (696/1313)
Resolving deltas:  54% (710/1313)
Resolving deltas:  55% (723/1313)
Resolving deltas:  56% (736/1313)
Resolving deltas:  57% (749/1313)
Resolving deltas:  58% (762/1313)
Resolving deltas:  59% (775/1313)
Resolving deltas:  60% (788/1313)
Resolving deltas:  61% (802/1313)
Resolving deltas:  62% (815/1313)
Resolving deltas:  63% (828/1313)
Resolving deltas:  64% (841/1313)
Resolving deltas:  65% (854/1313)
Resolving deltas:  66% (867/1313)
Resolving deltas:  67% (880/1313)
Resolving deltas:  68% (893/1313)
Resolving deltas:  69% (906/1313)
Resolving deltas:  70% (920/1313)
Resolving deltas:  71% (933/1313)
Resolving deltas:  72% (946/1313)
Resolving deltas:  73% (959/1313)
Resolving deltas:  74% (972/1313)
Resolving deltas:  75% (985/1313)
Resolving deltas:  76% (998/1313)
Resolving deltas:  77% (1012/1313)
Resolving deltas:  78% (1025/1313)
Resolving deltas:  79% (1038/1313)
Resolving deltas:  80% (1051/1313)
Resolving deltas:  81% (1064/1313)
Resolving deltas:  82% (1077/1313)
Resolving deltas:  83% (1090/1313)
Resolving deltas:  84% (1103/1313)
Resolving deltas:  85% (1117/1313)
Resolving deltas:  86% (1130/1313)
Resolving deltas:  87% (1143/1313)
Resolving deltas:  88% (1156/1313)
Resolving deltas:  89% (1169/1313)
Resolving deltas:  90% (1182/1313)
Resolving deltas:  91% (1195/1313)
Resolving deltas:  92% (1208/1313)
Resolving deltas:  93% (1222/1313)
Resolving deltas:  94% (1235/1313)
Resolving deltas:  95% (1248/1313)
Resolving deltas:  96% (1261/1313)
Resolving deltas:  97% (1274/1313)
Resolving deltas:  98% (1287/1313)
Resolving deltas:  99% (1300/1313)
Resolving deltas: 100% (1313/1313)
Resolving deltas: 100% (1313/1313), done.
Updating files:  22% (726/3259)
Updating files:  23% (750/3259)
Updating files:  24% (783/3259)
Updating files:  25% (815/3259)
Updating files:  26% (848/3259)
Updating files:  27% (880/3259)
Updating files:  28% (913/3259)
Updating files:  29% (946/3259)
Updating files:  30% (978/3259)
Updating files:  31% (1011/3259)
Updating files:  31% (1023/3259)
Updating files:  32% (1043/3259)
Updating files:  33% (1076/3259)
Updating files:  34% (1109/3259)
Updating files:  35% (1141/3259)
Updating files:  36% (1174/3259)
Updating files:  37% (1206/3259)
Updating files:  38% (1239/3259)
Updating files:  39% (1272/3259)
Updating files:  40% (1304/3259)
Updating files:  40% (1334/3259)
Updating files:  41% (1337/3259)
Updating files:  42% (1369/3259)
Updating files:  43% (1402/3259)
Updating files:  44% (1434/3259)
Updating files:  44% (1439/3259)
Updating files:  45% (1467/3259)
Updating files:  46% (1500/3259)
Updating files:  47% (1532/3259)
Updating files:  48% (1565/3259)
Updating files:  48% (1583/3259)
Updating files:  49% (1597/3259)
Updating files:  50% (1630/3259)
Updating files:  51% (1663/3259)
Updating files:  52% (1695/3259)
Updating files:  53% (1728/3259)
Updating files:  54% (1760/3259)
Updating files:  55% (1793/3259)
Updating files:  56% (1826/3259)
Updating files:  57% (1858/3259)
Updating files:  58% (1891/3259)
Updating files:  59% (1923/3259)
Updating files:  59% (1925/3259)
Updating files:  60% (1956/3259)
Updating files:  61% (1988/3259)
Updating files:  62% (2021/3259)
Updating files:  63% (2054/3259)
Updating files:  64% (2086/3259)
Updating files:  65% (2119/3259)
Updating files:  66% (2151/3259)
Updating files:  67% (2184/3259)
Updating files:  68% (2217/3259)
Updating files:  69% (2249/3259)
Updating files:  70% (2282/3259)
Updating files:  71% (2314/3259)
Updating files:  72% (2347/3259)
Updating files:  73% (2380/3259)
Updating files:  74% (2412/3259)
Updating files:  75% (2445/3259)
Updating files:  76% (2477/3259)
Updating files:  77% (2510/3259)
Updating files:  78% (2543/3259)
Updating files:  79% (2575/3259)
Updating files:  80% (2608/3259)
Updating files:  81% (2640/3259)
Updating files:  82% (2673/3259)
Updating files:  83% (2705/3259)
Updating files:  84% (2738/3259)
Updating files:  85% (2771/3259)
Updating files:  86% (2803/3259)
Updating files:  87% (2836/3259)
Updating files:  88% (2868/3259)
Updating files:  89% (2901/3259)
Updating files:  90% (2934/3259)
Updating files:  91% (2966/3259)
Updating files:  92% (2999/3259)
Updating files:  93% (3031/3259)
Updating files:  94% (3064/3259)
Updating files:  95% (3097/3259)
Updating files:  96% (3129/3259)
Updating files:  97% (3162/3259)
Updating files:  98% (3194/3259)
Updating files:  99% (3227/3259)
Updating files: 100% (3259/3259)
Updating files: 100% (3259/3259), done.

== Checking out commit hash 6c6019c43be9827151963e6c87f3ed1614bebc94 ==
<span style="color:#268BD2">&gt; /usr/bin/git reset --hard 6c6019c43be9827151963e6c87f3ed1614bebc94</span>
HEAD is now at 6c6019c Relais, demande 85 : test 12, vérification de l'apprentissage en mémoire contre mlx_lm.lora, puis le pilote (24 vies)
