Receiving objects:  89% (3085/3466), 552.72 MiB | 4.75 MiB/s
Receiving objects:  90% (3120/3466), 552.72 MiB | 4.75 MiB/s
Receiving objects:  91% (3155/3466), 552.72 MiB | 4.75 MiB/s
Receiving objects:  92% (3189/3466), 552.72 MiB | 4.75 MiB/s
Receiving objects:  93% (3224/3466), 552.72 MiB | 4.75 MiB/s
Receiving objects:  94% (3259/3466), 552.72 MiB | 4.75 MiB/s
remote: Total 3466 (delta 1207), reused 3144 (delta 1085), pack-reused 0 (from 0)        
Receiving objects:  95% (3293/3466), 552.72 MiB | 4.75 MiB/s
Receiving objects:  96% (3328/3466), 552.72 MiB | 4.75 MiB/s
Receiving objects:  97% (3363/3466), 552.72 MiB | 4.75 MiB/s
Receiving objects:  98% (3397/3466), 552.72 MiB | 4.75 MiB/s
Receiving objects:  99% (3432/3466), 552.72 MiB | 4.75 MiB/s
Receiving objects: 100% (3466/3466), 552.72 MiB | 4.75 MiB/s
Receiving objects: 100% (3466/3466), 554.10 MiB | 11.46 MiB/s, done.
Resolving deltas:   0% (0/1207)
Resolving deltas:   1% (13/1207)
Resolving deltas:   2% (25/1207)
Resolving deltas:   3% (37/1207)
Resolving deltas:   4% (49/1207)
Resolving deltas:   5% (61/1207)
Resolving deltas:   6% (73/1207)
Resolving deltas:   7% (85/1207)
Resolving deltas:   8% (97/1207)
Resolving deltas:   9% (109/1207)
Resolving deltas:  10% (121/1207)
Resolving deltas:  11% (133/1207)
Resolving deltas:  12% (145/1207)
Resolving deltas:  13% (157/1207)
Resolving deltas:  14% (169/1207)
Resolving deltas:  15% (182/1207)
Resolving deltas:  16% (194/1207)
Resolving deltas:  17% (206/1207)
Resolving deltas:  18% (218/1207)
Resolving deltas:  19% (230/1207)
Resolving deltas:  20% (242/1207)
Resolving deltas:  21% (254/1207)
Resolving deltas:  22% (266/1207)
Resolving deltas:  23% (278/1207)
Resolving deltas:  24% (290/1207)
Resolving deltas:  25% (302/1207)
Resolving deltas:  26% (314/1207)
Resolving deltas:  27% (326/1207)
Resolving deltas:  28% (338/1207)
Resolving deltas:  29% (351/1207)
Resolving deltas:  30% (363/1207)
Resolving deltas:  31% (375/1207)
Resolving deltas:  32% (387/1207)
Resolving deltas:  33% (399/1207)
Resolving deltas:  34% (411/1207)
Resolving deltas:  35% (423/1207)
Resolving deltas:  36% (435/1207)
Resolving deltas:  37% (447/1207)
Resolving deltas:  38% (459/1207)
Resolving deltas:  39% (471/1207)
Resolving deltas:  40% (483/1207)
Resolving deltas:  41% (495/1207)
Resolving deltas:  42% (507/1207)
Resolving deltas:  43% (520/1207)
Resolving deltas:  44% (532/1207)
Resolving deltas:  45% (544/1207)
Resolving deltas:  46% (556/1207)
Resolving deltas:  47% (568/1207)
Resolving deltas:  48% (580/1207)
Resolving deltas:  49% (592/1207)
Resolving deltas:  50% (604/1207)
Resolving deltas:  51% (616/1207)
Resolving deltas:  52% (628/1207)
Resolving deltas:  53% (640/1207)
Resolving deltas:  54% (652/1207)
Resolving deltas:  55% (664/1207)
Resolving deltas:  56% (676/1207)
Resolving deltas:  57% (688/1207)
Resolving deltas:  58% (701/1207)
Resolving deltas:  59% (713/1207)
Resolving deltas:  60% (725/1207)
Resolving deltas:  61% (737/1207)
Resolving deltas:  62% (749/1207)
Resolving deltas:  63% (761/1207)
Resolving deltas:  64% (773/1207)
Resolving deltas:  65% (785/1207)
Resolving deltas:  66% (797/1207)
Resolving deltas:  67% (809/1207)
Resolving deltas:  68% (821/1207)
Resolving deltas:  69% (833/1207)
Resolving deltas:  70% (845/1207)
Resolving deltas:  71% (857/1207)
Resolving deltas:  72% (870/1207)
Resolving deltas:  73% (882/1207)
Resolving deltas:  74% (894/1207)
Resolving deltas:  75% (906/1207)
Resolving deltas:  76% (918/1207)
Resolving deltas:  77% (930/1207)
Resolving deltas:  78% (942/1207)
Resolving deltas:  79% (954/1207)
Resolving deltas:  80% (966/1207)
Resolving deltas:  81% (978/1207)
Resolving deltas:  82% (990/1207)
Resolving deltas:  83% (1002/1207)
Resolving deltas:  84% (1014/1207)
Resolving deltas:  85% (1026/1207)
Resolving deltas:  86% (1039/1207)
Resolving deltas:  87% (1051/1207)
Resolving deltas:  88% (1063/1207)
Resolving deltas:  89% (1075/1207)
Resolving deltas:  90% (1087/1207)
Resolving deltas:  91% (1099/1207)
Resolving deltas:  92% (1111/1207)
Resolving deltas:  93% (1123/1207)
Resolving deltas:  94% (1135/1207)
Resolving deltas:  95% (1147/1207)
Resolving deltas:  96% (1159/1207)
Resolving deltas:  97% (1171/1207)
Resolving deltas:  98% (1183/1207)
Resolving deltas:  99% (1195/1207)
Resolving deltas: 100% (1207/1207)
Resolving deltas: 100% (1207/1207), done.
Updating files:  24% (719/2922)
Updating files:  25% (731/2922)
Updating files:  26% (760/2922)
Updating files:  27% (789/2922)
Updating files:  28% (819/2922)
Updating files:  29% (848/2922)
Updating files:  30% (877/2922)
Updating files:  31% (906/2922)
Updating files:  32% (936/2922)
Updating files:  33% (965/2922)
Updating files:  34% (994/2922)
Updating files:  35% (1023/2922)
Updating files:  36% (1052/2922)
Updating files:  37% (1082/2922)
Updating files:  38% (1111/2922)
Updating files:  39% (1140/2922)
Updating files:  40% (1169/2922)
Updating files:  41% (1199/2922)
Updating files:  42% (1228/2922)
Updating files:  43% (1257/2922)
Updating files:  43% (1275/2922)
Updating files:  44% (1286/2922)
Updating files:  45% (1315/2922)
Updating files:  46% (1345/2922)
Updating files:  47% (1374/2922)
Updating files:  48% (1403/2922)
Updating files:  49% (1432/2922)
Updating files:  50% (1461/2922)
Updating files:  51% (1491/2922)
Updating files:  52% (1520/2922)
Updating files:  53% (1549/2922)
Updating files:  54% (1578/2922)
Updating files:  55% (1608/2922)
Updating files:  55% (1623/2922)
Updating files:  56% (1637/2922)
Updating files:  57% (1666/2922)
Updating files:  58% (1695/2922)
Updating files:  59% (1724/2922)
Updating files:  60% (1754/2922)
Updating files:  61% (1783/2922)
Updating files:  62% (1812/2922)
Updating files:  63% (1841/2922)
Updating files:  64% (1871/2922)
Updating files:  65% (1900/2922)
Updating files:  66% (1929/2922)
Updating files:  67% (1958/2922)
Updating files:  68% (1987/2922)
Updating files:  69% (2017/2922)
Updating files:  70% (2046/2922)
Updating files:  71% (2075/2922)
Updating files:  72% (2104/2922)
Updating files:  73% (2134/2922)
Updating files:  74% (2163/2922)
Updating files:  75% (2192/2922)
Updating files:  76% (2221/2922)
Updating files:  77% (2250/2922)
Updating files:  78% (2280/2922)
Updating files:  79% (2309/2922)
Updating files:  80% (2338/2922)
Updating files:  81% (2367/2922)
Updating files:  82% (2397/2922)
Updating files:  83% (2426/2922)
Updating files:  84% (2455/2922)
Updating files:  85% (2484/2922)
Updating files:  86% (2513/2922)
Updating files:  87% (2543/2922)
Updating files:  88% (2572/2922)
Updating files:  89% (2601/2922)
Updating files:  90% (2630/2922)
Updating files:  91% (2660/2922)
Updating files:  92% (2689/2922)
Updating files:  93% (2718/2922)
Updating files:  94% (2747/2922)
Updating files:  95% (2776/2922)
Updating files:  96% (2806/2922)
Updating files:  97% (2835/2922)
Updating files:  98% (2864/2922)
Updating files:  99% (2893/2922)
Updating files: 100% (2922/2922)
Updating files: 100% (2922/2922), done.

== Checking out commit hash 04e429ee056c010bd370e4f5bc4a32cd5e456285 ==
<span style="color:#268BD2">&gt; /usr/bin/git reset --hard 04e429ee056c010bd370e4f5bc4a32cd5e456285</span>
HEAD is now at 04e429e Tranches du Mac : minuteur perl (macOS n'a pas timeout) et écritures de reprise atomiques ; relais, demande 67 : première tranche de la mesure de possession, de nouveau
